============================================================
TRAINING LOG - 2025-10-26 05:59:12
============================================================
Console output will be saved to: trained_models/mediapipe_gru/greetings_ctc_v4/training_20251026_055912.log
Metrics CSV will be saved to: trained_models/mediapipe_gru/greetings_ctc_v4/training_20251026_055912_metrics.csv

Using device: cuda
CUDA device: NVIDIA GeForce RTX 5080
CUDA memory: 16.6 GB
CUDA compute capability: 12.0
CUDA multiprocessors: 84
CUDA memory allocated: 0.00 GB
CUDA memory cached: 0.00 GB

============================================================
DATA LOADING
============================================================
✓ Loaded data successfully
  - Dataset type: MEDIAPIPE-GRU-CTC Keypoints
  - Training folder: data/processed/greetings_train
  - Validation folder: data/processed/greetings_val
  - Keypoint key: X
  - Gloss classes: 10
  - Category classes: 1

============================================================
DATASET PREPARATION
============================================================
✓ CTC Mode: blank_id=10, num_ctc_classes=11
⚠️  Training on subset: 10/105 glosses (subset training enabled)
✓ Created datasets and data loaders
  - Batch size: 16
  - Training batches: 61
  - Validation batches: 16
  - Data augmentation: Enabled (noise_std=0.001, mask_prob=0.02)
  - Training dataset size: 970 samples
  - Validation dataset size: 246 samples
  - Data format: [T, 178] keypoints

============================================================
MODEL SELECTION
============================================================
Available models:
Classification models (isolated signs):
  - transformer: Multi-head attention transformer (keypoints)
  - mediapipe_gru: Lightweight GRU (keypoints, mobile-friendly)
  - iv3_gru: InceptionV3 + GRU hybrid (features, offline baseline)
CTC models (continuous recognition):
  - transformer_ctc: Transformer with CTC (keypoints)
  - mediapipe_gru_ctc: Lightweight GRU with CTC (keypoints)
  - iv3_gru_ctc: InceptionV3 + GRU with CTC (features, offline baseline)
✓ Using MediaPipeGRUCtc model (input_dim=178, num_ctc_classes=11)

================================================================================
COMPREHENSIVE TRAINING CONFIGURATION
================================================================================
Session Information:
  - Start time: 2025-10-26 05:59:12
  - Working directory: /workspace/fslr-transformer-vs-iv3gru
  - Command: /workspace/fslr-transformer-vs-iv3gru/training/train.py --model mediapipe_gru_ctc --training-mode ctc --epochs 300 --batch-size 16 --lr 0.0001 --num-gloss 10 --num-cat 1 --alpha 0.7 --beta 0.3 --num-ctc-classes 11 --ctc-blank-id 10 --keypoints-train data/processed/greetings_train --keypoints-val data/processed/greetings_val --labels-train-csv data/processed/greetings_train.csv --labels-val-csv data/processed/greetings_val.csv --kp-key X --hidden1 512 --hidden2 512 --dropout 0.2 --amp --augment --augment-noise-std 0.001 --augment-mask-prob 0.02 --augment-mask-ratio 0.02 --scheduler warmup_cosine --warmup-epochs 30 --early-stop 50 --weight-decay 1e-4 --grad-clip 1.0 --output-dir trained_models/mediapipe_gru/greetings_ctc_v4

System Information:
  - Platform: Linux-6.8.0-52-generic-x86_64-with-glibc2.39
  - Python version: 3.12.11 | packaged by conda-forge | (main, Jun  4 2025, 14:45:31) [GCC 13.3.0]
  - PyTorch version: 2.9.0+cu128
  - CUDA version: 12.8
  - cuDNN version: 91002
  - NumPy version: 2.2.6

Core Training Parameters:
  - Model: mediapipe_gru_ctc
  - Epochs: 300
  - Batch size: 16
  - Learning rate: 0.0001
  - Weight decay: 0.0001
  - Gradient clipping: 1.0
  - Loss weights - Alpha: 0.7, Beta: 0.3

Curriculum Training: Disabled

Loss Weighting Parameters:
  - Strategy: static
  - Alpha: 0.7
  - Beta: 0.3

Data Configuration:
  - Gloss classes: 10
  - Category classes: 1
  - Data source: Real data files
  - Training folder: data/processed/greetings_train
  - Validation folder: data/processed/greetings_val
  - Keypoint key: X

Training Control:
  - Scheduler: warmup_cosine
  - Scheduler patience: 5
  - Early stopping: 50
  - Resume from: None

Performance Settings:
  - AMP (Mixed Precision): True
  - Model compilation: False
  - Gradient accumulation steps: 1
  - DataLoader workers: 0
  - Auto workers: False
  - Pin memory: False
  - Prefetch factor: None

Reproducibility:
  - Random seed: 42
  - Deterministic mode: False

Output Configuration:
  - Checkpoint directory: trained_models/mediapipe_gru/greetings_ctc_v4
  - CSV log file: trained_models/mediapipe_gru/greetings_ctc_v4/training_20251026_055912_metrics.csv

Model Information:
  - Model type: MediaPipeGRUCtc
  - Total parameters: 2,647,052
  - Trainable parameters: 2,647,052
  - Model size: 10.1 MB
================================================================================

============================================================
TRAINING START
============================================================
Training mode: CTC (Continuous Sign Language Recognition)

================================================================================
CTC TRAINING CONFIGURATION
================================================================================
Training Mode: Continuous Sign Language Recognition (CTC)
Model: MediaPipeGRUCtc
Blank Token ID: 10
Epochs: 300
Learning Rate: 0.0001
Batch Size: 16
Gradient Accumulation: 1
AMP Enabled: True
================================================================================

✓ Using CTCLoss (blank=10, zero_infinity=True)
✓ Optimizer: Adam (lr=0.0001, weight_decay=0.0001)
✓ AMP enabled: True
✓ Scheduler: WarmupCosineScheduler (warmup=30)
✓ Logging metrics to: trained_models/mediapipe_gru/greetings_ctc_v4/training_20251026_055912_metrics.csv

================================================================================
STARTING CTC TRAINING - 300 epochs
================================================================================

Epoch   1/300 | Train Loss: 47.6343 | Val Loss: 2.9746 | Val Cat Acc: 1.000 | Time: 2.2s
  GPU Memory: 0.05GB allocated, 0.16GB reserved
  ✓ New best validation loss: 2.9746
Epoch   2/300 | Train Loss: 2.2729 | Val Loss: 2.4429 | Val Cat Acc: 1.000 | Time: 1.8s
  GPU Memory: 0.05GB allocated, 0.16GB reserved
  ✓ New best validation loss: 2.4429
Epoch   3/300 | Train Loss: 2.0932 | Val Loss: 2.2891 | Val Cat Acc: 1.000 | Time: 1.9s
  GPU Memory: 0.05GB allocated, 0.16GB reserved
  ✓ New best validation loss: 2.2891
Epoch   4/300 | Train Loss: 1.9913 | Val Loss: 2.1048 | Val Cat Acc: 1.000 | Time: 1.8s
  GPU Memory: 0.05GB allocated, 0.16GB reserved
  ✓ New best validation loss: 2.1048
Epoch   5/300 | Train Loss: 1.9322 | Val Loss: 2.0706 | Val Cat Acc: 1.000 | Time: 1.9s
  GPU Memory: 0.05GB allocated, 0.16GB reserved
  ✓ New best validation loss: 2.0706
Epoch   6/300 | Train Loss: 1.8760 | Val Loss: 1.9872 | Val Cat Acc: 1.000 | Time: 2.0s
  GPU Memory: 0.05GB allocated, 0.16GB reserved
  ✓ New best validation loss: 1.9872
Epoch   7/300 | Train Loss: 1.8128 | Val Loss: 1.8609 | Val Cat Acc: 1.000 | Time: 1.9s
  GPU Memory: 0.05GB allocated, 0.16GB reserved
  ✓ New best validation loss: 1.8609
Epoch   8/300 | Train Loss: 1.7574 | Val Loss: 1.8768 | Val Cat Acc: 1.000 | Time: 1.7s
  GPU Memory: 0.05GB allocated, 0.16GB reserved
Epoch   9/300 | Train Loss: 1.6859 | Val Loss: 1.7788 | Val Cat Acc: 1.000 | Time: 2.0s
  GPU Memory: 0.05GB allocated, 0.16GB reserved
  ✓ New best validation loss: 1.7788
Epoch  10/300 | Train Loss: 1.6302 | Val Loss: 1.7397 | Val Cat Acc: 1.000 | Time: 2.0s
  GPU Memory: 0.05GB allocated, 0.16GB reserved
  ✓ New best validation loss: 1.7397
Epoch  11/300 | Train Loss: 1.5507 | Val Loss: 1.6818 | Val Cat Acc: 1.000 | Time: 1.8s
  GPU Memory: 0.05GB allocated, 0.16GB reserved
  ✓ New best validation loss: 1.6818
Epoch  12/300 | Train Loss: 1.4849 | Val Loss: 1.5918 | Val Cat Acc: 1.000 | Time: 1.8s
  GPU Memory: 0.05GB allocated, 0.16GB reserved
  ✓ New best validation loss: 1.5918
Epoch  13/300 | Train Loss: 1.3924 | Val Loss: 1.5240 | Val Cat Acc: 1.000 | Time: 1.9s
  GPU Memory: 0.05GB allocated, 0.16GB reserved
  ✓ New best validation loss: 1.5240
Epoch  14/300 | Train Loss: 1.3375 | Val Loss: 1.5813 | Val Cat Acc: 1.000 | Time: 1.6s
  GPU Memory: 0.05GB allocated, 0.16GB reserved
Epoch  15/300 | Train Loss: 1.2812 | Val Loss: 1.2974 | Val Cat Acc: 1.000 | Time: 1.8s
  GPU Memory: 0.05GB allocated, 0.16GB reserved
  ✓ New best validation loss: 1.2974
Epoch  16/300 | Train Loss: 1.2290 | Val Loss: 1.6607 | Val Cat Acc: 1.000 | Time: 1.7s
  GPU Memory: 0.05GB allocated, 0.16GB reserved
Epoch  17/300 | Train Loss: 1.2059 | Val Loss: 1.2429 | Val Cat Acc: 1.000 | Time: 1.9s
  GPU Memory: 0.05GB allocated, 0.16GB reserved
  ✓ New best validation loss: 1.2429
Epoch  18/300 | Train Loss: 1.1408 | Val Loss: 1.1956 | Val Cat Acc: 1.000 | Time: 1.7s
  GPU Memory: 0.05GB allocated, 0.16GB reserved
  ✓ New best validation loss: 1.1956
Epoch  19/300 | Train Loss: 1.1270 | Val Loss: 1.3010 | Val Cat Acc: 1.000 | Time: 1.7s
  GPU Memory: 0.05GB allocated, 0.16GB reserved
Epoch  20/300 | Train Loss: 1.0682 | Val Loss: 1.0166 | Val Cat Acc: 1.000 | Time: 1.9s
  GPU Memory: 0.05GB allocated, 0.16GB reserved
  ✓ New best validation loss: 1.0166
Epoch  21/300 | Train Loss: 1.0603 | Val Loss: 1.0562 | Val Cat Acc: 1.000 | Time: 1.8s
  GPU Memory: 0.05GB allocated, 0.16GB reserved
Epoch  22/300 | Train Loss: 0.9984 | Val Loss: 1.0890 | Val Cat Acc: 1.000 | Time: 1.9s
  GPU Memory: 0.05GB allocated, 0.16GB reserved
Epoch  23/300 | Train Loss: 0.9774 | Val Loss: 1.0261 | Val Cat Acc: 1.000 | Time: 1.9s
  GPU Memory: 0.05GB allocated, 0.16GB reserved
Epoch  24/300 | Train Loss: 0.9609 | Val Loss: 1.0485 | Val Cat Acc: 1.000 | Time: 1.8s
  GPU Memory: 0.05GB allocated, 0.16GB reserved
Epoch  25/300 | Train Loss: 0.9221 | Val Loss: 0.9318 | Val Cat Acc: 1.000 | Time: 1.8s
  GPU Memory: 0.05GB allocated, 0.16GB reserved
  ✓ New best validation loss: 0.9318
Epoch  26/300 | Train Loss: 0.8961 | Val Loss: 0.8781 | Val Cat Acc: 1.000 | Time: 1.8s
  GPU Memory: 0.05GB allocated, 0.16GB reserved
  ✓ New best validation loss: 0.8781
Epoch  27/300 | Train Loss: 0.9110 | Val Loss: 1.0541 | Val Cat Acc: 1.000 | Time: 1.9s
  GPU Memory: 0.05GB allocated, 0.16GB reserved
Epoch  28/300 | Train Loss: 0.8575 | Val Loss: 0.9559 | Val Cat Acc: 1.000 | Time: 1.9s
  GPU Memory: 0.05GB allocated, 0.16GB reserved
Epoch  29/300 | Train Loss: 0.8157 | Val Loss: 0.8422 | Val Cat Acc: 1.000 | Time: 2.0s
  GPU Memory: 0.05GB allocated, 0.16GB reserved
  ✓ New best validation loss: 0.8422
Epoch  30/300 | Train Loss: 0.8097 | Val Loss: 0.7702 | Val Cat Acc: 1.000 | Time: 1.7s
  GPU Memory: 0.05GB allocated, 0.16GB reserved
  ✓ New best validation loss: 0.7702
Epoch  31/300 | Train Loss: 0.7950 | Val Loss: 0.8442 | Val Cat Acc: 1.000 | Time: 1.9s
  GPU Memory: 0.05GB allocated, 0.16GB reserved
Epoch  32/300 | Train Loss: 0.7752 | Val Loss: 0.7974 | Val Cat Acc: 1.000 | Time: 1.6s
  GPU Memory: 0.05GB allocated, 0.16GB reserved
Epoch  33/300 | Train Loss: 0.7376 | Val Loss: 0.8450 | Val Cat Acc: 1.000 | Time: 2.0s
  GPU Memory: 0.05GB allocated, 0.16GB reserved
Epoch  34/300 | Train Loss: 0.7145 | Val Loss: 0.8731 | Val Cat Acc: 1.000 | Time: 1.7s
  GPU Memory: 0.05GB allocated, 0.16GB reserved
Epoch  35/300 | Train Loss: 0.6724 | Val Loss: 0.9187 | Val Cat Acc: 1.000 | Time: 1.6s
  GPU Memory: 0.05GB allocated, 0.16GB reserved
Epoch  36/300 | Train Loss: 0.7047 | Val Loss: 0.7726 | Val Cat Acc: 1.000 | Time: 1.9s
  GPU Memory: 0.05GB allocated, 0.16GB reserved
Epoch  37/300 | Train Loss: 0.6431 | Val Loss: 0.6091 | Val Cat Acc: 1.000 | Time: 1.7s
  GPU Memory: 0.05GB allocated, 0.16GB reserved
  ✓ New best validation loss: 0.6091
Epoch  38/300 | Train Loss: 0.6341 | Val Loss: 0.6044 | Val Cat Acc: 1.000 | Time: 1.9s
  GPU Memory: 0.05GB allocated, 0.16GB reserved
  ✓ New best validation loss: 0.6044
Epoch  39/300 | Train Loss: 0.5932 | Val Loss: 0.7408 | Val Cat Acc: 1.000 | Time: 1.6s
  GPU Memory: 0.05GB allocated, 0.16GB reserved
Epoch  40/300 | Train Loss: 0.5727 | Val Loss: 0.6232 | Val Cat Acc: 1.000 | Time: 1.8s
  GPU Memory: 0.05GB allocated, 0.16GB reserved
Epoch  41/300 | Train Loss: 0.5766 | Val Loss: 0.6108 | Val Cat Acc: 1.000 | Time: 1.9s
  GPU Memory: 0.05GB allocated, 0.16GB reserved
Epoch  42/300 | Train Loss: 0.5269 | Val Loss: 0.6610 | Val Cat Acc: 1.000 | Time: 2.0s
  GPU Memory: 0.05GB allocated, 0.16GB reserved
Epoch  43/300 | Train Loss: 0.5476 | Val Loss: 0.6206 | Val Cat Acc: 1.000 | Time: 1.8s
  GPU Memory: 0.05GB allocated, 0.16GB reserved
Epoch  44/300 | Train Loss: 0.5194 | Val Loss: 0.5199 | Val Cat Acc: 1.000 | Time: 1.5s
  GPU Memory: 0.05GB allocated, 0.16GB reserved
  ✓ New best validation loss: 0.5199
Epoch  45/300 | Train Loss: 0.4818 | Val Loss: 0.3840 | Val Cat Acc: 1.000 | Time: 1.9s
  GPU Memory: 0.05GB allocated, 0.16GB reserved
  ✓ New best validation loss: 0.3840
Epoch  46/300 | Train Loss: 0.4185 | Val Loss: 0.5254 | Val Cat Acc: 1.000 | Time: 1.7s
  GPU Memory: 0.05GB allocated, 0.16GB reserved
Epoch  47/300 | Train Loss: 0.4631 | Val Loss: 0.6741 | Val Cat Acc: 1.000 | Time: 1.8s
  GPU Memory: 0.05GB allocated, 0.16GB reserved
Epoch  48/300 | Train Loss: 0.4178 | Val Loss: 0.3851 | Val Cat Acc: 1.000 | Time: 1.9s
  GPU Memory: 0.05GB allocated, 0.16GB reserved
Epoch  49/300 | Train Loss: 0.3294 | Val Loss: 0.2622 | Val Cat Acc: 1.000 | Time: 1.9s
  GPU Memory: 0.05GB allocated, 0.16GB reserved
  ✓ New best validation loss: 0.2622
Epoch  50/300 | Train Loss: 0.2995 | Val Loss: 0.3575 | Val Cat Acc: 1.000 | Time: 1.8s
  GPU Memory: 0.05GB allocated, 0.16GB reserved
Epoch  51/300 | Train Loss: 0.2976 | Val Loss: 0.3252 | Val Cat Acc: 1.000 | Time: 1.8s
  GPU Memory: 0.05GB allocated, 0.16GB reserved
Epoch  52/300 | Train Loss: 0.2880 | Val Loss: 0.4307 | Val Cat Acc: 1.000 | Time: 1.7s
  GPU Memory: 0.05GB allocated, 0.16GB reserved
Epoch  53/300 | Train Loss: 0.2619 | Val Loss: 0.3034 | Val Cat Acc: 1.000 | Time: 1.6s
  GPU Memory: 0.05GB allocated, 0.16GB reserved
Epoch  54/300 | Train Loss: 0.2652 | Val Loss: 0.3143 | Val Cat Acc: 1.000 | Time: 1.7s
  GPU Memory: 0.05GB allocated, 0.16GB reserved
Epoch  55/300 | Train Loss: 0.2693 | Val Loss: 0.1656 | Val Cat Acc: 1.000 | Time: 1.8s
  GPU Memory: 0.05GB allocated, 0.16GB reserved
  ✓ New best validation loss: 0.1656
Epoch  56/300 | Train Loss: 0.2713 | Val Loss: 0.1881 | Val Cat Acc: 1.000 | Time: 1.7s
  GPU Memory: 0.05GB allocated, 0.16GB reserved
Epoch  57/300 | Train Loss: 0.2303 | Val Loss: 0.1881 | Val Cat Acc: 1.000 | Time: 1.8s
  GPU Memory: 0.05GB allocated, 0.16GB reserved
Epoch  58/300 | Train Loss: 0.1950 | Val Loss: 0.1715 | Val Cat Acc: 1.000 | Time: 1.9s
  GPU Memory: 0.05GB allocated, 0.16GB reserved
Epoch  59/300 | Train Loss: 0.1717 | Val Loss: 0.3375 | Val Cat Acc: 1.000 | Time: 1.7s
  GPU Memory: 0.05GB allocated, 0.16GB reserved
Epoch  60/300 | Train Loss: 0.1825 | Val Loss: 0.0894 | Val Cat Acc: 1.000 | Time: 2.0s
  GPU Memory: 0.05GB allocated, 0.16GB reserved
  ✓ New best validation loss: 0.0894
Epoch  61/300 | Train Loss: 0.1542 | Val Loss: 0.0991 | Val Cat Acc: 1.000 | Time: 1.8s
  GPU Memory: 0.05GB allocated, 0.16GB reserved
Epoch  62/300 | Train Loss: 0.1451 | Val Loss: 0.6548 | Val Cat Acc: 1.000 | Time: 1.7s
  GPU Memory: 0.05GB allocated, 0.16GB reserved
Epoch  63/300 | Train Loss: 0.1571 | Val Loss: 0.2507 | Val Cat Acc: 1.000 | Time: 1.8s
  GPU Memory: 0.05GB allocated, 0.16GB reserved
Epoch  64/300 | Train Loss: 0.1848 | Val Loss: 0.2380 | Val Cat Acc: 1.000 | Time: 1.8s
  GPU Memory: 0.05GB allocated, 0.16GB reserved
Epoch  65/300 | Train Loss: 0.1740 | Val Loss: 0.3020 | Val Cat Acc: 1.000 | Time: 1.9s
  GPU Memory: 0.05GB allocated, 0.16GB reserved
Epoch  66/300 | Train Loss: 0.1402 | Val Loss: 0.1074 | Val Cat Acc: 1.000 | Time: 1.9s
  GPU Memory: 0.05GB allocated, 0.16GB reserved
Epoch  67/300 | Train Loss: 0.1352 | Val Loss: 0.0601 | Val Cat Acc: 1.000 | Time: 1.7s
  GPU Memory: 0.05GB allocated, 0.16GB reserved
  ✓ New best validation loss: 0.0601
Epoch  68/300 | Train Loss: 0.1368 | Val Loss: 0.2283 | Val Cat Acc: 1.000 | Time: 1.8s
  GPU Memory: 0.05GB allocated, 0.16GB reserved
Epoch  69/300 | Train Loss: 0.1523 | Val Loss: 0.3848 | Val Cat Acc: 1.000 | Time: 1.8s
  GPU Memory: 0.05GB allocated, 0.16GB reserved
Epoch  70/300 | Train Loss: 0.1801 | Val Loss: 0.2479 | Val Cat Acc: 1.000 | Time: 1.6s
  GPU Memory: 0.05GB allocated, 0.16GB reserved
Epoch  71/300 | Train Loss: 0.1089 | Val Loss: 0.0975 | Val Cat Acc: 1.000 | Time: 1.8s
  GPU Memory: 0.05GB allocated, 0.16GB reserved
Epoch  72/300 | Train Loss: 0.1093 | Val Loss: 0.1353 | Val Cat Acc: 1.000 | Time: 1.9s
  GPU Memory: 0.05GB allocated, 0.16GB reserved
Epoch  73/300 | Train Loss: 0.0643 | Val Loss: 0.2756 | Val Cat Acc: 1.000 | Time: 1.7s
  GPU Memory: 0.05GB allocated, 0.16GB reserved
Epoch  74/300 | Train Loss: 0.1205 | Val Loss: 0.6899 | Val Cat Acc: 1.000 | Time: 1.8s
  GPU Memory: 0.05GB allocated, 0.16GB reserved
Epoch  75/300 | Train Loss: 0.1476 | Val Loss: 0.2507 | Val Cat Acc: 1.000 | Time: 1.9s
  GPU Memory: 0.05GB allocated, 0.16GB reserved
Epoch  76/300 | Train Loss: 0.1552 | Val Loss: 0.1202 | Val Cat Acc: 1.000 | Time: 2.0s
  GPU Memory: 0.05GB allocated, 0.16GB reserved
Epoch  77/300 | Train Loss: 0.1235 | Val Loss: 0.1107 | Val Cat Acc: 1.000 | Time: 1.8s
  GPU Memory: 0.05GB allocated, 0.16GB reserved
Epoch  78/300 | Train Loss: 0.1659 | Val Loss: 0.0920 | Val Cat Acc: 1.000 | Time: 1.7s
  GPU Memory: 0.05GB allocated, 0.16GB reserved
Epoch  79/300 | Train Loss: 0.0709 | Val Loss: 0.1549 | Val Cat Acc: 1.000 | Time: 1.8s
  GPU Memory: 0.05GB allocated, 0.16GB reserved
Epoch  80/300 | Train Loss: 0.0848 | Val Loss: 0.1510 | Val Cat Acc: 1.000 | Time: 1.9s
  GPU Memory: 0.05GB allocated, 0.16GB reserved
Epoch  81/300 | Train Loss: 0.0665 | Val Loss: 0.1252 | Val Cat Acc: 1.000 | Time: 1.6s
  GPU Memory: 0.05GB allocated, 0.16GB reserved
Epoch  82/300 | Train Loss: 0.1068 | Val Loss: 0.1056 | Val Cat Acc: 1.000 | Time: 1.8s
  GPU Memory: 0.05GB allocated, 0.16GB reserved
Epoch  83/300 | Train Loss: 0.1929 | Val Loss: 0.2233 | Val Cat Acc: 1.000 | Time: 1.8s
  GPU Memory: 0.05GB allocated, 0.16GB reserved
Epoch  84/300 | Train Loss: 0.2736 | Val Loss: 0.3234 | Val Cat Acc: 1.000 | Time: 1.9s
  GPU Memory: 0.05GB allocated, 0.16GB reserved
Epoch  85/300 | Train Loss: 0.1723 | Val Loss: 0.0969 | Val Cat Acc: 1.000 | Time: 1.7s
  GPU Memory: 0.05GB allocated, 0.16GB reserved
Epoch  86/300 | Train Loss: 0.0864 | Val Loss: 0.1515 | Val Cat Acc: 1.000 | Time: 1.9s
  GPU Memory: 0.05GB allocated, 0.16GB reserved
Epoch  87/300 | Train Loss: 0.0613 | Val Loss: 0.0802 | Val Cat Acc: 1.000 | Time: 1.8s
  GPU Memory: 0.05GB allocated, 0.16GB reserved
Epoch  88/300 | Train Loss: 0.0565 | Val Loss: 0.1143 | Val Cat Acc: 1.000 | Time: 2.0s
  GPU Memory: 0.05GB allocated, 0.16GB reserved
Epoch  89/300 | Train Loss: 0.0860 | Val Loss: 0.1379 | Val Cat Acc: 1.000 | Time: 1.8s
  GPU Memory: 0.05GB allocated, 0.16GB reserved
Epoch  90/300 | Train Loss: 0.0826 | Val Loss: 0.3243 | Val Cat Acc: 1.000 | Time: 1.9s
  GPU Memory: 0.05GB allocated, 0.16GB reserved
Epoch  91/300 | Train Loss: 0.1086 | Val Loss: 0.7466 | Val Cat Acc: 1.000 | Time: 1.9s
  GPU Memory: 0.05GB allocated, 0.16GB reserved
Epoch  92/300 | Train Loss: 0.0924 | Val Loss: 0.3824 | Val Cat Acc: 1.000 | Time: 1.9s
  GPU Memory: 0.05GB allocated, 0.16GB reserved
Epoch  93/300 | Train Loss: 0.0991 | Val Loss: 0.1400 | Val Cat Acc: 1.000 | Time: 2.0s
  GPU Memory: 0.05GB allocated, 0.16GB reserved
Epoch  94/300 | Train Loss: 0.0438 | Val Loss: 0.3204 | Val Cat Acc: 1.000 | Time: 1.9s
  GPU Memory: 0.05GB allocated, 0.16GB reserved
Epoch  95/300 | Train Loss: 0.1659 | Val Loss: 0.1463 | Val Cat Acc: 1.000 | Time: 1.9s
  GPU Memory: 0.05GB allocated, 0.16GB reserved
Epoch  96/300 | Train Loss: 0.1708 | Val Loss: 0.1373 | Val Cat Acc: 1.000 | Time: 1.9s
  GPU Memory: 0.05GB allocated, 0.16GB reserved
Epoch  97/300 | Train Loss: 0.0265 | Val Loss: 0.1106 | Val Cat Acc: 1.000 | Time: 1.9s
  GPU Memory: 0.05GB allocated, 0.16GB reserved
Epoch  98/300 | Train Loss: 0.1029 | Val Loss: 0.1092 | Val Cat Acc: 1.000 | Time: 1.9s
  GPU Memory: 0.05GB allocated, 0.16GB reserved
Epoch  99/300 | Train Loss: 0.1137 | Val Loss: 0.0978 | Val Cat Acc: 1.000 | Time: 1.7s
  GPU Memory: 0.05GB allocated, 0.16GB reserved
Epoch 100/300 | Train Loss: 0.0491 | Val Loss: 0.0457 | Val Cat Acc: 1.000 | Time: 1.9s
  GPU Memory: 0.05GB allocated, 0.16GB reserved
  ✓ New best validation loss: 0.0457
Epoch 101/300 | Train Loss: 0.0643 | Val Loss: 0.1016 | Val Cat Acc: 1.000 | Time: 1.8s
  GPU Memory: 0.05GB allocated, 0.16GB reserved
Epoch 102/300 | Train Loss: 0.0518 | Val Loss: 0.1797 | Val Cat Acc: 1.000 | Time: 1.8s
  GPU Memory: 0.05GB allocated, 0.16GB reserved
Epoch 103/300 | Train Loss: 0.0806 | Val Loss: 0.0578 | Val Cat Acc: 1.000 | Time: 1.6s
  GPU Memory: 0.05GB allocated, 0.16GB reserved
Epoch 104/300 | Train Loss: 0.0385 | Val Loss: 0.0958 | Val Cat Acc: 1.000 | Time: 1.8s
  GPU Memory: 0.05GB allocated, 0.16GB reserved
Epoch 105/300 | Train Loss: 0.0581 | Val Loss: 0.0639 | Val Cat Acc: 1.000 | Time: 1.9s
  GPU Memory: 0.05GB allocated, 0.16GB reserved
Epoch 106/300 | Train Loss: 0.0238 | Val Loss: 0.2253 | Val Cat Acc: 1.000 | Time: 1.8s
  GPU Memory: 0.05GB allocated, 0.16GB reserved
Epoch 107/300 | Train Loss: 0.0657 | Val Loss: 0.0561 | Val Cat Acc: 1.000 | Time: 1.9s
  GPU Memory: 0.05GB allocated, 0.16GB reserved
Epoch 108/300 | Train Loss: 0.0371 | Val Loss: 0.0819 | Val Cat Acc: 1.000 | Time: 1.9s
  GPU Memory: 0.05GB allocated, 0.16GB reserved
Epoch 109/300 | Train Loss: 0.0303 | Val Loss: 0.0917 | Val Cat Acc: 1.000 | Time: 1.8s
  GPU Memory: 0.05GB allocated, 0.16GB reserved
Epoch 110/300 | Train Loss: 0.0358 | Val Loss: 0.0864 | Val Cat Acc: 1.000 | Time: 1.8s
  GPU Memory: 0.05GB allocated, 0.16GB reserved
Epoch 111/300 | Train Loss: 0.1059 | Val Loss: 0.2611 | Val Cat Acc: 1.000 | Time: 1.9s
  GPU Memory: 0.05GB allocated, 0.16GB reserved
Epoch 112/300 | Train Loss: 0.1143 | Val Loss: 0.2039 | Val Cat Acc: 1.000 | Time: 1.8s
  GPU Memory: 0.05GB allocated, 0.16GB reserved
Epoch 113/300 | Train Loss: 0.0719 | Val Loss: 0.0674 | Val Cat Acc: 1.000 | Time: 1.9s
  GPU Memory: 0.05GB allocated, 0.16GB reserved
Epoch 114/300 | Train Loss: 0.0303 | Val Loss: 0.0739 | Val Cat Acc: 1.000 | Time: 1.6s
  GPU Memory: 0.05GB allocated, 0.16GB reserved
Epoch 115/300 | Train Loss: 0.0472 | Val Loss: 0.0780 | Val Cat Acc: 1.000 | Time: 1.9s
  GPU Memory: 0.05GB allocated, 0.16GB reserved
Epoch 116/300 | Train Loss: 0.0250 | Val Loss: 0.0893 | Val Cat Acc: 1.000 | Time: 1.8s
  GPU Memory: 0.05GB allocated, 0.16GB reserved
Epoch 117/300 | Train Loss: 0.0192 | Val Loss: 0.1515 | Val Cat Acc: 1.000 | Time: 1.9s
  GPU Memory: 0.05GB allocated, 0.16GB reserved
Epoch 118/300 | Train Loss: 0.0151 | Val Loss: 0.1241 | Val Cat Acc: 1.000 | Time: 1.9s
  GPU Memory: 0.05GB allocated, 0.16GB reserved
Epoch 119/300 | Train Loss: 0.0288 | Val Loss: 0.1048 | Val Cat Acc: 1.000 | Time: 1.9s
  GPU Memory: 0.05GB allocated, 0.16GB reserved
Epoch 120/300 | Train Loss: 0.0370 | Val Loss: 0.0527 | Val Cat Acc: 1.000 | Time: 1.7s
  GPU Memory: 0.05GB allocated, 0.16GB reserved
Epoch 121/300 | Train Loss: 0.0447 | Val Loss: 0.2285 | Val Cat Acc: 1.000 | Time: 1.6s
  GPU Memory: 0.05GB allocated, 0.16GB reserved
Epoch 122/300 | Train Loss: 0.1143 | Val Loss: 0.0744 | Val Cat Acc: 1.000 | Time: 1.8s
  GPU Memory: 0.05GB allocated, 0.16GB reserved
Epoch 123/300 | Train Loss: 0.0536 | Val Loss: 0.2303 | Val Cat Acc: 1.000 | Time: 1.8s
  GPU Memory: 0.05GB allocated, 0.16GB reserved
Epoch 124/300 | Train Loss: 0.0652 | Val Loss: 0.1008 | Val Cat Acc: 1.000 | Time: 1.9s
  GPU Memory: 0.05GB allocated, 0.16GB reserved
Epoch 125/300 | Train Loss: 0.0815 | Val Loss: 0.1018 | Val Cat Acc: 1.000 | Time: 1.7s
  GPU Memory: 0.05GB allocated, 0.16GB reserved
Epoch 126/300 | Train Loss: 0.0397 | Val Loss: 0.1222 | Val Cat Acc: 1.000 | Time: 1.8s
  GPU Memory: 0.05GB allocated, 0.16GB reserved
Epoch 127/300 | Train Loss: 0.0307 | Val Loss: 0.0986 | Val Cat Acc: 1.000 | Time: 1.7s
  GPU Memory: 0.05GB allocated, 0.16GB reserved
Epoch 128/300 | Train Loss: 0.0694 | Val Loss: 0.0542 | Val Cat Acc: 1.000 | Time: 1.9s
  GPU Memory: 0.05GB allocated, 0.16GB reserved
Epoch 129/300 | Train Loss: 0.0178 | Val Loss: 0.0846 | Val Cat Acc: 1.000 | Time: 1.9s
  GPU Memory: 0.05GB allocated, 0.16GB reserved
Epoch 130/300 | Train Loss: 0.0415 | Val Loss: 0.1337 | Val Cat Acc: 1.000 | Time: 1.9s
  GPU Memory: 0.05GB allocated, 0.16GB reserved
Epoch 131/300 | Train Loss: 0.0407 | Val Loss: 0.1178 | Val Cat Acc: 1.000 | Time: 1.7s
  GPU Memory: 0.05GB allocated, 0.16GB reserved
Epoch 132/300 | Train Loss: 0.0278 | Val Loss: 0.1438 | Val Cat Acc: 1.000 | Time: 1.8s
  GPU Memory: 0.05GB allocated, 0.16GB reserved
Epoch 133/300 | Train Loss: 0.0855 | Val Loss: 0.1184 | Val Cat Acc: 1.000 | Time: 1.8s
  GPU Memory: 0.05GB allocated, 0.16GB reserved
Epoch 134/300 | Train Loss: 0.0424 | Val Loss: 0.0899 | Val Cat Acc: 1.000 | Time: 1.7s
  GPU Memory: 0.05GB allocated, 0.16GB reserved
Epoch 135/300 | Train Loss: 0.0257 | Val Loss: 0.0489 | Val Cat Acc: 1.000 | Time: 1.9s
  GPU Memory: 0.05GB allocated, 0.16GB reserved
Epoch 136/300 | Train Loss: 0.0367 | Val Loss: 0.1218 | Val Cat Acc: 1.000 | Time: 1.7s
  GPU Memory: 0.05GB allocated, 0.16GB reserved
Epoch 137/300 | Train Loss: 0.0096 | Val Loss: 0.0635 | Val Cat Acc: 1.000 | Time: 1.8s
  GPU Memory: 0.05GB allocated, 0.16GB reserved
Epoch 138/300 | Train Loss: 0.0320 | Val Loss: 0.2300 | Val Cat Acc: 1.000 | Time: 2.0s
  GPU Memory: 0.05GB allocated, 0.16GB reserved
Epoch 139/300 | Train Loss: 0.0115 | Val Loss: 0.0882 | Val Cat Acc: 1.000 | Time: 1.7s
  GPU Memory: 0.05GB allocated, 0.16GB reserved
Epoch 140/300 | Train Loss: 0.0253 | Val Loss: 0.0989 | Val Cat Acc: 1.000 | Time: 1.8s
  GPU Memory: 0.05GB allocated, 0.16GB reserved
Epoch 141/300 | Train Loss: 0.0114 | Val Loss: 0.0893 | Val Cat Acc: 1.000 | Time: 1.8s
  GPU Memory: 0.05GB allocated, 0.16GB reserved
Epoch 142/300 | Train Loss: 0.0527 | Val Loss: 0.0902 | Val Cat Acc: 1.000 | Time: 1.7s
  GPU Memory: 0.05GB allocated, 0.16GB reserved
Epoch 143/300 | Train Loss: 0.0253 | Val Loss: 0.0775 | Val Cat Acc: 1.000 | Time: 1.7s
  GPU Memory: 0.05GB allocated, 0.16GB reserved
Epoch 144/300 | Train Loss: 0.0058 | Val Loss: 0.0798 | Val Cat Acc: 1.000 | Time: 1.9s
  GPU Memory: 0.05GB allocated, 0.16GB reserved
Epoch 145/300 | Train Loss: 0.0208 | Val Loss: 0.0777 | Val Cat Acc: 1.000 | Time: 1.9s
  GPU Memory: 0.05GB allocated, 0.16GB reserved
Epoch 146/300 | Train Loss: 0.0396 | Val Loss: 0.1003 | Val Cat Acc: 1.000 | Time: 1.8s
  GPU Memory: 0.05GB allocated, 0.16GB reserved
Epoch 147/300 | Train Loss: 0.0757 | Val Loss: 0.1289 | Val Cat Acc: 1.000 | Time: 1.8s
  GPU Memory: 0.05GB allocated, 0.16GB reserved
Epoch 148/300 | Train Loss: 0.0521 | Val Loss: 0.0815 | Val Cat Acc: 1.000 | Time: 1.8s
  GPU Memory: 0.05GB allocated, 0.16GB reserved
Epoch 149/300 | Train Loss: 0.0220 | Val Loss: 0.0592 | Val Cat Acc: 1.000 | Time: 1.9s
  GPU Memory: 0.05GB allocated, 0.16GB reserved
Epoch 150/300 | Train Loss: 0.0140 | Val Loss: 0.0538 | Val Cat Acc: 1.000 | Time: 1.9s
  GPU Memory: 0.05GB allocated, 0.16GB reserved

Early stopping triggered after 150 epochs.
Best validation loss: 0.0457

================================================================================
CTC TRAINING COMPLETED!
Best validation loss: 0.0457
Checkpoints saved to: trained_models/mediapipe_gru/greetings_ctc_v4
================================================================================


============================================================
Training completed - 2025-10-26 06:03:50
Log saved to: trained_models/mediapipe_gru/greetings_ctc_v4/training_20251026_055912.log
============================================================
