============================================================
TRAINING LOG - 2025-10-09 06:12:55
============================================================
Console output will be saved to: trained_models/transformer/cmb_features_only/training_20251009_061255.log
Metrics CSV will be saved to: trained_models/transformer/cmb_features_only/training_20251009_061255_metrics.csv

Using device: cuda
CUDA device: NVIDIA GeForce RTX 5070 Ti
CUDA memory: 16.6 GB
CUDA compute capability: 12.0
CUDA multiprocessors: 70
CUDA memory allocated: 0.00 GB
CUDA memory cached: 0.00 GB

============================================================
DATA LOADING
============================================================
✓ Loaded data successfully
  - Dataset type: Transformer Keypoints
  - Training folder: data/processed/cmb_train
  - Validation folder: data/processed/cmb_val
  - Keypoint key: X2048
  - Gloss classes: 105
  - Category classes: 10

============================================================
DATASET PREPARATION
============================================================
✓ Created datasets and data loaders
  - Batch size: 16
  - Training batches: 211
  - Validation batches: 52
  - Data augmentation: Enabled (noise_std=0.0015, mask_prob=0.04)
  - Training dataset size: 3372 samples
  - Validation dataset size: 832 samples
  - Data format: [T, 156] keypoints

============================================================
MODEL SELECTION
============================================================
Available models:
- transformer: Multi-head attention transformer
- iv3_gru: InceptionV3 + GRU hybrid
✓ Using SignTransformer model (input_dim=2048)

================================================================================
COMPREHENSIVE TRAINING CONFIGURATION
================================================================================
Session Information:
  - Start time: 2025-10-09 06:12:56
  - Working directory: /workspace/fslr-transformer-vs-iv3gru
  - Command: /workspace/fslr-transformer-vs-iv3gru/training/train.py --model transformer --epochs 300 --batch-size 16 --lr 0.00012 --alpha 0.8 --beta 0.2 --num-gloss 105 --num-cat 10 --keypoints-train data/processed/cmb_train --keypoints-val data/processed/cmb_val --labels-train-csv data/processed/cmb_train.csv --labels-val-csv data/processed/cmb_val.csv --kp-key X2048 --amp --augment --augment-noise-std 0.0015 --augment-mask-prob 0.04 --augment-mask-ratio 0.04 --scheduler warmup_cosine --warmup-epochs 20 --early-stop 40 --weight-decay 5e-5 --dropout 0.1 --output-dir trained_models/transformer/cmb_features_only

System Information:
  - Platform: Linux-6.8.0-52-generic-x86_64-with-glibc2.39
  - Python version: 3.12.11 | packaged by conda-forge | (main, Jun  4 2025, 14:45:31) [GCC 13.3.0]
  - PyTorch version: 2.8.0+cu128
  - CUDA version: 12.8
  - cuDNN version: 91002
  - NumPy version: 2.2.6

Core Training Parameters:
  - Model: transformer
  - Epochs: 300
  - Batch size: 16
  - Learning rate: 0.00012
  - Weight decay: 5e-05
  - Gradient clipping: None
  - Loss weights - Alpha: 0.8, Beta: 0.2

Curriculum Training: Disabled

Loss Weighting Parameters:
  - Strategy: static
  - Alpha: 0.8
  - Beta: 0.2

Data Configuration:
  - Gloss classes: 105
  - Category classes: 10
  - Data source: Real data files
  - Training folder: data/processed/cmb_train
  - Validation folder: data/processed/cmb_val
  - Keypoint key: X2048

Training Control:
  - Scheduler: warmup_cosine
  - Scheduler patience: 5
  - Early stopping: 40
  - Resume from: None

Performance Settings:
  - AMP (Mixed Precision): True
  - Model compilation: False
  - Gradient accumulation steps: 1
  - DataLoader workers: 0
  - Auto workers: False
  - Pin memory: False
  - Prefetch factor: None

Reproducibility:
  - Random seed: 42
  - Deterministic mode: False

Output Configuration:
  - Checkpoint directory: trained_models/transformer/cmb_features_only
  - CSV log file: trained_models/transformer/cmb_features_only/training_20251009_061255_metrics.csv

Model Information:
  - Model type: SignTransformer
  - Total parameters: 3,764,979
  - Trainable parameters: 3,764,979
  - Model size: 14.4 MB
================================================================================

============================================================
TRAINING START
============================================================
✓ Loss weighting strategy: static
✓ Using standard CrossEntropy Loss
Training Configuration:
  - Gradient accumulation steps: 1
  - AMP enabled: True
  - Model compiled: False
  - CUDA memory before training: 0.02 GB
✓ Using WarmupCosineScheduler (warmup_epochs=20)
Training for 300 epochs...
Loss weights - Gloss: 0.8, Category: 0.2
------------------------------------------------------------
Epoch  1/300 | Train Loss: 4.1778 | Val Loss: 4.1874 | Val Gloss Acc: 0.006 | Val Cat Acc: 0.194 | Time: 5.3s
  GPU Memory: 0.06GB allocated, 0.20GB reserved
Epoch  2/300 | Train Loss: 4.1162 | Val Loss: 4.1592 | Val Gloss Acc: 0.008 | Val Cat Acc: 0.263 | Time: 4.9s
  GPU Memory: 0.06GB allocated, 0.20GB reserved
Epoch  3/300 | Train Loss: 4.1245 | Val Loss: 4.0609 | Val Gloss Acc: 0.013 | Val Cat Acc: 0.329 | Time: 5.2s
  GPU Memory: 0.06GB allocated, 0.20GB reserved
Epoch  4/300 | Train Loss: 3.7997 | Val Loss: 3.8447 | Val Gloss Acc: 0.022 | Val Cat Acc: 0.413 | Time: 5.1s
  GPU Memory: 0.06GB allocated, 0.20GB reserved
Epoch  5/300 | Train Loss: 3.5838 | Val Loss: 3.4434 | Val Gloss Acc: 0.037 | Val Cat Acc: 0.525 | Time: 5.0s
  GPU Memory: 0.06GB allocated, 0.20GB reserved
Epoch  6/300 | Train Loss: 3.0387 | Val Loss: 3.0368 | Val Gloss Acc: 0.084 | Val Cat Acc: 0.607 | Time: 5.0s
  GPU Memory: 0.06GB allocated, 0.20GB reserved
Epoch  7/300 | Train Loss: 2.5852 | Val Loss: 2.6411 | Val Gloss Acc: 0.138 | Val Cat Acc: 0.665 | Time: 5.0s
  GPU Memory: 0.06GB allocated, 0.20GB reserved
Epoch  8/300 | Train Loss: 2.7560 | Val Loss: 2.4034 | Val Gloss Acc: 0.174 | Val Cat Acc: 0.694 | Time: 5.0s
  GPU Memory: 0.06GB allocated, 0.20GB reserved
Epoch  9/300 | Train Loss: 2.5895 | Val Loss: 1.9550 | Val Gloss Acc: 0.284 | Val Cat Acc: 0.769 | Time: 4.7s
  GPU Memory: 0.06GB allocated, 0.20GB reserved
Epoch 10/300 | Train Loss: 2.0476 | Val Loss: 1.8524 | Val Gloss Acc: 0.323 | Val Cat Acc: 0.734 | Time: 4.6s
  GPU Memory: 0.06GB allocated, 0.20GB reserved
Epoch 11/300 | Train Loss: 1.5804 | Val Loss: 1.5624 | Val Gloss Acc: 0.391 | Val Cat Acc: 0.805 | Time: 5.0s
  GPU Memory: 0.06GB allocated, 0.20GB reserved
Epoch 12/300 | Train Loss: 1.7894 | Val Loss: 1.4252 | Val Gloss Acc: 0.435 | Val Cat Acc: 0.821 | Time: 5.1s
  GPU Memory: 0.06GB allocated, 0.20GB reserved
Epoch 13/300 | Train Loss: 1.0882 | Val Loss: 1.2662 | Val Gloss Acc: 0.494 | Val Cat Acc: 0.844 | Time: 5.0s
  GPU Memory: 0.06GB allocated, 0.20GB reserved
Epoch 14/300 | Train Loss: 1.1012 | Val Loss: 1.3400 | Val Gloss Acc: 0.474 | Val Cat Acc: 0.822 | Time: 5.1s
  GPU Memory: 0.06GB allocated, 0.20GB reserved
Epoch 15/300 | Train Loss: 1.6238 | Val Loss: 1.0992 | Val Gloss Acc: 0.572 | Val Cat Acc: 0.875 | Time: 5.4s
  GPU Memory: 0.06GB allocated, 0.20GB reserved
Epoch 16/300 | Train Loss: 1.2235 | Val Loss: 1.0466 | Val Gloss Acc: 0.582 | Val Cat Acc: 0.877 | Time: 5.1s
  GPU Memory: 0.06GB allocated, 0.20GB reserved
Epoch 17/300 | Train Loss: 0.7069 | Val Loss: 0.8925 | Val Gloss Acc: 0.644 | Val Cat Acc: 0.906 | Time: 4.7s
  GPU Memory: 0.06GB allocated, 0.20GB reserved
Epoch 18/300 | Train Loss: 0.5581 | Val Loss: 0.9027 | Val Gloss Acc: 0.614 | Val Cat Acc: 0.909 | Time: 4.9s
  GPU Memory: 0.06GB allocated, 0.20GB reserved
Epoch 19/300 | Train Loss: 0.8501 | Val Loss: 0.9683 | Val Gloss Acc: 0.620 | Val Cat Acc: 0.873 | Time: 4.9s
  GPU Memory: 0.06GB allocated, 0.20GB reserved
Epoch 20/300 | Train Loss: 0.6790 | Val Loss: 0.8787 | Val Gloss Acc: 0.638 | Val Cat Acc: 0.916 | Time: 4.8s
  GPU Memory: 0.06GB allocated, 0.20GB reserved
Epoch 21/300 | Train Loss: 0.4576 | Val Loss: 0.7282 | Val Gloss Acc: 0.700 | Val Cat Acc: 0.901 | Time: 5.0s
  GPU Memory: 0.06GB allocated, 0.20GB reserved
Epoch 22/300 | Train Loss: 0.4757 | Val Loss: 0.7736 | Val Gloss Acc: 0.681 | Val Cat Acc: 0.910 | Time: 5.1s
  GPU Memory: 0.06GB allocated, 0.20GB reserved
Epoch 23/300 | Train Loss: 0.6621 | Val Loss: 0.7611 | Val Gloss Acc: 0.701 | Val Cat Acc: 0.925 | Time: 5.0s
  GPU Memory: 0.06GB allocated, 0.20GB reserved
Epoch 24/300 | Train Loss: 0.6412 | Val Loss: 0.8475 | Val Gloss Acc: 0.673 | Val Cat Acc: 0.904 | Time: 5.2s
  GPU Memory: 0.06GB allocated, 0.20GB reserved
Epoch 25/300 | Train Loss: 1.0133 | Val Loss: 0.7289 | Val Gloss Acc: 0.707 | Val Cat Acc: 0.923 | Time: 5.4s
  GPU Memory: 0.06GB allocated, 0.20GB reserved
Epoch 26/300 | Train Loss: 0.6082 | Val Loss: 0.5374 | Val Gloss Acc: 0.787 | Val Cat Acc: 0.952 | Time: 5.2s
  GPU Memory: 0.06GB allocated, 0.20GB reserved
Epoch 27/300 | Train Loss: 0.5411 | Val Loss: 0.5426 | Val Gloss Acc: 0.767 | Val Cat Acc: 0.971 | Time: 5.2s
  GPU Memory: 0.06GB allocated, 0.20GB reserved
Epoch 28/300 | Train Loss: 0.3857 | Val Loss: 0.6021 | Val Gloss Acc: 0.749 | Val Cat Acc: 0.968 | Time: 5.0s
  GPU Memory: 0.06GB allocated, 0.20GB reserved
Epoch 29/300 | Train Loss: 0.4696 | Val Loss: 0.7868 | Val Gloss Acc: 0.690 | Val Cat Acc: 0.929 | Time: 4.9s
  GPU Memory: 0.06GB allocated, 0.20GB reserved
Epoch 30/300 | Train Loss: 0.5772 | Val Loss: 0.6740 | Val Gloss Acc: 0.727 | Val Cat Acc: 0.921 | Time: 5.2s
  GPU Memory: 0.06GB allocated, 0.20GB reserved
Epoch 31/300 | Train Loss: 0.6914 | Val Loss: 0.5442 | Val Gloss Acc: 0.794 | Val Cat Acc: 0.960 | Time: 5.0s
  GPU Memory: 0.06GB allocated, 0.20GB reserved
Epoch 32/300 | Train Loss: 0.5906 | Val Loss: 0.5022 | Val Gloss Acc: 0.808 | Val Cat Acc: 0.964 | Time: 5.1s
  GPU Memory: 0.06GB allocated, 0.20GB reserved
Epoch 33/300 | Train Loss: 0.1989 | Val Loss: 0.5033 | Val Gloss Acc: 0.792 | Val Cat Acc: 0.962 | Time: 5.1s
  GPU Memory: 0.06GB allocated, 0.20GB reserved
Epoch 34/300 | Train Loss: 0.4115 | Val Loss: 0.5632 | Val Gloss Acc: 0.772 | Val Cat Acc: 0.956 | Time: 5.2s
  GPU Memory: 0.06GB allocated, 0.20GB reserved
Epoch 35/300 | Train Loss: 0.1468 | Val Loss: 0.5761 | Val Gloss Acc: 0.793 | Val Cat Acc: 0.959 | Time: 4.9s
  GPU Memory: 0.06GB allocated, 0.20GB reserved
Epoch 36/300 | Train Loss: 0.3554 | Val Loss: 0.8092 | Val Gloss Acc: 0.712 | Val Cat Acc: 0.934 | Time: 5.0s
  GPU Memory: 0.06GB allocated, 0.20GB reserved
Epoch 37/300 | Train Loss: 0.1965 | Val Loss: 0.6263 | Val Gloss Acc: 0.797 | Val Cat Acc: 0.944 | Time: 5.0s
  GPU Memory: 0.06GB allocated, 0.20GB reserved
Epoch 38/300 | Train Loss: 0.3240 | Val Loss: 0.6274 | Val Gloss Acc: 0.778 | Val Cat Acc: 0.919 | Time: 5.1s
  GPU Memory: 0.06GB allocated, 0.20GB reserved
Epoch 39/300 | Train Loss: 0.2630 | Val Loss: 0.5987 | Val Gloss Acc: 0.791 | Val Cat Acc: 0.940 | Time: 5.1s
  GPU Memory: 0.06GB allocated, 0.20GB reserved
Epoch 40/300 | Train Loss: 0.0822 | Val Loss: 0.4443 | Val Gloss Acc: 0.829 | Val Cat Acc: 0.966 | Time: 5.0s
  GPU Memory: 0.06GB allocated, 0.20GB reserved
Epoch 41/300 | Train Loss: 0.2586 | Val Loss: 0.4028 | Val Gloss Acc: 0.839 | Val Cat Acc: 0.966 | Time: 5.0s
  GPU Memory: 0.06GB allocated, 0.20GB reserved
Epoch 42/300 | Train Loss: 0.1433 | Val Loss: 0.5235 | Val Gloss Acc: 0.804 | Val Cat Acc: 0.960 | Time: 5.0s
  GPU Memory: 0.06GB allocated, 0.20GB reserved
Epoch 43/300 | Train Loss: 0.9362 | Val Loss: 0.5350 | Val Gloss Acc: 0.808 | Val Cat Acc: 0.933 | Time: 5.2s
  GPU Memory: 0.06GB allocated, 0.20GB reserved
Epoch 44/300 | Train Loss: 0.3139 | Val Loss: 0.5362 | Val Gloss Acc: 0.812 | Val Cat Acc: 0.963 | Time: 5.0s
  GPU Memory: 0.06GB allocated, 0.20GB reserved
Epoch 45/300 | Train Loss: 0.2227 | Val Loss: 0.7226 | Val Gloss Acc: 0.764 | Val Cat Acc: 0.906 | Time: 5.0s
  GPU Memory: 0.06GB allocated, 0.20GB reserved
Epoch 46/300 | Train Loss: 0.2011 | Val Loss: 0.3979 | Val Gloss Acc: 0.850 | Val Cat Acc: 0.974 | Time: 5.0s
  GPU Memory: 0.06GB allocated, 0.20GB reserved
Epoch 47/300 | Train Loss: 0.1598 | Val Loss: 0.5333 | Val Gloss Acc: 0.821 | Val Cat Acc: 0.962 | Time: 5.0s
  GPU Memory: 0.06GB allocated, 0.20GB reserved
Epoch 48/300 | Train Loss: 0.4203 | Val Loss: 0.5529 | Val Gloss Acc: 0.794 | Val Cat Acc: 0.968 | Time: 4.8s
  GPU Memory: 0.06GB allocated, 0.20GB reserved
Epoch 49/300 | Train Loss: 0.0521 | Val Loss: 0.5081 | Val Gloss Acc: 0.825 | Val Cat Acc: 0.941 | Time: 4.6s
  GPU Memory: 0.06GB allocated, 0.20GB reserved
Epoch 50/300 | Train Loss: 0.5542 | Val Loss: 0.7205 | Val Gloss Acc: 0.774 | Val Cat Acc: 0.907 | Time: 5.1s
  GPU Memory: 0.06GB allocated, 0.20GB reserved
Epoch 51/300 | Train Loss: 0.1737 | Val Loss: 0.4336 | Val Gloss Acc: 0.857 | Val Cat Acc: 0.971 | Time: 4.8s
  GPU Memory: 0.06GB allocated, 0.20GB reserved
Epoch 52/300 | Train Loss: 0.0313 | Val Loss: 0.5030 | Val Gloss Acc: 0.838 | Val Cat Acc: 0.971 | Time: 5.0s
  GPU Memory: 0.06GB allocated, 0.20GB reserved
Epoch 53/300 | Train Loss: 0.4339 | Val Loss: 0.6714 | Val Gloss Acc: 0.784 | Val Cat Acc: 0.927 | Time: 5.2s
  GPU Memory: 0.06GB allocated, 0.20GB reserved
Epoch 54/300 | Train Loss: 0.0515 | Val Loss: 0.5068 | Val Gloss Acc: 0.827 | Val Cat Acc: 0.970 | Time: 5.1s
  GPU Memory: 0.06GB allocated, 0.20GB reserved
Epoch 55/300 | Train Loss: 0.0079 | Val Loss: 0.4993 | Val Gloss Acc: 0.850 | Val Cat Acc: 0.959 | Time: 5.1s
  GPU Memory: 0.06GB allocated, 0.20GB reserved
Epoch 56/300 | Train Loss: 0.0343 | Val Loss: 0.4134 | Val Gloss Acc: 0.850 | Val Cat Acc: 0.971 | Time: 5.2s
  GPU Memory: 0.06GB allocated, 0.20GB reserved
Epoch 57/300 | Train Loss: 0.0793 | Val Loss: 0.5713 | Val Gloss Acc: 0.821 | Val Cat Acc: 0.954 | Time: 4.7s
  GPU Memory: 0.06GB allocated, 0.20GB reserved
Epoch 58/300 | Train Loss: 0.8320 | Val Loss: 0.6046 | Val Gloss Acc: 0.817 | Val Cat Acc: 0.958 | Time: 4.8s
  GPU Memory: 0.06GB allocated, 0.20GB reserved
Epoch 59/300 | Train Loss: 0.1570 | Val Loss: 0.4255 | Val Gloss Acc: 0.857 | Val Cat Acc: 0.980 | Time: 5.1s
  GPU Memory: 0.06GB allocated, 0.20GB reserved
Epoch 60/300 | Train Loss: 0.0304 | Val Loss: 0.4089 | Val Gloss Acc: 0.874 | Val Cat Acc: 0.971 | Time: 5.0s
  GPU Memory: 0.06GB allocated, 0.20GB reserved
Epoch 61/300 | Train Loss: 0.0451 | Val Loss: 0.4529 | Val Gloss Acc: 0.864 | Val Cat Acc: 0.978 | Time: 5.1s
  GPU Memory: 0.06GB allocated, 0.20GB reserved
Epoch 62/300 | Train Loss: 0.0928 | Val Loss: 0.6975 | Val Gloss Acc: 0.814 | Val Cat Acc: 0.934 | Time: 5.0s
  GPU Memory: 0.06GB allocated, 0.20GB reserved
Epoch 63/300 | Train Loss: 0.0146 | Val Loss: 0.5486 | Val Gloss Acc: 0.829 | Val Cat Acc: 0.945 | Time: 5.1s
  GPU Memory: 0.06GB allocated, 0.20GB reserved
Epoch 64/300 | Train Loss: 0.0649 | Val Loss: 0.6860 | Val Gloss Acc: 0.812 | Val Cat Acc: 0.956 | Time: 5.2s
  GPU Memory: 0.06GB allocated, 0.20GB reserved
Epoch 65/300 | Train Loss: 0.0080 | Val Loss: 0.5884 | Val Gloss Acc: 0.819 | Val Cat Acc: 0.959 | Time: 5.0s
  GPU Memory: 0.06GB allocated, 0.20GB reserved
Epoch 66/300 | Train Loss: 0.1710 | Val Loss: 0.4708 | Val Gloss Acc: 0.863 | Val Cat Acc: 0.974 | Time: 4.9s
  GPU Memory: 0.06GB allocated, 0.20GB reserved
Epoch 67/300 | Train Loss: 0.0053 | Val Loss: 0.5204 | Val Gloss Acc: 0.828 | Val Cat Acc: 0.971 | Time: 5.5s
  GPU Memory: 0.06GB allocated, 0.20GB reserved
Epoch 68/300 | Train Loss: 0.0115 | Val Loss: 0.6624 | Val Gloss Acc: 0.809 | Val Cat Acc: 0.945 | Time: 5.2s
  GPU Memory: 0.06GB allocated, 0.20GB reserved
Epoch 69/300 | Train Loss: 0.1682 | Val Loss: 0.6612 | Val Gloss Acc: 0.806 | Val Cat Acc: 0.941 | Time: 5.4s
  GPU Memory: 0.06GB allocated, 0.20GB reserved
Epoch 70/300 | Train Loss: 0.3429 | Val Loss: 0.7854 | Val Gloss Acc: 0.791 | Val Cat Acc: 0.954 | Time: 5.0s
  GPU Memory: 0.06GB allocated, 0.20GB reserved
Epoch 71/300 | Train Loss: 0.0179 | Val Loss: 0.6073 | Val Gloss Acc: 0.839 | Val Cat Acc: 0.966 | Time: 4.9s
  GPU Memory: 0.06GB allocated, 0.20GB reserved
Epoch 72/300 | Train Loss: 0.0540 | Val Loss: 0.5407 | Val Gloss Acc: 0.828 | Val Cat Acc: 0.974 | Time: 5.0s
  GPU Memory: 0.06GB allocated, 0.20GB reserved
Epoch 73/300 | Train Loss: 0.0288 | Val Loss: 0.5134 | Val Gloss Acc: 0.845 | Val Cat Acc: 0.975 | Time: 5.0s
  GPU Memory: 0.06GB allocated, 0.20GB reserved
Epoch 74/300 | Train Loss: 0.0037 | Val Loss: 0.4549 | Val Gloss Acc: 0.858 | Val Cat Acc: 0.970 | Time: 5.0s
  GPU Memory: 0.06GB allocated, 0.20GB reserved
Epoch 75/300 | Train Loss: 0.0376 | Val Loss: 0.6435 | Val Gloss Acc: 0.844 | Val Cat Acc: 0.959 | Time: 4.9s
  GPU Memory: 0.06GB allocated, 0.20GB reserved
Epoch 76/300 | Train Loss: 0.0100 | Val Loss: 0.5559 | Val Gloss Acc: 0.855 | Val Cat Acc: 0.969 | Time: 5.1s
  GPU Memory: 0.06GB allocated, 0.20GB reserved
Epoch 77/300 | Train Loss: 0.0581 | Val Loss: 0.5069 | Val Gloss Acc: 0.873 | Val Cat Acc: 0.969 | Time: 5.1s
  GPU Memory: 0.06GB allocated, 0.20GB reserved
Epoch 78/300 | Train Loss: 0.0324 | Val Loss: 0.6264 | Val Gloss Acc: 0.820 | Val Cat Acc: 0.965 | Time: 5.1s
  GPU Memory: 0.06GB allocated, 0.20GB reserved
Epoch 79/300 | Train Loss: 0.0040 | Val Loss: 0.5620 | Val Gloss Acc: 0.834 | Val Cat Acc: 0.964 | Time: 5.2s
  GPU Memory: 0.06GB allocated, 0.20GB reserved
Epoch 80/300 | Train Loss: 0.0394 | Val Loss: 0.4616 | Val Gloss Acc: 0.865 | Val Cat Acc: 0.978 | Time: 5.1s
  GPU Memory: 0.06GB allocated, 0.20GB reserved
Epoch 81/300 | Train Loss: 0.0100 | Val Loss: 0.4136 | Val Gloss Acc: 0.885 | Val Cat Acc: 0.981 | Time: 5.2s
  GPU Memory: 0.06GB allocated, 0.20GB reserved
Epoch 82/300 | Train Loss: 0.0064 | Val Loss: 0.3938 | Val Gloss Acc: 0.882 | Val Cat Acc: 0.980 | Time: 4.8s
  GPU Memory: 0.06GB allocated, 0.20GB reserved
Epoch 83/300 | Train Loss: 0.0159 | Val Loss: 0.5399 | Val Gloss Acc: 0.847 | Val Cat Acc: 0.978 | Time: 5.2s
  GPU Memory: 0.06GB allocated, 0.20GB reserved
Epoch 84/300 | Train Loss: 0.0214 | Val Loss: 0.5088 | Val Gloss Acc: 0.856 | Val Cat Acc: 0.972 | Time: 4.9s
  GPU Memory: 0.06GB allocated, 0.20GB reserved
Epoch 85/300 | Train Loss: 0.0067 | Val Loss: 0.6136 | Val Gloss Acc: 0.846 | Val Cat Acc: 0.978 | Time: 5.2s
  GPU Memory: 0.06GB allocated, 0.20GB reserved
Epoch 86/300 | Train Loss: 0.0029 | Val Loss: 0.5040 | Val Gloss Acc: 0.861 | Val Cat Acc: 0.978 | Time: 5.1s
  GPU Memory: 0.06GB allocated, 0.20GB reserved
Epoch 87/300 | Train Loss: 0.0110 | Val Loss: 0.6479 | Val Gloss Acc: 0.829 | Val Cat Acc: 0.951 | Time: 4.9s
  GPU Memory: 0.06GB allocated, 0.20GB reserved
Epoch 88/300 | Train Loss: 0.0125 | Val Loss: 0.4859 | Val Gloss Acc: 0.870 | Val Cat Acc: 0.978 | Time: 5.1s
  GPU Memory: 0.06GB allocated, 0.20GB reserved
Epoch 89/300 | Train Loss: 0.0012 | Val Loss: 0.5540 | Val Gloss Acc: 0.856 | Val Cat Acc: 0.975 | Time: 5.1s
  GPU Memory: 0.06GB allocated, 0.20GB reserved
Epoch 90/300 | Train Loss: 0.0210 | Val Loss: 0.6610 | Val Gloss Acc: 0.827 | Val Cat Acc: 0.930 | Time: 5.0s
  GPU Memory: 0.06GB allocated, 0.20GB reserved
Epoch 91/300 | Train Loss: 0.0337 | Val Loss: 0.4206 | Val Gloss Acc: 0.882 | Val Cat Acc: 0.980 | Time: 5.2s
  GPU Memory: 0.06GB allocated, 0.20GB reserved
Epoch 92/300 | Train Loss: 0.0026 | Val Loss: 0.4449 | Val Gloss Acc: 0.883 | Val Cat Acc: 0.978 | Time: 5.2s
  GPU Memory: 0.06GB allocated, 0.20GB reserved
Epoch 93/300 | Train Loss: 0.0220 | Val Loss: 0.5004 | Val Gloss Acc: 0.857 | Val Cat Acc: 0.970 | Time: 5.1s
  GPU Memory: 0.06GB allocated, 0.20GB reserved
Epoch 94/300 | Train Loss: 0.0618 | Val Loss: 0.5802 | Val Gloss Acc: 0.832 | Val Cat Acc: 0.974 | Time: 5.0s
  GPU Memory: 0.06GB allocated, 0.20GB reserved
Epoch 95/300 | Train Loss: 0.0114 | Val Loss: 0.4494 | Val Gloss Acc: 0.874 | Val Cat Acc: 0.977 | Time: 4.7s
  GPU Memory: 0.06GB allocated, 0.20GB reserved
Epoch 96/300 | Train Loss: 0.1014 | Val Loss: 0.4632 | Val Gloss Acc: 0.857 | Val Cat Acc: 0.980 | Time: 5.0s
  GPU Memory: 0.06GB allocated, 0.20GB reserved
Epoch 97/300 | Train Loss: 0.0030 | Val Loss: 0.4494 | Val Gloss Acc: 0.894 | Val Cat Acc: 0.976 | Time: 5.2s
  GPU Memory: 0.06GB allocated, 0.20GB reserved
Epoch 98/300 | Train Loss: 0.0231 | Val Loss: 0.8900 | Val Gloss Acc: 0.805 | Val Cat Acc: 0.925 | Time: 4.9s
  GPU Memory: 0.06GB allocated, 0.20GB reserved
Epoch 99/300 | Train Loss: 0.2769 | Val Loss: 0.5494 | Val Gloss Acc: 0.856 | Val Cat Acc: 0.965 | Time: 5.0s
  GPU Memory: 0.06GB allocated, 0.20GB reserved
Epoch 100/300 | Train Loss: 0.0976 | Val Loss: 0.5355 | Val Gloss Acc: 0.843 | Val Cat Acc: 0.969 | Time: 4.9s
  GPU Memory: 0.06GB allocated, 0.20GB reserved
Epoch 101/300 | Train Loss: 0.0044 | Val Loss: 0.5683 | Val Gloss Acc: 0.838 | Val Cat Acc: 0.948 | Time: 5.0s
  GPU Memory: 0.06GB allocated, 0.20GB reserved
Epoch 102/300 | Train Loss: 0.0034 | Val Loss: 0.4889 | Val Gloss Acc: 0.864 | Val Cat Acc: 0.972 | Time: 4.9s
  GPU Memory: 0.06GB allocated, 0.20GB reserved
Epoch 103/300 | Train Loss: 0.0017 | Val Loss: 0.3772 | Val Gloss Acc: 0.898 | Val Cat Acc: 0.983 | Time: 5.0s
  GPU Memory: 0.06GB allocated, 0.20GB reserved
Epoch 104/300 | Train Loss: 0.1641 | Val Loss: 0.6713 | Val Gloss Acc: 0.810 | Val Cat Acc: 0.964 | Time: 4.9s
  GPU Memory: 0.06GB allocated, 0.20GB reserved
Epoch 105/300 | Train Loss: 0.0137 | Val Loss: 0.5375 | Val Gloss Acc: 0.845 | Val Cat Acc: 0.956 | Time: 5.1s
  GPU Memory: 0.06GB allocated, 0.20GB reserved
Epoch 106/300 | Train Loss: 0.0027 | Val Loss: 0.5316 | Val Gloss Acc: 0.853 | Val Cat Acc: 0.980 | Time: 5.3s
  GPU Memory: 0.06GB allocated, 0.20GB reserved
Epoch 107/300 | Train Loss: 0.0810 | Val Loss: 0.4293 | Val Gloss Acc: 0.875 | Val Cat Acc: 0.981 | Time: 5.0s
  GPU Memory: 0.06GB allocated, 0.20GB reserved
Epoch 108/300 | Train Loss: 0.0042 | Val Loss: 0.4534 | Val Gloss Acc: 0.875 | Val Cat Acc: 0.989 | Time: 4.9s
  GPU Memory: 0.06GB allocated, 0.20GB reserved
Epoch 109/300 | Train Loss: 0.0003 | Val Loss: 0.4242 | Val Gloss Acc: 0.893 | Val Cat Acc: 0.989 | Time: 5.0s
  GPU Memory: 0.06GB allocated, 0.20GB reserved
Epoch 110/300 | Train Loss: 0.0008 | Val Loss: 0.5010 | Val Gloss Acc: 0.862 | Val Cat Acc: 0.980 | Time: 5.2s
  GPU Memory: 0.06GB allocated, 0.20GB reserved
Epoch 111/300 | Train Loss: 0.0997 | Val Loss: 0.6905 | Val Gloss Acc: 0.812 | Val Cat Acc: 0.948 | Time: 5.0s
  GPU Memory: 0.06GB allocated, 0.20GB reserved
Epoch 112/300 | Train Loss: 0.0044 | Val Loss: 0.4179 | Val Gloss Acc: 0.879 | Val Cat Acc: 0.978 | Time: 4.8s
  GPU Memory: 0.06GB allocated, 0.20GB reserved
Epoch 113/300 | Train Loss: 0.0023 | Val Loss: 0.3925 | Val Gloss Acc: 0.888 | Val Cat Acc: 0.983 | Time: 4.8s
  GPU Memory: 0.06GB allocated, 0.20GB reserved
Epoch 114/300 | Train Loss: 0.0398 | Val Loss: 0.5373 | Val Gloss Acc: 0.857 | Val Cat Acc: 0.971 | Time: 5.0s
  GPU Memory: 0.06GB allocated, 0.20GB reserved
Epoch 115/300 | Train Loss: 0.0241 | Val Loss: 0.6316 | Val Gloss Acc: 0.835 | Val Cat Acc: 0.971 | Time: 4.8s
  GPU Memory: 0.06GB allocated, 0.20GB reserved
Epoch 116/300 | Train Loss: 0.0032 | Val Loss: 0.5247 | Val Gloss Acc: 0.871 | Val Cat Acc: 0.977 | Time: 4.8s
  GPU Memory: 0.06GB allocated, 0.20GB reserved
Epoch 117/300 | Train Loss: 0.0014 | Val Loss: 0.3873 | Val Gloss Acc: 0.895 | Val Cat Acc: 0.984 | Time: 5.2s
  GPU Memory: 0.06GB allocated, 0.20GB reserved
Epoch 118/300 | Train Loss: 0.0005 | Val Loss: 0.4534 | Val Gloss Acc: 0.889 | Val Cat Acc: 0.980 | Time: 4.9s
  GPU Memory: 0.06GB allocated, 0.20GB reserved
Epoch 119/300 | Train Loss: 0.0079 | Val Loss: 0.8071 | Val Gloss Acc: 0.819 | Val Cat Acc: 0.951 | Time: 5.0s
  GPU Memory: 0.06GB allocated, 0.20GB reserved
Epoch 120/300 | Train Loss: 0.0725 | Val Loss: 0.5889 | Val Gloss Acc: 0.841 | Val Cat Acc: 0.964 | Time: 5.2s
  GPU Memory: 0.06GB allocated, 0.20GB reserved
Epoch 121/300 | Train Loss: 0.0014 | Val Loss: 0.4032 | Val Gloss Acc: 0.888 | Val Cat Acc: 0.980 | Time: 4.9s
  GPU Memory: 0.06GB allocated, 0.20GB reserved
Epoch 122/300 | Train Loss: 0.0052 | Val Loss: 0.4131 | Val Gloss Acc: 0.893 | Val Cat Acc: 0.981 | Time: 5.0s
  GPU Memory: 0.06GB allocated, 0.20GB reserved
Epoch 123/300 | Train Loss: 0.0007 | Val Loss: 0.3872 | Val Gloss Acc: 0.892 | Val Cat Acc: 0.982 | Time: 5.1s
  GPU Memory: 0.06GB allocated, 0.20GB reserved
Epoch 124/300 | Train Loss: 0.0007 | Val Loss: 0.4185 | Val Gloss Acc: 0.887 | Val Cat Acc: 0.982 | Time: 5.2s
  GPU Memory: 0.06GB allocated, 0.20GB reserved
Epoch 125/300 | Train Loss: 0.0005 | Val Loss: 0.3872 | Val Gloss Acc: 0.897 | Val Cat Acc: 0.983 | Time: 5.0s
  GPU Memory: 0.06GB allocated, 0.20GB reserved
Epoch 126/300 | Train Loss: 0.0003 | Val Loss: 0.3825 | Val Gloss Acc: 0.897 | Val Cat Acc: 0.984 | Time: 5.1s
  GPU Memory: 0.06GB allocated, 0.20GB reserved
Epoch 127/300 | Train Loss: 0.0014 | Val Loss: 0.3644 | Val Gloss Acc: 0.909 | Val Cat Acc: 0.984 | Time: 5.2s
  GPU Memory: 0.06GB allocated, 0.20GB reserved
Epoch 128/300 | Train Loss: 0.0104 | Val Loss: 0.5419 | Val Gloss Acc: 0.858 | Val Cat Acc: 0.970 | Time: 4.7s
  GPU Memory: 0.06GB allocated, 0.20GB reserved
Epoch 129/300 | Train Loss: 0.0320 | Val Loss: 0.4849 | Val Gloss Acc: 0.858 | Val Cat Acc: 0.968 | Time: 5.1s
  GPU Memory: 0.06GB allocated, 0.20GB reserved
Epoch 130/300 | Train Loss: 0.0003 | Val Loss: 0.3922 | Val Gloss Acc: 0.891 | Val Cat Acc: 0.983 | Time: 4.9s
  GPU Memory: 0.06GB allocated, 0.20GB reserved
Epoch 131/300 | Train Loss: 0.0007 | Val Loss: 0.3700 | Val Gloss Acc: 0.895 | Val Cat Acc: 0.981 | Time: 4.9s
  GPU Memory: 0.06GB allocated, 0.20GB reserved
Epoch 132/300 | Train Loss: 0.0003 | Val Loss: 0.3781 | Val Gloss Acc: 0.895 | Val Cat Acc: 0.986 | Time: 5.2s
  GPU Memory: 0.06GB allocated, 0.20GB reserved
Epoch 133/300 | Train Loss: 0.0006 | Val Loss: 0.3977 | Val Gloss Acc: 0.895 | Val Cat Acc: 0.987 | Time: 5.1s
  GPU Memory: 0.06GB allocated, 0.20GB reserved
Epoch 134/300 | Train Loss: 0.0004 | Val Loss: 0.3949 | Val Gloss Acc: 0.898 | Val Cat Acc: 0.986 | Time: 4.8s
  GPU Memory: 0.06GB allocated, 0.20GB reserved
Epoch 135/300 | Train Loss: 0.0005 | Val Loss: 0.3592 | Val Gloss Acc: 0.901 | Val Cat Acc: 0.984 | Time: 5.0s
  GPU Memory: 0.06GB allocated, 0.20GB reserved
Epoch 136/300 | Train Loss: 0.0163 | Val Loss: 0.4811 | Val Gloss Acc: 0.865 | Val Cat Acc: 0.976 | Time: 5.2s
  GPU Memory: 0.06GB allocated, 0.20GB reserved
Epoch 137/300 | Train Loss: 0.0580 | Val Loss: 0.6070 | Val Gloss Acc: 0.853 | Val Cat Acc: 0.958 | Time: 5.0s
  GPU Memory: 0.06GB allocated, 0.20GB reserved
Epoch 138/300 | Train Loss: 0.0067 | Val Loss: 0.5971 | Val Gloss Acc: 0.850 | Val Cat Acc: 0.972 | Time: 5.1s
  GPU Memory: 0.06GB allocated, 0.20GB reserved
Epoch 139/300 | Train Loss: 0.0017 | Val Loss: 0.4337 | Val Gloss Acc: 0.883 | Val Cat Acc: 0.987 | Time: 5.1s
  GPU Memory: 0.06GB allocated, 0.20GB reserved
Epoch 140/300 | Train Loss: 0.0001 | Val Loss: 0.3812 | Val Gloss Acc: 0.888 | Val Cat Acc: 0.988 | Time: 5.0s
  GPU Memory: 0.06GB allocated, 0.20GB reserved
Epoch 141/300 | Train Loss: 0.0027 | Val Loss: 0.4102 | Val Gloss Acc: 0.888 | Val Cat Acc: 0.989 | Time: 5.5s
  GPU Memory: 0.06GB allocated, 0.20GB reserved
Epoch 142/300 | Train Loss: 0.0003 | Val Loss: 0.3931 | Val Gloss Acc: 0.892 | Val Cat Acc: 0.988 | Time: 5.1s
  GPU Memory: 0.06GB allocated, 0.20GB reserved
Epoch 143/300 | Train Loss: 0.0001 | Val Loss: 0.4192 | Val Gloss Acc: 0.892 | Val Cat Acc: 0.983 | Time: 5.1s
  GPU Memory: 0.06GB allocated, 0.20GB reserved
Epoch 144/300 | Train Loss: 0.0002 | Val Loss: 0.4819 | Val Gloss Acc: 0.876 | Val Cat Acc: 0.986 | Time: 5.1s
  GPU Memory: 0.06GB allocated, 0.20GB reserved
Epoch 145/300 | Train Loss: 0.0047 | Val Loss: 0.5261 | Val Gloss Acc: 0.841 | Val Cat Acc: 0.957 | Time: 5.1s
  GPU Memory: 0.06GB allocated, 0.20GB reserved
Epoch 146/300 | Train Loss: 0.0022 | Val Loss: 0.4037 | Val Gloss Acc: 0.886 | Val Cat Acc: 0.984 | Time: 5.2s
  GPU Memory: 0.06GB allocated, 0.20GB reserved
Epoch 147/300 | Train Loss: 0.0001 | Val Loss: 0.3825 | Val Gloss Acc: 0.903 | Val Cat Acc: 0.984 | Time: 5.2s
  GPU Memory: 0.06GB allocated, 0.20GB reserved
Epoch 148/300 | Train Loss: 0.0010 | Val Loss: 0.4814 | Val Gloss Acc: 0.874 | Val Cat Acc: 0.983 | Time: 5.1s
  GPU Memory: 0.06GB allocated, 0.20GB reserved
Epoch 149/300 | Train Loss: 0.0091 | Val Loss: 0.5123 | Val Gloss Acc: 0.858 | Val Cat Acc: 0.971 | Time: 5.3s
  GPU Memory: 0.06GB allocated, 0.20GB reserved
Epoch 150/300 | Train Loss: 0.0002 | Val Loss: 0.3706 | Val Gloss Acc: 0.898 | Val Cat Acc: 0.983 | Time: 5.2s
  GPU Memory: 0.06GB allocated, 0.20GB reserved
Epoch 151/300 | Train Loss: 0.0001 | Val Loss: 0.3817 | Val Gloss Acc: 0.899 | Val Cat Acc: 0.989 | Time: 5.0s
  GPU Memory: 0.06GB allocated, 0.20GB reserved
Epoch 152/300 | Train Loss: 0.0011 | Val Loss: 0.3803 | Val Gloss Acc: 0.906 | Val Cat Acc: 0.990 | Time: 5.1s
  GPU Memory: 0.06GB allocated, 0.20GB reserved
Epoch 153/300 | Train Loss: 0.0677 | Val Loss: 0.4787 | Val Gloss Acc: 0.875 | Val Cat Acc: 0.981 | Time: 4.9s
  GPU Memory: 0.06GB allocated, 0.20GB reserved
Epoch 154/300 | Train Loss: 0.0022 | Val Loss: 0.4147 | Val Gloss Acc: 0.885 | Val Cat Acc: 0.983 | Time: 5.0s
  GPU Memory: 0.06GB allocated, 0.20GB reserved
Epoch 155/300 | Train Loss: 0.0022 | Val Loss: 0.3777 | Val Gloss Acc: 0.893 | Val Cat Acc: 0.989 | Time: 5.0s
  GPU Memory: 0.06GB allocated, 0.20GB reserved
Epoch 156/300 | Train Loss: 0.0035 | Val Loss: 0.3417 | Val Gloss Acc: 0.898 | Val Cat Acc: 0.983 | Time: 5.0s
  GPU Memory: 0.06GB allocated, 0.20GB reserved
Epoch 157/300 | Train Loss: 0.0010 | Val Loss: 0.3813 | Val Gloss Acc: 0.901 | Val Cat Acc: 0.987 | Time: 5.3s
  GPU Memory: 0.06GB allocated, 0.20GB reserved
Epoch 158/300 | Train Loss: 0.0018 | Val Loss: 0.4300 | Val Gloss Acc: 0.880 | Val Cat Acc: 0.989 | Time: 5.3s
  GPU Memory: 0.06GB allocated, 0.20GB reserved
Epoch 159/300 | Train Loss: 0.0046 | Val Loss: 0.5325 | Val Gloss Acc: 0.857 | Val Cat Acc: 0.974 | Time: 5.1s
  GPU Memory: 0.06GB allocated, 0.20GB reserved
Epoch 160/300 | Train Loss: 0.0023 | Val Loss: 0.3965 | Val Gloss Acc: 0.905 | Val Cat Acc: 0.992 | Time: 5.1s
  GPU Memory: 0.06GB allocated, 0.20GB reserved
Epoch 161/300 | Train Loss: 0.0003 | Val Loss: 0.3951 | Val Gloss Acc: 0.904 | Val Cat Acc: 0.993 | Time: 5.1s
  GPU Memory: 0.06GB allocated, 0.20GB reserved
Epoch 162/300 | Train Loss: 0.0094 | Val Loss: 0.3807 | Val Gloss Acc: 0.906 | Val Cat Acc: 0.990 | Time: 5.0s
  GPU Memory: 0.06GB allocated, 0.20GB reserved
Epoch 163/300 | Train Loss: 0.0001 | Val Loss: 0.3900 | Val Gloss Acc: 0.905 | Val Cat Acc: 0.992 | Time: 5.0s
  GPU Memory: 0.06GB allocated, 0.20GB reserved
Epoch 164/300 | Train Loss: 0.0003 | Val Loss: 0.3857 | Val Gloss Acc: 0.901 | Val Cat Acc: 0.994 | Time: 5.1s
  GPU Memory: 0.06GB allocated, 0.20GB reserved
Epoch 165/300 | Train Loss: 0.0001 | Val Loss: 0.3933 | Val Gloss Acc: 0.900 | Val Cat Acc: 0.990 | Time: 5.0s
  GPU Memory: 0.06GB allocated, 0.20GB reserved
Epoch 166/300 | Train Loss: 0.0003 | Val Loss: 0.3901 | Val Gloss Acc: 0.903 | Val Cat Acc: 0.989 | Time: 4.9s
  GPU Memory: 0.06GB allocated, 0.20GB reserved
Epoch 167/300 | Train Loss: 0.0011 | Val Loss: 0.3720 | Val Gloss Acc: 0.900 | Val Cat Acc: 0.993 | Time: 5.1s
  GPU Memory: 0.06GB allocated, 0.20GB reserved
Early stopping triggered after 167 epochs. Best gloss acc: 0.9087
------------------------------------------------------------
Training completed!

============================================================
Training completed - 2025-10-09 06:27:04
Log saved to: trained_models/transformer/cmb_features_only/training_20251009_061255.log
============================================================
