============================================================
TRAINING LOG - 2025-10-09 04:53:01
============================================================
Console output will be saved to: trained_models/transformer/cmb_balanced_moderate/training_20251009_045301.log
Metrics CSV will be saved to: trained_models/transformer/cmb_balanced_moderate/training_20251009_045301_metrics.csv

Using device: cuda
CUDA device: NVIDIA GeForce RTX 5070 Ti
CUDA memory: 16.6 GB
CUDA compute capability: 12.0
CUDA multiprocessors: 70
CUDA memory allocated: 0.00 GB
CUDA memory cached: 0.00 GB

============================================================
DATA LOADING
============================================================
✓ Loaded data successfully
  - Dataset type: Transformer Keypoints
  - Training folder: data/processed/cmb_train
  - Validation folder: data/processed/cmb_val
  - Keypoint key: X
  - Gloss classes: 105
  - Category classes: 10

============================================================
DATASET PREPARATION
============================================================
✓ Created datasets and data loaders
  - Batch size: 8
  - Training batches: 422
  - Validation batches: 104
  - Data augmentation: Enabled (noise_std=0.003, mask_prob=0.06)
  - Training dataset size: 3372 samples
  - Validation dataset size: 832 samples
  - Data format: [T, 156] keypoints

============================================================
MODEL SELECTION
============================================================
Available models:
- transformer: Multi-head attention transformer
- iv3_gru: InceptionV3 + GRU hybrid
✓ Using SignTransformer model (input_dim=156)

================================================================================
COMPREHENSIVE TRAINING CONFIGURATION
================================================================================
Session Information:
  - Start time: 2025-10-09 04:53:01
  - Working directory: /workspace/fslr-transformer-vs-iv3gru
  - Command: /workspace/fslr-transformer-vs-iv3gru/training/train.py --model transformer --epochs 300 --batch-size 8 --lr 0.00004 --alpha 0.8 --beta 0.2 --num-gloss 105 --num-cat 10 --keypoints-train data/processed/cmb_train --keypoints-val data/processed/cmb_val --labels-train-csv data/processed/cmb_train.csv --labels-val-csv data/processed/cmb_val.csv --kp-key X --amp --augment --augment-noise-std 0.003 --augment-mask-prob 0.06 --augment-mask-ratio 0.06 --scheduler warmup_cosine --warmup-epochs 20 --early-stop 30 --weight-decay 3e-4 --output-dir trained_models/transformer/cmb_balanced_moderate

System Information:
  - Platform: Linux-6.8.0-52-generic-x86_64-with-glibc2.39
  - Python version: 3.12.11 | packaged by conda-forge | (main, Jun  4 2025, 14:45:31) [GCC 13.3.0]
  - PyTorch version: 2.8.0+cu128
  - CUDA version: 12.8
  - cuDNN version: 91002
  - NumPy version: 2.2.6

Core Training Parameters:
  - Model: transformer
  - Epochs: 300
  - Batch size: 8
  - Learning rate: 4e-05
  - Weight decay: 0.0003
  - Gradient clipping: None
  - Loss weights - Alpha: 0.8, Beta: 0.2

Curriculum Training: Disabled

Loss Weighting Parameters:
  - Strategy: static
  - Alpha: 0.8
  - Beta: 0.2

Data Configuration:
  - Gloss classes: 105
  - Category classes: 10
  - Data source: Real data files
  - Training folder: data/processed/cmb_train
  - Validation folder: data/processed/cmb_val
  - Keypoint key: X

Training Control:
  - Scheduler: warmup_cosine
  - Scheduler patience: 5
  - Early stopping: 30
  - Resume from: None

Performance Settings:
  - AMP (Mixed Precision): True
  - Model compilation: False
  - Gradient accumulation steps: 1
  - DataLoader workers: 0
  - Auto workers: False
  - Pin memory: False
  - Prefetch factor: None

Reproducibility:
  - Random seed: 42
  - Deterministic mode: False

Output Configuration:
  - Checkpoint directory: trained_models/transformer/cmb_balanced_moderate
  - CSV log file: trained_models/transformer/cmb_balanced_moderate/training_20251009_045301_metrics.csv

Model Information:
  - Model type: SignTransformer
  - Total parameters: 3,280,627
  - Trainable parameters: 3,280,627
  - Model size: 12.5 MB
================================================================================

============================================================
TRAINING START
============================================================
✓ Loss weighting strategy: static
✓ Using standard CrossEntropy Loss
Training Configuration:
  - Gradient accumulation steps: 1
  - AMP enabled: True
  - Model compiled: False
  - CUDA memory before training: 0.01 GB
✓ Using WarmupCosineScheduler (warmup_epochs=20)
Training for 300 epochs...
Loss weights - Gloss: 0.8, Category: 0.2
------------------------------------------------------------
Epoch  1/300 | Train Loss: 4.1080 | Val Loss: 4.1893 | Val Gloss Acc: 0.013 | Val Cat Acc: 0.100 | Time: 3.9s
  GPU Memory: 0.06GB allocated, 0.12GB reserved
Epoch  2/300 | Train Loss: 4.2195 | Val Loss: 4.1815 | Val Gloss Acc: 0.007 | Val Cat Acc: 0.135 | Time: 3.1s
  GPU Memory: 0.06GB allocated, 0.12GB reserved
Epoch  3/300 | Train Loss: 4.2240 | Val Loss: 4.1594 | Val Gloss Acc: 0.008 | Val Cat Acc: 0.201 | Time: 3.3s
  GPU Memory: 0.06GB allocated, 0.12GB reserved
Epoch  4/300 | Train Loss: 4.0148 | Val Loss: 4.0484 | Val Gloss Acc: 0.018 | Val Cat Acc: 0.219 | Time: 3.2s
  GPU Memory: 0.06GB allocated, 0.12GB reserved
Epoch  5/300 | Train Loss: 4.3376 | Val Loss: 3.8802 | Val Gloss Acc: 0.020 | Val Cat Acc: 0.183 | Time: 3.2s
  GPU Memory: 0.06GB allocated, 0.12GB reserved
Epoch  6/300 | Train Loss: 3.7365 | Val Loss: 3.7772 | Val Gloss Acc: 0.014 | Val Cat Acc: 0.216 | Time: 3.4s
  GPU Memory: 0.06GB allocated, 0.12GB reserved
Epoch  7/300 | Train Loss: 3.8509 | Val Loss: 3.7172 | Val Gloss Acc: 0.019 | Val Cat Acc: 0.215 | Time: 3.2s
  GPU Memory: 0.06GB allocated, 0.12GB reserved
Epoch  8/300 | Train Loss: 3.8068 | Val Loss: 3.6938 | Val Gloss Acc: 0.025 | Val Cat Acc: 0.191 | Time: 3.5s
  GPU Memory: 0.06GB allocated, 0.12GB reserved
Epoch  9/300 | Train Loss: 3.8923 | Val Loss: 3.6587 | Val Gloss Acc: 0.028 | Val Cat Acc: 0.234 | Time: 3.5s
  GPU Memory: 0.06GB allocated, 0.12GB reserved
Epoch 10/300 | Train Loss: 3.4159 | Val Loss: 3.6185 | Val Gloss Acc: 0.019 | Val Cat Acc: 0.244 | Time: 3.3s
  GPU Memory: 0.06GB allocated, 0.12GB reserved
Epoch 11/300 | Train Loss: 3.6906 | Val Loss: 3.5613 | Val Gloss Acc: 0.029 | Val Cat Acc: 0.286 | Time: 3.5s
  GPU Memory: 0.06GB allocated, 0.12GB reserved
Epoch 12/300 | Train Loss: 3.5956 | Val Loss: 3.4923 | Val Gloss Acc: 0.050 | Val Cat Acc: 0.290 | Time: 3.5s
  GPU Memory: 0.06GB allocated, 0.12GB reserved
Epoch 13/300 | Train Loss: 3.4918 | Val Loss: 3.3728 | Val Gloss Acc: 0.070 | Val Cat Acc: 0.297 | Time: 3.4s
  GPU Memory: 0.06GB allocated, 0.12GB reserved
Epoch 14/300 | Train Loss: 3.6940 | Val Loss: 3.2871 | Val Gloss Acc: 0.088 | Val Cat Acc: 0.333 | Time: 3.4s
  GPU Memory: 0.06GB allocated, 0.12GB reserved
Epoch 15/300 | Train Loss: 2.2776 | Val Loss: 3.1294 | Val Gloss Acc: 0.111 | Val Cat Acc: 0.346 | Time: 3.3s
  GPU Memory: 0.06GB allocated, 0.12GB reserved
Epoch 16/300 | Train Loss: 2.6737 | Val Loss: 3.0162 | Val Gloss Acc: 0.107 | Val Cat Acc: 0.351 | Time: 3.5s
  GPU Memory: 0.06GB allocated, 0.12GB reserved
Epoch 17/300 | Train Loss: 3.6686 | Val Loss: 2.9706 | Val Gloss Acc: 0.131 | Val Cat Acc: 0.359 | Time: 3.4s
  GPU Memory: 0.06GB allocated, 0.12GB reserved
Epoch 18/300 | Train Loss: 1.4045 | Val Loss: 2.8258 | Val Gloss Acc: 0.153 | Val Cat Acc: 0.406 | Time: 3.3s
  GPU Memory: 0.06GB allocated, 0.12GB reserved
Epoch 19/300 | Train Loss: 3.2419 | Val Loss: 2.8151 | Val Gloss Acc: 0.141 | Val Cat Acc: 0.368 | Time: 3.2s
  GPU Memory: 0.06GB allocated, 0.12GB reserved
Epoch 20/300 | Train Loss: 2.8794 | Val Loss: 2.7446 | Val Gloss Acc: 0.175 | Val Cat Acc: 0.406 | Time: 3.5s
  GPU Memory: 0.06GB allocated, 0.12GB reserved
Epoch 21/300 | Train Loss: 2.9473 | Val Loss: 2.6975 | Val Gloss Acc: 0.180 | Val Cat Acc: 0.415 | Time: 3.5s
  GPU Memory: 0.06GB allocated, 0.12GB reserved
Epoch 22/300 | Train Loss: 2.6373 | Val Loss: 2.6817 | Val Gloss Acc: 0.173 | Val Cat Acc: 0.418 | Time: 3.3s
  GPU Memory: 0.06GB allocated, 0.12GB reserved
Epoch 23/300 | Train Loss: 2.8069 | Val Loss: 2.6273 | Val Gloss Acc: 0.185 | Val Cat Acc: 0.404 | Time: 3.3s
  GPU Memory: 0.06GB allocated, 0.12GB reserved
Epoch 24/300 | Train Loss: 2.9708 | Val Loss: 2.5300 | Val Gloss Acc: 0.215 | Val Cat Acc: 0.454 | Time: 3.2s
  GPU Memory: 0.06GB allocated, 0.12GB reserved
Epoch 25/300 | Train Loss: 1.6722 | Val Loss: 2.4873 | Val Gloss Acc: 0.220 | Val Cat Acc: 0.425 | Time: 3.4s
  GPU Memory: 0.06GB allocated, 0.12GB reserved
Epoch 26/300 | Train Loss: 2.6191 | Val Loss: 2.4205 | Val Gloss Acc: 0.248 | Val Cat Acc: 0.456 | Time: 3.4s
  GPU Memory: 0.06GB allocated, 0.12GB reserved
Epoch 27/300 | Train Loss: 1.8179 | Val Loss: 2.4229 | Val Gloss Acc: 0.224 | Val Cat Acc: 0.452 | Time: 3.3s
  GPU Memory: 0.06GB allocated, 0.12GB reserved
Epoch 28/300 | Train Loss: 3.1658 | Val Loss: 2.3233 | Val Gloss Acc: 0.246 | Val Cat Acc: 0.471 | Time: 3.3s
  GPU Memory: 0.06GB allocated, 0.12GB reserved
Epoch 29/300 | Train Loss: 3.0270 | Val Loss: 2.3339 | Val Gloss Acc: 0.254 | Val Cat Acc: 0.483 | Time: 3.3s
  GPU Memory: 0.06GB allocated, 0.12GB reserved
Epoch 30/300 | Train Loss: 2.4731 | Val Loss: 2.2600 | Val Gloss Acc: 0.264 | Val Cat Acc: 0.482 | Time: 3.2s
  GPU Memory: 0.06GB allocated, 0.12GB reserved
Epoch 31/300 | Train Loss: 1.9194 | Val Loss: 2.2687 | Val Gloss Acc: 0.288 | Val Cat Acc: 0.487 | Time: 3.3s
  GPU Memory: 0.06GB allocated, 0.12GB reserved
Epoch 32/300 | Train Loss: 1.8973 | Val Loss: 2.2730 | Val Gloss Acc: 0.279 | Val Cat Acc: 0.475 | Time: 3.4s
  GPU Memory: 0.06GB allocated, 0.12GB reserved
Epoch 33/300 | Train Loss: 2.2986 | Val Loss: 2.2694 | Val Gloss Acc: 0.268 | Val Cat Acc: 0.494 | Time: 3.3s
  GPU Memory: 0.06GB allocated, 0.12GB reserved
Epoch 34/300 | Train Loss: 2.0008 | Val Loss: 2.2004 | Val Gloss Acc: 0.298 | Val Cat Acc: 0.506 | Time: 3.3s
  GPU Memory: 0.06GB allocated, 0.12GB reserved
Epoch 35/300 | Train Loss: 2.3254 | Val Loss: 2.1188 | Val Gloss Acc: 0.326 | Val Cat Acc: 0.511 | Time: 3.3s
  GPU Memory: 0.06GB allocated, 0.12GB reserved
Epoch 36/300 | Train Loss: 2.2121 | Val Loss: 2.0911 | Val Gloss Acc: 0.328 | Val Cat Acc: 0.522 | Time: 3.5s
  GPU Memory: 0.06GB allocated, 0.12GB reserved
Epoch 37/300 | Train Loss: 1.3623 | Val Loss: 2.0126 | Val Gloss Acc: 0.339 | Val Cat Acc: 0.538 | Time: 3.2s
  GPU Memory: 0.06GB allocated, 0.12GB reserved
Epoch 38/300 | Train Loss: 2.1347 | Val Loss: 2.0016 | Val Gloss Acc: 0.347 | Val Cat Acc: 0.540 | Time: 3.4s
  GPU Memory: 0.06GB allocated, 0.12GB reserved
Epoch 39/300 | Train Loss: 1.9153 | Val Loss: 1.9520 | Val Gloss Acc: 0.349 | Val Cat Acc: 0.549 | Time: 3.2s
  GPU Memory: 0.06GB allocated, 0.12GB reserved
Epoch 40/300 | Train Loss: 1.3924 | Val Loss: 1.9105 | Val Gloss Acc: 0.375 | Val Cat Acc: 0.573 | Time: 3.3s
  GPU Memory: 0.06GB allocated, 0.12GB reserved
Epoch 41/300 | Train Loss: 1.5441 | Val Loss: 1.8779 | Val Gloss Acc: 0.364 | Val Cat Acc: 0.585 | Time: 3.3s
  GPU Memory: 0.06GB allocated, 0.12GB reserved
Epoch 42/300 | Train Loss: 2.3071 | Val Loss: 1.9385 | Val Gloss Acc: 0.368 | Val Cat Acc: 0.585 | Time: 3.3s
  GPU Memory: 0.06GB allocated, 0.12GB reserved
Epoch 43/300 | Train Loss: 1.2340 | Val Loss: 1.9096 | Val Gloss Acc: 0.381 | Val Cat Acc: 0.583 | Time: 3.3s
  GPU Memory: 0.06GB allocated, 0.12GB reserved
Epoch 44/300 | Train Loss: 2.0862 | Val Loss: 1.7886 | Val Gloss Acc: 0.383 | Val Cat Acc: 0.596 | Time: 3.3s
  GPU Memory: 0.06GB allocated, 0.12GB reserved
Epoch 45/300 | Train Loss: 1.3589 | Val Loss: 1.7355 | Val Gloss Acc: 0.413 | Val Cat Acc: 0.595 | Time: 3.4s
  GPU Memory: 0.06GB allocated, 0.12GB reserved
Epoch 46/300 | Train Loss: 1.3316 | Val Loss: 1.7451 | Val Gloss Acc: 0.438 | Val Cat Acc: 0.626 | Time: 3.2s
  GPU Memory: 0.06GB allocated, 0.12GB reserved
Epoch 47/300 | Train Loss: 1.6066 | Val Loss: 1.7077 | Val Gloss Acc: 0.446 | Val Cat Acc: 0.618 | Time: 3.2s
  GPU Memory: 0.06GB allocated, 0.12GB reserved
Epoch 48/300 | Train Loss: 0.7060 | Val Loss: 1.7060 | Val Gloss Acc: 0.434 | Val Cat Acc: 0.619 | Time: 3.4s
  GPU Memory: 0.06GB allocated, 0.12GB reserved
Epoch 49/300 | Train Loss: 0.7174 | Val Loss: 1.6543 | Val Gloss Acc: 0.446 | Val Cat Acc: 0.635 | Time: 3.3s
  GPU Memory: 0.06GB allocated, 0.12GB reserved
Epoch 50/300 | Train Loss: 0.3891 | Val Loss: 1.6083 | Val Gloss Acc: 0.458 | Val Cat Acc: 0.644 | Time: 3.4s
  GPU Memory: 0.06GB allocated, 0.12GB reserved
Epoch 51/300 | Train Loss: 2.3485 | Val Loss: 1.7144 | Val Gloss Acc: 0.428 | Val Cat Acc: 0.619 | Time: 3.2s
  GPU Memory: 0.06GB allocated, 0.12GB reserved
Epoch 52/300 | Train Loss: 1.0258 | Val Loss: 1.5909 | Val Gloss Acc: 0.477 | Val Cat Acc: 0.660 | Time: 3.4s
  GPU Memory: 0.06GB allocated, 0.12GB reserved
Epoch 53/300 | Train Loss: 1.4136 | Val Loss: 1.5989 | Val Gloss Acc: 0.459 | Val Cat Acc: 0.649 | Time: 3.2s
  GPU Memory: 0.06GB allocated, 0.12GB reserved
Epoch 54/300 | Train Loss: 1.0352 | Val Loss: 1.4753 | Val Gloss Acc: 0.501 | Val Cat Acc: 0.659 | Time: 3.4s
  GPU Memory: 0.06GB allocated, 0.12GB reserved
Epoch 55/300 | Train Loss: 1.4541 | Val Loss: 1.6190 | Val Gloss Acc: 0.472 | Val Cat Acc: 0.637 | Time: 3.2s
  GPU Memory: 0.06GB allocated, 0.12GB reserved
Epoch 56/300 | Train Loss: 0.2294 | Val Loss: 1.5144 | Val Gloss Acc: 0.496 | Val Cat Acc: 0.656 | Time: 3.4s
  GPU Memory: 0.06GB allocated, 0.12GB reserved
Epoch 57/300 | Train Loss: 0.9988 | Val Loss: 1.5066 | Val Gloss Acc: 0.512 | Val Cat Acc: 0.672 | Time: 3.2s
  GPU Memory: 0.06GB allocated, 0.12GB reserved
Epoch 58/300 | Train Loss: 0.8825 | Val Loss: 1.3903 | Val Gloss Acc: 0.556 | Val Cat Acc: 0.684 | Time: 3.4s
  GPU Memory: 0.06GB allocated, 0.12GB reserved
Epoch 59/300 | Train Loss: 1.9814 | Val Loss: 1.3961 | Val Gloss Acc: 0.546 | Val Cat Acc: 0.695 | Time: 3.2s
  GPU Memory: 0.06GB allocated, 0.12GB reserved
Epoch 60/300 | Train Loss: 1.4424 | Val Loss: 1.4386 | Val Gloss Acc: 0.538 | Val Cat Acc: 0.672 | Time: 3.3s
  GPU Memory: 0.06GB allocated, 0.12GB reserved
Epoch 61/300 | Train Loss: 1.5009 | Val Loss: 1.3857 | Val Gloss Acc: 0.547 | Val Cat Acc: 0.675 | Time: 3.2s
  GPU Memory: 0.06GB allocated, 0.12GB reserved
Epoch 62/300 | Train Loss: 1.1016 | Val Loss: 1.3733 | Val Gloss Acc: 0.576 | Val Cat Acc: 0.690 | Time: 3.3s
  GPU Memory: 0.06GB allocated, 0.12GB reserved
Epoch 63/300 | Train Loss: 0.2926 | Val Loss: 1.4359 | Val Gloss Acc: 0.535 | Val Cat Acc: 0.689 | Time: 3.3s
  GPU Memory: 0.06GB allocated, 0.12GB reserved
Epoch 64/300 | Train Loss: 0.1061 | Val Loss: 1.3659 | Val Gloss Acc: 0.552 | Val Cat Acc: 0.697 | Time: 3.3s
  GPU Memory: 0.06GB allocated, 0.12GB reserved
Epoch 65/300 | Train Loss: 2.0823 | Val Loss: 1.3443 | Val Gloss Acc: 0.555 | Val Cat Acc: 0.704 | Time: 3.3s
  GPU Memory: 0.06GB allocated, 0.12GB reserved
Epoch 66/300 | Train Loss: 0.9917 | Val Loss: 1.3609 | Val Gloss Acc: 0.558 | Val Cat Acc: 0.702 | Time: 3.4s
  GPU Memory: 0.06GB allocated, 0.12GB reserved
Epoch 67/300 | Train Loss: 0.3587 | Val Loss: 1.4160 | Val Gloss Acc: 0.535 | Val Cat Acc: 0.688 | Time: 3.2s
  GPU Memory: 0.06GB allocated, 0.12GB reserved
Epoch 68/300 | Train Loss: 0.8076 | Val Loss: 1.3295 | Val Gloss Acc: 0.581 | Val Cat Acc: 0.714 | Time: 3.5s
  GPU Memory: 0.06GB allocated, 0.12GB reserved
Epoch 69/300 | Train Loss: 0.2142 | Val Loss: 1.3336 | Val Gloss Acc: 0.572 | Val Cat Acc: 0.725 | Time: 3.6s
  GPU Memory: 0.06GB allocated, 0.12GB reserved
Epoch 70/300 | Train Loss: 0.8390 | Val Loss: 1.3365 | Val Gloss Acc: 0.575 | Val Cat Acc: 0.708 | Time: 3.2s
  GPU Memory: 0.06GB allocated, 0.12GB reserved
Epoch 71/300 | Train Loss: 0.2693 | Val Loss: 1.3394 | Val Gloss Acc: 0.571 | Val Cat Acc: 0.725 | Time: 3.4s
  GPU Memory: 0.06GB allocated, 0.12GB reserved
Epoch 72/300 | Train Loss: 0.3765 | Val Loss: 1.3633 | Val Gloss Acc: 0.559 | Val Cat Acc: 0.701 | Time: 3.3s
  GPU Memory: 0.06GB allocated, 0.12GB reserved
Epoch 73/300 | Train Loss: 0.9297 | Val Loss: 1.2676 | Val Gloss Acc: 0.576 | Val Cat Acc: 0.737 | Time: 3.2s
  GPU Memory: 0.06GB allocated, 0.12GB reserved
Epoch 74/300 | Train Loss: 0.3861 | Val Loss: 1.3342 | Val Gloss Acc: 0.577 | Val Cat Acc: 0.721 | Time: 3.4s
  GPU Memory: 0.06GB allocated, 0.12GB reserved
Epoch 75/300 | Train Loss: 0.3549 | Val Loss: 1.2561 | Val Gloss Acc: 0.588 | Val Cat Acc: 0.719 | Time: 3.3s
  GPU Memory: 0.06GB allocated, 0.12GB reserved
Epoch 76/300 | Train Loss: 0.1256 | Val Loss: 1.2693 | Val Gloss Acc: 0.583 | Val Cat Acc: 0.731 | Time: 3.4s
  GPU Memory: 0.06GB allocated, 0.12GB reserved
Epoch 77/300 | Train Loss: 0.3792 | Val Loss: 1.2424 | Val Gloss Acc: 0.594 | Val Cat Acc: 0.730 | Time: 3.3s
  GPU Memory: 0.06GB allocated, 0.12GB reserved
Epoch 78/300 | Train Loss: 0.8605 | Val Loss: 1.2739 | Val Gloss Acc: 0.582 | Val Cat Acc: 0.738 | Time: 3.2s
  GPU Memory: 0.06GB allocated, 0.12GB reserved
Epoch 79/300 | Train Loss: 0.5840 | Val Loss: 1.2287 | Val Gloss Acc: 0.605 | Val Cat Acc: 0.748 | Time: 3.2s
  GPU Memory: 0.06GB allocated, 0.12GB reserved
Epoch 80/300 | Train Loss: 1.2972 | Val Loss: 1.2966 | Val Gloss Acc: 0.566 | Val Cat Acc: 0.726 | Time: 3.2s
  GPU Memory: 0.06GB allocated, 0.12GB reserved
Epoch 81/300 | Train Loss: 0.3900 | Val Loss: 1.2385 | Val Gloss Acc: 0.579 | Val Cat Acc: 0.740 | Time: 3.2s
  GPU Memory: 0.06GB allocated, 0.12GB reserved
Epoch 82/300 | Train Loss: 0.5271 | Val Loss: 1.3528 | Val Gloss Acc: 0.554 | Val Cat Acc: 0.734 | Time: 3.3s
  GPU Memory: 0.06GB allocated, 0.12GB reserved
Epoch 83/300 | Train Loss: 0.7186 | Val Loss: 1.2705 | Val Gloss Acc: 0.579 | Val Cat Acc: 0.739 | Time: 3.3s
  GPU Memory: 0.06GB allocated, 0.12GB reserved
Epoch 84/300 | Train Loss: 1.0057 | Val Loss: 1.2873 | Val Gloss Acc: 0.583 | Val Cat Acc: 0.744 | Time: 3.5s
  GPU Memory: 0.06GB allocated, 0.12GB reserved
Epoch 85/300 | Train Loss: 0.3526 | Val Loss: 1.2645 | Val Gloss Acc: 0.585 | Val Cat Acc: 0.746 | Time: 3.3s
  GPU Memory: 0.06GB allocated, 0.12GB reserved
Epoch 86/300 | Train Loss: 1.0703 | Val Loss: 1.2155 | Val Gloss Acc: 0.600 | Val Cat Acc: 0.756 | Time: 3.4s
  GPU Memory: 0.06GB allocated, 0.12GB reserved
Epoch 87/300 | Train Loss: 1.4199 | Val Loss: 1.2816 | Val Gloss Acc: 0.585 | Val Cat Acc: 0.742 | Time: 3.2s
  GPU Memory: 0.06GB allocated, 0.12GB reserved
Epoch 88/300 | Train Loss: 0.5770 | Val Loss: 1.2045 | Val Gloss Acc: 0.611 | Val Cat Acc: 0.755 | Time: 3.3s
  GPU Memory: 0.06GB allocated, 0.12GB reserved
Epoch 89/300 | Train Loss: 0.6869 | Val Loss: 1.2551 | Val Gloss Acc: 0.607 | Val Cat Acc: 0.755 | Time: 3.2s
  GPU Memory: 0.06GB allocated, 0.12GB reserved
Epoch 90/300 | Train Loss: 0.5780 | Val Loss: 1.2474 | Val Gloss Acc: 0.605 | Val Cat Acc: 0.739 | Time: 3.3s
  GPU Memory: 0.06GB allocated, 0.12GB reserved
Epoch 91/300 | Train Loss: 0.6991 | Val Loss: 1.3766 | Val Gloss Acc: 0.566 | Val Cat Acc: 0.732 | Time: 3.3s
  GPU Memory: 0.06GB allocated, 0.12GB reserved
Epoch 92/300 | Train Loss: 0.5573 | Val Loss: 1.2579 | Val Gloss Acc: 0.613 | Val Cat Acc: 0.744 | Time: 3.2s
  GPU Memory: 0.06GB allocated, 0.12GB reserved
Epoch 93/300 | Train Loss: 0.2073 | Val Loss: 1.2500 | Val Gloss Acc: 0.608 | Val Cat Acc: 0.757 | Time: 3.3s
  GPU Memory: 0.06GB allocated, 0.12GB reserved
Epoch 94/300 | Train Loss: 0.1936 | Val Loss: 1.2024 | Val Gloss Acc: 0.614 | Val Cat Acc: 0.743 | Time: 3.3s
  GPU Memory: 0.06GB allocated, 0.12GB reserved
Epoch 95/300 | Train Loss: 0.3339 | Val Loss: 1.2511 | Val Gloss Acc: 0.603 | Val Cat Acc: 0.750 | Time: 3.4s
  GPU Memory: 0.06GB allocated, 0.12GB reserved
Epoch 96/300 | Train Loss: 0.4267 | Val Loss: 1.2753 | Val Gloss Acc: 0.603 | Val Cat Acc: 0.761 | Time: 3.6s
  GPU Memory: 0.06GB allocated, 0.12GB reserved
Epoch 97/300 | Train Loss: 0.0517 | Val Loss: 1.2218 | Val Gloss Acc: 0.609 | Val Cat Acc: 0.774 | Time: 3.3s
  GPU Memory: 0.06GB allocated, 0.12GB reserved
Epoch 98/300 | Train Loss: 0.3577 | Val Loss: 1.1858 | Val Gloss Acc: 0.638 | Val Cat Acc: 0.760 | Time: 3.3s
  GPU Memory: 0.06GB allocated, 0.12GB reserved
Epoch 99/300 | Train Loss: 0.3786 | Val Loss: 1.2808 | Val Gloss Acc: 0.608 | Val Cat Acc: 0.764 | Time: 3.1s
  GPU Memory: 0.06GB allocated, 0.12GB reserved
Epoch 100/300 | Train Loss: 0.3569 | Val Loss: 1.2362 | Val Gloss Acc: 0.627 | Val Cat Acc: 0.782 | Time: 3.2s
  GPU Memory: 0.06GB allocated, 0.12GB reserved
Epoch 101/300 | Train Loss: 0.5447 | Val Loss: 1.1875 | Val Gloss Acc: 0.627 | Val Cat Acc: 0.772 | Time: 3.4s
  GPU Memory: 0.06GB allocated, 0.12GB reserved
Epoch 102/300 | Train Loss: 0.7970 | Val Loss: 1.2148 | Val Gloss Acc: 0.619 | Val Cat Acc: 0.785 | Time: 3.3s
  GPU Memory: 0.06GB allocated, 0.12GB reserved
Epoch 103/300 | Train Loss: 0.1939 | Val Loss: 1.2752 | Val Gloss Acc: 0.606 | Val Cat Acc: 0.768 | Time: 3.2s
  GPU Memory: 0.06GB allocated, 0.12GB reserved
Epoch 104/300 | Train Loss: 0.6978 | Val Loss: 1.2627 | Val Gloss Acc: 0.623 | Val Cat Acc: 0.776 | Time: 3.3s
  GPU Memory: 0.06GB allocated, 0.12GB reserved
Epoch 105/300 | Train Loss: 0.7446 | Val Loss: 1.2469 | Val Gloss Acc: 0.618 | Val Cat Acc: 0.778 | Time: 3.5s
  GPU Memory: 0.06GB allocated, 0.12GB reserved
Epoch 106/300 | Train Loss: 0.5110 | Val Loss: 1.3754 | Val Gloss Acc: 0.603 | Val Cat Acc: 0.764 | Time: 3.3s
  GPU Memory: 0.06GB allocated, 0.12GB reserved
Epoch 107/300 | Train Loss: 0.1013 | Val Loss: 1.2782 | Val Gloss Acc: 0.626 | Val Cat Acc: 0.787 | Time: 3.3s
  GPU Memory: 0.06GB allocated, 0.12GB reserved
Epoch 108/300 | Train Loss: 0.7549 | Val Loss: 1.2886 | Val Gloss Acc: 0.637 | Val Cat Acc: 0.786 | Time: 3.2s
  GPU Memory: 0.06GB allocated, 0.12GB reserved
Epoch 109/300 | Train Loss: 0.8330 | Val Loss: 1.2576 | Val Gloss Acc: 0.619 | Val Cat Acc: 0.781 | Time: 3.3s
  GPU Memory: 0.06GB allocated, 0.12GB reserved
Epoch 110/300 | Train Loss: 0.4440 | Val Loss: 1.2305 | Val Gloss Acc: 0.620 | Val Cat Acc: 0.782 | Time: 3.3s
  GPU Memory: 0.06GB allocated, 0.12GB reserved
Epoch 111/300 | Train Loss: 0.1969 | Val Loss: 1.2580 | Val Gloss Acc: 0.625 | Val Cat Acc: 0.786 | Time: 3.5s
  GPU Memory: 0.06GB allocated, 0.12GB reserved
Epoch 112/300 | Train Loss: 0.4033 | Val Loss: 1.2795 | Val Gloss Acc: 0.617 | Val Cat Acc: 0.769 | Time: 3.3s
  GPU Memory: 0.06GB allocated, 0.12GB reserved
Epoch 113/300 | Train Loss: 0.2546 | Val Loss: 1.2442 | Val Gloss Acc: 0.651 | Val Cat Acc: 0.796 | Time: 3.3s
  GPU Memory: 0.06GB allocated, 0.12GB reserved
Epoch 114/300 | Train Loss: 0.6187 | Val Loss: 1.2687 | Val Gloss Acc: 0.633 | Val Cat Acc: 0.784 | Time: 3.3s
  GPU Memory: 0.06GB allocated, 0.12GB reserved
Epoch 115/300 | Train Loss: 0.1531 | Val Loss: 1.2694 | Val Gloss Acc: 0.644 | Val Cat Acc: 0.784 | Time: 3.4s
  GPU Memory: 0.06GB allocated, 0.12GB reserved
Epoch 116/300 | Train Loss: 0.3978 | Val Loss: 1.2741 | Val Gloss Acc: 0.632 | Val Cat Acc: 0.788 | Time: 3.3s
  GPU Memory: 0.06GB allocated, 0.12GB reserved
Epoch 117/300 | Train Loss: 0.4861 | Val Loss: 1.2803 | Val Gloss Acc: 0.630 | Val Cat Acc: 0.782 | Time: 3.2s
  GPU Memory: 0.06GB allocated, 0.12GB reserved
Epoch 118/300 | Train Loss: 0.1452 | Val Loss: 1.2392 | Val Gloss Acc: 0.644 | Val Cat Acc: 0.791 | Time: 3.7s
  GPU Memory: 0.06GB allocated, 0.12GB reserved
Epoch 119/300 | Train Loss: 0.0351 | Val Loss: 1.3091 | Val Gloss Acc: 0.632 | Val Cat Acc: 0.790 | Time: 4.2s
  GPU Memory: 0.06GB allocated, 0.12GB reserved
Epoch 120/300 | Train Loss: 0.3295 | Val Loss: 1.3247 | Val Gloss Acc: 0.623 | Val Cat Acc: 0.790 | Time: 4.0s
  GPU Memory: 0.06GB allocated, 0.12GB reserved
Epoch 121/300 | Train Loss: 0.6124 | Val Loss: 1.2699 | Val Gloss Acc: 0.627 | Val Cat Acc: 0.805 | Time: 4.1s
  GPU Memory: 0.06GB allocated, 0.12GB reserved
Epoch 122/300 | Train Loss: 0.4017 | Val Loss: 1.2976 | Val Gloss Acc: 0.635 | Val Cat Acc: 0.788 | Time: 4.3s
  GPU Memory: 0.06GB allocated, 0.12GB reserved
Epoch 123/300 | Train Loss: 0.8104 | Val Loss: 1.2378 | Val Gloss Acc: 0.650 | Val Cat Acc: 0.804 | Time: 4.3s
  GPU Memory: 0.06GB allocated, 0.12GB reserved
Epoch 124/300 | Train Loss: 0.1021 | Val Loss: 1.2635 | Val Gloss Acc: 0.649 | Val Cat Acc: 0.791 | Time: 4.4s
  GPU Memory: 0.06GB allocated, 0.12GB reserved
Epoch 125/300 | Train Loss: 0.3132 | Val Loss: 1.2976 | Val Gloss Acc: 0.635 | Val Cat Acc: 0.796 | Time: 4.0s
  GPU Memory: 0.06GB allocated, 0.12GB reserved
Epoch 126/300 | Train Loss: 0.3108 | Val Loss: 1.2854 | Val Gloss Acc: 0.635 | Val Cat Acc: 0.794 | Time: 4.1s
  GPU Memory: 0.06GB allocated, 0.12GB reserved
Epoch 127/300 | Train Loss: 0.2111 | Val Loss: 1.2639 | Val Gloss Acc: 0.642 | Val Cat Acc: 0.809 | Time: 3.4s
  GPU Memory: 0.06GB allocated, 0.12GB reserved
Epoch 128/300 | Train Loss: 0.3240 | Val Loss: 1.3064 | Val Gloss Acc: 0.641 | Val Cat Acc: 0.805 | Time: 3.3s
  GPU Memory: 0.06GB allocated, 0.12GB reserved
Epoch 129/300 | Train Loss: 0.1627 | Val Loss: 1.4087 | Val Gloss Acc: 0.624 | Val Cat Acc: 0.791 | Time: 3.2s
  GPU Memory: 0.06GB allocated, 0.12GB reserved
Epoch 130/300 | Train Loss: 0.0192 | Val Loss: 1.3805 | Val Gloss Acc: 0.635 | Val Cat Acc: 0.799 | Time: 3.4s
  GPU Memory: 0.06GB allocated, 0.12GB reserved
Epoch 131/300 | Train Loss: 0.4552 | Val Loss: 1.3082 | Val Gloss Acc: 0.649 | Val Cat Acc: 0.790 | Time: 3.5s
  GPU Memory: 0.06GB allocated, 0.12GB reserved
Epoch 132/300 | Train Loss: 0.0894 | Val Loss: 1.3930 | Val Gloss Acc: 0.630 | Val Cat Acc: 0.787 | Time: 3.4s
  GPU Memory: 0.06GB allocated, 0.12GB reserved
Epoch 133/300 | Train Loss: 0.0414 | Val Loss: 1.3362 | Val Gloss Acc: 0.645 | Val Cat Acc: 0.802 | Time: 3.4s
  GPU Memory: 0.06GB allocated, 0.12GB reserved
Epoch 134/300 | Train Loss: 0.0154 | Val Loss: 1.3320 | Val Gloss Acc: 0.651 | Val Cat Acc: 0.805 | Time: 3.4s
  GPU Memory: 0.06GB allocated, 0.12GB reserved
Epoch 135/300 | Train Loss: 0.9423 | Val Loss: 1.4237 | Val Gloss Acc: 0.629 | Val Cat Acc: 0.786 | Time: 3.3s
  GPU Memory: 0.06GB allocated, 0.12GB reserved
Epoch 136/300 | Train Loss: 0.8913 | Val Loss: 1.3437 | Val Gloss Acc: 0.641 | Val Cat Acc: 0.788 | Time: 3.2s
  GPU Memory: 0.06GB allocated, 0.12GB reserved
Epoch 137/300 | Train Loss: 0.3225 | Val Loss: 1.3655 | Val Gloss Acc: 0.655 | Val Cat Acc: 0.797 | Time: 3.4s
  GPU Memory: 0.06GB allocated, 0.12GB reserved
Epoch 138/300 | Train Loss: 0.0723 | Val Loss: 1.4368 | Val Gloss Acc: 0.641 | Val Cat Acc: 0.793 | Time: 3.3s
  GPU Memory: 0.06GB allocated, 0.12GB reserved
Epoch 139/300 | Train Loss: 1.0497 | Val Loss: 1.4040 | Val Gloss Acc: 0.631 | Val Cat Acc: 0.784 | Time: 3.3s
  GPU Memory: 0.06GB allocated, 0.12GB reserved
Epoch 140/300 | Train Loss: 0.5651 | Val Loss: 1.3258 | Val Gloss Acc: 0.648 | Val Cat Acc: 0.792 | Time: 3.3s
  GPU Memory: 0.06GB allocated, 0.12GB reserved
Epoch 141/300 | Train Loss: 0.0207 | Val Loss: 1.3585 | Val Gloss Acc: 0.651 | Val Cat Acc: 0.796 | Time: 3.2s
  GPU Memory: 0.06GB allocated, 0.12GB reserved
Epoch 142/300 | Train Loss: 0.2765 | Val Loss: 1.3630 | Val Gloss Acc: 0.648 | Val Cat Acc: 0.803 | Time: 3.2s
  GPU Memory: 0.06GB allocated, 0.12GB reserved
Epoch 143/300 | Train Loss: 0.0542 | Val Loss: 1.3272 | Val Gloss Acc: 0.667 | Val Cat Acc: 0.802 | Time: 3.3s
  GPU Memory: 0.06GB allocated, 0.12GB reserved
Epoch 144/300 | Train Loss: 0.0748 | Val Loss: 1.3700 | Val Gloss Acc: 0.649 | Val Cat Acc: 0.808 | Time: 3.2s
  GPU Memory: 0.06GB allocated, 0.12GB reserved
Epoch 145/300 | Train Loss: 0.0810 | Val Loss: 1.3502 | Val Gloss Acc: 0.645 | Val Cat Acc: 0.802 | Time: 3.3s
  GPU Memory: 0.06GB allocated, 0.12GB reserved
Epoch 146/300 | Train Loss: 0.0282 | Val Loss: 1.3990 | Val Gloss Acc: 0.659 | Val Cat Acc: 0.808 | Time: 3.2s
  GPU Memory: 0.06GB allocated, 0.12GB reserved
Epoch 147/300 | Train Loss: 0.1473 | Val Loss: 1.3283 | Val Gloss Acc: 0.660 | Val Cat Acc: 0.811 | Time: 3.2s
  GPU Memory: 0.06GB allocated, 0.12GB reserved
Epoch 148/300 | Train Loss: 0.0470 | Val Loss: 1.3966 | Val Gloss Acc: 0.651 | Val Cat Acc: 0.792 | Time: 3.4s
  GPU Memory: 0.06GB allocated, 0.12GB reserved
Epoch 149/300 | Train Loss: 0.0218 | Val Loss: 1.3685 | Val Gloss Acc: 0.637 | Val Cat Acc: 0.810 | Time: 3.4s
  GPU Memory: 0.06GB allocated, 0.12GB reserved
Epoch 150/300 | Train Loss: 0.2577 | Val Loss: 1.3829 | Val Gloss Acc: 0.639 | Val Cat Acc: 0.800 | Time: 3.4s
  GPU Memory: 0.06GB allocated, 0.12GB reserved
Epoch 151/300 | Train Loss: 0.4865 | Val Loss: 1.4182 | Val Gloss Acc: 0.642 | Val Cat Acc: 0.791 | Time: 3.3s
  GPU Memory: 0.06GB allocated, 0.12GB reserved
Epoch 152/300 | Train Loss: 0.4064 | Val Loss: 1.3859 | Val Gloss Acc: 0.653 | Val Cat Acc: 0.805 | Time: 3.3s
  GPU Memory: 0.06GB allocated, 0.12GB reserved
Epoch 153/300 | Train Loss: 0.5817 | Val Loss: 1.4658 | Val Gloss Acc: 0.633 | Val Cat Acc: 0.797 | Time: 3.3s
  GPU Memory: 0.06GB allocated, 0.12GB reserved
Epoch 154/300 | Train Loss: 0.5714 | Val Loss: 1.4127 | Val Gloss Acc: 0.647 | Val Cat Acc: 0.805 | Time: 3.3s
  GPU Memory: 0.06GB allocated, 0.12GB reserved
Epoch 155/300 | Train Loss: 0.0340 | Val Loss: 1.3628 | Val Gloss Acc: 0.643 | Val Cat Acc: 0.817 | Time: 3.2s
  GPU Memory: 0.06GB allocated, 0.12GB reserved
Epoch 156/300 | Train Loss: 0.0101 | Val Loss: 1.4050 | Val Gloss Acc: 0.651 | Val Cat Acc: 0.810 | Time: 3.2s
  GPU Memory: 0.06GB allocated, 0.12GB reserved
Epoch 157/300 | Train Loss: 0.2797 | Val Loss: 1.4532 | Val Gloss Acc: 0.648 | Val Cat Acc: 0.806 | Time: 3.4s
  GPU Memory: 0.06GB allocated, 0.12GB reserved
Epoch 158/300 | Train Loss: 0.0756 | Val Loss: 1.4616 | Val Gloss Acc: 0.657 | Val Cat Acc: 0.811 | Time: 3.3s
  GPU Memory: 0.06GB allocated, 0.12GB reserved
Epoch 159/300 | Train Loss: 0.5277 | Val Loss: 1.4252 | Val Gloss Acc: 0.650 | Val Cat Acc: 0.803 | Time: 3.4s
  GPU Memory: 0.06GB allocated, 0.12GB reserved
Epoch 160/300 | Train Loss: 0.0088 | Val Loss: 1.4902 | Val Gloss Acc: 0.642 | Val Cat Acc: 0.803 | Time: 3.4s
  GPU Memory: 0.06GB allocated, 0.12GB reserved
Epoch 161/300 | Train Loss: 0.3210 | Val Loss: 1.3939 | Val Gloss Acc: 0.661 | Val Cat Acc: 0.804 | Time: 3.3s
  GPU Memory: 0.06GB allocated, 0.12GB reserved
Epoch 162/300 | Train Loss: 0.0938 | Val Loss: 1.3902 | Val Gloss Acc: 0.660 | Val Cat Acc: 0.808 | Time: 3.3s
  GPU Memory: 0.06GB allocated, 0.12GB reserved
Epoch 163/300 | Train Loss: 0.4843 | Val Loss: 1.4230 | Val Gloss Acc: 0.663 | Val Cat Acc: 0.804 | Time: 3.3s
  GPU Memory: 0.06GB allocated, 0.12GB reserved
Epoch 164/300 | Train Loss: 0.0513 | Val Loss: 1.4841 | Val Gloss Acc: 0.661 | Val Cat Acc: 0.803 | Time: 3.4s
  GPU Memory: 0.06GB allocated, 0.12GB reserved
Epoch 165/300 | Train Loss: 0.2758 | Val Loss: 1.4268 | Val Gloss Acc: 0.659 | Val Cat Acc: 0.805 | Time: 3.3s
  GPU Memory: 0.06GB allocated, 0.12GB reserved
Epoch 166/300 | Train Loss: 0.0697 | Val Loss: 1.5014 | Val Gloss Acc: 0.641 | Val Cat Acc: 0.819 | Time: 3.5s
  GPU Memory: 0.06GB allocated, 0.12GB reserved
Epoch 167/300 | Train Loss: 0.5511 | Val Loss: 1.4076 | Val Gloss Acc: 0.667 | Val Cat Acc: 0.822 | Time: 3.4s
  GPU Memory: 0.06GB allocated, 0.12GB reserved
Epoch 168/300 | Train Loss: 0.0210 | Val Loss: 1.4566 | Val Gloss Acc: 0.657 | Val Cat Acc: 0.827 | Time: 3.7s
  GPU Memory: 0.06GB allocated, 0.12GB reserved
Epoch 169/300 | Train Loss: 0.1506 | Val Loss: 1.4819 | Val Gloss Acc: 0.649 | Val Cat Acc: 0.816 | Time: 3.2s
  GPU Memory: 0.06GB allocated, 0.12GB reserved
Epoch 170/300 | Train Loss: 0.2838 | Val Loss: 1.4809 | Val Gloss Acc: 0.661 | Val Cat Acc: 0.809 | Time: 3.2s
  GPU Memory: 0.06GB allocated, 0.12GB reserved
Epoch 171/300 | Train Loss: 0.3263 | Val Loss: 1.5264 | Val Gloss Acc: 0.655 | Val Cat Acc: 0.825 | Time: 3.4s
  GPU Memory: 0.06GB allocated, 0.12GB reserved
Epoch 172/300 | Train Loss: 0.0336 | Val Loss: 1.4427 | Val Gloss Acc: 0.649 | Val Cat Acc: 0.808 | Time: 3.2s
  GPU Memory: 0.06GB allocated, 0.12GB reserved
Epoch 173/300 | Train Loss: 0.0946 | Val Loss: 1.4853 | Val Gloss Acc: 0.663 | Val Cat Acc: 0.814 | Time: 3.3s
  GPU Memory: 0.06GB allocated, 0.12GB reserved
Early stopping triggered after 173 epochs. Best gloss acc: 0.6671
------------------------------------------------------------
Training completed!

============================================================
Training completed - 2025-10-09 05:02:50
Log saved to: trained_models/transformer/cmb_balanced_moderate/training_20251009_045301.log
============================================================
