============================================================
TRAINING LOG - 2025-11-01 13:00:17
============================================================
Console output will be saved to: trained_models/mediapipe_gru/FSL105_ctc_v2/training_20251101_130017.log
Metrics CSV will be saved to: trained_models/mediapipe_gru/FSL105_ctc_v2/training_20251101_130017_metrics.csv

Using device: cuda
CUDA device: NVIDIA GeForce RTX 5070 Ti
CUDA memory: 16.6 GB
CUDA compute capability: 12.0
CUDA multiprocessors: 70
CUDA memory allocated: 0.00 GB
CUDA memory cached: 0.00 GB

============================================================
DATA LOADING
============================================================
✓ Loaded data successfully
  - Dataset type: MEDIAPIPE-GRU-CTC Keypoints
  - Training folder: data/processed/FSL105_train
  - Validation folder: data/processed/FSL105_val
  - Keypoint key: X
  - Gloss classes: 105
  - Category classes: 10

============================================================
DATASET PREPARATION
============================================================
✓ CTC Mode: blank_id=105, num_ctc_classes=106
✓ Created datasets and data loaders
  - Batch size: 96
  - Training batches: 107
  - Validation batches: 27
  - Data augmentation: Enabled (noise_std=0.0023, mask_prob=0.045)
  - Training dataset size: 10192 samples
  - Validation dataset size: 2546 samples
  - Data format: [T, 178] keypoints

============================================================
MODEL SELECTION
============================================================
Available models:
Classification models (isolated signs):
  - transformer: Multi-head attention transformer (keypoints)
  - mediapipe_gru: Lightweight GRU (keypoints, mobile-friendly)
  - iv3_gru: InceptionV3 + GRU hybrid (features, offline baseline)
CTC models (continuous recognition):
  - transformer_ctc: Transformer with CTC (keypoints)
  - mediapipe_gru_ctc: Lightweight GRU with CTC (keypoints)
  - iv3_gru_ctc: InceptionV3 + GRU with CTC (features, offline baseline)
✓ Using MediaPipeGRUCtc model (input_dim=178, num_ctc_classes=106)

================================================================================
COMPREHENSIVE TRAINING CONFIGURATION
================================================================================
Session Information:
  - Start time: 2025-11-01 13:00:17
  - Working directory: /workspace/fslr-transformer-vs-iv3gru
  - Command: /workspace/fslr-transformer-vs-iv3gru/training/train.py --model mediapipe_gru_ctc --training-mode ctc --epochs 450 --batch-size 96 --lr 0.0003 --num-gloss 105 --num-cat 10 --alpha 0.8 --beta 0.2 --num-ctc-classes 106 --ctc-blank-id 105 --keypoints-train data/processed/FSL105_train --keypoints-val data/processed/FSL105_val --labels-train-csv data/processed/FSL105_train.csv --labels-val-csv data/processed/FSL105_val.csv --kp-key X --hidden1 512 --hidden2 512 --dropout 0.22 --amp --augment --augment-noise-std 0.0023 --augment-mask-prob 0.045 --augment-mask-ratio 0.045 --scheduler warmup_cosine --warmup-epochs 35 --early-stop 70 --weight-decay 1.25e-4 --grad-clip 1.0 --output-dir trained_models/mediapipe_gru/FSL105_ctc_v2

System Information:
  - Platform: Linux-6.8.0-52-generic-x86_64-with-glibc2.39
  - Python version: 3.12.11 | packaged by conda-forge | (main, Jun  4 2025, 14:45:31) [GCC 13.3.0]
  - PyTorch version: 2.9.0+cu128
  - CUDA version: 12.8
  - cuDNN version: 91002
  - NumPy version: 2.2.6

Core Training Parameters:
  - Model: mediapipe_gru_ctc
  - Epochs: 450
  - Batch size: 96
  - Learning rate: 0.0003
  - Weight decay: 0.000125
  - Gradient clipping: 1.0
  - Loss weights - Alpha: 0.8, Beta: 0.2

Curriculum Training: Disabled

Loss Weighting Parameters:
  - Strategy: static
  - Alpha: 0.8
  - Beta: 0.2

Data Configuration:
  - Gloss classes: 105
  - Category classes: 10
  - Data source: Real data files
  - Training folder: data/processed/FSL105_train
  - Validation folder: data/processed/FSL105_val
  - Keypoint key: X

Training Control:
  - Scheduler: warmup_cosine
  - Scheduler patience: 5
  - Early stopping: 70
  - Resume from: None

Performance Settings:
  - AMP (Mixed Precision): True
  - Model compilation: False
  - Gradient accumulation steps: 1
  - DataLoader workers: 0
  - Auto workers: False
  - Pin memory: False
  - Prefetch factor: None

Reproducibility:
  - Random seed: 42
  - Deterministic mode: False

Output Configuration:
  - Checkpoint directory: trained_models/mediapipe_gru/FSL105_ctc_v2
  - CSV log file: trained_models/mediapipe_gru/FSL105_ctc_v2/training_20251101_130017_metrics.csv

Model Information:
  - Model type: MediaPipeGRUCtc
  - Total parameters: 2,700,404
  - Trainable parameters: 2,700,404
  - Model size: 10.3 MB
================================================================================

============================================================
TRAINING START
============================================================
Training mode: CTC (Continuous Sign Language Recognition)

================================================================================
CTC TRAINING CONFIGURATION
================================================================================
Training Mode: Continuous Sign Language Recognition (CTC)
Model: MediaPipeGRUCtc
Blank Token ID: 105
Epochs: 450
Learning Rate: 0.0003
Batch Size: 96
Gradient Accumulation: 1
AMP Enabled: True
================================================================================

✓ Using CTCLoss (blank=105, zero_infinity=True)
✓ Optimizer: Adam (lr=0.0003, weight_decay=0.000125)
✓ AMP enabled: True
✓ Scheduler: WarmupCosineScheduler (warmup=35)
✓ Logging metrics to: trained_models/mediapipe_gru/FSL105_ctc_v2/training_20251101_130017_metrics.csv

================================================================================
STARTING CTC TRAINING - 450 epochs
================================================================================

Epoch   1/450 | Train Loss: 62.6541 | Val Loss: 5.5484 | Val Gloss Acc: 0.000 | Val Cat Acc: 0.132 | Time: 14.4s
  GPU Memory: 0.06GB allocated, 1.00GB reserved
  ✓ New best validation loss: 5.5484
Epoch   2/450 | Train Loss: 4.7511 | Val Loss: 5.1486 | Val Gloss Acc: 0.000 | Val Cat Acc: 0.125 | Time: 11.4s
  GPU Memory: 0.06GB allocated, 1.00GB reserved
  ✓ New best validation loss: 5.1486
Epoch   3/450 | Train Loss: 4.5666 | Val Loss: 5.0128 | Val Gloss Acc: 0.000 | Val Cat Acc: 0.202 | Time: 10.9s
  GPU Memory: 0.06GB allocated, 1.00GB reserved
  ✓ New best validation loss: 5.0128
Epoch   4/450 | Train Loss: 4.4341 | Val Loss: 4.8347 | Val Gloss Acc: 0.000 | Val Cat Acc: 0.218 | Time: 10.4s
  GPU Memory: 0.06GB allocated, 1.01GB reserved
  ✓ New best validation loss: 4.8347
Epoch   5/450 | Train Loss: 4.2543 | Val Loss: 4.5815 | Val Gloss Acc: 0.000 | Val Cat Acc: 0.286 | Time: 11.1s
  GPU Memory: 0.06GB allocated, 1.03GB reserved
  ✓ New best validation loss: 4.5815
Epoch   6/450 | Train Loss: 4.0420 | Val Loss: 4.4942 | Val Gloss Acc: 0.000 | Val Cat Acc: 0.295 | Time: 11.1s
  GPU Memory: 0.06GB allocated, 1.00GB reserved
  ✓ New best validation loss: 4.4942
Epoch   7/450 | Train Loss: 3.8199 | Val Loss: 4.3093 | Val Gloss Acc: 0.000 | Val Cat Acc: 0.295 | Time: 11.0s
  GPU Memory: 0.06GB allocated, 1.00GB reserved
  ✓ New best validation loss: 4.3093
Epoch   8/450 | Train Loss: 3.6445 | Val Loss: 3.9047 | Val Gloss Acc: 0.000 | Val Cat Acc: 0.350 | Time: 11.2s
  GPU Memory: 0.06GB allocated, 1.00GB reserved
  ✓ New best validation loss: 3.9047
Epoch   9/450 | Train Loss: 3.4875 | Val Loss: 3.8811 | Val Gloss Acc: 0.000 | Val Cat Acc: 0.345 | Time: 11.6s
  GPU Memory: 0.06GB allocated, 1.00GB reserved
  ✓ New best validation loss: 3.8811
Epoch  10/450 | Train Loss: 3.3394 | Val Loss: 3.7359 | Val Gloss Acc: 0.000 | Val Cat Acc: 0.386 | Time: 10.6s
  GPU Memory: 0.06GB allocated, 1.00GB reserved
  ✓ New best validation loss: 3.7359
Epoch  11/450 | Train Loss: 3.1958 | Val Loss: 3.4681 | Val Gloss Acc: 0.000 | Val Cat Acc: 0.378 | Time: 11.1s
  GPU Memory: 0.06GB allocated, 1.00GB reserved
  ✓ New best validation loss: 3.4681
Epoch  12/450 | Train Loss: 3.0574 | Val Loss: 3.2331 | Val Gloss Acc: 0.000 | Val Cat Acc: 0.412 | Time: 12.0s
  GPU Memory: 0.06GB allocated, 1.00GB reserved
  ✓ New best validation loss: 3.2331
Epoch  13/450 | Train Loss: 2.9475 | Val Loss: 3.0267 | Val Gloss Acc: 0.001 | Val Cat Acc: 0.423 | Time: 11.2s
  GPU Memory: 0.06GB allocated, 1.01GB reserved
  ✓ New best validation loss: 3.0267
Epoch  14/450 | Train Loss: 2.8116 | Val Loss: 2.8846 | Val Gloss Acc: 0.002 | Val Cat Acc: 0.460 | Time: 10.9s
  GPU Memory: 0.06GB allocated, 1.01GB reserved
  ✓ New best validation loss: 2.8846
Epoch  15/450 | Train Loss: 2.6673 | Val Loss: 2.9068 | Val Gloss Acc: 0.002 | Val Cat Acc: 0.447 | Time: 10.9s
  GPU Memory: 0.06GB allocated, 1.00GB reserved
Epoch  16/450 | Train Loss: 2.5555 | Val Loss: 2.6910 | Val Gloss Acc: 0.002 | Val Cat Acc: 0.478 | Time: 11.4s
  GPU Memory: 0.06GB allocated, 1.01GB reserved
  ✓ New best validation loss: 2.6910
Epoch  17/450 | Train Loss: 2.4502 | Val Loss: 2.5633 | Val Gloss Acc: 0.003 | Val Cat Acc: 0.487 | Time: 10.7s
  GPU Memory: 0.06GB allocated, 1.00GB reserved
  ✓ New best validation loss: 2.5633
Epoch  18/450 | Train Loss: 2.3195 | Val Loss: 2.4773 | Val Gloss Acc: 0.005 | Val Cat Acc: 0.506 | Time: 10.6s
  GPU Memory: 0.06GB allocated, 1.00GB reserved
  ✓ New best validation loss: 2.4773
Epoch  19/450 | Train Loss: 2.2187 | Val Loss: 2.5177 | Val Gloss Acc: 0.002 | Val Cat Acc: 0.515 | Time: 10.7s
  GPU Memory: 0.06GB allocated, 1.00GB reserved
Epoch  20/450 | Train Loss: 2.1449 | Val Loss: 2.1923 | Val Gloss Acc: 0.013 | Val Cat Acc: 0.537 | Time: 10.8s
  GPU Memory: 0.06GB allocated, 1.01GB reserved
  ✓ New best validation loss: 2.1923
Epoch  21/450 | Train Loss: 2.0842 | Val Loss: 2.2238 | Val Gloss Acc: 0.014 | Val Cat Acc: 0.509 | Time: 10.8s
  GPU Memory: 0.06GB allocated, 1.00GB reserved
Epoch  22/450 | Train Loss: 2.0384 | Val Loss: 2.0494 | Val Gloss Acc: 0.021 | Val Cat Acc: 0.557 | Time: 11.2s
  GPU Memory: 0.06GB allocated, 1.00GB reserved
  ✓ New best validation loss: 2.0494
Epoch  23/450 | Train Loss: 1.9582 | Val Loss: 2.0389 | Val Gloss Acc: 0.023 | Val Cat Acc: 0.548 | Time: 11.8s
  GPU Memory: 0.06GB allocated, 1.03GB reserved
  ✓ New best validation loss: 2.0389
Epoch  24/450 | Train Loss: 1.8989 | Val Loss: 2.0945 | Val Gloss Acc: 0.018 | Val Cat Acc: 0.575 | Time: 10.9s
  GPU Memory: 0.06GB allocated, 1.00GB reserved
Epoch  25/450 | Train Loss: 1.8532 | Val Loss: 2.5828 | Val Gloss Acc: 0.026 | Val Cat Acc: 0.538 | Time: 11.2s
  GPU Memory: 0.06GB allocated, 1.00GB reserved
Epoch  26/450 | Train Loss: 1.8397 | Val Loss: 1.7321 | Val Gloss Acc: 0.168 | Val Cat Acc: 0.563 | Time: 10.6s
  GPU Memory: 0.06GB allocated, 1.01GB reserved
  ✓ New best validation loss: 1.7321
Epoch  27/450 | Train Loss: 1.7242 | Val Loss: 1.6031 | Val Gloss Acc: 0.248 | Val Cat Acc: 0.601 | Time: 11.4s
  GPU Memory: 0.06GB allocated, 1.00GB reserved
  ✓ New best validation loss: 1.6031
Epoch  28/450 | Train Loss: 1.6438 | Val Loss: 1.6254 | Val Gloss Acc: 0.317 | Val Cat Acc: 0.570 | Time: 11.5s
  GPU Memory: 0.06GB allocated, 1.00GB reserved
Epoch  29/450 | Train Loss: 1.5572 | Val Loss: 1.7337 | Val Gloss Acc: 0.263 | Val Cat Acc: 0.585 | Time: 11.9s
  GPU Memory: 0.06GB allocated, 1.00GB reserved
Epoch  30/450 | Train Loss: 1.5086 | Val Loss: 1.5814 | Val Gloss Acc: 0.395 | Val Cat Acc: 0.617 | Time: 10.9s
  GPU Memory: 0.06GB allocated, 1.01GB reserved
  ✓ New best validation loss: 1.5814
Epoch  31/450 | Train Loss: 1.4698 | Val Loss: 1.2397 | Val Gloss Acc: 0.593 | Val Cat Acc: 0.589 | Time: 11.7s
  GPU Memory: 0.06GB allocated, 1.00GB reserved
  ✓ New best validation loss: 1.2397
Epoch  32/450 | Train Loss: 1.3877 | Val Loss: 1.6764 | Val Gloss Acc: 0.424 | Val Cat Acc: 0.579 | Time: 9.9s
  GPU Memory: 0.06GB allocated, 1.00GB reserved
Epoch  33/450 | Train Loss: 1.5334 | Val Loss: 1.3988 | Val Gloss Acc: 0.554 | Val Cat Acc: 0.577 | Time: 10.3s
  GPU Memory: 0.06GB allocated, 1.01GB reserved
Epoch  34/450 | Train Loss: 1.3972 | Val Loss: 1.1247 | Val Gloss Acc: 0.684 | Val Cat Acc: 0.646 | Time: 10.8s
  GPU Memory: 0.06GB allocated, 1.00GB reserved
  ✓ New best validation loss: 1.1247
Epoch  35/450 | Train Loss: 1.5145 | Val Loss: 1.4251 | Val Gloss Acc: 0.563 | Val Cat Acc: 0.504 | Time: 12.2s
  GPU Memory: 0.06GB allocated, 1.00GB reserved
Epoch  36/450 | Train Loss: 1.5305 | Val Loss: 1.6525 | Val Gloss Acc: 0.527 | Val Cat Acc: 0.558 | Time: 11.1s
  GPU Memory: 0.06GB allocated, 1.00GB reserved
Epoch  37/450 | Train Loss: 1.7005 | Val Loss: 1.3450 | Val Gloss Acc: 0.619 | Val Cat Acc: 0.567 | Time: 11.4s
  GPU Memory: 0.06GB allocated, 1.00GB reserved
Epoch  38/450 | Train Loss: 1.4696 | Val Loss: 1.8876 | Val Gloss Acc: 0.429 | Val Cat Acc: 0.419 | Time: 11.9s
  GPU Memory: 0.06GB allocated, 1.00GB reserved
Epoch  39/450 | Train Loss: 1.5133 | Val Loss: 1.2500 | Val Gloss Acc: 0.675 | Val Cat Acc: 0.599 | Time: 11.3s
  GPU Memory: 0.06GB allocated, 1.00GB reserved
Epoch  40/450 | Train Loss: 1.7305 | Val Loss: 1.7922 | Val Gloss Acc: 0.456 | Val Cat Acc: 0.496 | Time: 10.8s
  GPU Memory: 0.06GB allocated, 1.00GB reserved
Epoch  41/450 | Train Loss: 1.6976 | Val Loss: 1.2087 | Val Gloss Acc: 0.681 | Val Cat Acc: 0.590 | Time: 11.0s
  GPU Memory: 0.06GB allocated, 1.01GB reserved
Epoch  42/450 | Train Loss: 1.4881 | Val Loss: 1.2381 | Val Gloss Acc: 0.707 | Val Cat Acc: 0.571 | Time: 11.3s
  GPU Memory: 0.06GB allocated, 1.01GB reserved
Epoch  43/450 | Train Loss: 1.3066 | Val Loss: 2.1875 | Val Gloss Acc: 0.436 | Val Cat Acc: 0.458 | Time: 12.5s
  GPU Memory: 0.06GB allocated, 1.03GB reserved
Epoch  44/450 | Train Loss: 1.5307 | Val Loss: 2.0576 | Val Gloss Acc: 0.434 | Val Cat Acc: 0.502 | Time: 10.5s
  GPU Memory: 0.06GB allocated, 1.00GB reserved
Epoch  45/450 | Train Loss: 1.9338 | Val Loss: 1.8589 | Val Gloss Acc: 0.509 | Val Cat Acc: 0.465 | Time: 12.2s
  GPU Memory: 0.06GB allocated, 1.01GB reserved
Epoch  46/450 | Train Loss: 1.7403 | Val Loss: 2.5456 | Val Gloss Acc: 0.302 | Val Cat Acc: 0.442 | Time: 10.2s
  GPU Memory: 0.06GB allocated, 1.01GB reserved
Epoch  47/450 | Train Loss: 2.3602 | Val Loss: 4.7910 | Val Gloss Acc: 0.024 | Val Cat Acc: 0.359 | Time: 10.6s
  GPU Memory: 0.06GB allocated, 1.03GB reserved
Epoch  48/450 | Train Loss: 2.7363 | Val Loss: 1.5777 | Val Gloss Acc: 0.595 | Val Cat Acc: 0.507 | Time: 10.3s
  GPU Memory: 0.06GB allocated, 1.00GB reserved
Epoch  49/450 | Train Loss: 1.6367 | Val Loss: 1.4161 | Val Gloss Acc: 0.612 | Val Cat Acc: 0.563 | Time: 11.0s
  GPU Memory: 0.06GB allocated, 1.01GB reserved
Epoch  50/450 | Train Loss: 1.0636 | Val Loss: 0.9043 | Val Gloss Acc: 0.780 | Val Cat Acc: 0.640 | Time: 10.9s
  GPU Memory: 0.06GB allocated, 1.00GB reserved
  ✓ New best validation loss: 0.9043
Epoch  51/450 | Train Loss: 1.0107 | Val Loss: 0.9565 | Val Gloss Acc: 0.784 | Val Cat Acc: 0.700 | Time: 11.7s
  GPU Memory: 0.06GB allocated, 1.03GB reserved
Epoch  52/450 | Train Loss: 0.8894 | Val Loss: 1.0343 | Val Gloss Acc: 0.724 | Val Cat Acc: 0.666 | Time: 12.4s
  GPU Memory: 0.06GB allocated, 1.00GB reserved
Epoch  53/450 | Train Loss: 0.8450 | Val Loss: 0.8047 | Val Gloss Acc: 0.815 | Val Cat Acc: 0.727 | Time: 11.1s
  GPU Memory: 0.06GB allocated, 1.00GB reserved
  ✓ New best validation loss: 0.8047
Epoch  54/450 | Train Loss: 0.7963 | Val Loss: 0.7794 | Val Gloss Acc: 0.816 | Val Cat Acc: 0.752 | Time: 11.8s
  GPU Memory: 0.06GB allocated, 1.00GB reserved
  ✓ New best validation loss: 0.7794
Epoch  55/450 | Train Loss: 0.7246 | Val Loss: 0.6652 | Val Gloss Acc: 0.847 | Val Cat Acc: 0.792 | Time: 9.5s
  GPU Memory: 0.06GB allocated, 1.00GB reserved
  ✓ New best validation loss: 0.6652
Epoch  56/450 | Train Loss: 0.6439 | Val Loss: 0.6947 | Val Gloss Acc: 0.844 | Val Cat Acc: 0.817 | Time: 10.9s
  GPU Memory: 0.06GB allocated, 1.00GB reserved
Epoch  57/450 | Train Loss: 0.6405 | Val Loss: 0.5885 | Val Gloss Acc: 0.881 | Val Cat Acc: 0.824 | Time: 11.3s
  GPU Memory: 0.06GB allocated, 1.01GB reserved
  ✓ New best validation loss: 0.5885
Epoch  58/450 | Train Loss: 0.6296 | Val Loss: 0.5734 | Val Gloss Acc: 0.881 | Val Cat Acc: 0.862 | Time: 11.1s
  GPU Memory: 0.06GB allocated, 1.00GB reserved
  ✓ New best validation loss: 0.5734
Epoch  59/450 | Train Loss: 0.6257 | Val Loss: 0.6324 | Val Gloss Acc: 0.859 | Val Cat Acc: 0.811 | Time: 11.1s
  GPU Memory: 0.06GB allocated, 1.00GB reserved
Epoch  60/450 | Train Loss: 0.5819 | Val Loss: 0.6611 | Val Gloss Acc: 0.850 | Val Cat Acc: 0.828 | Time: 11.3s
  GPU Memory: 0.06GB allocated, 1.00GB reserved
Epoch  61/450 | Train Loss: 0.5984 | Val Loss: 0.6973 | Val Gloss Acc: 0.830 | Val Cat Acc: 0.815 | Time: 12.5s
  GPU Memory: 0.06GB allocated, 1.00GB reserved
Epoch  62/450 | Train Loss: 0.5967 | Val Loss: 0.6183 | Val Gloss Acc: 0.872 | Val Cat Acc: 0.823 | Time: 11.2s
  GPU Memory: 0.06GB allocated, 1.01GB reserved
Epoch  63/450 | Train Loss: 0.5881 | Val Loss: 0.6280 | Val Gloss Acc: 0.861 | Val Cat Acc: 0.870 | Time: 11.2s
  GPU Memory: 0.06GB allocated, 1.03GB reserved
Epoch  64/450 | Train Loss: 0.6460 | Val Loss: 0.6028 | Val Gloss Acc: 0.865 | Val Cat Acc: 0.848 | Time: 10.6s
  GPU Memory: 0.06GB allocated, 1.01GB reserved
Epoch  65/450 | Train Loss: 0.7500 | Val Loss: 1.0167 | Val Gloss Acc: 0.725 | Val Cat Acc: 0.744 | Time: 10.6s
  GPU Memory: 0.06GB allocated, 1.00GB reserved
Epoch  66/450 | Train Loss: 0.6733 | Val Loss: 0.8454 | Val Gloss Acc: 0.788 | Val Cat Acc: 0.810 | Time: 11.1s
  GPU Memory: 0.06GB allocated, 1.01GB reserved
Epoch  67/450 | Train Loss: 0.5866 | Val Loss: 0.6999 | Val Gloss Acc: 0.818 | Val Cat Acc: 0.800 | Time: 11.8s
  GPU Memory: 0.06GB allocated, 1.00GB reserved
Epoch  68/450 | Train Loss: 0.5404 | Val Loss: 0.5182 | Val Gloss Acc: 0.890 | Val Cat Acc: 0.888 | Time: 10.8s
  GPU Memory: 0.06GB allocated, 1.00GB reserved
  ✓ New best validation loss: 0.5182
Epoch  69/450 | Train Loss: 0.5252 | Val Loss: 0.5370 | Val Gloss Acc: 0.883 | Val Cat Acc: 0.863 | Time: 12.3s
  GPU Memory: 0.06GB allocated, 1.01GB reserved
Epoch  70/450 | Train Loss: 0.5141 | Val Loss: 0.6522 | Val Gloss Acc: 0.845 | Val Cat Acc: 0.838 | Time: 10.6s
  GPU Memory: 0.06GB allocated, 1.01GB reserved
Epoch  71/450 | Train Loss: 0.5250 | Val Loss: 0.6551 | Val Gloss Acc: 0.839 | Val Cat Acc: 0.847 | Time: 10.6s
  GPU Memory: 0.06GB allocated, 1.00GB reserved
Epoch  72/450 | Train Loss: 0.4997 | Val Loss: 0.6204 | Val Gloss Acc: 0.848 | Val Cat Acc: 0.863 | Time: 11.1s
  GPU Memory: 0.06GB allocated, 1.00GB reserved
Epoch  73/450 | Train Loss: 0.5019 | Val Loss: 0.5202 | Val Gloss Acc: 0.883 | Val Cat Acc: 0.884 | Time: 11.4s
  GPU Memory: 0.06GB allocated, 1.00GB reserved
Epoch  74/450 | Train Loss: 0.4882 | Val Loss: 0.5599 | Val Gloss Acc: 0.886 | Val Cat Acc: 0.853 | Time: 10.8s
  GPU Memory: 0.06GB allocated, 1.00GB reserved
Epoch  75/450 | Train Loss: 0.4642 | Val Loss: 0.4474 | Val Gloss Acc: 0.914 | Val Cat Acc: 0.899 | Time: 11.9s
  GPU Memory: 0.06GB allocated, 1.01GB reserved
  ✓ New best validation loss: 0.4474
Epoch  76/450 | Train Loss: 0.4644 | Val Loss: 0.5108 | Val Gloss Acc: 0.891 | Val Cat Acc: 0.896 | Time: 10.6s
  GPU Memory: 0.06GB allocated, 1.03GB reserved
Epoch  77/450 | Train Loss: 0.4664 | Val Loss: 0.5207 | Val Gloss Acc: 0.885 | Val Cat Acc: 0.894 | Time: 10.5s
  GPU Memory: 0.06GB allocated, 1.01GB reserved
Epoch  78/450 | Train Loss: 0.4752 | Val Loss: 0.6226 | Val Gloss Acc: 0.839 | Val Cat Acc: 0.882 | Time: 10.3s
  GPU Memory: 0.06GB allocated, 1.00GB reserved
Epoch  79/450 | Train Loss: 0.4763 | Val Loss: 0.5254 | Val Gloss Acc: 0.877 | Val Cat Acc: 0.837 | Time: 10.8s
  GPU Memory: 0.06GB allocated, 1.00GB reserved
Epoch  80/450 | Train Loss: 0.4666 | Val Loss: 0.6488 | Val Gloss Acc: 0.832 | Val Cat Acc: 0.885 | Time: 11.7s
  GPU Memory: 0.06GB allocated, 1.01GB reserved
Epoch  81/450 | Train Loss: 0.4453 | Val Loss: 0.4399 | Val Gloss Acc: 0.917 | Val Cat Acc: 0.895 | Time: 10.9s
  GPU Memory: 0.06GB allocated, 1.00GB reserved
  ✓ New best validation loss: 0.4399
Epoch  82/450 | Train Loss: 0.4275 | Val Loss: 0.4964 | Val Gloss Acc: 0.885 | Val Cat Acc: 0.895 | Time: 11.1s
  GPU Memory: 0.06GB allocated, 1.00GB reserved
Epoch  83/450 | Train Loss: 0.4212 | Val Loss: 0.5017 | Val Gloss Acc: 0.884 | Val Cat Acc: 0.918 | Time: 11.5s
  GPU Memory: 0.06GB allocated, 1.01GB reserved
Epoch  84/450 | Train Loss: 0.4093 | Val Loss: 0.4677 | Val Gloss Acc: 0.900 | Val Cat Acc: 0.880 | Time: 11.0s
  GPU Memory: 0.06GB allocated, 1.00GB reserved
Epoch  85/450 | Train Loss: 0.4292 | Val Loss: 0.4953 | Val Gloss Acc: 0.898 | Val Cat Acc: 0.874 | Time: 11.1s
  GPU Memory: 0.06GB allocated, 1.00GB reserved
Epoch  86/450 | Train Loss: 0.4335 | Val Loss: 0.5931 | Val Gloss Acc: 0.862 | Val Cat Acc: 0.775 | Time: 11.5s
  GPU Memory: 0.06GB allocated, 1.15GB reserved
Epoch  87/450 | Train Loss: 0.4349 | Val Loss: 0.4761 | Val Gloss Acc: 0.899 | Val Cat Acc: 0.901 | Time: 10.4s
  GPU Memory: 0.06GB allocated, 1.01GB reserved
Epoch  88/450 | Train Loss: 0.4156 | Val Loss: 0.5137 | Val Gloss Acc: 0.899 | Val Cat Acc: 0.879 | Time: 10.7s
  GPU Memory: 0.06GB allocated, 1.01GB reserved
Epoch  89/450 | Train Loss: 0.4192 | Val Loss: 0.5094 | Val Gloss Acc: 0.888 | Val Cat Acc: 0.901 | Time: 11.0s
  GPU Memory: 0.06GB allocated, 1.00GB reserved
Epoch  90/450 | Train Loss: 0.4040 | Val Loss: 0.4876 | Val Gloss Acc: 0.892 | Val Cat Acc: 0.907 | Time: 10.7s
  GPU Memory: 0.06GB allocated, 1.00GB reserved
Epoch  91/450 | Train Loss: 0.4129 | Val Loss: 0.5340 | Val Gloss Acc: 0.867 | Val Cat Acc: 0.894 | Time: 10.8s
  GPU Memory: 0.06GB allocated, 1.01GB reserved
Epoch  92/450 | Train Loss: 0.4086 | Val Loss: 0.5178 | Val Gloss Acc: 0.878 | Val Cat Acc: 0.880 | Time: 10.5s
  GPU Memory: 0.06GB allocated, 1.00GB reserved
Epoch  93/450 | Train Loss: 0.4086 | Val Loss: 0.4471 | Val Gloss Acc: 0.901 | Val Cat Acc: 0.911 | Time: 10.7s
  GPU Memory: 0.06GB allocated, 1.00GB reserved
Epoch  94/450 | Train Loss: 0.3988 | Val Loss: 0.5171 | Val Gloss Acc: 0.895 | Val Cat Acc: 0.861 | Time: 10.6s
  GPU Memory: 0.06GB allocated, 1.00GB reserved
Epoch  95/450 | Train Loss: 0.3818 | Val Loss: 0.4847 | Val Gloss Acc: 0.896 | Val Cat Acc: 0.914 | Time: 11.8s
  GPU Memory: 0.06GB allocated, 1.01GB reserved
Epoch  96/450 | Train Loss: 0.3754 | Val Loss: 0.4577 | Val Gloss Acc: 0.903 | Val Cat Acc: 0.897 | Time: 12.3s
  GPU Memory: 0.06GB allocated, 1.00GB reserved
Epoch  97/450 | Train Loss: 0.3865 | Val Loss: 0.4835 | Val Gloss Acc: 0.895 | Val Cat Acc: 0.889 | Time: 11.0s
  GPU Memory: 0.06GB allocated, 1.01GB reserved
Epoch  98/450 | Train Loss: 0.3858 | Val Loss: 0.4378 | Val Gloss Acc: 0.906 | Val Cat Acc: 0.916 | Time: 10.4s
  GPU Memory: 0.06GB allocated, 1.00GB reserved
  ✓ New best validation loss: 0.4378
Epoch  99/450 | Train Loss: 0.3848 | Val Loss: 0.4079 | Val Gloss Acc: 0.918 | Val Cat Acc: 0.921 | Time: 10.7s
  GPU Memory: 0.06GB allocated, 1.03GB reserved
  ✓ New best validation loss: 0.4079
Epoch 100/450 | Train Loss: 0.3727 | Val Loss: 0.5375 | Val Gloss Acc: 0.878 | Val Cat Acc: 0.908 | Time: 10.6s
  GPU Memory: 0.06GB allocated, 1.01GB reserved
Epoch 101/450 | Train Loss: 0.3859 | Val Loss: 0.4217 | Val Gloss Acc: 0.921 | Val Cat Acc: 0.923 | Time: 9.1s
  GPU Memory: 0.06GB allocated, 1.00GB reserved
Epoch 102/450 | Train Loss: 0.3737 | Val Loss: 0.4664 | Val Gloss Acc: 0.896 | Val Cat Acc: 0.925 | Time: 10.8s
  GPU Memory: 0.06GB allocated, 1.00GB reserved
Epoch 103/450 | Train Loss: 0.3916 | Val Loss: 0.5741 | Val Gloss Acc: 0.862 | Val Cat Acc: 0.886 | Time: 10.7s
  GPU Memory: 0.06GB allocated, 1.01GB reserved
Epoch 104/450 | Train Loss: 0.3776 | Val Loss: 0.4399 | Val Gloss Acc: 0.916 | Val Cat Acc: 0.910 | Time: 12.1s
  GPU Memory: 0.06GB allocated, 1.01GB reserved
Epoch 105/450 | Train Loss: 0.3832 | Val Loss: 0.4883 | Val Gloss Acc: 0.892 | Val Cat Acc: 0.886 | Time: 10.5s
  GPU Memory: 0.06GB allocated, 1.00GB reserved
Epoch 106/450 | Train Loss: 0.3668 | Val Loss: 0.4168 | Val Gloss Acc: 0.920 | Val Cat Acc: 0.906 | Time: 11.5s
  GPU Memory: 0.06GB allocated, 1.00GB reserved
Epoch 107/450 | Train Loss: 0.3851 | Val Loss: 0.4073 | Val Gloss Acc: 0.921 | Val Cat Acc: 0.912 | Time: 10.7s
  GPU Memory: 0.06GB allocated, 1.01GB reserved
  ✓ New best validation loss: 0.4073
Epoch 108/450 | Train Loss: 0.3679 | Val Loss: 0.5153 | Val Gloss Acc: 0.878 | Val Cat Acc: 0.896 | Time: 11.2s
  GPU Memory: 0.06GB allocated, 1.00GB reserved
Epoch 109/450 | Train Loss: 0.3743 | Val Loss: 0.4051 | Val Gloss Acc: 0.921 | Val Cat Acc: 0.929 | Time: 11.3s
  GPU Memory: 0.06GB allocated, 1.01GB reserved
  ✓ New best validation loss: 0.4051
Epoch 110/450 | Train Loss: 0.3643 | Val Loss: 0.5613 | Val Gloss Acc: 0.863 | Val Cat Acc: 0.873 | Time: 11.5s
  GPU Memory: 0.06GB allocated, 1.01GB reserved
Epoch 111/450 | Train Loss: 0.3740 | Val Loss: 0.4061 | Val Gloss Acc: 0.926 | Val Cat Acc: 0.945 | Time: 11.0s
  GPU Memory: 0.06GB allocated, 1.01GB reserved
Epoch 112/450 | Train Loss: 0.3563 | Val Loss: 0.4653 | Val Gloss Acc: 0.902 | Val Cat Acc: 0.887 | Time: 10.6s
  GPU Memory: 0.06GB allocated, 1.00GB reserved
Epoch 113/450 | Train Loss: 0.3510 | Val Loss: 0.4028 | Val Gloss Acc: 0.918 | Val Cat Acc: 0.920 | Time: 10.9s
  GPU Memory: 0.06GB allocated, 1.03GB reserved
  ✓ New best validation loss: 0.4028
Epoch 114/450 | Train Loss: 0.3593 | Val Loss: 0.4053 | Val Gloss Acc: 0.921 | Val Cat Acc: 0.919 | Time: 11.2s
  GPU Memory: 0.06GB allocated, 1.01GB reserved
Epoch 115/450 | Train Loss: 0.3461 | Val Loss: 0.4371 | Val Gloss Acc: 0.897 | Val Cat Acc: 0.886 | Time: 10.8s
  GPU Memory: 0.06GB allocated, 1.01GB reserved
Epoch 116/450 | Train Loss: 0.3534 | Val Loss: 0.5174 | Val Gloss Acc: 0.893 | Val Cat Acc: 0.888 | Time: 10.6s
  GPU Memory: 0.06GB allocated, 1.01GB reserved
Epoch 117/450 | Train Loss: 0.3584 | Val Loss: 0.3949 | Val Gloss Acc: 0.921 | Val Cat Acc: 0.939 | Time: 11.7s
  GPU Memory: 0.06GB allocated, 1.01GB reserved
  ✓ New best validation loss: 0.3949
Epoch 118/450 | Train Loss: 0.3577 | Val Loss: 0.4315 | Val Gloss Acc: 0.913 | Val Cat Acc: 0.887 | Time: 10.8s
  GPU Memory: 0.06GB allocated, 1.00GB reserved
Epoch 119/450 | Train Loss: 0.3504 | Val Loss: 0.4359 | Val Gloss Acc: 0.909 | Val Cat Acc: 0.915 | Time: 11.3s
  GPU Memory: 0.06GB allocated, 1.00GB reserved
Epoch 120/450 | Train Loss: 0.3436 | Val Loss: 0.3814 | Val Gloss Acc: 0.929 | Val Cat Acc: 0.938 | Time: 11.3s
  GPU Memory: 0.06GB allocated, 1.01GB reserved
  ✓ New best validation loss: 0.3814
Epoch 121/450 | Train Loss: 0.3397 | Val Loss: 0.3896 | Val Gloss Acc: 0.924 | Val Cat Acc: 0.937 | Time: 11.5s
  GPU Memory: 0.06GB allocated, 1.00GB reserved
Epoch 122/450 | Train Loss: 0.3439 | Val Loss: 0.5443 | Val Gloss Acc: 0.869 | Val Cat Acc: 0.900 | Time: 11.0s
  GPU Memory: 0.06GB allocated, 1.00GB reserved
Epoch 123/450 | Train Loss: 0.3378 | Val Loss: 0.4619 | Val Gloss Acc: 0.899 | Val Cat Acc: 0.905 | Time: 10.7s
  GPU Memory: 0.06GB allocated, 1.01GB reserved
Epoch 124/450 | Train Loss: 0.3302 | Val Loss: 0.4778 | Val Gloss Acc: 0.902 | Val Cat Acc: 0.899 | Time: 10.3s
  GPU Memory: 0.06GB allocated, 1.00GB reserved
Epoch 125/450 | Train Loss: 0.3411 | Val Loss: 0.4181 | Val Gloss Acc: 0.923 | Val Cat Acc: 0.922 | Time: 10.6s
  GPU Memory: 0.06GB allocated, 1.00GB reserved
Epoch 126/450 | Train Loss: 0.3205 | Val Loss: 0.4225 | Val Gloss Acc: 0.908 | Val Cat Acc: 0.917 | Time: 11.2s
  GPU Memory: 0.06GB allocated, 1.03GB reserved
Epoch 127/450 | Train Loss: 0.3293 | Val Loss: 0.4164 | Val Gloss Acc: 0.925 | Val Cat Acc: 0.910 | Time: 10.7s
  GPU Memory: 0.06GB allocated, 1.03GB reserved
Epoch 128/450 | Train Loss: 0.3380 | Val Loss: 0.4409 | Val Gloss Acc: 0.909 | Val Cat Acc: 0.912 | Time: 10.9s
  GPU Memory: 0.06GB allocated, 1.00GB reserved
Epoch 129/450 | Train Loss: 0.3278 | Val Loss: 0.4284 | Val Gloss Acc: 0.919 | Val Cat Acc: 0.908 | Time: 11.5s
  GPU Memory: 0.06GB allocated, 1.00GB reserved
Epoch 130/450 | Train Loss: 0.3353 | Val Loss: 0.4526 | Val Gloss Acc: 0.907 | Val Cat Acc: 0.939 | Time: 11.4s
  GPU Memory: 0.06GB allocated, 1.00GB reserved
Epoch 131/450 | Train Loss: 0.3130 | Val Loss: 0.4870 | Val Gloss Acc: 0.892 | Val Cat Acc: 0.915 | Time: 11.2s
  GPU Memory: 0.06GB allocated, 1.00GB reserved
Epoch 132/450 | Train Loss: 0.3197 | Val Loss: 0.3851 | Val Gloss Acc: 0.930 | Val Cat Acc: 0.940 | Time: 11.4s
  GPU Memory: 0.06GB allocated, 1.00GB reserved
Epoch 133/450 | Train Loss: 0.3180 | Val Loss: 0.4607 | Val Gloss Acc: 0.902 | Val Cat Acc: 0.910 | Time: 10.7s
  GPU Memory: 0.06GB allocated, 1.01GB reserved
Epoch 134/450 | Train Loss: 0.3264 | Val Loss: 0.4038 | Val Gloss Acc: 0.927 | Val Cat Acc: 0.941 | Time: 11.2s
  GPU Memory: 0.06GB allocated, 1.03GB reserved
Epoch 135/450 | Train Loss: 0.3150 | Val Loss: 0.4244 | Val Gloss Acc: 0.914 | Val Cat Acc: 0.931 | Time: 11.2s
  GPU Memory: 0.06GB allocated, 1.00GB reserved
Epoch 136/450 | Train Loss: 0.3324 | Val Loss: 0.4217 | Val Gloss Acc: 0.923 | Val Cat Acc: 0.921 | Time: 11.2s
  GPU Memory: 0.06GB allocated, 1.00GB reserved
Epoch 137/450 | Train Loss: 0.3072 | Val Loss: 0.5736 | Val Gloss Acc: 0.873 | Val Cat Acc: 0.890 | Time: 10.6s
  GPU Memory: 0.06GB allocated, 1.01GB reserved
Epoch 138/450 | Train Loss: 0.3173 | Val Loss: 0.5125 | Val Gloss Acc: 0.879 | Val Cat Acc: 0.914 | Time: 11.2s
  GPU Memory: 0.06GB allocated, 1.01GB reserved
Epoch 139/450 | Train Loss: 0.3336 | Val Loss: 0.5111 | Val Gloss Acc: 0.885 | Val Cat Acc: 0.853 | Time: 11.0s
  GPU Memory: 0.06GB allocated, 1.00GB reserved
Epoch 140/450 | Train Loss: 0.3184 | Val Loss: 0.4918 | Val Gloss Acc: 0.888 | Val Cat Acc: 0.926 | Time: 11.2s
  GPU Memory: 0.06GB allocated, 1.00GB reserved
Epoch 141/450 | Train Loss: 0.3278 | Val Loss: 0.4492 | Val Gloss Acc: 0.905 | Val Cat Acc: 0.933 | Time: 10.7s
  GPU Memory: 0.06GB allocated, 1.01GB reserved
Epoch 142/450 | Train Loss: 0.3087 | Val Loss: 0.3974 | Val Gloss Acc: 0.925 | Val Cat Acc: 0.935 | Time: 10.2s
  GPU Memory: 0.06GB allocated, 1.00GB reserved
Epoch 143/450 | Train Loss: 0.3167 | Val Loss: 0.5978 | Val Gloss Acc: 0.850 | Val Cat Acc: 0.907 | Time: 10.9s
  GPU Memory: 0.06GB allocated, 1.01GB reserved
Epoch 144/450 | Train Loss: 0.3313 | Val Loss: 0.3893 | Val Gloss Acc: 0.928 | Val Cat Acc: 0.939 | Time: 11.4s
  GPU Memory: 0.06GB allocated, 1.00GB reserved
Epoch 145/450 | Train Loss: 0.2981 | Val Loss: 0.4079 | Val Gloss Acc: 0.921 | Val Cat Acc: 0.922 | Time: 10.6s
  GPU Memory: 0.06GB allocated, 1.01GB reserved
Epoch 146/450 | Train Loss: 0.3069 | Val Loss: 0.4865 | Val Gloss Acc: 0.899 | Val Cat Acc: 0.921 | Time: 10.3s
  GPU Memory: 0.06GB allocated, 1.01GB reserved
Epoch 147/450 | Train Loss: 0.3206 | Val Loss: 0.3997 | Val Gloss Acc: 0.932 | Val Cat Acc: 0.943 | Time: 9.6s
  GPU Memory: 0.06GB allocated, 1.00GB reserved
Epoch 148/450 | Train Loss: 0.2984 | Val Loss: 0.3816 | Val Gloss Acc: 0.931 | Val Cat Acc: 0.936 | Time: 11.3s
  GPU Memory: 0.06GB allocated, 1.03GB reserved
Epoch 149/450 | Train Loss: 0.2929 | Val Loss: 0.4295 | Val Gloss Acc: 0.916 | Val Cat Acc: 0.931 | Time: 11.4s
  GPU Memory: 0.06GB allocated, 1.00GB reserved
Epoch 150/450 | Train Loss: 0.3128 | Val Loss: 0.3642 | Val Gloss Acc: 0.935 | Val Cat Acc: 0.925 | Time: 10.9s
  GPU Memory: 0.06GB allocated, 1.00GB reserved
  ✓ New best validation loss: 0.3642
Epoch 151/450 | Train Loss: 0.2932 | Val Loss: 0.3940 | Val Gloss Acc: 0.919 | Val Cat Acc: 0.931 | Time: 10.9s
  GPU Memory: 0.06GB allocated, 1.03GB reserved
Epoch 152/450 | Train Loss: 0.3005 | Val Loss: 0.4307 | Val Gloss Acc: 0.913 | Val Cat Acc: 0.917 | Time: 10.4s
  GPU Memory: 0.06GB allocated, 1.00GB reserved
Epoch 153/450 | Train Loss: 0.2865 | Val Loss: 0.4309 | Val Gloss Acc: 0.912 | Val Cat Acc: 0.899 | Time: 11.5s
  GPU Memory: 0.06GB allocated, 1.00GB reserved
Epoch 154/450 | Train Loss: 0.2908 | Val Loss: 0.4199 | Val Gloss Acc: 0.916 | Val Cat Acc: 0.924 | Time: 11.0s
  GPU Memory: 0.06GB allocated, 1.00GB reserved
Epoch 155/450 | Train Loss: 0.2884 | Val Loss: 0.6147 | Val Gloss Acc: 0.843 | Val Cat Acc: 0.891 | Time: 10.7s
  GPU Memory: 0.06GB allocated, 1.00GB reserved
Epoch 156/450 | Train Loss: 0.3013 | Val Loss: 0.3935 | Val Gloss Acc: 0.929 | Val Cat Acc: 0.942 | Time: 10.4s
  GPU Memory: 0.06GB allocated, 1.00GB reserved
Epoch 157/450 | Train Loss: 0.2879 | Val Loss: 0.4079 | Val Gloss Acc: 0.921 | Val Cat Acc: 0.901 | Time: 11.7s
  GPU Memory: 0.06GB allocated, 1.00GB reserved
Epoch 158/450 | Train Loss: 0.2918 | Val Loss: 0.3446 | Val Gloss Acc: 0.934 | Val Cat Acc: 0.953 | Time: 10.3s
  GPU Memory: 0.06GB allocated, 1.00GB reserved
  ✓ New best validation loss: 0.3446
Epoch 159/450 | Train Loss: 0.2933 | Val Loss: 0.3986 | Val Gloss Acc: 0.918 | Val Cat Acc: 0.927 | Time: 11.2s
  GPU Memory: 0.06GB allocated, 1.03GB reserved
Epoch 160/450 | Train Loss: 0.2821 | Val Loss: 0.5247 | Val Gloss Acc: 0.896 | Val Cat Acc: 0.909 | Time: 10.8s
  GPU Memory: 0.06GB allocated, 1.00GB reserved
Epoch 161/450 | Train Loss: 0.2904 | Val Loss: 0.4200 | Val Gloss Acc: 0.913 | Val Cat Acc: 0.939 | Time: 10.8s
  GPU Memory: 0.06GB allocated, 1.00GB reserved
Epoch 162/450 | Train Loss: 0.2978 | Val Loss: 0.3891 | Val Gloss Acc: 0.928 | Val Cat Acc: 0.919 | Time: 12.1s
  GPU Memory: 0.06GB allocated, 1.00GB reserved
Epoch 163/450 | Train Loss: 0.2997 | Val Loss: 0.3858 | Val Gloss Acc: 0.923 | Val Cat Acc: 0.934 | Time: 10.7s
  GPU Memory: 0.06GB allocated, 1.01GB reserved
Epoch 164/450 | Train Loss: 0.2843 | Val Loss: 0.4341 | Val Gloss Acc: 0.914 | Val Cat Acc: 0.901 | Time: 10.9s
  GPU Memory: 0.06GB allocated, 1.00GB reserved
Epoch 165/450 | Train Loss: 0.2846 | Val Loss: 0.4448 | Val Gloss Acc: 0.906 | Val Cat Acc: 0.915 | Time: 11.9s
  GPU Memory: 0.06GB allocated, 1.00GB reserved
Epoch 166/450 | Train Loss: 0.2732 | Val Loss: 0.4351 | Val Gloss Acc: 0.915 | Val Cat Acc: 0.949 | Time: 10.5s
  GPU Memory: 0.06GB allocated, 1.00GB reserved
Epoch 167/450 | Train Loss: 0.2831 | Val Loss: 0.4109 | Val Gloss Acc: 0.921 | Val Cat Acc: 0.930 | Time: 11.4s
  GPU Memory: 0.06GB allocated, 1.00GB reserved
Epoch 168/450 | Train Loss: 0.2742 | Val Loss: 0.4242 | Val Gloss Acc: 0.914 | Val Cat Acc: 0.937 | Time: 10.8s
  GPU Memory: 0.06GB allocated, 1.01GB reserved
Epoch 169/450 | Train Loss: 0.2807 | Val Loss: 0.3954 | Val Gloss Acc: 0.924 | Val Cat Acc: 0.920 | Time: 10.3s
  GPU Memory: 0.06GB allocated, 1.00GB reserved
Epoch 170/450 | Train Loss: 0.2707 | Val Loss: 0.3530 | Val Gloss Acc: 0.938 | Val Cat Acc: 0.934 | Time: 10.0s
  GPU Memory: 0.06GB allocated, 1.00GB reserved
Epoch 171/450 | Train Loss: 0.2750 | Val Loss: 0.4163 | Val Gloss Acc: 0.915 | Val Cat Acc: 0.934 | Time: 11.4s
  GPU Memory: 0.06GB allocated, 1.01GB reserved
Epoch 172/450 | Train Loss: 0.2891 | Val Loss: 0.4020 | Val Gloss Acc: 0.909 | Val Cat Acc: 0.939 | Time: 11.3s
  GPU Memory: 0.06GB allocated, 1.01GB reserved
Epoch 173/450 | Train Loss: 0.2701 | Val Loss: 0.3682 | Val Gloss Acc: 0.932 | Val Cat Acc: 0.948 | Time: 12.4s
  GPU Memory: 0.06GB allocated, 1.01GB reserved
Epoch 174/450 | Train Loss: 0.2666 | Val Loss: 0.3904 | Val Gloss Acc: 0.930 | Val Cat Acc: 0.940 | Time: 10.2s
  GPU Memory: 0.06GB allocated, 1.01GB reserved
Epoch 175/450 | Train Loss: 0.2755 | Val Loss: 0.3776 | Val Gloss Acc: 0.927 | Val Cat Acc: 0.946 | Time: 10.7s
  GPU Memory: 0.06GB allocated, 1.00GB reserved
Epoch 176/450 | Train Loss: 0.2683 | Val Loss: 0.3756 | Val Gloss Acc: 0.931 | Val Cat Acc: 0.952 | Time: 10.9s
  GPU Memory: 0.06GB allocated, 1.01GB reserved
Epoch 177/450 | Train Loss: 0.2614 | Val Loss: 0.4317 | Val Gloss Acc: 0.910 | Val Cat Acc: 0.930 | Time: 11.3s
  GPU Memory: 0.06GB allocated, 1.01GB reserved
Epoch 178/450 | Train Loss: 0.2803 | Val Loss: 0.3835 | Val Gloss Acc: 0.921 | Val Cat Acc: 0.935 | Time: 11.0s
  GPU Memory: 0.06GB allocated, 1.00GB reserved
Epoch 179/450 | Train Loss: 0.2658 | Val Loss: 0.4152 | Val Gloss Acc: 0.923 | Val Cat Acc: 0.947 | Time: 10.4s
  GPU Memory: 0.06GB allocated, 1.00GB reserved
Epoch 180/450 | Train Loss: 0.2701 | Val Loss: 0.4392 | Val Gloss Acc: 0.907 | Val Cat Acc: 0.929 | Time: 10.6s
  GPU Memory: 0.06GB allocated, 1.01GB reserved
Epoch 181/450 | Train Loss: 0.2656 | Val Loss: 0.3579 | Val Gloss Acc: 0.940 | Val Cat Acc: 0.936 | Time: 10.7s
  GPU Memory: 0.06GB allocated, 1.03GB reserved
Epoch 182/450 | Train Loss: 0.2593 | Val Loss: 0.3770 | Val Gloss Acc: 0.930 | Val Cat Acc: 0.933 | Time: 12.3s
  GPU Memory: 0.06GB allocated, 1.00GB reserved
Epoch 183/450 | Train Loss: 0.2589 | Val Loss: 0.3372 | Val Gloss Acc: 0.942 | Val Cat Acc: 0.949 | Time: 11.4s
  GPU Memory: 0.06GB allocated, 1.03GB reserved
  ✓ New best validation loss: 0.3372
Epoch 184/450 | Train Loss: 0.2515 | Val Loss: 0.3554 | Val Gloss Acc: 0.935 | Val Cat Acc: 0.956 | Time: 11.7s
  GPU Memory: 0.06GB allocated, 1.01GB reserved
Epoch 185/450 | Train Loss: 0.2661 | Val Loss: 0.3528 | Val Gloss Acc: 0.940 | Val Cat Acc: 0.953 | Time: 10.9s
  GPU Memory: 0.06GB allocated, 1.01GB reserved
Epoch 186/450 | Train Loss: 0.2570 | Val Loss: 0.3721 | Val Gloss Acc: 0.933 | Val Cat Acc: 0.951 | Time: 11.2s
  GPU Memory: 0.06GB allocated, 1.01GB reserved
Epoch 187/450 | Train Loss: 0.2696 | Val Loss: 0.3786 | Val Gloss Acc: 0.931 | Val Cat Acc: 0.946 | Time: 10.8s
  GPU Memory: 0.06GB allocated, 1.01GB reserved
Epoch 188/450 | Train Loss: 0.2645 | Val Loss: 0.4111 | Val Gloss Acc: 0.923 | Val Cat Acc: 0.913 | Time: 10.8s
  GPU Memory: 0.06GB allocated, 1.00GB reserved
Epoch 189/450 | Train Loss: 0.2636 | Val Loss: 0.3641 | Val Gloss Acc: 0.932 | Val Cat Acc: 0.942 | Time: 10.8s
  GPU Memory: 0.06GB allocated, 1.00GB reserved
Epoch 190/450 | Train Loss: 0.2676 | Val Loss: 0.4022 | Val Gloss Acc: 0.921 | Val Cat Acc: 0.943 | Time: 10.7s
  GPU Memory: 0.06GB allocated, 1.00GB reserved
Epoch 191/450 | Train Loss: 0.2597 | Val Loss: 0.3900 | Val Gloss Acc: 0.930 | Val Cat Acc: 0.945 | Time: 11.1s
  GPU Memory: 0.06GB allocated, 1.00GB reserved
Epoch 192/450 | Train Loss: 0.2669 | Val Loss: 0.3841 | Val Gloss Acc: 0.923 | Val Cat Acc: 0.931 | Time: 10.5s
  GPU Memory: 0.06GB allocated, 1.00GB reserved
Epoch 193/450 | Train Loss: 0.2695 | Val Loss: 0.3832 | Val Gloss Acc: 0.927 | Val Cat Acc: 0.940 | Time: 10.4s
  GPU Memory: 0.06GB allocated, 1.00GB reserved
Epoch 194/450 | Train Loss: 0.2509 | Val Loss: 0.4046 | Val Gloss Acc: 0.925 | Val Cat Acc: 0.953 | Time: 11.3s
  GPU Memory: 0.06GB allocated, 1.00GB reserved
Epoch 195/450 | Train Loss: 0.2491 | Val Loss: 0.4448 | Val Gloss Acc: 0.909 | Val Cat Acc: 0.932 | Time: 11.3s
  GPU Memory: 0.06GB allocated, 1.01GB reserved
Epoch 196/450 | Train Loss: 0.2609 | Val Loss: 0.3435 | Val Gloss Acc: 0.936 | Val Cat Acc: 0.946 | Time: 10.8s
  GPU Memory: 0.06GB allocated, 1.01GB reserved
Epoch 197/450 | Train Loss: 0.2559 | Val Loss: 0.4263 | Val Gloss Acc: 0.918 | Val Cat Acc: 0.929 | Time: 11.2s
  GPU Memory: 0.06GB allocated, 1.01GB reserved
Epoch 198/450 | Train Loss: 0.2628 | Val Loss: 0.3545 | Val Gloss Acc: 0.936 | Val Cat Acc: 0.937 | Time: 10.7s
  GPU Memory: 0.06GB allocated, 1.00GB reserved
Epoch 199/450 | Train Loss: 0.2575 | Val Loss: 0.4186 | Val Gloss Acc: 0.918 | Val Cat Acc: 0.932 | Time: 10.8s
  GPU Memory: 0.06GB allocated, 1.00GB reserved
Epoch 200/450 | Train Loss: 0.2527 | Val Loss: 0.3610 | Val Gloss Acc: 0.941 | Val Cat Acc: 0.937 | Time: 11.1s
  GPU Memory: 0.06GB allocated, 1.01GB reserved
Epoch 201/450 | Train Loss: 0.2535 | Val Loss: 0.3677 | Val Gloss Acc: 0.936 | Val Cat Acc: 0.949 | Time: 10.7s
  GPU Memory: 0.06GB allocated, 1.00GB reserved
Epoch 202/450 | Train Loss: 0.2497 | Val Loss: 0.3657 | Val Gloss Acc: 0.939 | Val Cat Acc: 0.949 | Time: 10.4s
  GPU Memory: 0.06GB allocated, 1.00GB reserved
Epoch 203/450 | Train Loss: 0.2464 | Val Loss: 0.3730 | Val Gloss Acc: 0.932 | Val Cat Acc: 0.945 | Time: 11.6s
  GPU Memory: 0.06GB allocated, 1.00GB reserved
Epoch 204/450 | Train Loss: 0.2556 | Val Loss: 0.4949 | Val Gloss Acc: 0.889 | Val Cat Acc: 0.922 | Time: 11.0s
  GPU Memory: 0.06GB allocated, 1.00GB reserved
Epoch 205/450 | Train Loss: 0.2550 | Val Loss: 0.4046 | Val Gloss Acc: 0.929 | Val Cat Acc: 0.951 | Time: 11.1s
  GPU Memory: 0.06GB allocated, 1.00GB reserved
Epoch 206/450 | Train Loss: 0.2506 | Val Loss: 0.3746 | Val Gloss Acc: 0.927 | Val Cat Acc: 0.951 | Time: 10.9s
  GPU Memory: 0.06GB allocated, 1.00GB reserved
Epoch 207/450 | Train Loss: 0.2445 | Val Loss: 0.4056 | Val Gloss Acc: 0.925 | Val Cat Acc: 0.932 | Time: 10.4s
  GPU Memory: 0.06GB allocated, 1.01GB reserved
Epoch 208/450 | Train Loss: 0.2466 | Val Loss: 0.3507 | Val Gloss Acc: 0.934 | Val Cat Acc: 0.943 | Time: 11.8s
  GPU Memory: 0.06GB allocated, 1.01GB reserved
Epoch 209/450 | Train Loss: 0.2369 | Val Loss: 0.4054 | Val Gloss Acc: 0.919 | Val Cat Acc: 0.944 | Time: 11.3s
  GPU Memory: 0.06GB allocated, 1.00GB reserved
Epoch 210/450 | Train Loss: 0.2440 | Val Loss: 0.3514 | Val Gloss Acc: 0.938 | Val Cat Acc: 0.951 | Time: 11.1s
  GPU Memory: 0.06GB allocated, 1.01GB reserved
Epoch 211/450 | Train Loss: 0.2419 | Val Loss: 0.3556 | Val Gloss Acc: 0.934 | Val Cat Acc: 0.953 | Time: 11.3s
  GPU Memory: 0.06GB allocated, 1.00GB reserved
Epoch 212/450 | Train Loss: 0.2333 | Val Loss: 0.3677 | Val Gloss Acc: 0.937 | Val Cat Acc: 0.942 | Time: 10.4s
  GPU Memory: 0.06GB allocated, 1.00GB reserved
Epoch 213/450 | Train Loss: 0.2299 | Val Loss: 0.3781 | Val Gloss Acc: 0.930 | Val Cat Acc: 0.937 | Time: 10.4s
  GPU Memory: 0.06GB allocated, 1.01GB reserved
Epoch 214/450 | Train Loss: 0.2414 | Val Loss: 0.3920 | Val Gloss Acc: 0.932 | Val Cat Acc: 0.943 | Time: 11.2s
  GPU Memory: 0.06GB allocated, 1.00GB reserved
Epoch 215/450 | Train Loss: 0.2408 | Val Loss: 0.3445 | Val Gloss Acc: 0.936 | Val Cat Acc: 0.944 | Time: 9.5s
  GPU Memory: 0.06GB allocated, 1.01GB reserved
Epoch 216/450 | Train Loss: 0.2258 | Val Loss: 0.3713 | Val Gloss Acc: 0.931 | Val Cat Acc: 0.935 | Time: 10.6s
  GPU Memory: 0.06GB allocated, 1.00GB reserved
Epoch 217/450 | Train Loss: 0.2432 | Val Loss: 0.4248 | Val Gloss Acc: 0.914 | Val Cat Acc: 0.934 | Time: 11.0s
  GPU Memory: 0.06GB allocated, 1.00GB reserved
Epoch 218/450 | Train Loss: 0.2414 | Val Loss: 0.4589 | Val Gloss Acc: 0.901 | Val Cat Acc: 0.932 | Time: 10.9s
  GPU Memory: 0.06GB allocated, 1.00GB reserved
Epoch 219/450 | Train Loss: 0.2445 | Val Loss: 0.3709 | Val Gloss Acc: 0.930 | Val Cat Acc: 0.941 | Time: 11.5s
  GPU Memory: 0.06GB allocated, 1.01GB reserved
Epoch 220/450 | Train Loss: 0.2335 | Val Loss: 0.3646 | Val Gloss Acc: 0.932 | Val Cat Acc: 0.952 | Time: 10.5s
  GPU Memory: 0.06GB allocated, 1.03GB reserved
Epoch 221/450 | Train Loss: 0.2352 | Val Loss: 0.3548 | Val Gloss Acc: 0.933 | Val Cat Acc: 0.951 | Time: 10.5s
  GPU Memory: 0.06GB allocated, 1.01GB reserved
Epoch 222/450 | Train Loss: 0.2357 | Val Loss: 0.3312 | Val Gloss Acc: 0.947 | Val Cat Acc: 0.949 | Time: 10.8s
  GPU Memory: 0.06GB allocated, 1.01GB reserved
  ✓ New best validation loss: 0.3312
Epoch 223/450 | Train Loss: 0.2325 | Val Loss: 0.3221 | Val Gloss Acc: 0.948 | Val Cat Acc: 0.948 | Time: 10.7s
  GPU Memory: 0.06GB allocated, 1.03GB reserved
  ✓ New best validation loss: 0.3221
Epoch 224/450 | Train Loss: 0.2298 | Val Loss: 0.3313 | Val Gloss Acc: 0.941 | Val Cat Acc: 0.952 | Time: 11.7s
  GPU Memory: 0.06GB allocated, 1.00GB reserved
Epoch 225/450 | Train Loss: 0.2351 | Val Loss: 0.3585 | Val Gloss Acc: 0.932 | Val Cat Acc: 0.950 | Time: 11.4s
  GPU Memory: 0.06GB allocated, 1.01GB reserved
Epoch 226/450 | Train Loss: 0.2320 | Val Loss: 0.3926 | Val Gloss Acc: 0.930 | Val Cat Acc: 0.947 | Time: 10.7s
  GPU Memory: 0.06GB allocated, 1.00GB reserved
Epoch 227/450 | Train Loss: 0.2287 | Val Loss: 0.3809 | Val Gloss Acc: 0.930 | Val Cat Acc: 0.935 | Time: 11.6s
  GPU Memory: 0.06GB allocated, 1.01GB reserved
Epoch 228/450 | Train Loss: 0.2321 | Val Loss: 0.3044 | Val Gloss Acc: 0.946 | Val Cat Acc: 0.944 | Time: 10.7s
  GPU Memory: 0.06GB allocated, 1.01GB reserved
  ✓ New best validation loss: 0.3044
Epoch 229/450 | Train Loss: 0.2229 | Val Loss: 0.3623 | Val Gloss Acc: 0.935 | Val Cat Acc: 0.947 | Time: 11.6s
  GPU Memory: 0.06GB allocated, 1.01GB reserved
Epoch 230/450 | Train Loss: 0.2234 | Val Loss: 0.3263 | Val Gloss Acc: 0.947 | Val Cat Acc: 0.943 | Time: 10.7s
  GPU Memory: 0.06GB allocated, 1.01GB reserved
Epoch 231/450 | Train Loss: 0.2224 | Val Loss: 0.3346 | Val Gloss Acc: 0.943 | Val Cat Acc: 0.950 | Time: 10.6s
  GPU Memory: 0.06GB allocated, 1.01GB reserved
Epoch 232/450 | Train Loss: 0.2274 | Val Loss: 0.3791 | Val Gloss Acc: 0.930 | Val Cat Acc: 0.932 | Time: 10.2s
  GPU Memory: 0.06GB allocated, 1.01GB reserved
Epoch 233/450 | Train Loss: 0.2263 | Val Loss: 0.3777 | Val Gloss Acc: 0.939 | Val Cat Acc: 0.958 | Time: 10.5s
  GPU Memory: 0.06GB allocated, 1.00GB reserved
Epoch 234/450 | Train Loss: 0.2284 | Val Loss: 0.3399 | Val Gloss Acc: 0.935 | Val Cat Acc: 0.954 | Time: 10.4s
  GPU Memory: 0.06GB allocated, 1.01GB reserved
Epoch 235/450 | Train Loss: 0.2285 | Val Loss: 0.3735 | Val Gloss Acc: 0.932 | Val Cat Acc: 0.946 | Time: 11.6s
  GPU Memory: 0.06GB allocated, 1.01GB reserved
Epoch 236/450 | Train Loss: 0.2174 | Val Loss: 0.3396 | Val Gloss Acc: 0.942 | Val Cat Acc: 0.943 | Time: 10.5s
  GPU Memory: 0.06GB allocated, 1.00GB reserved
Epoch 237/450 | Train Loss: 0.2244 | Val Loss: 0.3340 | Val Gloss Acc: 0.948 | Val Cat Acc: 0.957 | Time: 11.5s
  GPU Memory: 0.06GB allocated, 1.00GB reserved
Epoch 238/450 | Train Loss: 0.2265 | Val Loss: 0.3722 | Val Gloss Acc: 0.936 | Val Cat Acc: 0.956 | Time: 10.0s
  GPU Memory: 0.06GB allocated, 1.01GB reserved
Epoch 239/450 | Train Loss: 0.2181 | Val Loss: 0.3587 | Val Gloss Acc: 0.935 | Val Cat Acc: 0.942 | Time: 10.8s
  GPU Memory: 0.06GB allocated, 1.03GB reserved
Epoch 240/450 | Train Loss: 0.2169 | Val Loss: 0.3402 | Val Gloss Acc: 0.944 | Val Cat Acc: 0.938 | Time: 12.1s
  GPU Memory: 0.06GB allocated, 1.01GB reserved
Epoch 241/450 | Train Loss: 0.2180 | Val Loss: 0.3520 | Val Gloss Acc: 0.937 | Val Cat Acc: 0.955 | Time: 11.1s
  GPU Memory: 0.06GB allocated, 1.00GB reserved
Epoch 242/450 | Train Loss: 0.2168 | Val Loss: 0.3527 | Val Gloss Acc: 0.940 | Val Cat Acc: 0.953 | Time: 11.2s
  GPU Memory: 0.06GB allocated, 1.00GB reserved
Epoch 243/450 | Train Loss: 0.2202 | Val Loss: 0.3486 | Val Gloss Acc: 0.936 | Val Cat Acc: 0.948 | Time: 11.2s
  GPU Memory: 0.06GB allocated, 1.01GB reserved
Epoch 244/450 | Train Loss: 0.2180 | Val Loss: 0.3311 | Val Gloss Acc: 0.945 | Val Cat Acc: 0.956 | Time: 11.2s
  GPU Memory: 0.06GB allocated, 1.00GB reserved
Epoch 245/450 | Train Loss: 0.2180 | Val Loss: 0.3352 | Val Gloss Acc: 0.941 | Val Cat Acc: 0.947 | Time: 11.1s
  GPU Memory: 0.06GB allocated, 1.01GB reserved
Epoch 246/450 | Train Loss: 0.2076 | Val Loss: 0.3062 | Val Gloss Acc: 0.956 | Val Cat Acc: 0.963 | Time: 10.5s
  GPU Memory: 0.06GB allocated, 1.00GB reserved
Epoch 247/450 | Train Loss: 0.2154 | Val Loss: 0.3914 | Val Gloss Acc: 0.930 | Val Cat Acc: 0.935 | Time: 11.2s
  GPU Memory: 0.06GB allocated, 1.00GB reserved
Epoch 248/450 | Train Loss: 0.2082 | Val Loss: 0.3585 | Val Gloss Acc: 0.943 | Val Cat Acc: 0.937 | Time: 11.1s
  GPU Memory: 0.06GB allocated, 1.00GB reserved
Epoch 249/450 | Train Loss: 0.2064 | Val Loss: 0.3606 | Val Gloss Acc: 0.933 | Val Cat Acc: 0.945 | Time: 11.0s
  GPU Memory: 0.06GB allocated, 1.00GB reserved
Epoch 250/450 | Train Loss: 0.2067 | Val Loss: 0.3572 | Val Gloss Acc: 0.946 | Val Cat Acc: 0.945 | Time: 11.2s
  GPU Memory: 0.06GB allocated, 1.00GB reserved
Epoch 251/450 | Train Loss: 0.2080 | Val Loss: 0.3678 | Val Gloss Acc: 0.937 | Val Cat Acc: 0.946 | Time: 10.8s
  GPU Memory: 0.06GB allocated, 1.01GB reserved
Epoch 252/450 | Train Loss: 0.2107 | Val Loss: 0.3268 | Val Gloss Acc: 0.951 | Val Cat Acc: 0.947 | Time: 11.6s
  GPU Memory: 0.06GB allocated, 1.00GB reserved
Epoch 253/450 | Train Loss: 0.2024 | Val Loss: 0.3341 | Val Gloss Acc: 0.948 | Val Cat Acc: 0.951 | Time: 11.0s
  GPU Memory: 0.06GB allocated, 1.01GB reserved
Epoch 254/450 | Train Loss: 0.2045 | Val Loss: 0.3171 | Val Gloss Acc: 0.952 | Val Cat Acc: 0.950 | Time: 10.5s
  GPU Memory: 0.06GB allocated, 1.01GB reserved
Epoch 255/450 | Train Loss: 0.1993 | Val Loss: 0.3219 | Val Gloss Acc: 0.952 | Val Cat Acc: 0.957 | Time: 10.8s
  GPU Memory: 0.06GB allocated, 1.01GB reserved
Epoch 256/450 | Train Loss: 0.1984 | Val Loss: 0.3350 | Val Gloss Acc: 0.951 | Val Cat Acc: 0.950 | Time: 10.9s
  GPU Memory: 0.06GB allocated, 1.00GB reserved
Epoch 257/450 | Train Loss: 0.2040 | Val Loss: 0.3167 | Val Gloss Acc: 0.957 | Val Cat Acc: 0.956 | Time: 11.2s
  GPU Memory: 0.06GB allocated, 1.01GB reserved
Epoch 258/450 | Train Loss: 0.2005 | Val Loss: 0.3339 | Val Gloss Acc: 0.951 | Val Cat Acc: 0.954 | Time: 10.1s
  GPU Memory: 0.06GB allocated, 1.01GB reserved
Epoch 259/450 | Train Loss: 0.1944 | Val Loss: 0.3162 | Val Gloss Acc: 0.954 | Val Cat Acc: 0.953 | Time: 10.9s
  GPU Memory: 0.06GB allocated, 1.01GB reserved
Epoch 260/450 | Train Loss: 0.1958 | Val Loss: 0.3625 | Val Gloss Acc: 0.940 | Val Cat Acc: 0.956 | Time: 12.0s
  GPU Memory: 0.06GB allocated, 1.00GB reserved
Epoch 261/450 | Train Loss: 0.2056 | Val Loss: 0.3547 | Val Gloss Acc: 0.940 | Val Cat Acc: 0.940 | Time: 10.0s
  GPU Memory: 0.06GB allocated, 1.01GB reserved
Epoch 262/450 | Train Loss: 0.1961 | Val Loss: 0.3392 | Val Gloss Acc: 0.945 | Val Cat Acc: 0.948 | Time: 11.3s
  GPU Memory: 0.06GB allocated, 1.00GB reserved
Epoch 263/450 | Train Loss: 0.1921 | Val Loss: 0.3510 | Val Gloss Acc: 0.941 | Val Cat Acc: 0.962 | Time: 10.2s
  GPU Memory: 0.06GB allocated, 1.01GB reserved
Epoch 264/450 | Train Loss: 0.1972 | Val Loss: 0.3294 | Val Gloss Acc: 0.945 | Val Cat Acc: 0.958 | Time: 10.6s
  GPU Memory: 0.06GB allocated, 1.01GB reserved
Epoch 265/450 | Train Loss: 0.1945 | Val Loss: 0.3651 | Val Gloss Acc: 0.937 | Val Cat Acc: 0.946 | Time: 11.0s
  GPU Memory: 0.06GB allocated, 1.01GB reserved
Epoch 266/450 | Train Loss: 0.1913 | Val Loss: 0.3421 | Val Gloss Acc: 0.943 | Val Cat Acc: 0.946 | Time: 11.2s
  GPU Memory: 0.06GB allocated, 1.00GB reserved
Epoch 267/450 | Train Loss: 0.2038 | Val Loss: 0.3132 | Val Gloss Acc: 0.952 | Val Cat Acc: 0.953 | Time: 11.8s
  GPU Memory: 0.06GB allocated, 1.01GB reserved
Epoch 268/450 | Train Loss: 0.1892 | Val Loss: 0.3684 | Val Gloss Acc: 0.940 | Val Cat Acc: 0.940 | Time: 11.1s
  GPU Memory: 0.06GB allocated, 1.01GB reserved
Epoch 269/450 | Train Loss: 0.1915 | Val Loss: 0.3356 | Val Gloss Acc: 0.945 | Val Cat Acc: 0.950 | Time: 11.2s
  GPU Memory: 0.06GB allocated, 1.03GB reserved
Epoch 270/450 | Train Loss: 0.1952 | Val Loss: 0.3284 | Val Gloss Acc: 0.943 | Val Cat Acc: 0.956 | Time: 10.9s
  GPU Memory: 0.06GB allocated, 1.00GB reserved
Epoch 271/450 | Train Loss: 0.1894 | Val Loss: 0.3298 | Val Gloss Acc: 0.953 | Val Cat Acc: 0.949 | Time: 10.4s
  GPU Memory: 0.06GB allocated, 1.01GB reserved
Epoch 272/450 | Train Loss: 0.1894 | Val Loss: 0.3139 | Val Gloss Acc: 0.948 | Val Cat Acc: 0.963 | Time: 11.6s
  GPU Memory: 0.06GB allocated, 1.01GB reserved
Epoch 273/450 | Train Loss: 0.1826 | Val Loss: 0.3371 | Val Gloss Acc: 0.950 | Val Cat Acc: 0.940 | Time: 11.9s
  GPU Memory: 0.06GB allocated, 1.00GB reserved
Epoch 274/450 | Train Loss: 0.1876 | Val Loss: 0.3576 | Val Gloss Acc: 0.940 | Val Cat Acc: 0.949 | Time: 10.5s
  GPU Memory: 0.06GB allocated, 1.03GB reserved
Epoch 275/450 | Train Loss: 0.1900 | Val Loss: 0.3981 | Val Gloss Acc: 0.935 | Val Cat Acc: 0.919 | Time: 11.1s
  GPU Memory: 0.06GB allocated, 1.01GB reserved
Epoch 276/450 | Train Loss: 0.1869 | Val Loss: 0.3426 | Val Gloss Acc: 0.947 | Val Cat Acc: 0.951 | Time: 11.0s
  GPU Memory: 0.06GB allocated, 1.00GB reserved
Epoch 277/450 | Train Loss: 0.1838 | Val Loss: 0.3414 | Val Gloss Acc: 0.947 | Val Cat Acc: 0.946 | Time: 11.7s
  GPU Memory: 0.06GB allocated, 1.00GB reserved
Epoch 278/450 | Train Loss: 0.1874 | Val Loss: 0.3399 | Val Gloss Acc: 0.946 | Val Cat Acc: 0.966 | Time: 11.2s
  GPU Memory: 0.06GB allocated, 1.00GB reserved
Epoch 279/450 | Train Loss: 0.1839 | Val Loss: 0.3395 | Val Gloss Acc: 0.953 | Val Cat Acc: 0.952 | Time: 10.9s
  GPU Memory: 0.06GB allocated, 1.00GB reserved
Epoch 280/450 | Train Loss: 0.1850 | Val Loss: 0.3154 | Val Gloss Acc: 0.950 | Val Cat Acc: 0.956 | Time: 10.6s
  GPU Memory: 0.06GB allocated, 1.01GB reserved
Epoch 281/450 | Train Loss: 0.1829 | Val Loss: 0.3287 | Val Gloss Acc: 0.950 | Val Cat Acc: 0.957 | Time: 11.1s
  GPU Memory: 0.06GB allocated, 1.01GB reserved
Epoch 282/450 | Train Loss: 0.1828 | Val Loss: 0.3097 | Val Gloss Acc: 0.952 | Val Cat Acc: 0.951 | Time: 10.5s
  GPU Memory: 0.06GB allocated, 1.01GB reserved
Epoch 283/450 | Train Loss: 0.1805 | Val Loss: 0.3482 | Val Gloss Acc: 0.947 | Val Cat Acc: 0.943 | Time: 10.3s
  GPU Memory: 0.06GB allocated, 1.01GB reserved
Epoch 284/450 | Train Loss: 0.1830 | Val Loss: 0.3203 | Val Gloss Acc: 0.951 | Val Cat Acc: 0.944 | Time: 9.6s
  GPU Memory: 0.06GB allocated, 1.00GB reserved
Epoch 285/450 | Train Loss: 0.1783 | Val Loss: 0.3601 | Val Gloss Acc: 0.940 | Val Cat Acc: 0.949 | Time: 11.0s
  GPU Memory: 0.06GB allocated, 1.00GB reserved
Epoch 286/450 | Train Loss: 0.1843 | Val Loss: 0.3090 | Val Gloss Acc: 0.956 | Val Cat Acc: 0.954 | Time: 11.5s
  GPU Memory: 0.06GB allocated, 1.00GB reserved
Epoch 287/450 | Train Loss: 0.1834 | Val Loss: 0.3109 | Val Gloss Acc: 0.956 | Val Cat Acc: 0.954 | Time: 10.4s
  GPU Memory: 0.06GB allocated, 1.00GB reserved
Epoch 288/450 | Train Loss: 0.1811 | Val Loss: 0.2941 | Val Gloss Acc: 0.960 | Val Cat Acc: 0.962 | Time: 10.7s
  GPU Memory: 0.06GB allocated, 1.00GB reserved
  ✓ New best validation loss: 0.2941
Epoch 289/450 | Train Loss: 0.1758 | Val Loss: 0.3299 | Val Gloss Acc: 0.948 | Val Cat Acc: 0.962 | Time: 10.6s
  GPU Memory: 0.06GB allocated, 1.00GB reserved
Epoch 290/450 | Train Loss: 0.1783 | Val Loss: 0.3212 | Val Gloss Acc: 0.954 | Val Cat Acc: 0.953 | Time: 10.4s
  GPU Memory: 0.06GB allocated, 1.01GB reserved
Epoch 291/450 | Train Loss: 0.1742 | Val Loss: 0.3745 | Val Gloss Acc: 0.938 | Val Cat Acc: 0.944 | Time: 10.8s
  GPU Memory: 0.06GB allocated, 1.01GB reserved
Epoch 292/450 | Train Loss: 0.1735 | Val Loss: 0.3195 | Val Gloss Acc: 0.951 | Val Cat Acc: 0.962 | Time: 11.4s
  GPU Memory: 0.06GB allocated, 1.01GB reserved
Epoch 293/450 | Train Loss: 0.1745 | Val Loss: 0.3326 | Val Gloss Acc: 0.950 | Val Cat Acc: 0.960 | Time: 11.5s
  GPU Memory: 0.06GB allocated, 1.00GB reserved
Epoch 294/450 | Train Loss: 0.1736 | Val Loss: 0.3057 | Val Gloss Acc: 0.958 | Val Cat Acc: 0.955 | Time: 11.4s
  GPU Memory: 0.06GB allocated, 1.00GB reserved
Epoch 295/450 | Train Loss: 0.1681 | Val Loss: 0.3533 | Val Gloss Acc: 0.950 | Val Cat Acc: 0.947 | Time: 12.0s
  GPU Memory: 0.06GB allocated, 1.03GB reserved
Epoch 296/450 | Train Loss: 0.1717 | Val Loss: 0.3148 | Val Gloss Acc: 0.953 | Val Cat Acc: 0.958 | Time: 10.4s
  GPU Memory: 0.06GB allocated, 1.00GB reserved
Epoch 297/450 | Train Loss: 0.1666 | Val Loss: 0.3214 | Val Gloss Acc: 0.953 | Val Cat Acc: 0.955 | Time: 11.2s
  GPU Memory: 0.06GB allocated, 1.01GB reserved
Epoch 298/450 | Train Loss: 0.1671 | Val Loss: 0.3199 | Val Gloss Acc: 0.952 | Val Cat Acc: 0.960 | Time: 10.9s
  GPU Memory: 0.06GB allocated, 1.00GB reserved
Epoch 299/450 | Train Loss: 0.1765 | Val Loss: 0.2942 | Val Gloss Acc: 0.956 | Val Cat Acc: 0.966 | Time: 10.9s
  GPU Memory: 0.06GB allocated, 1.01GB reserved
Epoch 300/450 | Train Loss: 0.1752 | Val Loss: 0.3206 | Val Gloss Acc: 0.954 | Val Cat Acc: 0.953 | Time: 10.7s
  GPU Memory: 0.06GB allocated, 1.03GB reserved
Epoch 301/450 | Train Loss: 0.1712 | Val Loss: 0.3172 | Val Gloss Acc: 0.957 | Val Cat Acc: 0.954 | Time: 10.9s
  GPU Memory: 0.06GB allocated, 1.03GB reserved
Epoch 302/450 | Train Loss: 0.1641 | Val Loss: 0.3051 | Val Gloss Acc: 0.957 | Val Cat Acc: 0.965 | Time: 10.6s
  GPU Memory: 0.06GB allocated, 1.00GB reserved
Epoch 303/450 | Train Loss: 0.1678 | Val Loss: 0.3130 | Val Gloss Acc: 0.954 | Val Cat Acc: 0.955 | Time: 10.7s
  GPU Memory: 0.06GB allocated, 1.00GB reserved
Epoch 304/450 | Train Loss: 0.1669 | Val Loss: 0.3154 | Val Gloss Acc: 0.953 | Val Cat Acc: 0.961 | Time: 10.5s
  GPU Memory: 0.06GB allocated, 1.00GB reserved
Epoch 305/450 | Train Loss: 0.1684 | Val Loss: 0.2917 | Val Gloss Acc: 0.961 | Val Cat Acc: 0.963 | Time: 10.9s
  GPU Memory: 0.06GB allocated, 1.00GB reserved
  ✓ New best validation loss: 0.2917
Epoch 306/450 | Train Loss: 0.1665 | Val Loss: 0.3288 | Val Gloss Acc: 0.954 | Val Cat Acc: 0.955 | Time: 10.8s
  GPU Memory: 0.06GB allocated, 1.00GB reserved
Epoch 307/450 | Train Loss: 0.1651 | Val Loss: 0.3148 | Val Gloss Acc: 0.954 | Val Cat Acc: 0.952 | Time: 9.4s
  GPU Memory: 0.06GB allocated, 1.00GB reserved
Epoch 308/450 | Train Loss: 0.1631 | Val Loss: 0.3206 | Val Gloss Acc: 0.954 | Val Cat Acc: 0.949 | Time: 10.6s
  GPU Memory: 0.06GB allocated, 1.01GB reserved
Epoch 309/450 | Train Loss: 0.1678 | Val Loss: 0.3013 | Val Gloss Acc: 0.960 | Val Cat Acc: 0.960 | Time: 10.6s
  GPU Memory: 0.06GB allocated, 1.00GB reserved
Epoch 310/450 | Train Loss: 0.1643 | Val Loss: 0.3038 | Val Gloss Acc: 0.958 | Val Cat Acc: 0.959 | Time: 10.7s
  GPU Memory: 0.06GB allocated, 1.00GB reserved
Epoch 311/450 | Train Loss: 0.1646 | Val Loss: 0.3136 | Val Gloss Acc: 0.960 | Val Cat Acc: 0.964 | Time: 10.9s
  GPU Memory: 0.06GB allocated, 1.00GB reserved
Epoch 312/450 | Train Loss: 0.1626 | Val Loss: 0.2919 | Val Gloss Acc: 0.959 | Val Cat Acc: 0.967 | Time: 10.7s
  GPU Memory: 0.06GB allocated, 1.00GB reserved
Epoch 313/450 | Train Loss: 0.1614 | Val Loss: 0.3171 | Val Gloss Acc: 0.954 | Val Cat Acc: 0.961 | Time: 11.6s
  GPU Memory: 0.06GB allocated, 1.00GB reserved
Epoch 314/450 | Train Loss: 0.1579 | Val Loss: 0.3070 | Val Gloss Acc: 0.956 | Val Cat Acc: 0.967 | Time: 11.1s
  GPU Memory: 0.06GB allocated, 1.00GB reserved
Epoch 315/450 | Train Loss: 0.1595 | Val Loss: 0.2962 | Val Gloss Acc: 0.959 | Val Cat Acc: 0.962 | Time: 11.9s
  GPU Memory: 0.06GB allocated, 1.03GB reserved
Epoch 316/450 | Train Loss: 0.1573 | Val Loss: 0.3196 | Val Gloss Acc: 0.956 | Val Cat Acc: 0.958 | Time: 10.6s
  GPU Memory: 0.06GB allocated, 1.00GB reserved
Epoch 317/450 | Train Loss: 0.1596 | Val Loss: 0.3082 | Val Gloss Acc: 0.961 | Val Cat Acc: 0.962 | Time: 11.0s
  GPU Memory: 0.06GB allocated, 1.03GB reserved
Epoch 318/450 | Train Loss: 0.1587 | Val Loss: 0.3214 | Val Gloss Acc: 0.957 | Val Cat Acc: 0.962 | Time: 11.5s
  GPU Memory: 0.06GB allocated, 1.00GB reserved
Epoch 319/450 | Train Loss: 0.1593 | Val Loss: 0.3099 | Val Gloss Acc: 0.962 | Val Cat Acc: 0.960 | Time: 10.8s
  GPU Memory: 0.06GB allocated, 1.00GB reserved
Epoch 320/450 | Train Loss: 0.1549 | Val Loss: 0.3180 | Val Gloss Acc: 0.957 | Val Cat Acc: 0.954 | Time: 10.8s
  GPU Memory: 0.06GB allocated, 1.01GB reserved
Epoch 321/450 | Train Loss: 0.1573 | Val Loss: 0.3009 | Val Gloss Acc: 0.958 | Val Cat Acc: 0.960 | Time: 11.6s
  GPU Memory: 0.06GB allocated, 1.00GB reserved
Epoch 322/450 | Train Loss: 0.1549 | Val Loss: 0.3035 | Val Gloss Acc: 0.957 | Val Cat Acc: 0.968 | Time: 10.7s
  GPU Memory: 0.06GB allocated, 1.01GB reserved
Epoch 323/450 | Train Loss: 0.1587 | Val Loss: 0.3044 | Val Gloss Acc: 0.959 | Val Cat Acc: 0.964 | Time: 11.1s
  GPU Memory: 0.06GB allocated, 1.00GB reserved
Epoch 324/450 | Train Loss: 0.1524 | Val Loss: 0.3456 | Val Gloss Acc: 0.949 | Val Cat Acc: 0.961 | Time: 11.0s
  GPU Memory: 0.06GB allocated, 1.01GB reserved
Epoch 325/450 | Train Loss: 0.1576 | Val Loss: 0.3289 | Val Gloss Acc: 0.956 | Val Cat Acc: 0.961 | Time: 10.5s
  GPU Memory: 0.06GB allocated, 0.87GB reserved
Epoch 326/450 | Train Loss: 0.1519 | Val Loss: 0.2881 | Val Gloss Acc: 0.958 | Val Cat Acc: 0.968 | Time: 11.5s
  GPU Memory: 0.06GB allocated, 1.01GB reserved
  ✓ New best validation loss: 0.2881
Epoch 327/450 | Train Loss: 0.1511 | Val Loss: 0.2910 | Val Gloss Acc: 0.955 | Val Cat Acc: 0.969 | Time: 10.7s
  GPU Memory: 0.06GB allocated, 1.01GB reserved
Epoch 328/450 | Train Loss: 0.1533 | Val Loss: 0.3021 | Val Gloss Acc: 0.958 | Val Cat Acc: 0.968 | Time: 11.6s
  GPU Memory: 0.06GB allocated, 1.00GB reserved
Epoch 329/450 | Train Loss: 0.1518 | Val Loss: 0.3033 | Val Gloss Acc: 0.957 | Val Cat Acc: 0.963 | Time: 10.5s
  GPU Memory: 0.06GB allocated, 1.01GB reserved
Epoch 330/450 | Train Loss: 0.1507 | Val Loss: 0.3018 | Val Gloss Acc: 0.956 | Val Cat Acc: 0.956 | Time: 9.0s
  GPU Memory: 0.06GB allocated, 1.01GB reserved
Epoch 331/450 | Train Loss: 0.1502 | Val Loss: 0.2821 | Val Gloss Acc: 0.959 | Val Cat Acc: 0.972 | Time: 10.8s
  GPU Memory: 0.06GB allocated, 1.01GB reserved
  ✓ New best validation loss: 0.2821
Epoch 332/450 | Train Loss: 0.1506 | Val Loss: 0.2978 | Val Gloss Acc: 0.962 | Val Cat Acc: 0.967 | Time: 10.7s
  GPU Memory: 0.06GB allocated, 1.00GB reserved
Epoch 333/450 | Train Loss: 0.1483 | Val Loss: 0.3181 | Val Gloss Acc: 0.957 | Val Cat Acc: 0.963 | Time: 10.9s
  GPU Memory: 0.06GB allocated, 1.01GB reserved
Epoch 334/450 | Train Loss: 0.1514 | Val Loss: 0.2991 | Val Gloss Acc: 0.959 | Val Cat Acc: 0.963 | Time: 10.7s
  GPU Memory: 0.06GB allocated, 1.01GB reserved
Epoch 335/450 | Train Loss: 0.1502 | Val Loss: 0.2975 | Val Gloss Acc: 0.959 | Val Cat Acc: 0.965 | Time: 10.7s
  GPU Memory: 0.06GB allocated, 1.00GB reserved
Epoch 336/450 | Train Loss: 0.1508 | Val Loss: 0.3126 | Val Gloss Acc: 0.954 | Val Cat Acc: 0.963 | Time: 11.2s
  GPU Memory: 0.06GB allocated, 1.01GB reserved
Epoch 337/450 | Train Loss: 0.1480 | Val Loss: 0.2784 | Val Gloss Acc: 0.962 | Val Cat Acc: 0.968 | Time: 11.6s
  GPU Memory: 0.06GB allocated, 1.00GB reserved
  ✓ New best validation loss: 0.2784
Epoch 338/450 | Train Loss: 0.1475 | Val Loss: 0.2894 | Val Gloss Acc: 0.961 | Val Cat Acc: 0.964 | Time: 11.3s
  GPU Memory: 0.06GB allocated, 1.00GB reserved
Epoch 339/450 | Train Loss: 0.1467 | Val Loss: 0.3119 | Val Gloss Acc: 0.957 | Val Cat Acc: 0.962 | Time: 12.2s
  GPU Memory: 0.06GB allocated, 1.01GB reserved
Epoch 340/450 | Train Loss: 0.1482 | Val Loss: 0.2953 | Val Gloss Acc: 0.958 | Val Cat Acc: 0.970 | Time: 10.6s
  GPU Memory: 0.06GB allocated, 1.01GB reserved
Epoch 341/450 | Train Loss: 0.1458 | Val Loss: 0.3137 | Val Gloss Acc: 0.955 | Val Cat Acc: 0.963 | Time: 11.8s
  GPU Memory: 0.06GB allocated, 1.01GB reserved
Epoch 342/450 | Train Loss: 0.1468 | Val Loss: 0.3086 | Val Gloss Acc: 0.952 | Val Cat Acc: 0.956 | Time: 10.6s
  GPU Memory: 0.06GB allocated, 1.00GB reserved
Epoch 343/450 | Train Loss: 0.1462 | Val Loss: 0.3058 | Val Gloss Acc: 0.958 | Val Cat Acc: 0.965 | Time: 10.8s
  GPU Memory: 0.06GB allocated, 1.01GB reserved
Epoch 344/450 | Train Loss: 0.1445 | Val Loss: 0.3084 | Val Gloss Acc: 0.960 | Val Cat Acc: 0.963 | Time: 11.4s
  GPU Memory: 0.06GB allocated, 1.01GB reserved
Epoch 345/450 | Train Loss: 0.1434 | Val Loss: 0.3160 | Val Gloss Acc: 0.957 | Val Cat Acc: 0.962 | Time: 11.2s
  GPU Memory: 0.06GB allocated, 1.01GB reserved
Epoch 346/450 | Train Loss: 0.1430 | Val Loss: 0.2971 | Val Gloss Acc: 0.956 | Val Cat Acc: 0.962 | Time: 10.7s
  GPU Memory: 0.06GB allocated, 1.00GB reserved
Epoch 347/450 | Train Loss: 0.1441 | Val Loss: 0.2796 | Val Gloss Acc: 0.963 | Val Cat Acc: 0.967 | Time: 12.5s
  GPU Memory: 0.06GB allocated, 1.01GB reserved
Epoch 348/450 | Train Loss: 0.1428 | Val Loss: 0.3131 | Val Gloss Acc: 0.957 | Val Cat Acc: 0.960 | Time: 10.6s
  GPU Memory: 0.06GB allocated, 1.00GB reserved
Epoch 349/450 | Train Loss: 0.1445 | Val Loss: 0.3076 | Val Gloss Acc: 0.957 | Val Cat Acc: 0.965 | Time: 10.6s
  GPU Memory: 0.06GB allocated, 1.01GB reserved
Epoch 350/450 | Train Loss: 0.1427 | Val Loss: 0.3055 | Val Gloss Acc: 0.956 | Val Cat Acc: 0.967 | Time: 10.7s
  GPU Memory: 0.06GB allocated, 1.00GB reserved
Epoch 351/450 | Train Loss: 0.1424 | Val Loss: 0.2894 | Val Gloss Acc: 0.962 | Val Cat Acc: 0.969 | Time: 10.8s
  GPU Memory: 0.06GB allocated, 1.00GB reserved
Epoch 352/450 | Train Loss: 0.1451 | Val Loss: 0.2936 | Val Gloss Acc: 0.958 | Val Cat Acc: 0.963 | Time: 10.5s
  GPU Memory: 0.06GB allocated, 1.00GB reserved
Epoch 353/450 | Train Loss: 0.1412 | Val Loss: 0.3163 | Val Gloss Acc: 0.956 | Val Cat Acc: 0.958 | Time: 11.2s
  GPU Memory: 0.06GB allocated, 1.00GB reserved
Epoch 354/450 | Train Loss: 0.1440 | Val Loss: 0.3005 | Val Gloss Acc: 0.959 | Val Cat Acc: 0.968 | Time: 10.4s
  GPU Memory: 0.06GB allocated, 1.01GB reserved
Epoch 355/450 | Train Loss: 0.1397 | Val Loss: 0.2906 | Val Gloss Acc: 0.961 | Val Cat Acc: 0.966 | Time: 10.7s
  GPU Memory: 0.06GB allocated, 1.03GB reserved
Epoch 356/450 | Train Loss: 0.1394 | Val Loss: 0.2873 | Val Gloss Acc: 0.963 | Val Cat Acc: 0.971 | Time: 11.5s
  GPU Memory: 0.06GB allocated, 1.01GB reserved
Epoch 357/450 | Train Loss: 0.1419 | Val Loss: 0.2893 | Val Gloss Acc: 0.959 | Val Cat Acc: 0.968 | Time: 11.6s
  GPU Memory: 0.06GB allocated, 1.00GB reserved
Epoch 358/450 | Train Loss: 0.1410 | Val Loss: 0.2943 | Val Gloss Acc: 0.959 | Val Cat Acc: 0.968 | Time: 12.5s
  GPU Memory: 0.06GB allocated, 1.00GB reserved
Epoch 359/450 | Train Loss: 0.1401 | Val Loss: 0.2923 | Val Gloss Acc: 0.959 | Val Cat Acc: 0.965 | Time: 11.6s
  GPU Memory: 0.06GB allocated, 1.00GB reserved
Epoch 360/450 | Train Loss: 0.1396 | Val Loss: 0.2877 | Val Gloss Acc: 0.961 | Val Cat Acc: 0.965 | Time: 11.7s
  GPU Memory: 0.06GB allocated, 1.00GB reserved
Epoch 361/450 | Train Loss: 0.1368 | Val Loss: 0.2943 | Val Gloss Acc: 0.959 | Val Cat Acc: 0.966 | Time: 10.6s
  GPU Memory: 0.06GB allocated, 1.00GB reserved
Epoch 362/450 | Train Loss: 0.1378 | Val Loss: 0.2976 | Val Gloss Acc: 0.960 | Val Cat Acc: 0.963 | Time: 11.3s
  GPU Memory: 0.06GB allocated, 1.00GB reserved
Epoch 363/450 | Train Loss: 0.1385 | Val Loss: 0.2966 | Val Gloss Acc: 0.961 | Val Cat Acc: 0.969 | Time: 11.4s
  GPU Memory: 0.06GB allocated, 1.00GB reserved
Epoch 364/450 | Train Loss: 0.1380 | Val Loss: 0.2722 | Val Gloss Acc: 0.962 | Val Cat Acc: 0.969 | Time: 10.2s
  GPU Memory: 0.06GB allocated, 1.00GB reserved
  ✓ New best validation loss: 0.2722
Epoch 365/450 | Train Loss: 0.1356 | Val Loss: 0.2923 | Val Gloss Acc: 0.960 | Val Cat Acc: 0.967 | Time: 12.2s
  GPU Memory: 0.06GB allocated, 1.00GB reserved
Epoch 366/450 | Train Loss: 0.1367 | Val Loss: 0.2958 | Val Gloss Acc: 0.957 | Val Cat Acc: 0.968 | Time: 11.2s
  GPU Memory: 0.06GB allocated, 1.00GB reserved
Epoch 367/450 | Train Loss: 0.1362 | Val Loss: 0.2880 | Val Gloss Acc: 0.959 | Val Cat Acc: 0.969 | Time: 11.1s
  GPU Memory: 0.06GB allocated, 1.00GB reserved
Epoch 368/450 | Train Loss: 0.1347 | Val Loss: 0.2926 | Val Gloss Acc: 0.962 | Val Cat Acc: 0.963 | Time: 11.1s
  GPU Memory: 0.06GB allocated, 1.01GB reserved
Epoch 369/450 | Train Loss: 0.1358 | Val Loss: 0.2951 | Val Gloss Acc: 0.963 | Val Cat Acc: 0.971 | Time: 10.2s
  GPU Memory: 0.06GB allocated, 1.00GB reserved
Epoch 370/450 | Train Loss: 0.1360 | Val Loss: 0.2819 | Val Gloss Acc: 0.959 | Val Cat Acc: 0.967 | Time: 10.7s
  GPU Memory: 0.06GB allocated, 1.00GB reserved
Epoch 371/450 | Train Loss: 0.1361 | Val Loss: 0.3008 | Val Gloss Acc: 0.958 | Val Cat Acc: 0.965 | Time: 11.0s
  GPU Memory: 0.06GB allocated, 1.00GB reserved
Epoch 372/450 | Train Loss: 0.1379 | Val Loss: 0.2917 | Val Gloss Acc: 0.960 | Val Cat Acc: 0.968 | Time: 10.5s
  GPU Memory: 0.06GB allocated, 1.01GB reserved
Epoch 373/450 | Train Loss: 0.1355 | Val Loss: 0.2831 | Val Gloss Acc: 0.961 | Val Cat Acc: 0.968 | Time: 11.0s
  GPU Memory: 0.06GB allocated, 1.03GB reserved
Epoch 374/450 | Train Loss: 0.1320 | Val Loss: 0.3006 | Val Gloss Acc: 0.960 | Val Cat Acc: 0.968 | Time: 10.3s
  GPU Memory: 0.06GB allocated, 1.01GB reserved
Epoch 375/450 | Train Loss: 0.1327 | Val Loss: 0.2970 | Val Gloss Acc: 0.959 | Val Cat Acc: 0.969 | Time: 9.4s
  GPU Memory: 0.06GB allocated, 1.01GB reserved
Epoch 376/450 | Train Loss: 0.1334 | Val Loss: 0.2946 | Val Gloss Acc: 0.960 | Val Cat Acc: 0.971 | Time: 11.1s
  GPU Memory: 0.06GB allocated, 1.00GB reserved
Epoch 377/450 | Train Loss: 0.1338 | Val Loss: 0.2871 | Val Gloss Acc: 0.960 | Val Cat Acc: 0.969 | Time: 10.4s
  GPU Memory: 0.06GB allocated, 1.01GB reserved
Epoch 378/450 | Train Loss: 0.1324 | Val Loss: 0.2889 | Val Gloss Acc: 0.960 | Val Cat Acc: 0.970 | Time: 10.6s
  GPU Memory: 0.06GB allocated, 1.01GB reserved
Epoch 379/450 | Train Loss: 0.1310 | Val Loss: 0.2960 | Val Gloss Acc: 0.960 | Val Cat Acc: 0.968 | Time: 10.6s
  GPU Memory: 0.06GB allocated, 1.00GB reserved
Epoch 380/450 | Train Loss: 0.1326 | Val Loss: 0.2933 | Val Gloss Acc: 0.961 | Val Cat Acc: 0.971 | Time: 10.7s
  GPU Memory: 0.06GB allocated, 1.00GB reserved
Epoch 381/450 | Train Loss: 0.1303 | Val Loss: 0.2964 | Val Gloss Acc: 0.958 | Val Cat Acc: 0.967 | Time: 10.6s
  GPU Memory: 0.06GB allocated, 1.00GB reserved
Epoch 382/450 | Train Loss: 0.1311 | Val Loss: 0.3065 | Val Gloss Acc: 0.960 | Val Cat Acc: 0.967 | Time: 11.5s
  GPU Memory: 0.06GB allocated, 1.00GB reserved
Epoch 383/450 | Train Loss: 0.1322 | Val Loss: 0.2941 | Val Gloss Acc: 0.960 | Val Cat Acc: 0.969 | Time: 11.7s
  GPU Memory: 0.06GB allocated, 1.00GB reserved
Epoch 384/450 | Train Loss: 0.1316 | Val Loss: 0.2969 | Val Gloss Acc: 0.956 | Val Cat Acc: 0.970 | Time: 10.9s
  GPU Memory: 0.06GB allocated, 1.03GB reserved
Epoch 385/450 | Train Loss: 0.1316 | Val Loss: 0.3008 | Val Gloss Acc: 0.958 | Val Cat Acc: 0.969 | Time: 10.6s
  GPU Memory: 0.06GB allocated, 1.00GB reserved
Epoch 386/450 | Train Loss: 0.1294 | Val Loss: 0.2931 | Val Gloss Acc: 0.961 | Val Cat Acc: 0.969 | Time: 10.8s
  GPU Memory: 0.06GB allocated, 1.00GB reserved
Epoch 387/450 | Train Loss: 0.1294 | Val Loss: 0.2943 | Val Gloss Acc: 0.961 | Val Cat Acc: 0.970 | Time: 10.5s
  GPU Memory: 0.06GB allocated, 1.01GB reserved
Epoch 388/450 | Train Loss: 0.1285 | Val Loss: 0.2881 | Val Gloss Acc: 0.964 | Val Cat Acc: 0.974 | Time: 11.4s
  GPU Memory: 0.06GB allocated, 1.01GB reserved
Epoch 389/450 | Train Loss: 0.1294 | Val Loss: 0.2923 | Val Gloss Acc: 0.961 | Val Cat Acc: 0.969 | Time: 11.1s
  GPU Memory: 0.06GB allocated, 1.00GB reserved
Epoch 390/450 | Train Loss: 0.1291 | Val Loss: 0.2852 | Val Gloss Acc: 0.962 | Val Cat Acc: 0.972 | Time: 11.4s
  GPU Memory: 0.06GB allocated, 1.01GB reserved
Epoch 391/450 | Train Loss: 0.1287 | Val Loss: 0.2823 | Val Gloss Acc: 0.963 | Val Cat Acc: 0.973 | Time: 11.0s
  GPU Memory: 0.06GB allocated, 1.00GB reserved
Epoch 392/450 | Train Loss: 0.1289 | Val Loss: 0.2976 | Val Gloss Acc: 0.961 | Val Cat Acc: 0.969 | Time: 12.7s
  GPU Memory: 0.06GB allocated, 1.03GB reserved
Epoch 393/450 | Train Loss: 0.1275 | Val Loss: 0.2928 | Val Gloss Acc: 0.960 | Val Cat Acc: 0.973 | Time: 10.4s
  GPU Memory: 0.06GB allocated, 1.01GB reserved
Epoch 394/450 | Train Loss: 0.1270 | Val Loss: 0.2854 | Val Gloss Acc: 0.961 | Val Cat Acc: 0.969 | Time: 10.9s
  GPU Memory: 0.06GB allocated, 1.01GB reserved
Epoch 395/450 | Train Loss: 0.1292 | Val Loss: 0.2924 | Val Gloss Acc: 0.960 | Val Cat Acc: 0.971 | Time: 11.9s
  GPU Memory: 0.06GB allocated, 1.03GB reserved
Epoch 396/450 | Train Loss: 0.1268 | Val Loss: 0.2957 | Val Gloss Acc: 0.959 | Val Cat Acc: 0.973 | Time: 11.0s
  GPU Memory: 0.06GB allocated, 1.00GB reserved
Epoch 397/450 | Train Loss: 0.1260 | Val Loss: 0.2965 | Val Gloss Acc: 0.960 | Val Cat Acc: 0.970 | Time: 10.6s
  GPU Memory: 0.06GB allocated, 1.00GB reserved
Epoch 398/450 | Train Loss: 0.1269 | Val Loss: 0.2900 | Val Gloss Acc: 0.961 | Val Cat Acc: 0.971 | Time: 10.0s
  GPU Memory: 0.06GB allocated, 1.00GB reserved
Epoch 399/450 | Train Loss: 0.1264 | Val Loss: 0.2823 | Val Gloss Acc: 0.961 | Val Cat Acc: 0.976 | Time: 10.3s
  GPU Memory: 0.06GB allocated, 1.00GB reserved
Epoch 400/450 | Train Loss: 0.1259 | Val Loss: 0.2838 | Val Gloss Acc: 0.960 | Val Cat Acc: 0.973 | Time: 10.9s
  GPU Memory: 0.06GB allocated, 1.00GB reserved
Epoch 401/450 | Train Loss: 0.1259 | Val Loss: 0.2944 | Val Gloss Acc: 0.962 | Val Cat Acc: 0.974 | Time: 11.4s
  GPU Memory: 0.06GB allocated, 1.00GB reserved
Epoch 402/450 | Train Loss: 0.1261 | Val Loss: 0.2885 | Val Gloss Acc: 0.961 | Val Cat Acc: 0.974 | Time: 11.6s
  GPU Memory: 0.06GB allocated, 1.00GB reserved
Epoch 403/450 | Train Loss: 0.1259 | Val Loss: 0.2879 | Val Gloss Acc: 0.960 | Val Cat Acc: 0.973 | Time: 11.1s
  GPU Memory: 0.06GB allocated, 1.00GB reserved
Epoch 404/450 | Train Loss: 0.1261 | Val Loss: 0.2850 | Val Gloss Acc: 0.962 | Val Cat Acc: 0.973 | Time: 11.2s
  GPU Memory: 0.06GB allocated, 1.00GB reserved
Epoch 405/450 | Train Loss: 0.1248 | Val Loss: 0.2912 | Val Gloss Acc: 0.961 | Val Cat Acc: 0.974 | Time: 11.2s
  GPU Memory: 0.06GB allocated, 1.01GB reserved
Epoch 406/450 | Train Loss: 0.1257 | Val Loss: 0.2793 | Val Gloss Acc: 0.962 | Val Cat Acc: 0.976 | Time: 11.4s
  GPU Memory: 0.06GB allocated, 1.01GB reserved
Epoch 407/450 | Train Loss: 0.1257 | Val Loss: 0.2890 | Val Gloss Acc: 0.960 | Val Cat Acc: 0.974 | Time: 11.6s
  GPU Memory: 0.06GB allocated, 1.00GB reserved
Epoch 408/450 | Train Loss: 0.1242 | Val Loss: 0.2862 | Val Gloss Acc: 0.962 | Val Cat Acc: 0.974 | Time: 12.1s
  GPU Memory: 0.06GB allocated, 1.00GB reserved
Epoch 409/450 | Train Loss: 0.1245 | Val Loss: 0.2846 | Val Gloss Acc: 0.961 | Val Cat Acc: 0.976 | Time: 10.9s
  GPU Memory: 0.06GB allocated, 1.00GB reserved
Epoch 410/450 | Train Loss: 0.1256 | Val Loss: 0.2863 | Val Gloss Acc: 0.960 | Val Cat Acc: 0.973 | Time: 11.1s
  GPU Memory: 0.06GB allocated, 1.00GB reserved
Epoch 411/450 | Train Loss: 0.1251 | Val Loss: 0.2844 | Val Gloss Acc: 0.963 | Val Cat Acc: 0.974 | Time: 10.8s
  GPU Memory: 0.06GB allocated, 1.01GB reserved
Epoch 412/450 | Train Loss: 0.1242 | Val Loss: 0.2878 | Val Gloss Acc: 0.961 | Val Cat Acc: 0.973 | Time: 11.4s
  GPU Memory: 0.06GB allocated, 1.01GB reserved
Epoch 413/450 | Train Loss: 0.1251 | Val Loss: 0.2933 | Val Gloss Acc: 0.961 | Val Cat Acc: 0.973 | Time: 11.3s
  GPU Memory: 0.06GB allocated, 1.00GB reserved
Epoch 414/450 | Train Loss: 0.1236 | Val Loss: 0.2928 | Val Gloss Acc: 0.960 | Val Cat Acc: 0.974 | Time: 11.1s
  GPU Memory: 0.06GB allocated, 1.00GB reserved
Epoch 415/450 | Train Loss: 0.1237 | Val Loss: 0.2903 | Val Gloss Acc: 0.962 | Val Cat Acc: 0.974 | Time: 11.5s
  GPU Memory: 0.06GB allocated, 1.01GB reserved
Epoch 416/450 | Train Loss: 0.1240 | Val Loss: 0.2889 | Val Gloss Acc: 0.960 | Val Cat Acc: 0.975 | Time: 11.6s
  GPU Memory: 0.06GB allocated, 1.00GB reserved
Epoch 417/450 | Train Loss: 0.1235 | Val Loss: 0.2859 | Val Gloss Acc: 0.961 | Val Cat Acc: 0.978 | Time: 11.1s
  GPU Memory: 0.06GB allocated, 1.03GB reserved
Epoch 418/450 | Train Loss: 0.1238 | Val Loss: 0.2820 | Val Gloss Acc: 0.961 | Val Cat Acc: 0.978 | Time: 10.5s
  GPU Memory: 0.06GB allocated, 1.03GB reserved
Epoch 419/450 | Train Loss: 0.1250 | Val Loss: 0.2820 | Val Gloss Acc: 0.960 | Val Cat Acc: 0.974 | Time: 10.4s
  GPU Memory: 0.06GB allocated, 1.00GB reserved
Epoch 420/450 | Train Loss: 0.1237 | Val Loss: 0.2791 | Val Gloss Acc: 0.962 | Val Cat Acc: 0.973 | Time: 9.9s
  GPU Memory: 0.06GB allocated, 1.01GB reserved
Epoch 421/450 | Train Loss: 0.1227 | Val Loss: 0.2859 | Val Gloss Acc: 0.962 | Val Cat Acc: 0.976 | Time: 11.0s
  GPU Memory: 0.06GB allocated, 1.00GB reserved
Epoch 422/450 | Train Loss: 0.1236 | Val Loss: 0.2894 | Val Gloss Acc: 0.960 | Val Cat Acc: 0.972 | Time: 11.2s
  GPU Memory: 0.06GB allocated, 1.00GB reserved
Epoch 423/450 | Train Loss: 0.1230 | Val Loss: 0.2867 | Val Gloss Acc: 0.961 | Val Cat Acc: 0.975 | Time: 11.1s
  GPU Memory: 0.06GB allocated, 1.00GB reserved
Epoch 424/450 | Train Loss: 0.1222 | Val Loss: 0.2848 | Val Gloss Acc: 0.961 | Val Cat Acc: 0.974 | Time: 11.1s
  GPU Memory: 0.06GB allocated, 1.00GB reserved
Epoch 425/450 | Train Loss: 0.1224 | Val Loss: 0.2887 | Val Gloss Acc: 0.961 | Val Cat Acc: 0.976 | Time: 11.2s
  GPU Memory: 0.06GB allocated, 1.00GB reserved
Epoch 426/450 | Train Loss: 0.1242 | Val Loss: 0.2823 | Val Gloss Acc: 0.961 | Val Cat Acc: 0.977 | Time: 11.2s
  GPU Memory: 0.06GB allocated, 1.01GB reserved
Epoch 427/450 | Train Loss: 0.1228 | Val Loss: 0.2846 | Val Gloss Acc: 0.961 | Val Cat Acc: 0.976 | Time: 11.4s
  GPU Memory: 0.06GB allocated, 1.00GB reserved
Epoch 428/450 | Train Loss: 0.1236 | Val Loss: 0.2902 | Val Gloss Acc: 0.960 | Val Cat Acc: 0.977 | Time: 11.2s
  GPU Memory: 0.06GB allocated, 1.01GB reserved
Epoch 429/450 | Train Loss: 0.1227 | Val Loss: 0.2855 | Val Gloss Acc: 0.961 | Val Cat Acc: 0.976 | Time: 10.9s
  GPU Memory: 0.06GB allocated, 1.00GB reserved
Epoch 430/450 | Train Loss: 0.1222 | Val Loss: 0.2848 | Val Gloss Acc: 0.962 | Val Cat Acc: 0.973 | Time: 11.1s
  GPU Memory: 0.06GB allocated, 1.00GB reserved
Epoch 431/450 | Train Loss: 0.1219 | Val Loss: 0.2847 | Val Gloss Acc: 0.961 | Val Cat Acc: 0.976 | Time: 10.9s
  GPU Memory: 0.06GB allocated, 1.00GB reserved
Epoch 432/450 | Train Loss: 0.1219 | Val Loss: 0.2916 | Val Gloss Acc: 0.960 | Val Cat Acc: 0.973 | Time: 11.0s
  GPU Memory: 0.06GB allocated, 1.00GB reserved
Epoch 433/450 | Train Loss: 0.1217 | Val Loss: 0.2853 | Val Gloss Acc: 0.961 | Val Cat Acc: 0.977 | Time: 11.6s
  GPU Memory: 0.06GB allocated, 1.03GB reserved
Epoch 434/450 | Train Loss: 0.1229 | Val Loss: 0.2846 | Val Gloss Acc: 0.961 | Val Cat Acc: 0.977 | Time: 10.5s
  GPU Memory: 0.06GB allocated, 1.01GB reserved

Early stopping triggered after 434 epochs.
Best validation loss: 0.2722

================================================================================
CTC TRAINING COMPLETED!
Best validation loss: 0.2722
Checkpoints saved to: trained_models/mediapipe_gru/FSL105_ctc_v2
================================================================================


============================================================
Training completed - 2025-11-01 14:20:04
Log saved to: trained_models/mediapipe_gru/FSL105_ctc_v2/training_20251101_130017.log
============================================================
