============================================================
TRAINING LOG - 2025-10-31 15:06:26
============================================================
Console output will be saved to: trained_models/mediapipe_gru/FSL105_ctc/training_20251031_150626.log
Metrics CSV will be saved to: trained_models/mediapipe_gru/FSL105_ctc/training_20251031_150626_metrics.csv

Using device: cuda
CUDA device: NVIDIA GeForce RTX 5070 Ti
CUDA memory: 16.6 GB
CUDA compute capability: 12.0
CUDA multiprocessors: 70
CUDA memory allocated: 0.00 GB
CUDA memory cached: 0.00 GB

============================================================
DATA LOADING
============================================================
✓ Loaded data successfully
  - Dataset type: MEDIAPIPE-GRU-CTC Keypoints
  - Training folder: data/processed/FSL105_train
  - Validation folder: data/processed/FSL105_val
  - Keypoint key: X
  - Gloss classes: 105
  - Category classes: 10

============================================================
DATASET PREPARATION
============================================================
✓ CTC Mode: blank_id=105, num_ctc_classes=106
✓ Created datasets and data loaders
  - Batch size: 64
  - Training batches: 160
  - Validation batches: 40
  - Data augmentation: Enabled (noise_std=0.002, mask_prob=0.04)
  - Training dataset size: 10192 samples
  - Validation dataset size: 2546 samples
  - Data format: [T, 178] keypoints

============================================================
MODEL SELECTION
============================================================
Available models:
Classification models (isolated signs):
  - transformer: Multi-head attention transformer (keypoints)
  - mediapipe_gru: Lightweight GRU (keypoints, mobile-friendly)
  - iv3_gru: InceptionV3 + GRU hybrid (features, offline baseline)
CTC models (continuous recognition):
  - transformer_ctc: Transformer with CTC (keypoints)
  - mediapipe_gru_ctc: Lightweight GRU with CTC (keypoints)
  - iv3_gru_ctc: InceptionV3 + GRU with CTC (features, offline baseline)
✓ Using MediaPipeGRUCtc model (input_dim=178, num_ctc_classes=106)

================================================================================
COMPREHENSIVE TRAINING CONFIGURATION
================================================================================
Session Information:
  - Start time: 2025-10-31 15:06:27
  - Working directory: /workspace/fslr-transformer-vs-iv3gru
  - Command: /workspace/fslr-transformer-vs-iv3gru/training/train.py --model mediapipe_gru_ctc --training-mode ctc --epochs 400 --batch-size 64 --lr 0.0003 --num-gloss 105 --num-cat 10 --alpha 0.8 --beta 0.2 --num-ctc-classes 106 --ctc-blank-id 105 --keypoints-train data/processed/FSL105_train --keypoints-val data/processed/FSL105_val --labels-train-csv data/processed/FSL105_train.csv --labels-val-csv data/processed/FSL105_val.csv --kp-key X --hidden1 512 --hidden2 512 --dropout 0.2 --amp --augment --augment-noise-std 0.002 --augment-mask-prob 0.04 --augment-mask-ratio 0.04 --scheduler warmup_cosine --warmup-epochs 30 --early-stop 60 --weight-decay 1e-4 --grad-clip 1.0 --output-dir trained_models/mediapipe_gru/FSL105_ctc

System Information:
  - Platform: Linux-6.8.0-79-generic-x86_64-with-glibc2.39
  - Python version: 3.12.11 | packaged by conda-forge | (main, Jun  4 2025, 14:45:31) [GCC 13.3.0]
  - PyTorch version: 2.9.0+cu128
  - CUDA version: 12.8
  - cuDNN version: 91002
  - NumPy version: 2.2.6

Core Training Parameters:
  - Model: mediapipe_gru_ctc
  - Epochs: 400
  - Batch size: 64
  - Learning rate: 0.0003
  - Weight decay: 0.0001
  - Gradient clipping: 1.0
  - Loss weights - Alpha: 0.8, Beta: 0.2

Curriculum Training: Disabled

Loss Weighting Parameters:
  - Strategy: static
  - Alpha: 0.8
  - Beta: 0.2

Data Configuration:
  - Gloss classes: 105
  - Category classes: 10
  - Data source: Real data files
  - Training folder: data/processed/FSL105_train
  - Validation folder: data/processed/FSL105_val
  - Keypoint key: X

Training Control:
  - Scheduler: warmup_cosine
  - Scheduler patience: 5
  - Early stopping: 60
  - Resume from: None

Performance Settings:
  - AMP (Mixed Precision): True
  - Model compilation: False
  - Gradient accumulation steps: 1
  - DataLoader workers: 0
  - Auto workers: False
  - Pin memory: False
  - Prefetch factor: None

Reproducibility:
  - Random seed: 42
  - Deterministic mode: False

Output Configuration:
  - Checkpoint directory: trained_models/mediapipe_gru/FSL105_ctc
  - CSV log file: trained_models/mediapipe_gru/FSL105_ctc/training_20251031_150626_metrics.csv

Model Information:
  - Model type: MediaPipeGRUCtc
  - Total parameters: 2,700,404
  - Trainable parameters: 2,700,404
  - Model size: 10.3 MB
================================================================================

============================================================
TRAINING START
============================================================
Training mode: CTC (Continuous Sign Language Recognition)

================================================================================
CTC TRAINING CONFIGURATION
================================================================================
Training Mode: Continuous Sign Language Recognition (CTC)
Model: MediaPipeGRUCtc
Blank Token ID: 105
Epochs: 400
Learning Rate: 0.0003
Batch Size: 64
Gradient Accumulation: 1
AMP Enabled: True
================================================================================

✓ Using CTCLoss (blank=105, zero_infinity=True)
✓ Optimizer: Adam (lr=0.0003, weight_decay=0.0001)
✓ AMP enabled: True
✓ Scheduler: WarmupCosineScheduler (warmup=30)
✓ Logging metrics to: trained_models/mediapipe_gru/FSL105_ctc/training_20251031_150626_metrics.csv

================================================================================
STARTING CTC TRAINING - 400 epochs
================================================================================

Epoch   1/400 | Train Loss: 43.1055 | Val Loss: 5.2450 | Val Cat Acc: 0.149 | Time: 14.1s
  GPU Memory: 0.05GB allocated, 0.81GB reserved
  ✓ New best validation loss: 5.2450
Epoch   2/400 | Train Loss: 4.6557 | Val Loss: 4.9892 | Val Cat Acc: 0.220 | Time: 13.3s
  GPU Memory: 0.05GB allocated, 0.81GB reserved
  ✓ New best validation loss: 4.9892
Epoch   3/400 | Train Loss: 4.4860 | Val Loss: 4.9093 | Val Cat Acc: 0.209 | Time: 13.6s
  GPU Memory: 0.06GB allocated, 0.81GB reserved
  ✓ New best validation loss: 4.9093
Epoch   4/400 | Train Loss: 4.2806 | Val Loss: 4.5359 | Val Cat Acc: 0.295 | Time: 13.6s
  GPU Memory: 0.05GB allocated, 0.81GB reserved
  ✓ New best validation loss: 4.5359
Epoch   5/400 | Train Loss: 4.0073 | Val Loss: 4.1489 | Val Cat Acc: 0.301 | Time: 13.4s
  GPU Memory: 0.06GB allocated, 0.81GB reserved
  ✓ New best validation loss: 4.1489
Epoch   6/400 | Train Loss: 3.7555 | Val Loss: 3.9917 | Val Cat Acc: 0.329 | Time: 13.0s
  GPU Memory: 0.05GB allocated, 0.81GB reserved
  ✓ New best validation loss: 3.9917
Epoch   7/400 | Train Loss: 3.5349 | Val Loss: 3.7977 | Val Cat Acc: 0.339 | Time: 13.5s
  GPU Memory: 0.05GB allocated, 0.81GB reserved
  ✓ New best validation loss: 3.7977
Epoch   8/400 | Train Loss: 3.3323 | Val Loss: 3.7831 | Val Cat Acc: 0.383 | Time: 12.6s
  GPU Memory: 0.05GB allocated, 0.81GB reserved
  ✓ New best validation loss: 3.7831
Epoch   9/400 | Train Loss: 3.1504 | Val Loss: 3.5528 | Val Cat Acc: 0.390 | Time: 13.9s
  GPU Memory: 0.05GB allocated, 0.81GB reserved
  ✓ New best validation loss: 3.5528
Epoch  10/400 | Train Loss: 2.9876 | Val Loss: 3.2508 | Val Cat Acc: 0.433 | Time: 13.7s
  GPU Memory: 0.05GB allocated, 0.81GB reserved
  ✓ New best validation loss: 3.2508
Epoch  11/400 | Train Loss: 2.8176 | Val Loss: 2.9940 | Val Cat Acc: 0.448 | Time: 13.5s
  GPU Memory: 0.05GB allocated, 0.81GB reserved
  ✓ New best validation loss: 2.9940
Epoch  12/400 | Train Loss: 2.6385 | Val Loss: 2.8413 | Val Cat Acc: 0.443 | Time: 12.9s
  GPU Memory: 0.05GB allocated, 0.81GB reserved
  ✓ New best validation loss: 2.8413
Epoch  13/400 | Train Loss: 2.4708 | Val Loss: 2.3736 | Val Cat Acc: 0.501 | Time: 13.4s
  GPU Memory: 0.06GB allocated, 0.81GB reserved
  ✓ New best validation loss: 2.3736
Epoch  14/400 | Train Loss: 2.3645 | Val Loss: 2.6050 | Val Cat Acc: 0.520 | Time: 13.6s
  GPU Memory: 0.05GB allocated, 0.81GB reserved
Epoch  15/400 | Train Loss: 2.2406 | Val Loss: 2.4416 | Val Cat Acc: 0.549 | Time: 13.5s
  GPU Memory: 0.06GB allocated, 0.81GB reserved
Epoch  16/400 | Train Loss: 2.1306 | Val Loss: 2.2089 | Val Cat Acc: 0.510 | Time: 13.6s
  GPU Memory: 0.05GB allocated, 0.81GB reserved
  ✓ New best validation loss: 2.2089
Epoch  17/400 | Train Loss: 2.0138 | Val Loss: 2.2311 | Val Cat Acc: 0.555 | Time: 12.8s
  GPU Memory: 0.05GB allocated, 0.81GB reserved
Epoch  18/400 | Train Loss: 1.9213 | Val Loss: 1.9351 | Val Cat Acc: 0.573 | Time: 12.5s
  GPU Memory: 0.06GB allocated, 0.81GB reserved
  ✓ New best validation loss: 1.9351
Epoch  19/400 | Train Loss: 1.8681 | Val Loss: 1.8102 | Val Cat Acc: 0.603 | Time: 13.6s
  GPU Memory: 0.06GB allocated, 0.81GB reserved
  ✓ New best validation loss: 1.8102
Epoch  20/400 | Train Loss: 1.7378 | Val Loss: 1.5250 | Val Cat Acc: 0.630 | Time: 13.0s
  GPU Memory: 0.06GB allocated, 0.81GB reserved
  ✓ New best validation loss: 1.5250
Epoch  21/400 | Train Loss: 1.6083 | Val Loss: 1.3356 | Val Cat Acc: 0.579 | Time: 13.4s
  GPU Memory: 0.05GB allocated, 0.81GB reserved
  ✓ New best validation loss: 1.3356
Epoch  22/400 | Train Loss: 1.3400 | Val Loss: 1.2637 | Val Cat Acc: 0.630 | Time: 13.3s
  GPU Memory: 0.06GB allocated, 0.81GB reserved
  ✓ New best validation loss: 1.2637
Epoch  23/400 | Train Loss: 1.1757 | Val Loss: 1.0228 | Val Cat Acc: 0.648 | Time: 13.4s
  GPU Memory: 0.06GB allocated, 0.81GB reserved
  ✓ New best validation loss: 1.0228
Epoch  24/400 | Train Loss: 1.1139 | Val Loss: 1.0230 | Val Cat Acc: 0.645 | Time: 13.0s
  GPU Memory: 0.06GB allocated, 0.81GB reserved
Epoch  25/400 | Train Loss: 1.0736 | Val Loss: 0.8970 | Val Cat Acc: 0.672 | Time: 13.4s
  GPU Memory: 0.06GB allocated, 0.81GB reserved
  ✓ New best validation loss: 0.8970
Epoch  26/400 | Train Loss: 1.0489 | Val Loss: 0.9380 | Val Cat Acc: 0.657 | Time: 12.8s
  GPU Memory: 0.06GB allocated, 0.81GB reserved
Epoch  27/400 | Train Loss: 1.0228 | Val Loss: 1.2603 | Val Cat Acc: 0.660 | Time: 13.4s
  GPU Memory: 0.06GB allocated, 0.81GB reserved
Epoch  28/400 | Train Loss: 1.0140 | Val Loss: 1.0697 | Val Cat Acc: 0.657 | Time: 13.2s
  GPU Memory: 0.06GB allocated, 0.81GB reserved
Epoch  29/400 | Train Loss: 1.1427 | Val Loss: 0.8661 | Val Cat Acc: 0.678 | Time: 12.9s
  GPU Memory: 0.05GB allocated, 0.81GB reserved
  ✓ New best validation loss: 0.8661
Epoch  30/400 | Train Loss: 0.9405 | Val Loss: 0.9261 | Val Cat Acc: 0.692 | Time: 13.4s
  GPU Memory: 0.05GB allocated, 0.81GB reserved
Epoch  31/400 | Train Loss: 1.0467 | Val Loss: 1.1426 | Val Cat Acc: 0.696 | Time: 13.4s
  GPU Memory: 0.05GB allocated, 0.81GB reserved
Epoch  32/400 | Train Loss: 0.9386 | Val Loss: 0.8594 | Val Cat Acc: 0.691 | Time: 13.6s
  GPU Memory: 0.06GB allocated, 0.81GB reserved
  ✓ New best validation loss: 0.8594
Epoch  33/400 | Train Loss: 0.8643 | Val Loss: 1.0047 | Val Cat Acc: 0.642 | Time: 13.6s
  GPU Memory: 0.06GB allocated, 0.81GB reserved
Epoch  34/400 | Train Loss: 0.9160 | Val Loss: 0.7974 | Val Cat Acc: 0.739 | Time: 13.0s
  GPU Memory: 0.06GB allocated, 0.81GB reserved
  ✓ New best validation loss: 0.7974
Epoch  35/400 | Train Loss: 0.8750 | Val Loss: 0.9927 | Val Cat Acc: 0.733 | Time: 12.6s
  GPU Memory: 0.06GB allocated, 0.81GB reserved
Epoch  36/400 | Train Loss: 0.9964 | Val Loss: 0.9585 | Val Cat Acc: 0.731 | Time: 13.0s
  GPU Memory: 0.06GB allocated, 0.81GB reserved
Epoch  37/400 | Train Loss: 0.8410 | Val Loss: 0.9181 | Val Cat Acc: 0.731 | Time: 13.5s
  GPU Memory: 0.05GB allocated, 0.81GB reserved
Epoch  38/400 | Train Loss: 0.8121 | Val Loss: 0.7121 | Val Cat Acc: 0.808 | Time: 12.9s
  GPU Memory: 0.05GB allocated, 0.81GB reserved
  ✓ New best validation loss: 0.7121
Epoch  39/400 | Train Loss: 1.0063 | Val Loss: 1.2009 | Val Cat Acc: 0.714 | Time: 13.6s
  GPU Memory: 0.06GB allocated, 0.81GB reserved
Epoch  40/400 | Train Loss: 0.9019 | Val Loss: 0.7030 | Val Cat Acc: 0.814 | Time: 12.6s
  GPU Memory: 0.06GB allocated, 0.81GB reserved
  ✓ New best validation loss: 0.7030
Epoch  41/400 | Train Loss: 0.7720 | Val Loss: 0.7363 | Val Cat Acc: 0.815 | Time: 13.4s
  GPU Memory: 0.05GB allocated, 0.81GB reserved
Epoch  42/400 | Train Loss: 0.8936 | Val Loss: 0.6755 | Val Cat Acc: 0.798 | Time: 12.9s
  GPU Memory: 0.06GB allocated, 0.81GB reserved
  ✓ New best validation loss: 0.6755
Epoch  43/400 | Train Loss: 0.7677 | Val Loss: 0.9644 | Val Cat Acc: 0.743 | Time: 13.4s
  GPU Memory: 0.06GB allocated, 0.81GB reserved
Epoch  44/400 | Train Loss: 0.7190 | Val Loss: 0.7672 | Val Cat Acc: 0.806 | Time: 13.6s
  GPU Memory: 0.06GB allocated, 0.81GB reserved
Epoch  45/400 | Train Loss: 0.6648 | Val Loss: 0.7901 | Val Cat Acc: 0.788 | Time: 12.8s
  GPU Memory: 0.05GB allocated, 0.81GB reserved
Epoch  46/400 | Train Loss: 0.7171 | Val Loss: 0.9615 | Val Cat Acc: 0.806 | Time: 12.9s
  GPU Memory: 0.06GB allocated, 0.81GB reserved
Epoch  47/400 | Train Loss: 0.8914 | Val Loss: 0.7025 | Val Cat Acc: 0.829 | Time: 12.8s
  GPU Memory: 0.06GB allocated, 0.81GB reserved
Epoch  48/400 | Train Loss: 0.7793 | Val Loss: 0.6478 | Val Cat Acc: 0.752 | Time: 12.6s
  GPU Memory: 0.06GB allocated, 0.81GB reserved
  ✓ New best validation loss: 0.6478
Epoch  49/400 | Train Loss: 0.7416 | Val Loss: 0.7418 | Val Cat Acc: 0.792 | Time: 12.3s
  GPU Memory: 0.06GB allocated, 0.81GB reserved
Epoch  50/400 | Train Loss: 0.7222 | Val Loss: 0.6697 | Val Cat Acc: 0.853 | Time: 12.3s
  GPU Memory: 0.06GB allocated, 0.81GB reserved
Epoch  51/400 | Train Loss: 0.6077 | Val Loss: 0.5943 | Val Cat Acc: 0.863 | Time: 12.9s
  GPU Memory: 0.06GB allocated, 0.81GB reserved
  ✓ New best validation loss: 0.5943
Epoch  52/400 | Train Loss: 0.6647 | Val Loss: 0.8197 | Val Cat Acc: 0.778 | Time: 13.7s
  GPU Memory: 0.06GB allocated, 0.81GB reserved
Epoch  53/400 | Train Loss: 0.8040 | Val Loss: 1.2326 | Val Cat Acc: 0.710 | Time: 13.8s
  GPU Memory: 0.05GB allocated, 0.81GB reserved
Epoch  54/400 | Train Loss: 0.8222 | Val Loss: 0.6505 | Val Cat Acc: 0.852 | Time: 13.4s
  GPU Memory: 0.05GB allocated, 0.81GB reserved
Epoch  55/400 | Train Loss: 0.7559 | Val Loss: 0.7398 | Val Cat Acc: 0.845 | Time: 13.3s
  GPU Memory: 0.06GB allocated, 0.81GB reserved
Epoch  56/400 | Train Loss: 0.7861 | Val Loss: 0.7695 | Val Cat Acc: 0.800 | Time: 13.5s
  GPU Memory: 0.06GB allocated, 0.81GB reserved
Epoch  57/400 | Train Loss: 0.8624 | Val Loss: 0.7147 | Val Cat Acc: 0.830 | Time: 13.6s
  GPU Memory: 0.05GB allocated, 0.81GB reserved
Epoch  58/400 | Train Loss: 0.8180 | Val Loss: 0.7760 | Val Cat Acc: 0.824 | Time: 13.6s
  GPU Memory: 0.05GB allocated, 0.81GB reserved
Epoch  59/400 | Train Loss: 0.8906 | Val Loss: 0.8081 | Val Cat Acc: 0.743 | Time: 13.4s
  GPU Memory: 0.06GB allocated, 0.81GB reserved
Epoch  60/400 | Train Loss: 0.7044 | Val Loss: 0.8294 | Val Cat Acc: 0.833 | Time: 13.3s
  GPU Memory: 0.06GB allocated, 0.81GB reserved
Epoch  61/400 | Train Loss: 0.9174 | Val Loss: 0.6972 | Val Cat Acc: 0.847 | Time: 13.2s
  GPU Memory: 0.05GB allocated, 0.81GB reserved
Epoch  62/400 | Train Loss: 0.6468 | Val Loss: 0.5858 | Val Cat Acc: 0.866 | Time: 13.4s
  GPU Memory: 0.05GB allocated, 0.81GB reserved
  ✓ New best validation loss: 0.5858
Epoch  63/400 | Train Loss: 0.6342 | Val Loss: 1.0114 | Val Cat Acc: 0.761 | Time: 13.3s
  GPU Memory: 0.05GB allocated, 0.81GB reserved
Epoch  64/400 | Train Loss: 0.7431 | Val Loss: 0.5624 | Val Cat Acc: 0.895 | Time: 13.2s
  GPU Memory: 0.05GB allocated, 0.81GB reserved
  ✓ New best validation loss: 0.5624
Epoch  65/400 | Train Loss: 0.6032 | Val Loss: 0.5942 | Val Cat Acc: 0.877 | Time: 12.5s
  GPU Memory: 0.06GB allocated, 0.81GB reserved
Epoch  66/400 | Train Loss: 0.6539 | Val Loss: 0.7939 | Val Cat Acc: 0.832 | Time: 13.1s
  GPU Memory: 0.05GB allocated, 0.81GB reserved
Epoch  67/400 | Train Loss: 0.6005 | Val Loss: 0.7998 | Val Cat Acc: 0.787 | Time: 12.9s
  GPU Memory: 0.06GB allocated, 0.81GB reserved
Epoch  68/400 | Train Loss: 0.5620 | Val Loss: 0.6334 | Val Cat Acc: 0.846 | Time: 13.2s
  GPU Memory: 0.05GB allocated, 0.81GB reserved
Epoch  69/400 | Train Loss: 0.5519 | Val Loss: 0.5382 | Val Cat Acc: 0.891 | Time: 13.4s
  GPU Memory: 0.05GB allocated, 0.81GB reserved
  ✓ New best validation loss: 0.5382
Epoch  70/400 | Train Loss: 0.5874 | Val Loss: 0.5442 | Val Cat Acc: 0.869 | Time: 12.9s
  GPU Memory: 0.06GB allocated, 0.81GB reserved
Epoch  71/400 | Train Loss: 0.5598 | Val Loss: 0.4892 | Val Cat Acc: 0.887 | Time: 13.3s
  GPU Memory: 0.05GB allocated, 0.81GB reserved
  ✓ New best validation loss: 0.4892
Epoch  72/400 | Train Loss: 0.5557 | Val Loss: 0.5055 | Val Cat Acc: 0.887 | Time: 12.7s
  GPU Memory: 0.06GB allocated, 0.81GB reserved
Epoch  73/400 | Train Loss: 0.5850 | Val Loss: 0.5483 | Val Cat Acc: 0.898 | Time: 13.2s
  GPU Memory: 0.06GB allocated, 0.81GB reserved
Epoch  74/400 | Train Loss: 0.6181 | Val Loss: 0.6230 | Val Cat Acc: 0.879 | Time: 13.1s
  GPU Memory: 0.06GB allocated, 0.81GB reserved
Epoch  75/400 | Train Loss: 0.6558 | Val Loss: 0.5536 | Val Cat Acc: 0.882 | Time: 13.2s
  GPU Memory: 0.05GB allocated, 0.81GB reserved
Epoch  76/400 | Train Loss: 0.6450 | Val Loss: 0.5965 | Val Cat Acc: 0.852 | Time: 13.9s
  GPU Memory: 0.06GB allocated, 0.81GB reserved
Epoch  77/400 | Train Loss: 0.5454 | Val Loss: 0.7551 | Val Cat Acc: 0.811 | Time: 12.8s
  GPU Memory: 0.05GB allocated, 0.81GB reserved
Epoch  78/400 | Train Loss: 0.4931 | Val Loss: 0.5611 | Val Cat Acc: 0.867 | Time: 13.5s
  GPU Memory: 0.06GB allocated, 0.81GB reserved
Epoch  79/400 | Train Loss: 0.4571 | Val Loss: 0.4817 | Val Cat Acc: 0.893 | Time: 12.7s
  GPU Memory: 0.06GB allocated, 0.81GB reserved
  ✓ New best validation loss: 0.4817
Epoch  80/400 | Train Loss: 0.4564 | Val Loss: 0.6757 | Val Cat Acc: 0.859 | Time: 13.3s
  GPU Memory: 0.06GB allocated, 0.81GB reserved
Epoch  81/400 | Train Loss: 0.6012 | Val Loss: 0.5921 | Val Cat Acc: 0.861 | Time: 13.6s
  GPU Memory: 0.05GB allocated, 0.81GB reserved
Epoch  82/400 | Train Loss: 0.4572 | Val Loss: 0.4476 | Val Cat Acc: 0.897 | Time: 13.6s
  GPU Memory: 0.06GB allocated, 0.81GB reserved
  ✓ New best validation loss: 0.4476
Epoch  83/400 | Train Loss: 0.4398 | Val Loss: 0.5880 | Val Cat Acc: 0.902 | Time: 13.6s
  GPU Memory: 0.06GB allocated, 0.81GB reserved
Epoch  84/400 | Train Loss: 0.4653 | Val Loss: 0.4700 | Val Cat Acc: 0.864 | Time: 13.6s
  GPU Memory: 0.05GB allocated, 0.81GB reserved
Epoch  85/400 | Train Loss: 0.5595 | Val Loss: 0.8433 | Val Cat Acc: 0.724 | Time: 13.5s
  GPU Memory: 0.06GB allocated, 0.81GB reserved
Epoch  86/400 | Train Loss: 0.6550 | Val Loss: 0.5259 | Val Cat Acc: 0.856 | Time: 13.4s
  GPU Memory: 0.06GB allocated, 0.81GB reserved
Epoch  87/400 | Train Loss: 0.6321 | Val Loss: 0.6085 | Val Cat Acc: 0.879 | Time: 13.5s
  GPU Memory: 0.05GB allocated, 0.81GB reserved
Epoch  88/400 | Train Loss: 0.6728 | Val Loss: 0.8728 | Val Cat Acc: 0.813 | Time: 12.6s
  GPU Memory: 0.05GB allocated, 0.81GB reserved
Epoch  89/400 | Train Loss: 0.5419 | Val Loss: 0.5699 | Val Cat Acc: 0.871 | Time: 13.2s
  GPU Memory: 0.06GB allocated, 0.81GB reserved
Epoch  90/400 | Train Loss: 0.5167 | Val Loss: 0.5921 | Val Cat Acc: 0.900 | Time: 13.2s
  GPU Memory: 0.06GB allocated, 0.81GB reserved
Epoch  91/400 | Train Loss: 0.6819 | Val Loss: 0.5386 | Val Cat Acc: 0.889 | Time: 13.5s
  GPU Memory: 0.06GB allocated, 0.81GB reserved
Epoch  92/400 | Train Loss: 0.5818 | Val Loss: 0.5706 | Val Cat Acc: 0.871 | Time: 13.9s
  GPU Memory: 0.06GB allocated, 0.81GB reserved
Epoch  93/400 | Train Loss: 0.5856 | Val Loss: 0.7051 | Val Cat Acc: 0.852 | Time: 13.4s
  GPU Memory: 0.05GB allocated, 0.81GB reserved
Epoch  94/400 | Train Loss: 0.4976 | Val Loss: 0.4537 | Val Cat Acc: 0.901 | Time: 13.5s
  GPU Memory: 0.06GB allocated, 0.81GB reserved
Epoch  95/400 | Train Loss: 0.4879 | Val Loss: 0.4858 | Val Cat Acc: 0.921 | Time: 13.5s
  GPU Memory: 0.06GB allocated, 0.81GB reserved
Epoch  96/400 | Train Loss: 0.4572 | Val Loss: 0.4606 | Val Cat Acc: 0.906 | Time: 13.6s
  GPU Memory: 0.05GB allocated, 0.81GB reserved
Epoch  97/400 | Train Loss: 0.4405 | Val Loss: 0.4734 | Val Cat Acc: 0.918 | Time: 13.3s
  GPU Memory: 0.05GB allocated, 0.81GB reserved
Epoch  98/400 | Train Loss: 0.5296 | Val Loss: 0.6315 | Val Cat Acc: 0.908 | Time: 13.7s
  GPU Memory: 0.06GB allocated, 0.81GB reserved
Epoch  99/400 | Train Loss: 0.4799 | Val Loss: 0.6859 | Val Cat Acc: 0.878 | Time: 13.6s
  GPU Memory: 0.06GB allocated, 0.81GB reserved
Epoch 100/400 | Train Loss: 0.4832 | Val Loss: 0.4970 | Val Cat Acc: 0.910 | Time: 13.4s
  GPU Memory: 0.05GB allocated, 0.81GB reserved
Epoch 101/400 | Train Loss: 0.4552 | Val Loss: 0.5331 | Val Cat Acc: 0.893 | Time: 13.2s
  GPU Memory: 0.06GB allocated, 0.81GB reserved
Epoch 102/400 | Train Loss: 0.4877 | Val Loss: 0.5974 | Val Cat Acc: 0.893 | Time: 13.5s
  GPU Memory: 0.06GB allocated, 0.81GB reserved
Epoch 103/400 | Train Loss: 0.4821 | Val Loss: 0.5525 | Val Cat Acc: 0.872 | Time: 13.5s
  GPU Memory: 0.05GB allocated, 0.81GB reserved
Epoch 104/400 | Train Loss: 0.5631 | Val Loss: 0.4698 | Val Cat Acc: 0.926 | Time: 13.4s
  GPU Memory: 0.05GB allocated, 0.81GB reserved
Epoch 105/400 | Train Loss: 0.4970 | Val Loss: 0.4534 | Val Cat Acc: 0.911 | Time: 13.4s
  GPU Memory: 0.05GB allocated, 0.81GB reserved
Epoch 106/400 | Train Loss: 0.4487 | Val Loss: 0.5577 | Val Cat Acc: 0.897 | Time: 13.1s
  GPU Memory: 0.05GB allocated, 0.81GB reserved
Epoch 107/400 | Train Loss: 0.4447 | Val Loss: 0.4677 | Val Cat Acc: 0.915 | Time: 13.5s
  GPU Memory: 0.05GB allocated, 0.81GB reserved
Epoch 108/400 | Train Loss: 0.4348 | Val Loss: 0.4977 | Val Cat Acc: 0.872 | Time: 13.3s
  GPU Memory: 0.05GB allocated, 0.81GB reserved
Epoch 109/400 | Train Loss: 0.4030 | Val Loss: 0.4618 | Val Cat Acc: 0.902 | Time: 12.7s
  GPU Memory: 0.05GB allocated, 0.81GB reserved
Epoch 110/400 | Train Loss: 0.3881 | Val Loss: 0.3764 | Val Cat Acc: 0.914 | Time: 13.3s
  GPU Memory: 0.06GB allocated, 0.81GB reserved
  ✓ New best validation loss: 0.3764
Epoch 111/400 | Train Loss: 0.3519 | Val Loss: 0.3845 | Val Cat Acc: 0.914 | Time: 13.5s
  GPU Memory: 0.05GB allocated, 0.81GB reserved
Epoch 112/400 | Train Loss: 0.3328 | Val Loss: 0.3902 | Val Cat Acc: 0.931 | Time: 13.6s
  GPU Memory: 0.06GB allocated, 0.81GB reserved
Epoch 113/400 | Train Loss: 0.3364 | Val Loss: 0.3698 | Val Cat Acc: 0.930 | Time: 12.7s
  GPU Memory: 0.05GB allocated, 0.81GB reserved
  ✓ New best validation loss: 0.3698
Epoch 114/400 | Train Loss: 0.3319 | Val Loss: 0.3667 | Val Cat Acc: 0.921 | Time: 13.4s
  GPU Memory: 0.06GB allocated, 0.81GB reserved
  ✓ New best validation loss: 0.3667
Epoch 115/400 | Train Loss: 0.3224 | Val Loss: 0.3765 | Val Cat Acc: 0.929 | Time: 13.7s
  GPU Memory: 0.06GB allocated, 0.81GB reserved
Epoch 116/400 | Train Loss: 0.3141 | Val Loss: 0.3766 | Val Cat Acc: 0.937 | Time: 13.5s
  GPU Memory: 0.06GB allocated, 0.81GB reserved
Epoch 117/400 | Train Loss: 0.3117 | Val Loss: 0.3822 | Val Cat Acc: 0.925 | Time: 13.3s
  GPU Memory: 0.05GB allocated, 0.81GB reserved
Epoch 118/400 | Train Loss: 0.3415 | Val Loss: 0.4216 | Val Cat Acc: 0.915 | Time: 12.4s
  GPU Memory: 0.05GB allocated, 0.81GB reserved
Epoch 119/400 | Train Loss: 0.3139 | Val Loss: 0.3745 | Val Cat Acc: 0.943 | Time: 13.4s
  GPU Memory: 0.06GB allocated, 0.81GB reserved
Epoch 120/400 | Train Loss: 0.3011 | Val Loss: 0.4844 | Val Cat Acc: 0.926 | Time: 13.5s
  GPU Memory: 0.06GB allocated, 0.81GB reserved
Epoch 121/400 | Train Loss: 0.3784 | Val Loss: 0.3480 | Val Cat Acc: 0.942 | Time: 13.5s
  GPU Memory: 0.06GB allocated, 0.81GB reserved
  ✓ New best validation loss: 0.3480
Epoch 122/400 | Train Loss: 0.2961 | Val Loss: 0.3553 | Val Cat Acc: 0.932 | Time: 13.5s
  GPU Memory: 0.05GB allocated, 0.81GB reserved
Epoch 123/400 | Train Loss: 0.2752 | Val Loss: 0.3808 | Val Cat Acc: 0.917 | Time: 13.4s
  GPU Memory: 0.05GB allocated, 0.81GB reserved
Epoch 124/400 | Train Loss: 0.2920 | Val Loss: 0.3229 | Val Cat Acc: 0.931 | Time: 13.3s
  GPU Memory: 0.05GB allocated, 0.81GB reserved
  ✓ New best validation loss: 0.3229
Epoch 125/400 | Train Loss: 0.2846 | Val Loss: 0.4271 | Val Cat Acc: 0.906 | Time: 13.5s
  GPU Memory: 0.06GB allocated, 0.81GB reserved
Epoch 126/400 | Train Loss: 0.3038 | Val Loss: 0.4214 | Val Cat Acc: 0.928 | Time: 13.0s
  GPU Memory: 0.06GB allocated, 0.81GB reserved
Epoch 127/400 | Train Loss: 0.2875 | Val Loss: 0.3279 | Val Cat Acc: 0.925 | Time: 13.3s
  GPU Memory: 0.06GB allocated, 0.81GB reserved
Epoch 128/400 | Train Loss: 0.2758 | Val Loss: 0.3722 | Val Cat Acc: 0.911 | Time: 13.4s
  GPU Memory: 0.06GB allocated, 0.81GB reserved
Epoch 129/400 | Train Loss: 0.2601 | Val Loss: 0.3468 | Val Cat Acc: 0.945 | Time: 13.6s
  GPU Memory: 0.06GB allocated, 0.81GB reserved
Epoch 130/400 | Train Loss: 0.2765 | Val Loss: 0.3722 | Val Cat Acc: 0.930 | Time: 13.5s
  GPU Memory: 0.05GB allocated, 0.81GB reserved
Epoch 131/400 | Train Loss: 0.2632 | Val Loss: 0.3615 | Val Cat Acc: 0.945 | Time: 13.4s
  GPU Memory: 0.06GB allocated, 0.81GB reserved
Epoch 132/400 | Train Loss: 0.2573 | Val Loss: 0.3694 | Val Cat Acc: 0.941 | Time: 13.4s
  GPU Memory: 0.05GB allocated, 0.81GB reserved
Epoch 133/400 | Train Loss: 0.2528 | Val Loss: 0.3378 | Val Cat Acc: 0.942 | Time: 13.7s
  GPU Memory: 0.06GB allocated, 0.81GB reserved
Epoch 134/400 | Train Loss: 0.2596 | Val Loss: 0.3578 | Val Cat Acc: 0.935 | Time: 12.9s
  GPU Memory: 0.05GB allocated, 0.81GB reserved
Epoch 135/400 | Train Loss: 0.2531 | Val Loss: 0.3775 | Val Cat Acc: 0.940 | Time: 12.5s
  GPU Memory: 0.05GB allocated, 0.81GB reserved
Epoch 136/400 | Train Loss: 0.2463 | Val Loss: 0.3389 | Val Cat Acc: 0.952 | Time: 13.1s
  GPU Memory: 0.06GB allocated, 0.81GB reserved
Epoch 137/400 | Train Loss: 0.2424 | Val Loss: 0.4020 | Val Cat Acc: 0.934 | Time: 13.4s
  GPU Memory: 0.05GB allocated, 0.81GB reserved
Epoch 138/400 | Train Loss: 0.2365 | Val Loss: 0.3682 | Val Cat Acc: 0.921 | Time: 13.3s
  GPU Memory: 0.05GB allocated, 0.81GB reserved
Epoch 139/400 | Train Loss: 0.2356 | Val Loss: 0.3406 | Val Cat Acc: 0.941 | Time: 13.6s
  GPU Memory: 0.05GB allocated, 0.81GB reserved
Epoch 140/400 | Train Loss: 0.2450 | Val Loss: 0.3521 | Val Cat Acc: 0.944 | Time: 13.4s
  GPU Memory: 0.05GB allocated, 0.81GB reserved
Epoch 141/400 | Train Loss: 0.2318 | Val Loss: 0.3607 | Val Cat Acc: 0.923 | Time: 12.9s
  GPU Memory: 0.05GB allocated, 0.81GB reserved
Epoch 142/400 | Train Loss: 0.2294 | Val Loss: 0.3148 | Val Cat Acc: 0.943 | Time: 12.5s
  GPU Memory: 0.06GB allocated, 0.81GB reserved
  ✓ New best validation loss: 0.3148
Epoch 143/400 | Train Loss: 0.2321 | Val Loss: 0.3412 | Val Cat Acc: 0.954 | Time: 13.2s
  GPU Memory: 0.06GB allocated, 0.81GB reserved
Epoch 144/400 | Train Loss: 0.2237 | Val Loss: 0.3295 | Val Cat Acc: 0.938 | Time: 13.4s
  GPU Memory: 0.06GB allocated, 0.81GB reserved
Epoch 145/400 | Train Loss: 0.2310 | Val Loss: 0.3516 | Val Cat Acc: 0.940 | Time: 13.6s
  GPU Memory: 0.06GB allocated, 0.81GB reserved
Epoch 146/400 | Train Loss: 0.2258 | Val Loss: 0.3586 | Val Cat Acc: 0.938 | Time: 13.6s
  GPU Memory: 0.06GB allocated, 0.81GB reserved
Epoch 147/400 | Train Loss: 0.2206 | Val Loss: 0.3478 | Val Cat Acc: 0.945 | Time: 13.5s
  GPU Memory: 0.06GB allocated, 0.81GB reserved
Epoch 148/400 | Train Loss: 0.2217 | Val Loss: 0.3245 | Val Cat Acc: 0.943 | Time: 13.5s
  GPU Memory: 0.06GB allocated, 0.81GB reserved
Epoch 149/400 | Train Loss: 0.2221 | Val Loss: 0.3370 | Val Cat Acc: 0.943 | Time: 13.1s
  GPU Memory: 0.05GB allocated, 0.81GB reserved
Epoch 150/400 | Train Loss: 0.2198 | Val Loss: 0.3470 | Val Cat Acc: 0.926 | Time: 13.2s
  GPU Memory: 0.06GB allocated, 0.81GB reserved
Epoch 151/400 | Train Loss: 0.2178 | Val Loss: 0.3040 | Val Cat Acc: 0.946 | Time: 13.7s
  GPU Memory: 0.06GB allocated, 0.81GB reserved
  ✓ New best validation loss: 0.3040
Epoch 152/400 | Train Loss: 0.2186 | Val Loss: 0.3414 | Val Cat Acc: 0.944 | Time: 13.5s
  GPU Memory: 0.06GB allocated, 0.81GB reserved
Epoch 153/400 | Train Loss: 0.2164 | Val Loss: 0.3088 | Val Cat Acc: 0.952 | Time: 13.4s
  GPU Memory: 0.05GB allocated, 0.81GB reserved
Epoch 154/400 | Train Loss: 0.2076 | Val Loss: 0.3441 | Val Cat Acc: 0.941 | Time: 13.4s
  GPU Memory: 0.06GB allocated, 0.81GB reserved
Epoch 155/400 | Train Loss: 0.2173 | Val Loss: 0.3428 | Val Cat Acc: 0.953 | Time: 13.6s
  GPU Memory: 0.06GB allocated, 0.81GB reserved
Epoch 156/400 | Train Loss: 0.2085 | Val Loss: 0.3673 | Val Cat Acc: 0.949 | Time: 13.1s
  GPU Memory: 0.05GB allocated, 0.81GB reserved
Epoch 157/400 | Train Loss: 0.2121 | Val Loss: 0.3054 | Val Cat Acc: 0.956 | Time: 13.4s
  GPU Memory: 0.06GB allocated, 0.81GB reserved
Epoch 158/400 | Train Loss: 0.2132 | Val Loss: 0.3889 | Val Cat Acc: 0.925 | Time: 12.9s
  GPU Memory: 0.06GB allocated, 0.81GB reserved
Epoch 159/400 | Train Loss: 0.2140 | Val Loss: 0.3285 | Val Cat Acc: 0.954 | Time: 13.1s
  GPU Memory: 0.05GB allocated, 0.81GB reserved
Epoch 160/400 | Train Loss: 0.2060 | Val Loss: 0.3098 | Val Cat Acc: 0.958 | Time: 13.8s
  GPU Memory: 0.06GB allocated, 0.81GB reserved
Epoch 161/400 | Train Loss: 0.2081 | Val Loss: 0.2920 | Val Cat Acc: 0.946 | Time: 13.6s
  GPU Memory: 0.06GB allocated, 0.81GB reserved
  ✓ New best validation loss: 0.2920
Epoch 162/400 | Train Loss: 0.2006 | Val Loss: 0.3527 | Val Cat Acc: 0.958 | Time: 13.5s
  GPU Memory: 0.06GB allocated, 0.81GB reserved
Epoch 163/400 | Train Loss: 0.2041 | Val Loss: 0.3503 | Val Cat Acc: 0.932 | Time: 12.7s
  GPU Memory: 0.05GB allocated, 0.81GB reserved
Epoch 164/400 | Train Loss: 0.2016 | Val Loss: 0.3424 | Val Cat Acc: 0.932 | Time: 13.0s
  GPU Memory: 0.06GB allocated, 0.81GB reserved
Epoch 165/400 | Train Loss: 0.2123 | Val Loss: 0.3043 | Val Cat Acc: 0.951 | Time: 13.2s
  GPU Memory: 0.06GB allocated, 0.81GB reserved
Epoch 166/400 | Train Loss: 0.2088 | Val Loss: 0.2996 | Val Cat Acc: 0.960 | Time: 13.7s
  GPU Memory: 0.06GB allocated, 0.81GB reserved
Epoch 167/400 | Train Loss: 0.2078 | Val Loss: 0.3362 | Val Cat Acc: 0.943 | Time: 13.5s
  GPU Memory: 0.05GB allocated, 0.81GB reserved
Epoch 168/400 | Train Loss: 0.1959 | Val Loss: 0.3258 | Val Cat Acc: 0.934 | Time: 13.8s
  GPU Memory: 0.06GB allocated, 0.81GB reserved
Epoch 169/400 | Train Loss: 0.1972 | Val Loss: 0.3151 | Val Cat Acc: 0.946 | Time: 13.4s
  GPU Memory: 0.06GB allocated, 0.81GB reserved
Epoch 170/400 | Train Loss: 0.1968 | Val Loss: 0.3212 | Val Cat Acc: 0.953 | Time: 13.4s
  GPU Memory: 0.05GB allocated, 0.81GB reserved
Epoch 171/400 | Train Loss: 0.1962 | Val Loss: 0.3424 | Val Cat Acc: 0.936 | Time: 13.6s
  GPU Memory: 0.06GB allocated, 0.81GB reserved
Epoch 172/400 | Train Loss: 0.1960 | Val Loss: 0.2975 | Val Cat Acc: 0.970 | Time: 13.6s
  GPU Memory: 0.05GB allocated, 0.81GB reserved
Epoch 173/400 | Train Loss: 0.2001 | Val Loss: 0.3359 | Val Cat Acc: 0.932 | Time: 13.1s
  GPU Memory: 0.05GB allocated, 0.81GB reserved
Epoch 174/400 | Train Loss: 0.1969 | Val Loss: 0.3640 | Val Cat Acc: 0.945 | Time: 13.3s
  GPU Memory: 0.06GB allocated, 0.81GB reserved
Epoch 175/400 | Train Loss: 0.1889 | Val Loss: 0.2857 | Val Cat Acc: 0.966 | Time: 12.7s
  GPU Memory: 0.06GB allocated, 0.81GB reserved
  ✓ New best validation loss: 0.2857
Epoch 176/400 | Train Loss: 0.1848 | Val Loss: 0.3397 | Val Cat Acc: 0.946 | Time: 12.8s
  GPU Memory: 0.05GB allocated, 0.81GB reserved
Epoch 177/400 | Train Loss: 0.1854 | Val Loss: 0.2697 | Val Cat Acc: 0.965 | Time: 13.1s
  GPU Memory: 0.05GB allocated, 0.81GB reserved
  ✓ New best validation loss: 0.2697
Epoch 178/400 | Train Loss: 0.1805 | Val Loss: 0.3100 | Val Cat Acc: 0.945 | Time: 13.3s
  GPU Memory: 0.05GB allocated, 0.81GB reserved
Epoch 179/400 | Train Loss: 0.1766 | Val Loss: 0.2944 | Val Cat Acc: 0.956 | Time: 13.3s
  GPU Memory: 0.05GB allocated, 0.81GB reserved
Epoch 180/400 | Train Loss: 0.1761 | Val Loss: 0.2798 | Val Cat Acc: 0.953 | Time: 13.6s
  GPU Memory: 0.06GB allocated, 0.81GB reserved
Epoch 181/400 | Train Loss: 0.1792 | Val Loss: 0.3083 | Val Cat Acc: 0.957 | Time: 13.6s
  GPU Memory: 0.06GB allocated, 0.81GB reserved
Epoch 182/400 | Train Loss: 0.1761 | Val Loss: 0.2845 | Val Cat Acc: 0.956 | Time: 13.6s
  GPU Memory: 0.06GB allocated, 0.81GB reserved
Epoch 183/400 | Train Loss: 0.1811 | Val Loss: 0.2791 | Val Cat Acc: 0.961 | Time: 13.5s
  GPU Memory: 0.06GB allocated, 0.81GB reserved
Epoch 184/400 | Train Loss: 0.1769 | Val Loss: 0.2995 | Val Cat Acc: 0.955 | Time: 13.6s
  GPU Memory: 0.06GB allocated, 0.81GB reserved
Epoch 185/400 | Train Loss: 0.1765 | Val Loss: 0.3073 | Val Cat Acc: 0.959 | Time: 13.1s
  GPU Memory: 0.06GB allocated, 0.81GB reserved
Epoch 186/400 | Train Loss: 0.1735 | Val Loss: 0.2773 | Val Cat Acc: 0.952 | Time: 13.5s
  GPU Memory: 0.05GB allocated, 0.81GB reserved
Epoch 187/400 | Train Loss: 0.1693 | Val Loss: 0.3175 | Val Cat Acc: 0.955 | Time: 13.5s
  GPU Memory: 0.05GB allocated, 0.81GB reserved
Epoch 188/400 | Train Loss: 0.1722 | Val Loss: 0.2814 | Val Cat Acc: 0.960 | Time: 13.2s
  GPU Memory: 0.06GB allocated, 0.81GB reserved
Epoch 189/400 | Train Loss: 0.1784 | Val Loss: 0.2806 | Val Cat Acc: 0.959 | Time: 13.4s
  GPU Memory: 0.05GB allocated, 0.81GB reserved
Epoch 190/400 | Train Loss: 0.1680 | Val Loss: 0.2876 | Val Cat Acc: 0.954 | Time: 13.7s
  GPU Memory: 0.05GB allocated, 0.81GB reserved
Epoch 191/400 | Train Loss: 0.1682 | Val Loss: 0.2922 | Val Cat Acc: 0.947 | Time: 13.0s
  GPU Memory: 0.06GB allocated, 0.81GB reserved
Epoch 192/400 | Train Loss: 0.1821 | Val Loss: 0.3231 | Val Cat Acc: 0.957 | Time: 12.9s
  GPU Memory: 0.06GB allocated, 0.81GB reserved
Epoch 193/400 | Train Loss: 0.1761 | Val Loss: 0.2848 | Val Cat Acc: 0.959 | Time: 13.5s
  GPU Memory: 0.05GB allocated, 0.81GB reserved
Epoch 194/400 | Train Loss: 0.1724 | Val Loss: 0.2914 | Val Cat Acc: 0.951 | Time: 13.4s
  GPU Memory: 0.06GB allocated, 0.81GB reserved
Epoch 195/400 | Train Loss: 0.1679 | Val Loss: 0.2653 | Val Cat Acc: 0.960 | Time: 13.4s
  GPU Memory: 0.06GB allocated, 0.81GB reserved
  ✓ New best validation loss: 0.2653
Epoch 196/400 | Train Loss: 0.1693 | Val Loss: 0.2839 | Val Cat Acc: 0.960 | Time: 13.4s
  GPU Memory: 0.06GB allocated, 0.81GB reserved
Epoch 197/400 | Train Loss: 0.1653 | Val Loss: 0.2967 | Val Cat Acc: 0.951 | Time: 13.5s
  GPU Memory: 0.06GB allocated, 0.81GB reserved
Epoch 198/400 | Train Loss: 0.1605 | Val Loss: 0.3002 | Val Cat Acc: 0.963 | Time: 13.6s
  GPU Memory: 0.06GB allocated, 0.81GB reserved
Epoch 199/400 | Train Loss: 0.1593 | Val Loss: 0.2618 | Val Cat Acc: 0.967 | Time: 12.8s
  GPU Memory: 0.06GB allocated, 0.81GB reserved
  ✓ New best validation loss: 0.2618
Epoch 200/400 | Train Loss: 0.1539 | Val Loss: 0.2804 | Val Cat Acc: 0.957 | Time: 13.1s
  GPU Memory: 0.05GB allocated, 0.81GB reserved
Epoch 201/400 | Train Loss: 0.1526 | Val Loss: 0.2799 | Val Cat Acc: 0.959 | Time: 13.5s
  GPU Memory: 0.05GB allocated, 0.81GB reserved
Epoch 202/400 | Train Loss: 0.1556 | Val Loss: 0.2860 | Val Cat Acc: 0.962 | Time: 13.6s
  GPU Memory: 0.05GB allocated, 0.81GB reserved
Epoch 203/400 | Train Loss: 0.1603 | Val Loss: 0.2521 | Val Cat Acc: 0.966 | Time: 13.8s
  GPU Memory: 0.06GB allocated, 0.81GB reserved
  ✓ New best validation loss: 0.2521
Epoch 204/400 | Train Loss: 0.1565 | Val Loss: 0.2427 | Val Cat Acc: 0.964 | Time: 13.5s
  GPU Memory: 0.05GB allocated, 0.81GB reserved
  ✓ New best validation loss: 0.2427
Epoch 205/400 | Train Loss: 0.1611 | Val Loss: 0.2611 | Val Cat Acc: 0.958 | Time: 13.5s
  GPU Memory: 0.06GB allocated, 0.81GB reserved
Epoch 206/400 | Train Loss: 0.1515 | Val Loss: 0.2730 | Val Cat Acc: 0.965 | Time: 13.5s
  GPU Memory: 0.05GB allocated, 0.81GB reserved
Epoch 207/400 | Train Loss: 0.1592 | Val Loss: 0.2782 | Val Cat Acc: 0.965 | Time: 13.5s
  GPU Memory: 0.05GB allocated, 0.81GB reserved
Epoch 208/400 | Train Loss: 0.1504 | Val Loss: 0.2543 | Val Cat Acc: 0.972 | Time: 13.5s
  GPU Memory: 0.06GB allocated, 0.81GB reserved
Epoch 209/400 | Train Loss: 0.1461 | Val Loss: 0.2612 | Val Cat Acc: 0.972 | Time: 13.6s
  GPU Memory: 0.05GB allocated, 0.81GB reserved
Epoch 210/400 | Train Loss: 0.1488 | Val Loss: 0.2943 | Val Cat Acc: 0.960 | Time: 13.7s
  GPU Memory: 0.05GB allocated, 0.81GB reserved
Epoch 211/400 | Train Loss: 0.1517 | Val Loss: 0.2892 | Val Cat Acc: 0.967 | Time: 13.3s
  GPU Memory: 0.06GB allocated, 0.81GB reserved
Epoch 212/400 | Train Loss: 0.1482 | Val Loss: 0.2654 | Val Cat Acc: 0.967 | Time: 13.7s
  GPU Memory: 0.06GB allocated, 0.81GB reserved
Epoch 213/400 | Train Loss: 0.1461 | Val Loss: 0.2655 | Val Cat Acc: 0.960 | Time: 13.4s
  GPU Memory: 0.06GB allocated, 0.81GB reserved
Epoch 214/400 | Train Loss: 0.1449 | Val Loss: 0.2988 | Val Cat Acc: 0.951 | Time: 13.0s
  GPU Memory: 0.06GB allocated, 0.81GB reserved
Epoch 215/400 | Train Loss: 0.1501 | Val Loss: 0.2922 | Val Cat Acc: 0.963 | Time: 13.5s
  GPU Memory: 0.05GB allocated, 0.81GB reserved
Epoch 216/400 | Train Loss: 0.1449 | Val Loss: 0.2630 | Val Cat Acc: 0.955 | Time: 13.2s
  GPU Memory: 0.05GB allocated, 0.81GB reserved
Epoch 217/400 | Train Loss: 0.1435 | Val Loss: 0.2865 | Val Cat Acc: 0.969 | Time: 13.6s
  GPU Memory: 0.05GB allocated, 0.81GB reserved
Epoch 218/400 | Train Loss: 0.1445 | Val Loss: 0.2812 | Val Cat Acc: 0.963 | Time: 13.1s
  GPU Memory: 0.06GB allocated, 0.81GB reserved
Epoch 219/400 | Train Loss: 0.1407 | Val Loss: 0.2966 | Val Cat Acc: 0.951 | Time: 13.4s
  GPU Memory: 0.05GB allocated, 0.81GB reserved
Epoch 220/400 | Train Loss: 0.1431 | Val Loss: 0.2526 | Val Cat Acc: 0.966 | Time: 13.4s
  GPU Memory: 0.05GB allocated, 0.81GB reserved
Epoch 221/400 | Train Loss: 0.1437 | Val Loss: 0.2684 | Val Cat Acc: 0.964 | Time: 13.6s
  GPU Memory: 0.06GB allocated, 0.81GB reserved
Epoch 222/400 | Train Loss: 0.1389 | Val Loss: 0.2596 | Val Cat Acc: 0.974 | Time: 13.2s
  GPU Memory: 0.06GB allocated, 0.81GB reserved
Epoch 223/400 | Train Loss: 0.1401 | Val Loss: 0.2500 | Val Cat Acc: 0.963 | Time: 13.6s
  GPU Memory: 0.05GB allocated, 0.81GB reserved
Epoch 224/400 | Train Loss: 0.1380 | Val Loss: 0.2530 | Val Cat Acc: 0.971 | Time: 13.4s
  GPU Memory: 0.05GB allocated, 0.81GB reserved
Epoch 225/400 | Train Loss: 0.1361 | Val Loss: 0.2570 | Val Cat Acc: 0.968 | Time: 13.4s
  GPU Memory: 0.06GB allocated, 0.81GB reserved
Epoch 226/400 | Train Loss: 0.1377 | Val Loss: 0.2273 | Val Cat Acc: 0.976 | Time: 13.5s
  GPU Memory: 0.05GB allocated, 0.81GB reserved
  ✓ New best validation loss: 0.2273
Epoch 227/400 | Train Loss: 0.1372 | Val Loss: 0.2490 | Val Cat Acc: 0.974 | Time: 13.1s
  GPU Memory: 0.05GB allocated, 0.81GB reserved
Epoch 228/400 | Train Loss: 0.1362 | Val Loss: 0.2312 | Val Cat Acc: 0.971 | Time: 12.4s
  GPU Memory: 0.06GB allocated, 0.81GB reserved
Epoch 229/400 | Train Loss: 0.1332 | Val Loss: 0.2430 | Val Cat Acc: 0.962 | Time: 12.7s
  GPU Memory: 0.06GB allocated, 0.81GB reserved
Epoch 230/400 | Train Loss: 0.1328 | Val Loss: 0.2558 | Val Cat Acc: 0.971 | Time: 13.4s
  GPU Memory: 0.06GB allocated, 0.81GB reserved
Epoch 231/400 | Train Loss: 0.1327 | Val Loss: 0.2620 | Val Cat Acc: 0.974 | Time: 13.2s
  GPU Memory: 0.05GB allocated, 0.81GB reserved
Epoch 232/400 | Train Loss: 0.1286 | Val Loss: 0.2479 | Val Cat Acc: 0.974 | Time: 12.8s
  GPU Memory: 0.05GB allocated, 0.81GB reserved
Epoch 233/400 | Train Loss: 0.1321 | Val Loss: 0.2307 | Val Cat Acc: 0.973 | Time: 13.7s
  GPU Memory: 0.06GB allocated, 0.81GB reserved
Epoch 234/400 | Train Loss: 0.1260 | Val Loss: 0.2523 | Val Cat Acc: 0.969 | Time: 13.5s
  GPU Memory: 0.06GB allocated, 0.81GB reserved
Epoch 235/400 | Train Loss: 0.1309 | Val Loss: 0.2578 | Val Cat Acc: 0.973 | Time: 13.6s
  GPU Memory: 0.06GB allocated, 0.81GB reserved
Epoch 236/400 | Train Loss: 0.1316 | Val Loss: 0.2655 | Val Cat Acc: 0.965 | Time: 13.5s
  GPU Memory: 0.06GB allocated, 0.81GB reserved
Epoch 237/400 | Train Loss: 0.1276 | Val Loss: 0.2491 | Val Cat Acc: 0.968 | Time: 13.6s
  GPU Memory: 0.06GB allocated, 0.81GB reserved
Epoch 238/400 | Train Loss: 0.1264 | Val Loss: 0.2588 | Val Cat Acc: 0.965 | Time: 13.5s
  GPU Memory: 0.06GB allocated, 0.91GB reserved
Epoch 239/400 | Train Loss: 0.1281 | Val Loss: 0.2349 | Val Cat Acc: 0.978 | Time: 13.9s
  GPU Memory: 0.05GB allocated, 0.81GB reserved
Epoch 240/400 | Train Loss: 0.1243 | Val Loss: 0.2941 | Val Cat Acc: 0.976 | Time: 13.1s
  GPU Memory: 0.06GB allocated, 0.81GB reserved
Epoch 241/400 | Train Loss: 0.1270 | Val Loss: 0.2366 | Val Cat Acc: 0.979 | Time: 13.8s
  GPU Memory: 0.06GB allocated, 0.81GB reserved
Epoch 242/400 | Train Loss: 0.1230 | Val Loss: 0.2454 | Val Cat Acc: 0.974 | Time: 13.2s
  GPU Memory: 0.05GB allocated, 0.81GB reserved
Epoch 243/400 | Train Loss: 0.1245 | Val Loss: 0.2382 | Val Cat Acc: 0.974 | Time: 13.6s
  GPU Memory: 0.05GB allocated, 0.81GB reserved
Epoch 244/400 | Train Loss: 0.1222 | Val Loss: 0.2391 | Val Cat Acc: 0.972 | Time: 13.6s
  GPU Memory: 0.06GB allocated, 0.81GB reserved
Epoch 245/400 | Train Loss: 0.1252 | Val Loss: 0.2354 | Val Cat Acc: 0.972 | Time: 13.5s
  GPU Memory: 0.06GB allocated, 0.81GB reserved
Epoch 246/400 | Train Loss: 0.1237 | Val Loss: 0.2291 | Val Cat Acc: 0.972 | Time: 13.4s
  GPU Memory: 0.06GB allocated, 0.81GB reserved
Epoch 247/400 | Train Loss: 0.1220 | Val Loss: 0.2301 | Val Cat Acc: 0.982 | Time: 13.8s
  GPU Memory: 0.05GB allocated, 0.81GB reserved
Epoch 248/400 | Train Loss: 0.1221 | Val Loss: 0.2386 | Val Cat Acc: 0.971 | Time: 13.6s
  GPU Memory: 0.05GB allocated, 0.81GB reserved
Epoch 249/400 | Train Loss: 0.1192 | Val Loss: 0.2389 | Val Cat Acc: 0.976 | Time: 13.4s
  GPU Memory: 0.06GB allocated, 0.81GB reserved
Epoch 250/400 | Train Loss: 0.1173 | Val Loss: 0.2279 | Val Cat Acc: 0.982 | Time: 13.0s
  GPU Memory: 0.06GB allocated, 0.81GB reserved
Epoch 251/400 | Train Loss: 0.1192 | Val Loss: 0.2194 | Val Cat Acc: 0.979 | Time: 12.6s
  GPU Memory: 0.06GB allocated, 0.81GB reserved
  ✓ New best validation loss: 0.2194
Epoch 252/400 | Train Loss: 0.1173 | Val Loss: 0.2365 | Val Cat Acc: 0.975 | Time: 12.3s
  GPU Memory: 0.05GB allocated, 0.81GB reserved
Epoch 253/400 | Train Loss: 0.1176 | Val Loss: 0.2358 | Val Cat Acc: 0.979 | Time: 12.4s
  GPU Memory: 0.05GB allocated, 0.81GB reserved
Epoch 254/400 | Train Loss: 0.1146 | Val Loss: 0.2212 | Val Cat Acc: 0.980 | Time: 12.6s
  GPU Memory: 0.06GB allocated, 0.81GB reserved
Epoch 255/400 | Train Loss: 0.1164 | Val Loss: 0.2169 | Val Cat Acc: 0.980 | Time: 13.8s
  GPU Memory: 0.06GB allocated, 0.81GB reserved
  ✓ New best validation loss: 0.2169
Epoch 256/400 | Train Loss: 0.1126 | Val Loss: 0.2455 | Val Cat Acc: 0.982 | Time: 13.7s
  GPU Memory: 0.06GB allocated, 0.81GB reserved
Epoch 257/400 | Train Loss: 0.1169 | Val Loss: 0.2315 | Val Cat Acc: 0.980 | Time: 13.6s
  GPU Memory: 0.05GB allocated, 0.81GB reserved
Epoch 258/400 | Train Loss: 0.1163 | Val Loss: 0.2478 | Val Cat Acc: 0.977 | Time: 13.0s
  GPU Memory: 0.05GB allocated, 0.81GB reserved
Epoch 259/400 | Train Loss: 0.1104 | Val Loss: 0.2230 | Val Cat Acc: 0.978 | Time: 13.1s
  GPU Memory: 0.06GB allocated, 0.81GB reserved
Epoch 260/400 | Train Loss: 0.1139 | Val Loss: 0.2384 | Val Cat Acc: 0.981 | Time: 13.6s
  GPU Memory: 0.06GB allocated, 0.81GB reserved
Epoch 261/400 | Train Loss: 0.1107 | Val Loss: 0.2385 | Val Cat Acc: 0.982 | Time: 13.4s
  GPU Memory: 0.05GB allocated, 0.81GB reserved
Epoch 262/400 | Train Loss: 0.1134 | Val Loss: 0.2439 | Val Cat Acc: 0.976 | Time: 13.0s
  GPU Memory: 0.06GB allocated, 0.81GB reserved
Epoch 263/400 | Train Loss: 0.1117 | Val Loss: 0.2167 | Val Cat Acc: 0.979 | Time: 13.1s
  GPU Memory: 0.06GB allocated, 0.81GB reserved
  ✓ New best validation loss: 0.2167
Epoch 264/400 | Train Loss: 0.1095 | Val Loss: 0.2242 | Val Cat Acc: 0.978 | Time: 13.6s
  GPU Memory: 0.05GB allocated, 0.81GB reserved
Epoch 265/400 | Train Loss: 0.1099 | Val Loss: 0.2088 | Val Cat Acc: 0.981 | Time: 13.5s
  GPU Memory: 0.06GB allocated, 0.81GB reserved
  ✓ New best validation loss: 0.2088
Epoch 266/400 | Train Loss: 0.1090 | Val Loss: 0.2394 | Val Cat Acc: 0.977 | Time: 12.5s
  GPU Memory: 0.06GB allocated, 0.81GB reserved
Epoch 267/400 | Train Loss: 0.1098 | Val Loss: 0.2172 | Val Cat Acc: 0.982 | Time: 12.4s
  GPU Memory: 0.05GB allocated, 0.81GB reserved
Epoch 268/400 | Train Loss: 0.1089 | Val Loss: 0.2428 | Val Cat Acc: 0.978 | Time: 12.5s
  GPU Memory: 0.05GB allocated, 0.81GB reserved
Epoch 269/400 | Train Loss: 0.1088 | Val Loss: 0.2476 | Val Cat Acc: 0.973 | Time: 12.6s
  GPU Memory: 0.05GB allocated, 0.81GB reserved
Epoch 270/400 | Train Loss: 0.1062 | Val Loss: 0.2213 | Val Cat Acc: 0.976 | Time: 13.4s
  GPU Memory: 0.06GB allocated, 0.81GB reserved
Epoch 271/400 | Train Loss: 0.1040 | Val Loss: 0.2124 | Val Cat Acc: 0.979 | Time: 13.6s
  GPU Memory: 0.06GB allocated, 0.81GB reserved
Epoch 272/400 | Train Loss: 0.1072 | Val Loss: 0.2185 | Val Cat Acc: 0.978 | Time: 13.9s
  GPU Memory: 0.06GB allocated, 0.81GB reserved
Epoch 273/400 | Train Loss: 0.1047 | Val Loss: 0.2054 | Val Cat Acc: 0.986 | Time: 13.5s
  GPU Memory: 0.05GB allocated, 0.81GB reserved
  ✓ New best validation loss: 0.2054
Epoch 274/400 | Train Loss: 0.1019 | Val Loss: 0.2277 | Val Cat Acc: 0.980 | Time: 13.9s
  GPU Memory: 0.06GB allocated, 0.81GB reserved
Epoch 275/400 | Train Loss: 0.1027 | Val Loss: 0.2144 | Val Cat Acc: 0.982 | Time: 13.1s
  GPU Memory: 0.05GB allocated, 0.81GB reserved
Epoch 276/400 | Train Loss: 0.1037 | Val Loss: 0.2606 | Val Cat Acc: 0.979 | Time: 13.1s
  GPU Memory: 0.06GB allocated, 0.81GB reserved
Epoch 277/400 | Train Loss: 0.1013 | Val Loss: 0.2351 | Val Cat Acc: 0.979 | Time: 13.1s
  GPU Memory: 0.06GB allocated, 0.81GB reserved
Epoch 278/400 | Train Loss: 0.1057 | Val Loss: 0.2228 | Val Cat Acc: 0.979 | Time: 12.9s
  GPU Memory: 0.06GB allocated, 0.81GB reserved
Epoch 279/400 | Train Loss: 0.1012 | Val Loss: 0.2147 | Val Cat Acc: 0.982 | Time: 13.3s
  GPU Memory: 0.06GB allocated, 0.81GB reserved
Epoch 280/400 | Train Loss: 0.1014 | Val Loss: 0.2191 | Val Cat Acc: 0.976 | Time: 13.6s
  GPU Memory: 0.06GB allocated, 0.81GB reserved
Epoch 281/400 | Train Loss: 0.1001 | Val Loss: 0.1985 | Val Cat Acc: 0.985 | Time: 13.7s
  GPU Memory: 0.06GB allocated, 0.81GB reserved
  ✓ New best validation loss: 0.1985
Epoch 282/400 | Train Loss: 0.0986 | Val Loss: 0.2065 | Val Cat Acc: 0.984 | Time: 13.4s
  GPU Memory: 0.06GB allocated, 0.81GB reserved
Epoch 283/400 | Train Loss: 0.1002 | Val Loss: 0.2217 | Val Cat Acc: 0.975 | Time: 13.0s
  GPU Memory: 0.06GB allocated, 0.81GB reserved
Epoch 284/400 | Train Loss: 0.0987 | Val Loss: 0.2139 | Val Cat Acc: 0.982 | Time: 13.5s
  GPU Memory: 0.05GB allocated, 0.81GB reserved
Epoch 285/400 | Train Loss: 0.1015 | Val Loss: 0.2046 | Val Cat Acc: 0.984 | Time: 13.0s
  GPU Memory: 0.06GB allocated, 0.81GB reserved
Epoch 286/400 | Train Loss: 0.0982 | Val Loss: 0.2104 | Val Cat Acc: 0.984 | Time: 13.2s
  GPU Memory: 0.05GB allocated, 0.81GB reserved
Epoch 287/400 | Train Loss: 0.0976 | Val Loss: 0.2140 | Val Cat Acc: 0.984 | Time: 13.7s
  GPU Memory: 0.05GB allocated, 0.81GB reserved
Epoch 288/400 | Train Loss: 0.0962 | Val Loss: 0.2010 | Val Cat Acc: 0.987 | Time: 13.6s
  GPU Memory: 0.05GB allocated, 0.81GB reserved
Epoch 289/400 | Train Loss: 0.0969 | Val Loss: 0.2081 | Val Cat Acc: 0.986 | Time: 13.6s
  GPU Memory: 0.06GB allocated, 0.81GB reserved
Epoch 290/400 | Train Loss: 0.1000 | Val Loss: 0.2050 | Val Cat Acc: 0.984 | Time: 13.6s
  GPU Memory: 0.05GB allocated, 0.81GB reserved
Epoch 291/400 | Train Loss: 0.0979 | Val Loss: 0.2009 | Val Cat Acc: 0.984 | Time: 13.6s
  GPU Memory: 0.06GB allocated, 0.81GB reserved
Epoch 292/400 | Train Loss: 0.0979 | Val Loss: 0.2123 | Val Cat Acc: 0.985 | Time: 13.8s
  GPU Memory: 0.05GB allocated, 0.81GB reserved
Epoch 293/400 | Train Loss: 0.0949 | Val Loss: 0.1999 | Val Cat Acc: 0.985 | Time: 13.6s
  GPU Memory: 0.06GB allocated, 0.81GB reserved
Epoch 294/400 | Train Loss: 0.0957 | Val Loss: 0.2142 | Val Cat Acc: 0.986 | Time: 13.2s
  GPU Memory: 0.06GB allocated, 0.81GB reserved
Epoch 295/400 | Train Loss: 0.0943 | Val Loss: 0.2079 | Val Cat Acc: 0.987 | Time: 13.5s
  GPU Memory: 0.05GB allocated, 0.81GB reserved
Epoch 296/400 | Train Loss: 0.0948 | Val Loss: 0.1889 | Val Cat Acc: 0.987 | Time: 13.5s
  GPU Memory: 0.06GB allocated, 0.81GB reserved
  ✓ New best validation loss: 0.1889
Epoch 297/400 | Train Loss: 0.0933 | Val Loss: 0.2048 | Val Cat Acc: 0.986 | Time: 13.5s
  GPU Memory: 0.06GB allocated, 0.81GB reserved
Epoch 298/400 | Train Loss: 0.0945 | Val Loss: 0.2128 | Val Cat Acc: 0.985 | Time: 13.2s
  GPU Memory: 0.05GB allocated, 0.81GB reserved
Epoch 299/400 | Train Loss: 0.0940 | Val Loss: 0.2013 | Val Cat Acc: 0.982 | Time: 13.2s
  GPU Memory: 0.05GB allocated, 0.81GB reserved
Epoch 300/400 | Train Loss: 0.0934 | Val Loss: 0.2010 | Val Cat Acc: 0.984 | Time: 13.3s
  GPU Memory: 0.06GB allocated, 0.81GB reserved
Epoch 301/400 | Train Loss: 0.0908 | Val Loss: 0.2164 | Val Cat Acc: 0.981 | Time: 13.6s
  GPU Memory: 0.06GB allocated, 0.81GB reserved
Epoch 302/400 | Train Loss: 0.0918 | Val Loss: 0.2004 | Val Cat Acc: 0.988 | Time: 13.5s
  GPU Memory: 0.05GB allocated, 0.81GB reserved
Epoch 303/400 | Train Loss: 0.0911 | Val Loss: 0.2284 | Val Cat Acc: 0.980 | Time: 13.5s
  GPU Memory: 0.06GB allocated, 0.81GB reserved
Epoch 304/400 | Train Loss: 0.0888 | Val Loss: 0.2151 | Val Cat Acc: 0.984 | Time: 13.5s
  GPU Memory: 0.05GB allocated, 0.81GB reserved
Epoch 305/400 | Train Loss: 0.0919 | Val Loss: 0.2023 | Val Cat Acc: 0.985 | Time: 13.5s
  GPU Memory: 0.05GB allocated, 0.81GB reserved
Epoch 306/400 | Train Loss: 0.0903 | Val Loss: 0.1968 | Val Cat Acc: 0.986 | Time: 13.5s
  GPU Memory: 0.05GB allocated, 0.91GB reserved
Epoch 307/400 | Train Loss: 0.0881 | Val Loss: 0.2079 | Val Cat Acc: 0.988 | Time: 13.1s
  GPU Memory: 0.05GB allocated, 0.81GB reserved
Epoch 308/400 | Train Loss: 0.0907 | Val Loss: 0.1971 | Val Cat Acc: 0.984 | Time: 13.1s
  GPU Memory: 0.05GB allocated, 0.81GB reserved
Epoch 309/400 | Train Loss: 0.0877 | Val Loss: 0.1994 | Val Cat Acc: 0.983 | Time: 13.7s
  GPU Memory: 0.06GB allocated, 0.81GB reserved
Epoch 310/400 | Train Loss: 0.0874 | Val Loss: 0.2236 | Val Cat Acc: 0.986 | Time: 13.7s
  GPU Memory: 0.06GB allocated, 0.81GB reserved
Epoch 311/400 | Train Loss: 0.0884 | Val Loss: 0.2037 | Val Cat Acc: 0.985 | Time: 13.6s
  GPU Memory: 0.06GB allocated, 0.81GB reserved
Epoch 312/400 | Train Loss: 0.0860 | Val Loss: 0.2035 | Val Cat Acc: 0.984 | Time: 13.4s
  GPU Memory: 0.06GB allocated, 0.81GB reserved
Epoch 313/400 | Train Loss: 0.0885 | Val Loss: 0.2013 | Val Cat Acc: 0.984 | Time: 13.4s
  GPU Memory: 0.05GB allocated, 0.81GB reserved
Epoch 314/400 | Train Loss: 0.0863 | Val Loss: 0.2021 | Val Cat Acc: 0.986 | Time: 13.6s
  GPU Memory: 0.06GB allocated, 0.81GB reserved
Epoch 315/400 | Train Loss: 0.0876 | Val Loss: 0.2034 | Val Cat Acc: 0.985 | Time: 13.8s
  GPU Memory: 0.05GB allocated, 0.81GB reserved
Epoch 316/400 | Train Loss: 0.0869 | Val Loss: 0.1984 | Val Cat Acc: 0.987 | Time: 13.6s
  GPU Memory: 0.05GB allocated, 0.81GB reserved
Epoch 317/400 | Train Loss: 0.0867 | Val Loss: 0.2142 | Val Cat Acc: 0.985 | Time: 13.5s
  GPU Memory: 0.05GB allocated, 0.81GB reserved
Epoch 318/400 | Train Loss: 0.0858 | Val Loss: 0.1979 | Val Cat Acc: 0.987 | Time: 13.4s
  GPU Memory: 0.05GB allocated, 0.81GB reserved
Epoch 319/400 | Train Loss: 0.0861 | Val Loss: 0.1957 | Val Cat Acc: 0.985 | Time: 13.0s
  GPU Memory: 0.05GB allocated, 0.81GB reserved
Epoch 320/400 | Train Loss: 0.0841 | Val Loss: 0.2035 | Val Cat Acc: 0.987 | Time: 13.3s
  GPU Memory: 0.06GB allocated, 0.81GB reserved
Epoch 321/400 | Train Loss: 0.0836 | Val Loss: 0.1911 | Val Cat Acc: 0.985 | Time: 13.5s
  GPU Memory: 0.06GB allocated, 0.81GB reserved
Epoch 322/400 | Train Loss: 0.0834 | Val Loss: 0.2020 | Val Cat Acc: 0.984 | Time: 13.2s
  GPU Memory: 0.05GB allocated, 0.81GB reserved
Epoch 323/400 | Train Loss: 0.0831 | Val Loss: 0.2017 | Val Cat Acc: 0.986 | Time: 13.4s
  GPU Memory: 0.06GB allocated, 0.81GB reserved
Epoch 324/400 | Train Loss: 0.0836 | Val Loss: 0.1968 | Val Cat Acc: 0.983 | Time: 13.5s
  GPU Memory: 0.06GB allocated, 0.81GB reserved
Epoch 325/400 | Train Loss: 0.0837 | Val Loss: 0.2073 | Val Cat Acc: 0.985 | Time: 13.4s
  GPU Memory: 0.06GB allocated, 0.91GB reserved
Epoch 326/400 | Train Loss: 0.0841 | Val Loss: 0.1954 | Val Cat Acc: 0.985 | Time: 13.4s
  GPU Memory: 0.06GB allocated, 0.81GB reserved
Epoch 327/400 | Train Loss: 0.0834 | Val Loss: 0.1990 | Val Cat Acc: 0.990 | Time: 13.2s
  GPU Memory: 0.06GB allocated, 0.81GB reserved
Epoch 328/400 | Train Loss: 0.0839 | Val Loss: 0.2055 | Val Cat Acc: 0.987 | Time: 13.4s
  GPU Memory: 0.05GB allocated, 0.81GB reserved
Epoch 329/400 | Train Loss: 0.0817 | Val Loss: 0.2002 | Val Cat Acc: 0.985 | Time: 13.6s
  GPU Memory: 0.05GB allocated, 0.81GB reserved
Epoch 330/400 | Train Loss: 0.0812 | Val Loss: 0.1900 | Val Cat Acc: 0.986 | Time: 12.6s
  GPU Memory: 0.06GB allocated, 0.81GB reserved
Epoch 331/400 | Train Loss: 0.0824 | Val Loss: 0.1910 | Val Cat Acc: 0.988 | Time: 13.4s
  GPU Memory: 0.05GB allocated, 0.81GB reserved
Epoch 332/400 | Train Loss: 0.0819 | Val Loss: 0.1955 | Val Cat Acc: 0.984 | Time: 13.6s
  GPU Memory: 0.05GB allocated, 0.81GB reserved
Epoch 333/400 | Train Loss: 0.0806 | Val Loss: 0.1889 | Val Cat Acc: 0.984 | Time: 13.3s
  GPU Memory: 0.05GB allocated, 0.81GB reserved
  ✓ New best validation loss: 0.1889
Epoch 334/400 | Train Loss: 0.0812 | Val Loss: 0.1939 | Val Cat Acc: 0.984 | Time: 13.4s
  GPU Memory: 0.06GB allocated, 0.81GB reserved
Epoch 335/400 | Train Loss: 0.0804 | Val Loss: 0.2009 | Val Cat Acc: 0.986 | Time: 13.5s
  GPU Memory: 0.06GB allocated, 0.81GB reserved
Epoch 336/400 | Train Loss: 0.0795 | Val Loss: 0.1975 | Val Cat Acc: 0.987 | Time: 13.9s
  GPU Memory: 0.06GB allocated, 0.81GB reserved
Epoch 337/400 | Train Loss: 0.0793 | Val Loss: 0.1969 | Val Cat Acc: 0.982 | Time: 13.1s
  GPU Memory: 0.06GB allocated, 0.81GB reserved
Epoch 338/400 | Train Loss: 0.0802 | Val Loss: 0.2011 | Val Cat Acc: 0.982 | Time: 13.4s
  GPU Memory: 0.06GB allocated, 0.81GB reserved
Epoch 339/400 | Train Loss: 0.0803 | Val Loss: 0.1966 | Val Cat Acc: 0.986 | Time: 13.6s
  GPU Memory: 0.05GB allocated, 0.81GB reserved
Epoch 340/400 | Train Loss: 0.0793 | Val Loss: 0.1885 | Val Cat Acc: 0.985 | Time: 13.1s
  GPU Memory: 0.05GB allocated, 0.81GB reserved
  ✓ New best validation loss: 0.1885
Epoch 341/400 | Train Loss: 0.0795 | Val Loss: 0.1976 | Val Cat Acc: 0.988 | Time: 13.3s
  GPU Memory: 0.06GB allocated, 0.81GB reserved
Epoch 342/400 | Train Loss: 0.0783 | Val Loss: 0.1959 | Val Cat Acc: 0.985 | Time: 13.5s
  GPU Memory: 0.06GB allocated, 0.81GB reserved
Epoch 343/400 | Train Loss: 0.0794 | Val Loss: 0.1972 | Val Cat Acc: 0.987 | Time: 13.4s
  GPU Memory: 0.06GB allocated, 0.81GB reserved
Epoch 344/400 | Train Loss: 0.0788 | Val Loss: 0.1951 | Val Cat Acc: 0.986 | Time: 13.4s
  GPU Memory: 0.05GB allocated, 0.81GB reserved
Epoch 345/400 | Train Loss: 0.0785 | Val Loss: 0.1946 | Val Cat Acc: 0.986 | Time: 13.2s
  GPU Memory: 0.06GB allocated, 0.81GB reserved
Epoch 346/400 | Train Loss: 0.0776 | Val Loss: 0.1913 | Val Cat Acc: 0.986 | Time: 13.1s
  GPU Memory: 0.06GB allocated, 0.81GB reserved
Epoch 347/400 | Train Loss: 0.0787 | Val Loss: 0.1989 | Val Cat Acc: 0.985 | Time: 13.4s
  GPU Memory: 0.05GB allocated, 0.81GB reserved
Epoch 348/400 | Train Loss: 0.0771 | Val Loss: 0.1943 | Val Cat Acc: 0.985 | Time: 13.4s
  GPU Memory: 0.06GB allocated, 0.81GB reserved
Epoch 349/400 | Train Loss: 0.0770 | Val Loss: 0.1969 | Val Cat Acc: 0.985 | Time: 13.5s
  GPU Memory: 0.06GB allocated, 0.81GB reserved
Epoch 350/400 | Train Loss: 0.0763 | Val Loss: 0.1952 | Val Cat Acc: 0.991 | Time: 13.4s
  GPU Memory: 0.06GB allocated, 0.81GB reserved
Epoch 351/400 | Train Loss: 0.0777 | Val Loss: 0.1972 | Val Cat Acc: 0.988 | Time: 13.1s
  GPU Memory: 0.05GB allocated, 0.81GB reserved
Epoch 352/400 | Train Loss: 0.0772 | Val Loss: 0.1886 | Val Cat Acc: 0.988 | Time: 12.5s
  GPU Memory: 0.05GB allocated, 0.81GB reserved
Epoch 353/400 | Train Loss: 0.0759 | Val Loss: 0.1988 | Val Cat Acc: 0.988 | Time: 12.8s
  GPU Memory: 0.06GB allocated, 0.90GB reserved
Epoch 354/400 | Train Loss: 0.0768 | Val Loss: 0.1955 | Val Cat Acc: 0.987 | Time: 13.0s
  GPU Memory: 0.06GB allocated, 0.81GB reserved
Epoch 355/400 | Train Loss: 0.0759 | Val Loss: 0.1982 | Val Cat Acc: 0.986 | Time: 13.3s
  GPU Memory: 0.05GB allocated, 0.81GB reserved
Epoch 356/400 | Train Loss: 0.0757 | Val Loss: 0.1942 | Val Cat Acc: 0.990 | Time: 13.6s
  GPU Memory: 0.06GB allocated, 0.81GB reserved
Epoch 357/400 | Train Loss: 0.0757 | Val Loss: 0.1987 | Val Cat Acc: 0.983 | Time: 12.9s
  GPU Memory: 0.05GB allocated, 0.81GB reserved
Epoch 358/400 | Train Loss: 0.0752 | Val Loss: 0.1951 | Val Cat Acc: 0.985 | Time: 13.6s
  GPU Memory: 0.06GB allocated, 0.81GB reserved
Epoch 359/400 | Train Loss: 0.0748 | Val Loss: 0.1909 | Val Cat Acc: 0.988 | Time: 13.4s
  GPU Memory: 0.06GB allocated, 0.81GB reserved
Epoch 360/400 | Train Loss: 0.0752 | Val Loss: 0.1930 | Val Cat Acc: 0.987 | Time: 13.6s
  GPU Memory: 0.05GB allocated, 0.81GB reserved
Epoch 361/400 | Train Loss: 0.0751 | Val Loss: 0.1924 | Val Cat Acc: 0.988 | Time: 13.3s
  GPU Memory: 0.05GB allocated, 0.81GB reserved
Epoch 362/400 | Train Loss: 0.0755 | Val Loss: 0.1933 | Val Cat Acc: 0.983 | Time: 13.8s
  GPU Memory: 0.06GB allocated, 0.81GB reserved
Epoch 363/400 | Train Loss: 0.0750 | Val Loss: 0.1930 | Val Cat Acc: 0.985 | Time: 13.6s
  GPU Memory: 0.05GB allocated, 0.81GB reserved
Epoch 364/400 | Train Loss: 0.0751 | Val Loss: 0.1940 | Val Cat Acc: 0.987 | Time: 13.5s
  GPU Memory: 0.06GB allocated, 0.81GB reserved
Epoch 365/400 | Train Loss: 0.0744 | Val Loss: 0.1966 | Val Cat Acc: 0.984 | Time: 13.4s
  GPU Memory: 0.06GB allocated, 0.81GB reserved
Epoch 366/400 | Train Loss: 0.0733 | Val Loss: 0.1928 | Val Cat Acc: 0.987 | Time: 12.9s
  GPU Memory: 0.05GB allocated, 0.81GB reserved
Epoch 367/400 | Train Loss: 0.0734 | Val Loss: 0.1993 | Val Cat Acc: 0.985 | Time: 13.5s
  GPU Memory: 0.05GB allocated, 0.81GB reserved
Epoch 368/400 | Train Loss: 0.0737 | Val Loss: 0.1896 | Val Cat Acc: 0.986 | Time: 13.6s
  GPU Memory: 0.06GB allocated, 0.81GB reserved
Epoch 369/400 | Train Loss: 0.0739 | Val Loss: 0.1886 | Val Cat Acc: 0.986 | Time: 13.7s
  GPU Memory: 0.05GB allocated, 0.81GB reserved
Epoch 370/400 | Train Loss: 0.0731 | Val Loss: 0.1880 | Val Cat Acc: 0.985 | Time: 13.6s
  GPU Memory: 0.06GB allocated, 0.81GB reserved
  ✓ New best validation loss: 0.1880
Epoch 371/400 | Train Loss: 0.0731 | Val Loss: 0.1922 | Val Cat Acc: 0.986 | Time: 13.0s
  GPU Memory: 0.05GB allocated, 0.81GB reserved
Epoch 372/400 | Train Loss: 0.0740 | Val Loss: 0.1907 | Val Cat Acc: 0.989 | Time: 12.9s
  GPU Memory: 0.06GB allocated, 0.81GB reserved
Epoch 373/400 | Train Loss: 0.0733 | Val Loss: 0.1934 | Val Cat Acc: 0.987 | Time: 13.5s
  GPU Memory: 0.06GB allocated, 0.81GB reserved
Epoch 374/400 | Train Loss: 0.0735 | Val Loss: 0.1875 | Val Cat Acc: 0.987 | Time: 13.4s
  GPU Memory: 0.06GB allocated, 0.81GB reserved
  ✓ New best validation loss: 0.1875
Epoch 375/400 | Train Loss: 0.0726 | Val Loss: 0.1936 | Val Cat Acc: 0.988 | Time: 13.2s
  GPU Memory: 0.05GB allocated, 0.81GB reserved
Epoch 376/400 | Train Loss: 0.0724 | Val Loss: 0.1946 | Val Cat Acc: 0.986 | Time: 13.5s
  GPU Memory: 0.06GB allocated, 0.81GB reserved
Epoch 377/400 | Train Loss: 0.0724 | Val Loss: 0.1919 | Val Cat Acc: 0.986 | Time: 13.5s
  GPU Memory: 0.05GB allocated, 0.81GB reserved
Epoch 378/400 | Train Loss: 0.0724 | Val Loss: 0.1907 | Val Cat Acc: 0.986 | Time: 13.7s
  GPU Memory: 0.06GB allocated, 0.81GB reserved
Epoch 379/400 | Train Loss: 0.0734 | Val Loss: 0.1930 | Val Cat Acc: 0.988 | Time: 13.2s
  GPU Memory: 0.05GB allocated, 0.81GB reserved
Epoch 380/400 | Train Loss: 0.0727 | Val Loss: 0.1932 | Val Cat Acc: 0.987 | Time: 12.8s
  GPU Memory: 0.06GB allocated, 0.81GB reserved
Epoch 381/400 | Train Loss: 0.0717 | Val Loss: 0.1931 | Val Cat Acc: 0.987 | Time: 13.6s
  GPU Memory: 0.05GB allocated, 0.81GB reserved
Epoch 382/400 | Train Loss: 0.0725 | Val Loss: 0.1877 | Val Cat Acc: 0.989 | Time: 13.6s
  GPU Memory: 0.06GB allocated, 0.81GB reserved
Epoch 383/400 | Train Loss: 0.0718 | Val Loss: 0.1971 | Val Cat Acc: 0.988 | Time: 13.1s
  GPU Memory: 0.06GB allocated, 0.81GB reserved
Epoch 384/400 | Train Loss: 0.0722 | Val Loss: 0.1915 | Val Cat Acc: 0.987 | Time: 13.5s
  GPU Memory: 0.05GB allocated, 0.81GB reserved
Epoch 385/400 | Train Loss: 0.0723 | Val Loss: 0.1926 | Val Cat Acc: 0.988 | Time: 13.5s
  GPU Memory: 0.06GB allocated, 0.81GB reserved
Epoch 386/400 | Train Loss: 0.0719 | Val Loss: 0.1930 | Val Cat Acc: 0.985 | Time: 13.0s
  GPU Memory: 0.06GB allocated, 0.81GB reserved
Epoch 387/400 | Train Loss: 0.0718 | Val Loss: 0.1929 | Val Cat Acc: 0.988 | Time: 13.1s
  GPU Memory: 0.06GB allocated, 0.81GB reserved
Epoch 388/400 | Train Loss: 0.0722 | Val Loss: 0.1904 | Val Cat Acc: 0.988 | Time: 13.3s
  GPU Memory: 0.06GB allocated, 0.81GB reserved
Epoch 389/400 | Train Loss: 0.0710 | Val Loss: 0.1917 | Val Cat Acc: 0.987 | Time: 13.1s
  GPU Memory: 0.06GB allocated, 0.81GB reserved
Epoch 390/400 | Train Loss: 0.0716 | Val Loss: 0.1911 | Val Cat Acc: 0.988 | Time: 13.4s
  GPU Memory: 0.05GB allocated, 0.81GB reserved
Epoch 391/400 | Train Loss: 0.0719 | Val Loss: 0.1907 | Val Cat Acc: 0.988 | Time: 13.7s
  GPU Memory: 0.05GB allocated, 0.81GB reserved
Epoch 392/400 | Train Loss: 0.0719 | Val Loss: 0.1935 | Val Cat Acc: 0.987 | Time: 13.2s
  GPU Memory: 0.06GB allocated, 0.91GB reserved
Epoch 393/400 | Train Loss: 0.0715 | Val Loss: 0.1912 | Val Cat Acc: 0.987 | Time: 13.7s
  GPU Memory: 0.05GB allocated, 0.81GB reserved
Epoch 394/400 | Train Loss: 0.0720 | Val Loss: 0.1924 | Val Cat Acc: 0.988 | Time: 13.4s
  GPU Memory: 0.05GB allocated, 0.81GB reserved
Epoch 395/400 | Train Loss: 0.0719 | Val Loss: 0.1911 | Val Cat Acc: 0.988 | Time: 13.4s
  GPU Memory: 0.06GB allocated, 0.90GB reserved
Epoch 396/400 | Train Loss: 0.0716 | Val Loss: 0.1923 | Val Cat Acc: 0.987 | Time: 13.5s
  GPU Memory: 0.05GB allocated, 0.81GB reserved
Epoch 397/400 | Train Loss: 0.0712 | Val Loss: 0.1931 | Val Cat Acc: 0.987 | Time: 13.0s
  GPU Memory: 0.05GB allocated, 0.81GB reserved
Epoch 398/400 | Train Loss: 0.0710 | Val Loss: 0.1933 | Val Cat Acc: 0.987 | Time: 13.0s
  GPU Memory: 0.06GB allocated, 0.81GB reserved
Epoch 399/400 | Train Loss: 0.0714 | Val Loss: 0.1909 | Val Cat Acc: 0.987 | Time: 13.9s
  GPU Memory: 0.05GB allocated, 0.81GB reserved
Epoch 400/400 | Train Loss: 0.0715 | Val Loss: 0.1930 | Val Cat Acc: 0.987 | Time: 13.5s
  GPU Memory: 0.06GB allocated, 0.81GB reserved

================================================================================
CTC TRAINING COMPLETED!
Best validation loss: 0.1875
Checkpoints saved to: trained_models/mediapipe_gru/FSL105_ctc
================================================================================


============================================================
Training completed - 2025-10-31 16:35:34
Log saved to: trained_models/mediapipe_gru/FSL105_ctc/training_20251031_150626.log
============================================================
