============================================================
TRAINING LOG - 2025-11-10 06:18:38
============================================================
Console output will be saved to: trained_models/mediapipe_gru/FSL105_ctc_v7/training_20251110_061838.log
Metrics CSV will be saved to: trained_models/mediapipe_gru/FSL105_ctc_v7/training_20251110_061838_metrics.csv

Using device: cuda
CUDA device: NVIDIA GeForce RTX 5070 Ti
CUDA memory: 16.6 GB
CUDA compute capability: 12.0
CUDA multiprocessors: 70
CUDA memory allocated: 0.00 GB
CUDA memory cached: 0.00 GB

============================================================
DATA LOADING
============================================================
✓ Loaded data successfully
  - Dataset type: MEDIAPIPE-GRU-CTC Keypoints
  - Training folder: data/processed/FSL105_train
  - Validation folder: data/processed/FSL105_val
  - Keypoint key: X
  - Gloss classes: 105
  - Category classes: 10

============================================================
DATASET PREPARATION
============================================================
✓ CTC Mode: blank_id=105, num_ctc_classes=106
✓ Created datasets and data loaders
  - Batch size: 96
  - Training batches: 107
  - Validation batches: 27
  - Data augmentation: Enabled (noise_std=0.0035, mask_prob=0.06)
  - Training dataset size: 10184 samples
  - Validation dataset size: 2545 samples
  - Data format: [T, 178] keypoints

============================================================
MODEL SELECTION
============================================================
Available models:
Classification models (isolated signs):
  - transformer: Multi-head attention transformer (keypoints)
  - mediapipe_gru: Lightweight GRU (keypoints, mobile-friendly)
  - iv3_gru: InceptionV3 + GRU hybrid (features, offline baseline)
CTC models (continuous recognition):
  - transformer_ctc: Transformer with CTC (keypoints)
  - mediapipe_gru_ctc: Lightweight GRU with CTC (keypoints)
  - iv3_gru_ctc: InceptionV3 + GRU with CTC (features, offline baseline)
✓ Using MediaPipeGRUCtc model (input_dim=178, num_ctc_classes=106)

================================================================================
COMPREHENSIVE TRAINING CONFIGURATION
================================================================================
Session Information:
  - Start time: 2025-11-10 06:18:39
  - Working directory: /workspace/fslr-transformer-vs-iv3gru
  - Command: /workspace/fslr-transformer-vs-iv3gru/training/train.py --model mediapipe_gru_ctc --training-mode ctc --epochs 45 --batch-size 96 --lr 0.0003 --num-gloss 105 --num-cat 10 --alpha 0.8 --beta 0.2 --num-ctc-classes 106 --ctc-blank-id 105 --keypoints-train data/processed/FSL105_train --keypoints-val data/processed/FSL105_val --labels-train-csv data/processed/FSL105_train.csv --labels-val-csv data/processed/FSL105_val.csv --kp-key X --hidden1 400 --hidden2 400 --dropout 0.28 --amp --augment --augment-noise-std 0.0035 --augment-mask-prob 0.06 --augment-mask-ratio 0.06 --scheduler warmup_cosine --warmup-epochs 20 --early-stop 30 --weight-decay 0.00018 --grad-clip 1.0 --output-dir trained_models/mediapipe_gru/FSL105_ctc_v7

System Information:
  - Platform: Linux-6.8.0-52-generic-x86_64-with-glibc2.39
  - Python version: 3.12.11 | packaged by conda-forge | (main, Jun  4 2025, 14:45:31) [GCC 13.3.0]
  - PyTorch version: 2.9.0+cu128
  - CUDA version: 12.8
  - cuDNN version: 91002
  - NumPy version: 2.2.6

Core Training Parameters:
  - Model: mediapipe_gru_ctc
  - Epochs: 45
  - Batch size: 96
  - Learning rate: 0.0003
  - Weight decay: 0.00018
  - Gradient clipping: 1.0
  - Loss weights - Alpha: 0.8, Beta: 0.2

Curriculum Training: Disabled

Loss Weighting Parameters:
  - Strategy: static
  - Alpha: 0.8
  - Beta: 0.2

Data Configuration:
  - Gloss classes: 105
  - Category classes: 10
  - Data source: Real data files
  - Training folder: data/processed/FSL105_train
  - Validation folder: data/processed/FSL105_val
  - Keypoint key: X

Training Control:
  - Scheduler: warmup_cosine
  - Scheduler patience: 5
  - Early stopping: 30
  - Resume from: None

Performance Settings:
  - AMP (Mixed Precision): True
  - Model compilation: False
  - Gradient accumulation steps: 1
  - DataLoader workers: 0
  - Auto workers: False
  - Pin memory: False
  - Prefetch factor: None

Reproducibility:
  - Random seed: 42
  - Deterministic mode: False

Output Configuration:
  - Checkpoint directory: trained_models/mediapipe_gru/FSL105_ctc_v7
  - CSV log file: trained_models/mediapipe_gru/FSL105_ctc_v7/training_20251110_061838_metrics.csv

Model Information:
  - Model type: MediaPipeGRUCtc
  - Total parameters: 1,706,516
  - Trainable parameters: 1,706,516
  - Model size: 6.5 MB
================================================================================

============================================================
TRAINING START
============================================================
Training mode: CTC (Continuous Sign Language Recognition)

================================================================================
CTC TRAINING CONFIGURATION
================================================================================
Training Mode: Continuous Sign Language Recognition (CTC)
Model: MediaPipeGRUCtc
Blank Token ID: 105
Epochs: 45
Learning Rate: 0.0003
Batch Size: 96
Gradient Accumulation: 1
AMP Enabled: True
================================================================================

✓ Using CTCLoss (blank=105, zero_infinity=True)
✓ Optimizer: Adam (lr=0.0003, weight_decay=0.00018)
✓ AMP enabled: True
✓ Scheduler: WarmupCosineScheduler (warmup=20)
✓ Logging metrics to: trained_models/mediapipe_gru/FSL105_ctc_v7/training_20251110_061838_metrics.csv

================================================================================
STARTING CTC TRAINING - 45 epochs
================================================================================

Epoch   1/45 | Train Loss: 252.3839 | Val Loss: 6.2447 | Val Gloss Acc: 0.000 | Val Cat Acc: 0.127 | Time: 9.3s
  GPU Memory: 0.04GB allocated, 0.80GB reserved
  ✓ New best validation loss: 6.2447
Epoch   2/45 | Train Loss: 4.9204 | Val Loss: 5.5075 | Val Gloss Acc: 0.000 | Val Cat Acc: 0.122 | Time: 9.1s
  GPU Memory: 0.04GB allocated, 0.80GB reserved
  ✓ New best validation loss: 5.5075
Epoch   3/45 | Train Loss: 4.6747 | Val Loss: 5.2876 | Val Gloss Acc: 0.000 | Val Cat Acc: 0.193 | Time: 8.9s
  GPU Memory: 0.04GB allocated, 0.80GB reserved
  ✓ New best validation loss: 5.2876
Epoch   4/45 | Train Loss: 4.5449 | Val Loss: 5.2872 | Val Gloss Acc: 0.000 | Val Cat Acc: 0.232 | Time: 8.9s
  GPU Memory: 0.04GB allocated, 0.80GB reserved
  ✓ New best validation loss: 5.2872
Epoch   5/45 | Train Loss: 4.3843 | Val Loss: 5.1369 | Val Gloss Acc: 0.000 | Val Cat Acc: 0.276 | Time: 8.9s
  GPU Memory: 0.04GB allocated, 0.80GB reserved
  ✓ New best validation loss: 5.1369
Epoch   6/45 | Train Loss: 4.1602 | Val Loss: 4.8300 | Val Gloss Acc: 0.000 | Val Cat Acc: 0.290 | Time: 8.9s
  GPU Memory: 0.04GB allocated, 0.80GB reserved
  ✓ New best validation loss: 4.8300
Epoch   7/45 | Train Loss: 3.9291 | Val Loss: 4.8046 | Val Gloss Acc: 0.000 | Val Cat Acc: 0.316 | Time: 8.9s
  GPU Memory: 0.04GB allocated, 0.80GB reserved
  ✓ New best validation loss: 4.8046
Epoch   8/45 | Train Loss: 3.7251 | Val Loss: 4.3231 | Val Gloss Acc: 0.000 | Val Cat Acc: 0.322 | Time: 9.0s
  GPU Memory: 0.04GB allocated, 0.80GB reserved
  ✓ New best validation loss: 4.3231
Epoch   9/45 | Train Loss: 3.5520 | Val Loss: 3.8526 | Val Gloss Acc: 0.000 | Val Cat Acc: 0.364 | Time: 8.9s
  GPU Memory: 0.04GB allocated, 0.80GB reserved
  ✓ New best validation loss: 3.8526
Epoch  10/45 | Train Loss: 3.4180 | Val Loss: 4.1927 | Val Gloss Acc: 0.000 | Val Cat Acc: 0.334 | Time: 8.9s
  GPU Memory: 0.04GB allocated, 0.80GB reserved
Epoch  11/45 | Train Loss: 3.2658 | Val Loss: 3.4799 | Val Gloss Acc: 0.002 | Val Cat Acc: 0.380 | Time: 8.9s
  GPU Memory: 0.04GB allocated, 0.80GB reserved
  ✓ New best validation loss: 3.4799
Epoch  12/45 | Train Loss: 3.1192 | Val Loss: 4.0566 | Val Gloss Acc: 0.000 | Val Cat Acc: 0.356 | Time: 9.0s
  GPU Memory: 0.04GB allocated, 0.80GB reserved
Epoch  13/45 | Train Loss: 2.9642 | Val Loss: 3.5575 | Val Gloss Acc: 0.000 | Val Cat Acc: 0.407 | Time: 9.0s
  GPU Memory: 0.04GB allocated, 0.80GB reserved
Epoch  14/45 | Train Loss: 2.8506 | Val Loss: 3.6267 | Val Gloss Acc: 0.001 | Val Cat Acc: 0.400 | Time: 9.0s
  GPU Memory: 0.04GB allocated, 0.80GB reserved
Epoch  15/45 | Train Loss: 2.7299 | Val Loss: 2.9851 | Val Gloss Acc: 0.002 | Val Cat Acc: 0.421 | Time: 8.9s
  GPU Memory: 0.04GB allocated, 0.80GB reserved
  ✓ New best validation loss: 2.9851
Epoch  16/45 | Train Loss: 2.6298 | Val Loss: 3.1816 | Val Gloss Acc: 0.001 | Val Cat Acc: 0.446 | Time: 8.9s
  GPU Memory: 0.04GB allocated, 0.80GB reserved
Epoch  17/45 | Train Loss: 2.5070 | Val Loss: 2.8627 | Val Gloss Acc: 0.002 | Val Cat Acc: 0.492 | Time: 8.9s
  GPU Memory: 0.04GB allocated, 0.80GB reserved
  ✓ New best validation loss: 2.8627
Epoch  18/45 | Train Loss: 2.4197 | Val Loss: 2.9520 | Val Gloss Acc: 0.000 | Val Cat Acc: 0.471 | Time: 8.9s
  GPU Memory: 0.04GB allocated, 0.80GB reserved
Epoch  19/45 | Train Loss: 2.3273 | Val Loss: 2.5426 | Val Gloss Acc: 0.006 | Val Cat Acc: 0.502 | Time: 8.9s
  GPU Memory: 0.04GB allocated, 0.80GB reserved
  ✓ New best validation loss: 2.5426
Epoch  20/45 | Train Loss: 2.2764 | Val Loss: 2.7120 | Val Gloss Acc: 0.007 | Val Cat Acc: 0.506 | Time: 8.9s
  GPU Memory: 0.04GB allocated, 0.80GB reserved
Epoch  21/45 | Train Loss: 2.1773 | Val Loss: 2.6411 | Val Gloss Acc: 0.007 | Val Cat Acc: 0.507 | Time: 8.9s
  GPU Memory: 0.04GB allocated, 0.80GB reserved
Epoch  22/45 | Train Loss: 2.1351 | Val Loss: 2.2961 | Val Gloss Acc: 0.013 | Val Cat Acc: 0.541 | Time: 9.0s
  GPU Memory: 0.04GB allocated, 0.80GB reserved
  ✓ New best validation loss: 2.2961
Epoch  23/45 | Train Loss: 2.0883 | Val Loss: 2.3458 | Val Gloss Acc: 0.018 | Val Cat Acc: 0.502 | Time: 8.9s
  GPU Memory: 0.04GB allocated, 0.80GB reserved
Epoch  24/45 | Train Loss: 2.0352 | Val Loss: 2.1965 | Val Gloss Acc: 0.025 | Val Cat Acc: 0.537 | Time: 8.9s
  GPU Memory: 0.04GB allocated, 0.80GB reserved
  ✓ New best validation loss: 2.1965
Epoch  25/45 | Train Loss: 1.9182 | Val Loss: 2.1481 | Val Gloss Acc: 0.037 | Val Cat Acc: 0.525 | Time: 9.0s
  GPU Memory: 0.04GB allocated, 0.80GB reserved
  ✓ New best validation loss: 2.1481
Epoch  26/45 | Train Loss: 1.8635 | Val Loss: 2.5110 | Val Gloss Acc: 0.083 | Val Cat Acc: 0.611 | Time: 9.1s
  GPU Memory: 0.04GB allocated, 0.80GB reserved
Epoch  27/45 | Train Loss: 1.8204 | Val Loss: 1.8276 | Val Gloss Acc: 0.249 | Val Cat Acc: 0.540 | Time: 9.1s
  GPU Memory: 0.04GB allocated, 0.80GB reserved
  ✓ New best validation loss: 1.8276
Epoch  28/45 | Train Loss: 1.6985 | Val Loss: 1.4961 | Val Gloss Acc: 0.409 | Val Cat Acc: 0.543 | Time: 9.0s
  GPU Memory: 0.04GB allocated, 0.80GB reserved
  ✓ New best validation loss: 1.4961
Epoch  29/45 | Train Loss: 1.6346 | Val Loss: 1.4779 | Val Gloss Acc: 0.495 | Val Cat Acc: 0.585 | Time: 9.0s
  GPU Memory: 0.04GB allocated, 0.80GB reserved
  ✓ New best validation loss: 1.4779
Epoch  30/45 | Train Loss: 1.5478 | Val Loss: 1.4818 | Val Gloss Acc: 0.417 | Val Cat Acc: 0.584 | Time: 8.9s
  GPU Memory: 0.04GB allocated, 0.80GB reserved
Epoch  31/45 | Train Loss: 1.5200 | Val Loss: 1.5084 | Val Gloss Acc: 0.492 | Val Cat Acc: 0.515 | Time: 8.9s
  GPU Memory: 0.04GB allocated, 0.80GB reserved
Epoch  32/45 | Train Loss: 1.4631 | Val Loss: 1.6102 | Val Gloss Acc: 0.515 | Val Cat Acc: 0.547 | Time: 8.9s
  GPU Memory: 0.04GB allocated, 0.80GB reserved
Epoch  33/45 | Train Loss: 1.4682 | Val Loss: 1.2300 | Val Gloss Acc: 0.555 | Val Cat Acc: 0.563 | Time: 9.1s
  GPU Memory: 0.04GB allocated, 0.80GB reserved
  ✓ New best validation loss: 1.2300
Epoch  34/45 | Train Loss: 1.3376 | Val Loss: 1.2873 | Val Gloss Acc: 0.628 | Val Cat Acc: 0.618 | Time: 8.9s
  GPU Memory: 0.04GB allocated, 0.80GB reserved
Epoch  35/45 | Train Loss: 1.3208 | Val Loss: 1.2294 | Val Gloss Acc: 0.643 | Val Cat Acc: 0.576 | Time: 9.0s
  GPU Memory: 0.04GB allocated, 0.80GB reserved
  ✓ New best validation loss: 1.2294
Epoch  36/45 | Train Loss: 1.2725 | Val Loss: 1.1065 | Val Gloss Acc: 0.694 | Val Cat Acc: 0.611 | Time: 9.0s
  GPU Memory: 0.04GB allocated, 0.80GB reserved
  ✓ New best validation loss: 1.1065
Epoch  37/45 | Train Loss: 1.2704 | Val Loss: 1.0351 | Val Gloss Acc: 0.713 | Val Cat Acc: 0.633 | Time: 9.0s
  GPU Memory: 0.04GB allocated, 0.80GB reserved
  ✓ New best validation loss: 1.0351
Epoch  38/45 | Train Loss: 1.1848 | Val Loss: 1.0279 | Val Gloss Acc: 0.712 | Val Cat Acc: 0.626 | Time: 9.0s
  GPU Memory: 0.04GB allocated, 0.80GB reserved
  ✓ New best validation loss: 1.0279
Epoch  39/45 | Train Loss: 1.1910 | Val Loss: 1.0786 | Val Gloss Acc: 0.708 | Val Cat Acc: 0.585 | Time: 9.3s
  GPU Memory: 0.04GB allocated, 0.80GB reserved
Epoch  40/45 | Train Loss: 1.1740 | Val Loss: 1.0696 | Val Gloss Acc: 0.716 | Val Cat Acc: 0.598 | Time: 9.0s
  GPU Memory: 0.04GB allocated, 0.80GB reserved
Epoch  41/45 | Train Loss: 1.0831 | Val Loss: 1.0402 | Val Gloss Acc: 0.714 | Val Cat Acc: 0.596 | Time: 9.0s
  GPU Memory: 0.04GB allocated, 0.80GB reserved
Epoch  42/45 | Train Loss: 1.0515 | Val Loss: 0.9746 | Val Gloss Acc: 0.731 | Val Cat Acc: 0.620 | Time: 9.1s
  GPU Memory: 0.04GB allocated, 0.80GB reserved
  ✓ New best validation loss: 0.9746
Epoch  43/45 | Train Loss: 1.0289 | Val Loss: 0.9751 | Val Gloss Acc: 0.736 | Val Cat Acc: 0.633 | Time: 9.0s
  GPU Memory: 0.04GB allocated, 0.80GB reserved
Epoch  44/45 | Train Loss: 1.0103 | Val Loss: 0.9224 | Val Gloss Acc: 0.761 | Val Cat Acc: 0.639 | Time: 8.9s
  GPU Memory: 0.04GB allocated, 0.80GB reserved
  ✓ New best validation loss: 0.9224
Epoch  45/45 | Train Loss: 0.9912 | Val Loss: 0.9256 | Val Gloss Acc: 0.755 | Val Cat Acc: 0.633 | Time: 8.9s
  GPU Memory: 0.04GB allocated, 0.80GB reserved

================================================================================
CTC TRAINING COMPLETED!
Best validation loss: 0.9224
Checkpoints saved to: trained_models/mediapipe_gru/FSL105_ctc_v7
================================================================================


============================================================
Training completed - 2025-11-10 06:25:24
Log saved to: trained_models/mediapipe_gru/FSL105_ctc_v7/training_20251110_061838.log
============================================================
