============================================================
TRAINING LOG - 2025-10-31 03:19:40
============================================================
Console output will be saved to: trained_models/transformer/FSL105_classification/training_20251031_031940.log
Metrics CSV will be saved to: trained_models/transformer/FSL105_classification/training_20251031_031940_metrics.csv

Using device: cuda
CUDA device: NVIDIA GeForce RTX 5070 Ti
CUDA memory: 16.6 GB
CUDA compute capability: 12.0
CUDA multiprocessors: 70
CUDA memory allocated: 0.00 GB
CUDA memory cached: 0.00 GB

============================================================
DATA LOADING
============================================================
✓ Loaded data successfully
  - Dataset type: TRANSFORMER Keypoints
  - Training folder: data/processed/FSL105_train
  - Validation folder: data/processed/FSL105_val
  - Keypoint key: X
  - Gloss classes: 105
  - Category classes: 10

============================================================
DATASET PREPARATION
============================================================
✓ Created datasets and data loaders
  - Batch size: 16
  - Training batches: 637
  - Validation batches: 160
  - Data augmentation: Enabled (noise_std=0.004, mask_prob=0.07)
  - Training dataset size: 10192 samples
  - Validation dataset size: 2546 samples
  - Data format: [T, 178] keypoints

============================================================
MODEL SELECTION
============================================================
Available models:
Classification models (isolated signs):
  - transformer: Multi-head attention transformer (keypoints)
  - mediapipe_gru: Lightweight GRU (keypoints, mobile-friendly)
  - iv3_gru: InceptionV3 + GRU hybrid (features, offline baseline)
CTC models (continuous recognition):
  - transformer_ctc: Transformer with CTC (keypoints)
  - mediapipe_gru_ctc: Lightweight GRU with CTC (keypoints)
  - iv3_gru_ctc: InceptionV3 + GRU with CTC (features, offline baseline)
✓ Using SignTransformer model (input_dim=178)

================================================================================
COMPREHENSIVE TRAINING CONFIGURATION
================================================================================
Session Information:
  - Start time: 2025-10-31 03:19:40
  - Working directory: /workspace/fslr-transformer-vs-iv3gru
  - Command: /workspace/fslr-transformer-vs-iv3gru/training/train.py --model transformer --training-mode classification --epochs 300 --batch-size 16 --lr 0.0001 --num-gloss 105 --num-cat 10 --alpha 0.8 --beta 0.2 --keypoints-train data/processed/FSL105_train --keypoints-val data/processed/FSL105_val --labels-train-csv data/processed/FSL105_train.csv --labels-val-csv data/processed/FSL105_val.csv --kp-key X --amp --augment --augment-noise-std 0.004 --augment-mask-prob 0.07 --augment-mask-ratio 0.07 --scheduler warmup_cosine --warmup-epochs 25 --early-stop 35 --weight-decay 2.5e-4 --dropout 0.20 --label-smoothing 0.1 --output-dir trained_models/transformer/FSL105_classification

System Information:
  - Platform: Linux-6.8.0-52-generic-x86_64-with-glibc2.39
  - Python version: 3.12.11 | packaged by conda-forge | (main, Jun  4 2025, 14:45:31) [GCC 13.3.0]
  - PyTorch version: 2.9.0+cu128
  - CUDA version: 12.8
  - cuDNN version: 91002
  - NumPy version: 2.2.6

Core Training Parameters:
  - Model: transformer
  - Epochs: 300
  - Batch size: 16
  - Learning rate: 0.0001
  - Weight decay: 0.00025
  - Gradient clipping: None
  - Loss weights - Alpha: 0.8, Beta: 0.2

Curriculum Training: Disabled

Loss Weighting Parameters:
  - Strategy: static
  - Alpha: 0.8
  - Beta: 0.2

Data Configuration:
  - Gloss classes: 105
  - Category classes: 10
  - Data source: Real data files
  - Training folder: data/processed/FSL105_train
  - Validation folder: data/processed/FSL105_val
  - Keypoint key: X

Training Control:
  - Scheduler: warmup_cosine
  - Scheduler patience: 5
  - Early stopping: 35
  - Resume from: None

Performance Settings:
  - AMP (Mixed Precision): True
  - Model compilation: False
  - Gradient accumulation steps: 1
  - DataLoader workers: 0
  - Auto workers: False
  - Pin memory: False
  - Prefetch factor: None

Reproducibility:
  - Random seed: 42
  - Deterministic mode: False

Output Configuration:
  - Checkpoint directory: trained_models/transformer/FSL105_classification
  - CSV log file: trained_models/transformer/FSL105_classification/training_20251031_031940_metrics.csv

Model Information:
  - Model type: SignTransformer
  - Total parameters: 3,286,259
  - Trainable parameters: 3,286,259
  - Model size: 12.5 MB
================================================================================

============================================================
TRAINING START
============================================================
Training mode: Classification (Isolated Sign Recognition)
✓ Loss weighting strategy: static
✓ Using standard CrossEntropy Loss
Training Configuration:
  - Gradient accumulation steps: 1
  - AMP enabled: True
  - Model compiled: False
  - CUDA memory before training: 0.01 GB
✓ Using WarmupCosineScheduler (warmup_epochs=25)
Training for 300 epochs...
Loss weights - Gloss: 0.8, Category: 0.2
------------------------------------------------------------
Epoch  1/300 | Train Loss: 4.1412 | Val Loss: 4.1654 | Val Gloss Acc: 0.017 | Val Cat Acc: 0.196 | Time: 14.0s
  GPU Memory: 0.06GB allocated, 0.15GB reserved
Epoch  2/300 | Train Loss: 3.8324 | Val Loss: 3.9012 | Val Gloss Acc: 0.016 | Val Cat Acc: 0.209 | Time: 15.9s
  GPU Memory: 0.06GB allocated, 0.15GB reserved
Epoch  3/300 | Train Loss: 3.9156 | Val Loss: 3.7414 | Val Gloss Acc: 0.015 | Val Cat Acc: 0.238 | Time: 14.9s
  GPU Memory: 0.06GB allocated, 0.15GB reserved
Epoch  4/300 | Train Loss: 3.7014 | Val Loss: 3.6248 | Val Gloss Acc: 0.024 | Val Cat Acc: 0.258 | Time: 15.8s
  GPU Memory: 0.06GB allocated, 0.15GB reserved
Epoch  5/300 | Train Loss: 3.6209 | Val Loss: 3.4562 | Val Gloss Acc: 0.049 | Val Cat Acc: 0.299 | Time: 14.3s
  GPU Memory: 0.06GB allocated, 0.15GB reserved
Epoch  6/300 | Train Loss: 3.5077 | Val Loss: 3.2783 | Val Gloss Acc: 0.067 | Val Cat Acc: 0.323 | Time: 13.3s
  GPU Memory: 0.06GB allocated, 0.15GB reserved
Epoch  7/300 | Train Loss: 3.1644 | Val Loss: 3.0478 | Val Gloss Acc: 0.121 | Val Cat Acc: 0.396 | Time: 15.7s
  GPU Memory: 0.06GB allocated, 0.15GB reserved
Epoch  8/300 | Train Loss: 3.1545 | Val Loss: 2.8905 | Val Gloss Acc: 0.135 | Val Cat Acc: 0.407 | Time: 12.5s
  GPU Memory: 0.06GB allocated, 0.15GB reserved
Epoch  9/300 | Train Loss: 2.6823 | Val Loss: 2.8210 | Val Gloss Acc: 0.140 | Val Cat Acc: 0.420 | Time: 12.4s
  GPU Memory: 0.06GB allocated, 0.15GB reserved
Epoch 10/300 | Train Loss: 3.0203 | Val Loss: 2.5709 | Val Gloss Acc: 0.184 | Val Cat Acc: 0.467 | Time: 13.5s
  GPU Memory: 0.06GB allocated, 0.15GB reserved
Epoch 11/300 | Train Loss: 2.4653 | Val Loss: 2.4497 | Val Gloss Acc: 0.215 | Val Cat Acc: 0.474 | Time: 11.1s
  GPU Memory: 0.06GB allocated, 0.15GB reserved
Epoch 12/300 | Train Loss: 3.1322 | Val Loss: 2.5061 | Val Gloss Acc: 0.192 | Val Cat Acc: 0.472 | Time: 16.3s
  GPU Memory: 0.06GB allocated, 0.15GB reserved
Epoch 13/300 | Train Loss: 2.7826 | Val Loss: 2.2816 | Val Gloss Acc: 0.253 | Val Cat Acc: 0.503 | Time: 9.8s
  GPU Memory: 0.06GB allocated, 0.15GB reserved
Epoch 14/300 | Train Loss: 2.5468 | Val Loss: 2.2733 | Val Gloss Acc: 0.267 | Val Cat Acc: 0.516 | Time: 12.9s
  GPU Memory: 0.06GB allocated, 0.15GB reserved
Epoch 15/300 | Train Loss: 2.5366 | Val Loss: 2.0735 | Val Gloss Acc: 0.318 | Val Cat Acc: 0.545 | Time: 16.4s
  GPU Memory: 0.06GB allocated, 0.15GB reserved
Epoch 16/300 | Train Loss: 2.5980 | Val Loss: 2.1282 | Val Gloss Acc: 0.297 | Val Cat Acc: 0.535 | Time: 16.6s
  GPU Memory: 0.06GB allocated, 0.15GB reserved
Epoch 17/300 | Train Loss: 2.6900 | Val Loss: 1.9296 | Val Gloss Acc: 0.364 | Val Cat Acc: 0.548 | Time: 15.9s
  GPU Memory: 0.06GB allocated, 0.15GB reserved
Epoch 18/300 | Train Loss: 1.5867 | Val Loss: 1.8965 | Val Gloss Acc: 0.363 | Val Cat Acc: 0.577 | Time: 16.6s
  GPU Memory: 0.06GB allocated, 0.15GB reserved
Epoch 19/300 | Train Loss: 1.9387 | Val Loss: 1.7519 | Val Gloss Acc: 0.391 | Val Cat Acc: 0.607 | Time: 15.4s
  GPU Memory: 0.06GB allocated, 0.15GB reserved
Epoch 20/300 | Train Loss: 1.4807 | Val Loss: 1.7733 | Val Gloss Acc: 0.406 | Val Cat Acc: 0.603 | Time: 15.7s
  GPU Memory: 0.06GB allocated, 0.15GB reserved
Epoch 21/300 | Train Loss: 2.0358 | Val Loss: 1.5824 | Val Gloss Acc: 0.459 | Val Cat Acc: 0.652 | Time: 11.3s
  GPU Memory: 0.06GB allocated, 0.15GB reserved
Epoch 22/300 | Train Loss: 1.7049 | Val Loss: 1.5140 | Val Gloss Acc: 0.485 | Val Cat Acc: 0.682 | Time: 14.0s
  GPU Memory: 0.06GB allocated, 0.15GB reserved
Epoch 23/300 | Train Loss: 1.8829 | Val Loss: 1.3780 | Val Gloss Acc: 0.515 | Val Cat Acc: 0.700 | Time: 16.0s
  GPU Memory: 0.06GB allocated, 0.15GB reserved
Epoch 24/300 | Train Loss: 1.6318 | Val Loss: 1.3977 | Val Gloss Acc: 0.524 | Val Cat Acc: 0.703 | Time: 14.9s
  GPU Memory: 0.06GB allocated, 0.15GB reserved
Epoch 25/300 | Train Loss: 1.6761 | Val Loss: 1.5732 | Val Gloss Acc: 0.472 | Val Cat Acc: 0.690 | Time: 16.8s
  GPU Memory: 0.06GB allocated, 0.15GB reserved
Epoch 26/300 | Train Loss: 1.0423 | Val Loss: 1.3052 | Val Gloss Acc: 0.546 | Val Cat Acc: 0.734 | Time: 13.1s
  GPU Memory: 0.06GB allocated, 0.15GB reserved
Epoch 27/300 | Train Loss: 1.0333 | Val Loss: 1.0936 | Val Gloss Acc: 0.619 | Val Cat Acc: 0.781 | Time: 15.7s
  GPU Memory: 0.06GB allocated, 0.15GB reserved
Epoch 28/300 | Train Loss: 1.0796 | Val Loss: 1.0559 | Val Gloss Acc: 0.615 | Val Cat Acc: 0.801 | Time: 15.8s
  GPU Memory: 0.06GB allocated, 0.15GB reserved
Epoch 29/300 | Train Loss: 0.8789 | Val Loss: 1.0108 | Val Gloss Acc: 0.641 | Val Cat Acc: 0.800 | Time: 13.4s
  GPU Memory: 0.06GB allocated, 0.15GB reserved
Epoch 30/300 | Train Loss: 1.0330 | Val Loss: 0.9966 | Val Gloss Acc: 0.654 | Val Cat Acc: 0.822 | Time: 11.8s
  GPU Memory: 0.06GB allocated, 0.15GB reserved
Epoch 31/300 | Train Loss: 1.1131 | Val Loss: 0.9071 | Val Gloss Acc: 0.667 | Val Cat Acc: 0.833 | Time: 10.5s
  GPU Memory: 0.06GB allocated, 0.15GB reserved
Epoch 32/300 | Train Loss: 1.0151 | Val Loss: 0.8764 | Val Gloss Acc: 0.692 | Val Cat Acc: 0.844 | Time: 13.5s
  GPU Memory: 0.06GB allocated, 0.15GB reserved
Epoch 33/300 | Train Loss: 0.9119 | Val Loss: 0.8276 | Val Gloss Acc: 0.696 | Val Cat Acc: 0.851 | Time: 13.0s
  GPU Memory: 0.06GB allocated, 0.15GB reserved
Epoch 34/300 | Train Loss: 0.6560 | Val Loss: 0.9266 | Val Gloss Acc: 0.673 | Val Cat Acc: 0.823 | Time: 14.7s
  GPU Memory: 0.06GB allocated, 0.15GB reserved
Epoch 35/300 | Train Loss: 0.8916 | Val Loss: 0.9252 | Val Gloss Acc: 0.663 | Val Cat Acc: 0.842 | Time: 13.9s
  GPU Memory: 0.06GB allocated, 0.15GB reserved
Epoch 36/300 | Train Loss: 0.7762 | Val Loss: 0.7776 | Val Gloss Acc: 0.722 | Val Cat Acc: 0.868 | Time: 9.8s
  GPU Memory: 0.06GB allocated, 0.15GB reserved
Epoch 37/300 | Train Loss: 0.2965 | Val Loss: 0.7586 | Val Gloss Acc: 0.727 | Val Cat Acc: 0.866 | Time: 15.0s
  GPU Memory: 0.06GB allocated, 0.15GB reserved
Epoch 38/300 | Train Loss: 0.5901 | Val Loss: 0.7584 | Val Gloss Acc: 0.726 | Val Cat Acc: 0.880 | Time: 11.8s
  GPU Memory: 0.06GB allocated, 0.15GB reserved
Epoch 39/300 | Train Loss: 0.6325 | Val Loss: 0.7530 | Val Gloss Acc: 0.724 | Val Cat Acc: 0.883 | Time: 12.1s
  GPU Memory: 0.06GB allocated, 0.15GB reserved
Epoch 40/300 | Train Loss: 0.6635 | Val Loss: 0.8311 | Val Gloss Acc: 0.698 | Val Cat Acc: 0.861 | Time: 16.2s
  GPU Memory: 0.06GB allocated, 0.15GB reserved
Epoch 41/300 | Train Loss: 0.7316 | Val Loss: 0.6948 | Val Gloss Acc: 0.746 | Val Cat Acc: 0.897 | Time: 13.1s
  GPU Memory: 0.06GB allocated, 0.15GB reserved
Epoch 42/300 | Train Loss: 0.2443 | Val Loss: 0.6006 | Val Gloss Acc: 0.778 | Val Cat Acc: 0.903 | Time: 15.1s
  GPU Memory: 0.06GB allocated, 0.15GB reserved
Epoch 43/300 | Train Loss: 0.5658 | Val Loss: 0.6911 | Val Gloss Acc: 0.758 | Val Cat Acc: 0.883 | Time: 15.7s
  GPU Memory: 0.06GB allocated, 0.15GB reserved
Epoch 44/300 | Train Loss: 0.4846 | Val Loss: 0.5748 | Val Gloss Acc: 0.797 | Val Cat Acc: 0.908 | Time: 11.5s
  GPU Memory: 0.06GB allocated, 0.15GB reserved
Epoch 45/300 | Train Loss: 0.4806 | Val Loss: 0.7241 | Val Gloss Acc: 0.734 | Val Cat Acc: 0.876 | Time: 14.3s
  GPU Memory: 0.06GB allocated, 0.15GB reserved
Epoch 46/300 | Train Loss: 0.4501 | Val Loss: 0.5929 | Val Gloss Acc: 0.796 | Val Cat Acc: 0.905 | Time: 11.8s
  GPU Memory: 0.06GB allocated, 0.15GB reserved
Epoch 47/300 | Train Loss: 0.1820 | Val Loss: 0.6581 | Val Gloss Acc: 0.754 | Val Cat Acc: 0.884 | Time: 15.5s
  GPU Memory: 0.06GB allocated, 0.15GB reserved
Epoch 48/300 | Train Loss: 0.1998 | Val Loss: 0.6633 | Val Gloss Acc: 0.754 | Val Cat Acc: 0.903 | Time: 9.8s
  GPU Memory: 0.06GB allocated, 0.15GB reserved
Epoch 49/300 | Train Loss: 0.4638 | Val Loss: 0.6311 | Val Gloss Acc: 0.782 | Val Cat Acc: 0.899 | Time: 11.8s
  GPU Memory: 0.06GB allocated, 0.15GB reserved
Epoch 50/300 | Train Loss: 0.7597 | Val Loss: 0.5349 | Val Gloss Acc: 0.808 | Val Cat Acc: 0.910 | Time: 14.9s
  GPU Memory: 0.06GB allocated, 0.15GB reserved
Epoch 51/300 | Train Loss: 0.1052 | Val Loss: 0.5059 | Val Gloss Acc: 0.814 | Val Cat Acc: 0.922 | Time: 15.0s
  GPU Memory: 0.06GB allocated, 0.15GB reserved
Epoch 52/300 | Train Loss: 0.2511 | Val Loss: 0.4893 | Val Gloss Acc: 0.831 | Val Cat Acc: 0.918 | Time: 10.5s
  GPU Memory: 0.06GB allocated, 0.15GB reserved
Epoch 53/300 | Train Loss: 0.3612 | Val Loss: 0.5416 | Val Gloss Acc: 0.812 | Val Cat Acc: 0.917 | Time: 14.9s
  GPU Memory: 0.06GB allocated, 0.15GB reserved
Epoch 54/300 | Train Loss: 0.5632 | Val Loss: 0.6261 | Val Gloss Acc: 0.777 | Val Cat Acc: 0.891 | Time: 13.2s
  GPU Memory: 0.06GB allocated, 0.15GB reserved
Epoch 55/300 | Train Loss: 0.7808 | Val Loss: 0.5017 | Val Gloss Acc: 0.826 | Val Cat Acc: 0.920 | Time: 14.9s
  GPU Memory: 0.06GB allocated, 0.15GB reserved
Epoch 56/300 | Train Loss: 0.6109 | Val Loss: 0.5239 | Val Gloss Acc: 0.827 | Val Cat Acc: 0.928 | Time: 15.2s
  GPU Memory: 0.06GB allocated, 0.15GB reserved
Epoch 57/300 | Train Loss: 0.2976 | Val Loss: 0.5407 | Val Gloss Acc: 0.808 | Val Cat Acc: 0.908 | Time: 15.9s
  GPU Memory: 0.06GB allocated, 0.15GB reserved
Epoch 58/300 | Train Loss: 0.2039 | Val Loss: 0.4658 | Val Gloss Acc: 0.844 | Val Cat Acc: 0.927 | Time: 16.4s
  GPU Memory: 0.06GB allocated, 0.15GB reserved
Epoch 59/300 | Train Loss: 0.5517 | Val Loss: 0.5625 | Val Gloss Acc: 0.805 | Val Cat Acc: 0.907 | Time: 12.9s
  GPU Memory: 0.06GB allocated, 0.15GB reserved
Epoch 60/300 | Train Loss: 0.3178 | Val Loss: 0.5055 | Val Gloss Acc: 0.822 | Val Cat Acc: 0.925 | Time: 11.6s
  GPU Memory: 0.06GB allocated, 0.15GB reserved
Epoch 61/300 | Train Loss: 0.5902 | Val Loss: 0.7767 | Val Gloss Acc: 0.762 | Val Cat Acc: 0.868 | Time: 10.8s
  GPU Memory: 0.06GB allocated, 0.15GB reserved
Epoch 62/300 | Train Loss: 0.2368 | Val Loss: 0.5009 | Val Gloss Acc: 0.831 | Val Cat Acc: 0.928 | Time: 12.5s
  GPU Memory: 0.06GB allocated, 0.15GB reserved
Epoch 63/300 | Train Loss: 0.0743 | Val Loss: 0.4882 | Val Gloss Acc: 0.839 | Val Cat Acc: 0.934 | Time: 10.8s
  GPU Memory: 0.06GB allocated, 0.15GB reserved
Epoch 64/300 | Train Loss: 0.1987 | Val Loss: 0.4383 | Val Gloss Acc: 0.846 | Val Cat Acc: 0.938 | Time: 9.7s
  GPU Memory: 0.06GB allocated, 0.15GB reserved
Epoch 65/300 | Train Loss: 0.9889 | Val Loss: 0.5711 | Val Gloss Acc: 0.811 | Val Cat Acc: 0.921 | Time: 15.9s
  GPU Memory: 0.06GB allocated, 0.15GB reserved
Epoch 66/300 | Train Loss: 0.1545 | Val Loss: 0.5530 | Val Gloss Acc: 0.821 | Val Cat Acc: 0.929 | Time: 17.3s
  GPU Memory: 0.06GB allocated, 0.15GB reserved
Epoch 67/300 | Train Loss: 0.2612 | Val Loss: 0.4426 | Val Gloss Acc: 0.857 | Val Cat Acc: 0.936 | Time: 16.3s
  GPU Memory: 0.06GB allocated, 0.15GB reserved
Epoch 68/300 | Train Loss: 0.0542 | Val Loss: 0.4464 | Val Gloss Acc: 0.851 | Val Cat Acc: 0.940 | Time: 12.2s
  GPU Memory: 0.06GB allocated, 0.15GB reserved
Epoch 69/300 | Train Loss: 0.1385 | Val Loss: 0.5139 | Val Gloss Acc: 0.833 | Val Cat Acc: 0.928 | Time: 9.7s
  GPU Memory: 0.06GB allocated, 0.15GB reserved
Epoch 70/300 | Train Loss: 0.6988 | Val Loss: 0.5558 | Val Gloss Acc: 0.815 | Val Cat Acc: 0.916 | Time: 9.7s
  GPU Memory: 0.06GB allocated, 0.15GB reserved
Epoch 71/300 | Train Loss: 0.3983 | Val Loss: 0.5038 | Val Gloss Acc: 0.826 | Val Cat Acc: 0.930 | Time: 11.9s
  GPU Memory: 0.06GB allocated, 0.15GB reserved
Epoch 72/300 | Train Loss: 0.1009 | Val Loss: 0.4033 | Val Gloss Acc: 0.872 | Val Cat Acc: 0.940 | Time: 9.7s
  GPU Memory: 0.06GB allocated, 0.15GB reserved
Epoch 73/300 | Train Loss: 0.3588 | Val Loss: 0.4391 | Val Gloss Acc: 0.866 | Val Cat Acc: 0.937 | Time: 9.7s
  GPU Memory: 0.06GB allocated, 0.15GB reserved
Epoch 74/300 | Train Loss: 0.4484 | Val Loss: 0.4744 | Val Gloss Acc: 0.855 | Val Cat Acc: 0.940 | Time: 12.5s
  GPU Memory: 0.06GB allocated, 0.15GB reserved
Epoch 75/300 | Train Loss: 0.0613 | Val Loss: 0.4254 | Val Gloss Acc: 0.870 | Val Cat Acc: 0.942 | Time: 9.7s
  GPU Memory: 0.06GB allocated, 0.15GB reserved
Epoch 76/300 | Train Loss: 0.0837 | Val Loss: 0.3873 | Val Gloss Acc: 0.883 | Val Cat Acc: 0.950 | Time: 9.8s
  GPU Memory: 0.06GB allocated, 0.15GB reserved
Epoch 77/300 | Train Loss: 0.4876 | Val Loss: 0.4690 | Val Gloss Acc: 0.852 | Val Cat Acc: 0.931 | Time: 9.8s
  GPU Memory: 0.06GB allocated, 0.15GB reserved
Epoch 78/300 | Train Loss: 0.2350 | Val Loss: 0.5423 | Val Gloss Acc: 0.825 | Val Cat Acc: 0.935 | Time: 9.7s
  GPU Memory: 0.06GB allocated, 0.15GB reserved
Epoch 79/300 | Train Loss: 0.2430 | Val Loss: 0.4241 | Val Gloss Acc: 0.872 | Val Cat Acc: 0.940 | Time: 9.7s
  GPU Memory: 0.06GB allocated, 0.15GB reserved
Epoch 80/300 | Train Loss: 0.3579 | Val Loss: 0.3927 | Val Gloss Acc: 0.876 | Val Cat Acc: 0.949 | Time: 14.0s
  GPU Memory: 0.06GB allocated, 0.15GB reserved
Epoch 81/300 | Train Loss: 0.2458 | Val Loss: 0.4598 | Val Gloss Acc: 0.857 | Val Cat Acc: 0.933 | Time: 14.8s
  GPU Memory: 0.06GB allocated, 0.15GB reserved
Epoch 82/300 | Train Loss: 0.1196 | Val Loss: 0.4757 | Val Gloss Acc: 0.852 | Val Cat Acc: 0.932 | Time: 13.2s
  GPU Memory: 0.06GB allocated, 0.15GB reserved
Epoch 83/300 | Train Loss: 0.0292 | Val Loss: 0.4240 | Val Gloss Acc: 0.863 | Val Cat Acc: 0.948 | Time: 12.5s
  GPU Memory: 0.06GB allocated, 0.15GB reserved
Epoch 84/300 | Train Loss: 0.4471 | Val Loss: 0.5429 | Val Gloss Acc: 0.841 | Val Cat Acc: 0.933 | Time: 12.3s
  GPU Memory: 0.06GB allocated, 0.15GB reserved
Epoch 85/300 | Train Loss: 0.5710 | Val Loss: 0.5025 | Val Gloss Acc: 0.843 | Val Cat Acc: 0.937 | Time: 16.0s
  GPU Memory: 0.06GB allocated, 0.15GB reserved
Epoch 86/300 | Train Loss: 0.0677 | Val Loss: 0.5037 | Val Gloss Acc: 0.846 | Val Cat Acc: 0.938 | Time: 15.9s
  GPU Memory: 0.06GB allocated, 0.15GB reserved
Epoch 87/300 | Train Loss: 0.0280 | Val Loss: 0.3955 | Val Gloss Acc: 0.881 | Val Cat Acc: 0.951 | Time: 11.9s
  GPU Memory: 0.06GB allocated, 0.15GB reserved
Epoch 88/300 | Train Loss: 0.8242 | Val Loss: 0.4609 | Val Gloss Acc: 0.867 | Val Cat Acc: 0.941 | Time: 16.2s
  GPU Memory: 0.06GB allocated, 0.15GB reserved
Epoch 89/300 | Train Loss: 0.1985 | Val Loss: 0.4414 | Val Gloss Acc: 0.863 | Val Cat Acc: 0.946 | Time: 12.5s
  GPU Memory: 0.06GB allocated, 0.15GB reserved
Epoch 90/300 | Train Loss: 0.0838 | Val Loss: 0.4082 | Val Gloss Acc: 0.870 | Val Cat Acc: 0.948 | Time: 15.6s
  GPU Memory: 0.06GB allocated, 0.15GB reserved
Epoch 91/300 | Train Loss: 0.0465 | Val Loss: 0.4591 | Val Gloss Acc: 0.862 | Val Cat Acc: 0.943 | Time: 13.7s
  GPU Memory: 0.06GB allocated, 0.15GB reserved
Epoch 92/300 | Train Loss: 0.2335 | Val Loss: 0.5335 | Val Gloss Acc: 0.835 | Val Cat Acc: 0.927 | Time: 13.2s
  GPU Memory: 0.06GB allocated, 0.15GB reserved
Epoch 93/300 | Train Loss: 0.1386 | Val Loss: 0.4358 | Val Gloss Acc: 0.869 | Val Cat Acc: 0.949 | Time: 10.1s
  GPU Memory: 0.06GB allocated, 0.15GB reserved
Epoch 94/300 | Train Loss: 0.3410 | Val Loss: 0.3754 | Val Gloss Acc: 0.887 | Val Cat Acc: 0.952 | Time: 9.8s
  GPU Memory: 0.06GB allocated, 0.15GB reserved
Epoch 95/300 | Train Loss: 0.0926 | Val Loss: 0.4584 | Val Gloss Acc: 0.862 | Val Cat Acc: 0.947 | Time: 9.7s
  GPU Memory: 0.06GB allocated, 0.15GB reserved
Epoch 96/300 | Train Loss: 0.0368 | Val Loss: 0.4273 | Val Gloss Acc: 0.875 | Val Cat Acc: 0.950 | Time: 10.2s
  GPU Memory: 0.06GB allocated, 0.15GB reserved
Epoch 97/300 | Train Loss: 0.1360 | Val Loss: 0.4145 | Val Gloss Acc: 0.877 | Val Cat Acc: 0.947 | Time: 12.9s
  GPU Memory: 0.06GB allocated, 0.15GB reserved
Epoch 98/300 | Train Loss: 0.2952 | Val Loss: 0.4442 | Val Gloss Acc: 0.871 | Val Cat Acc: 0.950 | Time: 10.8s
  GPU Memory: 0.06GB allocated, 0.15GB reserved
Epoch 99/300 | Train Loss: 0.1414 | Val Loss: 0.3770 | Val Gloss Acc: 0.892 | Val Cat Acc: 0.954 | Time: 12.8s
  GPU Memory: 0.06GB allocated, 0.15GB reserved
Epoch 100/300 | Train Loss: 0.3826 | Val Loss: 0.4148 | Val Gloss Acc: 0.885 | Val Cat Acc: 0.954 | Time: 9.7s
  GPU Memory: 0.06GB allocated, 0.15GB reserved
Epoch 101/300 | Train Loss: 0.0983 | Val Loss: 0.3922 | Val Gloss Acc: 0.888 | Val Cat Acc: 0.949 | Time: 9.7s
  GPU Memory: 0.06GB allocated, 0.15GB reserved
Epoch 102/300 | Train Loss: 0.0155 | Val Loss: 0.3928 | Val Gloss Acc: 0.883 | Val Cat Acc: 0.957 | Time: 14.0s
  GPU Memory: 0.06GB allocated, 0.15GB reserved
Epoch 103/300 | Train Loss: 0.1112 | Val Loss: 0.4509 | Val Gloss Acc: 0.867 | Val Cat Acc: 0.949 | Time: 15.7s
  GPU Memory: 0.06GB allocated, 0.15GB reserved
Epoch 104/300 | Train Loss: 0.0919 | Val Loss: 0.3744 | Val Gloss Acc: 0.890 | Val Cat Acc: 0.951 | Time: 15.6s
  GPU Memory: 0.06GB allocated, 0.15GB reserved
Epoch 105/300 | Train Loss: 0.0508 | Val Loss: 0.3456 | Val Gloss Acc: 0.901 | Val Cat Acc: 0.958 | Time: 14.5s
  GPU Memory: 0.06GB allocated, 0.15GB reserved
Epoch 106/300 | Train Loss: 0.0953 | Val Loss: 0.4991 | Val Gloss Acc: 0.862 | Val Cat Acc: 0.947 | Time: 12.2s
  GPU Memory: 0.06GB allocated, 0.15GB reserved
Epoch 107/300 | Train Loss: 0.0234 | Val Loss: 0.3557 | Val Gloss Acc: 0.904 | Val Cat Acc: 0.961 | Time: 16.1s
  GPU Memory: 0.06GB allocated, 0.15GB reserved
Epoch 108/300 | Train Loss: 0.1800 | Val Loss: 0.3544 | Val Gloss Acc: 0.895 | Val Cat Acc: 0.955 | Time: 13.0s
  GPU Memory: 0.06GB allocated, 0.15GB reserved
Epoch 109/300 | Train Loss: 0.2246 | Val Loss: 0.3699 | Val Gloss Acc: 0.897 | Val Cat Acc: 0.953 | Time: 14.5s
  GPU Memory: 0.06GB allocated, 0.15GB reserved
Epoch 110/300 | Train Loss: 0.1342 | Val Loss: 0.4422 | Val Gloss Acc: 0.878 | Val Cat Acc: 0.932 | Time: 12.1s
  GPU Memory: 0.06GB allocated, 0.15GB reserved
Epoch 111/300 | Train Loss: 0.1123 | Val Loss: 0.4384 | Val Gloss Acc: 0.879 | Val Cat Acc: 0.941 | Time: 10.8s
  GPU Memory: 0.06GB allocated, 0.15GB reserved
Epoch 112/300 | Train Loss: 0.2498 | Val Loss: 0.3860 | Val Gloss Acc: 0.892 | Val Cat Acc: 0.952 | Time: 15.5s
  GPU Memory: 0.06GB allocated, 0.15GB reserved
Epoch 113/300 | Train Loss: 0.2031 | Val Loss: 0.3799 | Val Gloss Acc: 0.894 | Val Cat Acc: 0.957 | Time: 11.4s
  GPU Memory: 0.06GB allocated, 0.15GB reserved
Epoch 114/300 | Train Loss: 0.1371 | Val Loss: 0.4044 | Val Gloss Acc: 0.891 | Val Cat Acc: 0.947 | Time: 12.9s
  GPU Memory: 0.06GB allocated, 0.15GB reserved
Epoch 115/300 | Train Loss: 0.3504 | Val Loss: 0.3404 | Val Gloss Acc: 0.907 | Val Cat Acc: 0.960 | Time: 15.2s
  GPU Memory: 0.06GB allocated, 0.15GB reserved
Epoch 116/300 | Train Loss: 0.0596 | Val Loss: 0.4581 | Val Gloss Acc: 0.867 | Val Cat Acc: 0.946 | Time: 13.0s
  GPU Memory: 0.06GB allocated, 0.15GB reserved
Epoch 117/300 | Train Loss: 0.0424 | Val Loss: 0.3675 | Val Gloss Acc: 0.900 | Val Cat Acc: 0.955 | Time: 15.9s
  GPU Memory: 0.06GB allocated, 0.15GB reserved
Epoch 118/300 | Train Loss: 0.0553 | Val Loss: 0.4137 | Val Gloss Acc: 0.888 | Val Cat Acc: 0.951 | Time: 15.5s
  GPU Memory: 0.06GB allocated, 0.15GB reserved
Epoch 119/300 | Train Loss: 0.0341 | Val Loss: 0.4530 | Val Gloss Acc: 0.872 | Val Cat Acc: 0.953 | Time: 15.4s
  GPU Memory: 0.06GB allocated, 0.15GB reserved
Epoch 120/300 | Train Loss: 0.0375 | Val Loss: 0.4024 | Val Gloss Acc: 0.884 | Val Cat Acc: 0.947 | Time: 14.1s
  GPU Memory: 0.06GB allocated, 0.15GB reserved
Epoch 121/300 | Train Loss: 0.0310 | Val Loss: 0.3505 | Val Gloss Acc: 0.907 | Val Cat Acc: 0.961 | Time: 11.9s
  GPU Memory: 0.06GB allocated, 0.15GB reserved
Epoch 122/300 | Train Loss: 0.0613 | Val Loss: 0.3867 | Val Gloss Acc: 0.895 | Val Cat Acc: 0.952 | Time: 13.9s
  GPU Memory: 0.06GB allocated, 0.15GB reserved
Epoch 123/300 | Train Loss: 0.0110 | Val Loss: 0.4267 | Val Gloss Acc: 0.884 | Val Cat Acc: 0.947 | Time: 14.5s
  GPU Memory: 0.06GB allocated, 0.15GB reserved
Epoch 124/300 | Train Loss: 0.0527 | Val Loss: 0.4174 | Val Gloss Acc: 0.881 | Val Cat Acc: 0.948 | Time: 11.2s
  GPU Memory: 0.06GB allocated, 0.15GB reserved
Epoch 125/300 | Train Loss: 0.0850 | Val Loss: 0.4027 | Val Gloss Acc: 0.892 | Val Cat Acc: 0.957 | Time: 11.9s
  GPU Memory: 0.06GB allocated, 0.15GB reserved
Epoch 126/300 | Train Loss: 0.0468 | Val Loss: 0.3837 | Val Gloss Acc: 0.891 | Val Cat Acc: 0.949 | Time: 15.8s
  GPU Memory: 0.06GB allocated, 0.15GB reserved
Epoch 127/300 | Train Loss: 0.0979 | Val Loss: 0.3405 | Val Gloss Acc: 0.907 | Val Cat Acc: 0.962 | Time: 13.5s
  GPU Memory: 0.06GB allocated, 0.15GB reserved
Epoch 128/300 | Train Loss: 0.0324 | Val Loss: 0.3661 | Val Gloss Acc: 0.904 | Val Cat Acc: 0.958 | Time: 9.7s
  GPU Memory: 0.06GB allocated, 0.15GB reserved
Epoch 129/300 | Train Loss: 0.3363 | Val Loss: 0.4119 | Val Gloss Acc: 0.898 | Val Cat Acc: 0.953 | Time: 9.7s
  GPU Memory: 0.06GB allocated, 0.15GB reserved
Epoch 130/300 | Train Loss: 0.0147 | Val Loss: 0.3769 | Val Gloss Acc: 0.899 | Val Cat Acc: 0.958 | Time: 14.5s
  GPU Memory: 0.06GB allocated, 0.15GB reserved
Epoch 131/300 | Train Loss: 0.0423 | Val Loss: 0.3644 | Val Gloss Acc: 0.899 | Val Cat Acc: 0.955 | Time: 14.3s
  GPU Memory: 0.06GB allocated, 0.15GB reserved
Epoch 132/300 | Train Loss: 0.0459 | Val Loss: 0.3451 | Val Gloss Acc: 0.910 | Val Cat Acc: 0.955 | Time: 11.8s
  GPU Memory: 0.06GB allocated, 0.15GB reserved
Epoch 133/300 | Train Loss: 0.0164 | Val Loss: 0.3918 | Val Gloss Acc: 0.894 | Val Cat Acc: 0.954 | Time: 11.8s
  GPU Memory: 0.06GB allocated, 0.15GB reserved
Epoch 134/300 | Train Loss: 0.0046 | Val Loss: 0.3561 | Val Gloss Acc: 0.899 | Val Cat Acc: 0.960 | Time: 12.2s
  GPU Memory: 0.06GB allocated, 0.15GB reserved
Epoch 135/300 | Train Loss: 0.0492 | Val Loss: 0.3908 | Val Gloss Acc: 0.896 | Val Cat Acc: 0.952 | Time: 15.0s
  GPU Memory: 0.06GB allocated, 0.15GB reserved
Epoch 136/300 | Train Loss: 0.0198 | Val Loss: 0.3724 | Val Gloss Acc: 0.896 | Val Cat Acc: 0.956 | Time: 15.3s
  GPU Memory: 0.06GB allocated, 0.15GB reserved
Epoch 137/300 | Train Loss: 0.0353 | Val Loss: 0.3462 | Val Gloss Acc: 0.907 | Val Cat Acc: 0.959 | Time: 11.4s
  GPU Memory: 0.06GB allocated, 0.15GB reserved
Epoch 138/300 | Train Loss: 0.0811 | Val Loss: 0.3256 | Val Gloss Acc: 0.917 | Val Cat Acc: 0.957 | Time: 15.7s
  GPU Memory: 0.06GB allocated, 0.15GB reserved
Epoch 139/300 | Train Loss: 0.1071 | Val Loss: 0.3421 | Val Gloss Acc: 0.903 | Val Cat Acc: 0.961 | Time: 13.4s
  GPU Memory: 0.06GB allocated, 0.15GB reserved
Epoch 140/300 | Train Loss: 0.1054 | Val Loss: 0.3201 | Val Gloss Acc: 0.917 | Val Cat Acc: 0.965 | Time: 11.3s
  GPU Memory: 0.06GB allocated, 0.15GB reserved
Epoch 141/300 | Train Loss: 0.0750 | Val Loss: 0.3892 | Val Gloss Acc: 0.894 | Val Cat Acc: 0.953 | Time: 9.7s
  GPU Memory: 0.06GB allocated, 0.15GB reserved
Epoch 142/300 | Train Loss: 0.0092 | Val Loss: 0.3251 | Val Gloss Acc: 0.921 | Val Cat Acc: 0.961 | Time: 11.3s
  GPU Memory: 0.06GB allocated, 0.15GB reserved
Epoch 143/300 | Train Loss: 0.0124 | Val Loss: 0.3078 | Val Gloss Acc: 0.918 | Val Cat Acc: 0.967 | Time: 16.0s
  GPU Memory: 0.06GB allocated, 0.15GB reserved
Epoch 144/300 | Train Loss: 0.0175 | Val Loss: 0.3656 | Val Gloss Acc: 0.903 | Val Cat Acc: 0.959 | Time: 12.8s
  GPU Memory: 0.06GB allocated, 0.15GB reserved
Epoch 145/300 | Train Loss: 0.0032 | Val Loss: 0.3334 | Val Gloss Acc: 0.909 | Val Cat Acc: 0.961 | Time: 9.7s
  GPU Memory: 0.06GB allocated, 0.15GB reserved
Epoch 146/300 | Train Loss: 0.0538 | Val Loss: 0.3675 | Val Gloss Acc: 0.906 | Val Cat Acc: 0.956 | Time: 10.8s
  GPU Memory: 0.06GB allocated, 0.15GB reserved
Epoch 147/300 | Train Loss: 0.1300 | Val Loss: 0.3370 | Val Gloss Acc: 0.910 | Val Cat Acc: 0.963 | Time: 11.5s
  GPU Memory: 0.06GB allocated, 0.15GB reserved
Epoch 148/300 | Train Loss: 0.0286 | Val Loss: 0.3859 | Val Gloss Acc: 0.901 | Val Cat Acc: 0.960 | Time: 9.7s
  GPU Memory: 0.06GB allocated, 0.15GB reserved
Epoch 149/300 | Train Loss: 0.0513 | Val Loss: 0.3598 | Val Gloss Acc: 0.910 | Val Cat Acc: 0.958 | Time: 9.9s
  GPU Memory: 0.06GB allocated, 0.15GB reserved
Epoch 150/300 | Train Loss: 0.0071 | Val Loss: 0.3479 | Val Gloss Acc: 0.908 | Val Cat Acc: 0.963 | Time: 11.2s
  GPU Memory: 0.06GB allocated, 0.15GB reserved
Epoch 151/300 | Train Loss: 0.1693 | Val Loss: 0.3484 | Val Gloss Acc: 0.908 | Val Cat Acc: 0.962 | Time: 12.7s
  GPU Memory: 0.06GB allocated, 0.15GB reserved
Epoch 152/300 | Train Loss: 0.2905 | Val Loss: 0.3949 | Val Gloss Acc: 0.897 | Val Cat Acc: 0.963 | Time: 13.2s
  GPU Memory: 0.06GB allocated, 0.15GB reserved
Epoch 153/300 | Train Loss: 0.1922 | Val Loss: 0.4047 | Val Gloss Acc: 0.895 | Val Cat Acc: 0.957 | Time: 13.1s
  GPU Memory: 0.06GB allocated, 0.15GB reserved
Epoch 154/300 | Train Loss: 0.0378 | Val Loss: 0.3595 | Val Gloss Acc: 0.903 | Val Cat Acc: 0.963 | Time: 11.8s
  GPU Memory: 0.06GB allocated, 0.15GB reserved
Epoch 155/300 | Train Loss: 0.0083 | Val Loss: 0.3651 | Val Gloss Acc: 0.900 | Val Cat Acc: 0.950 | Time: 11.5s
  GPU Memory: 0.06GB allocated, 0.15GB reserved
Epoch 156/300 | Train Loss: 0.1353 | Val Loss: 0.3475 | Val Gloss Acc: 0.910 | Val Cat Acc: 0.956 | Time: 16.2s
  GPU Memory: 0.06GB allocated, 0.15GB reserved
Epoch 157/300 | Train Loss: 0.0314 | Val Loss: 0.3609 | Val Gloss Acc: 0.905 | Val Cat Acc: 0.962 | Time: 14.0s
  GPU Memory: 0.06GB allocated, 0.15GB reserved
Epoch 158/300 | Train Loss: 0.0565 | Val Loss: 0.3885 | Val Gloss Acc: 0.897 | Val Cat Acc: 0.952 | Time: 12.7s
  GPU Memory: 0.06GB allocated, 0.15GB reserved
Epoch 159/300 | Train Loss: 0.2933 | Val Loss: 0.3043 | Val Gloss Acc: 0.926 | Val Cat Acc: 0.968 | Time: 14.0s
  GPU Memory: 0.06GB allocated, 0.15GB reserved
Epoch 160/300 | Train Loss: 0.0289 | Val Loss: 0.3852 | Val Gloss Acc: 0.898 | Val Cat Acc: 0.953 | Time: 16.9s
  GPU Memory: 0.06GB allocated, 0.15GB reserved
Epoch 161/300 | Train Loss: 0.1925 | Val Loss: 0.3478 | Val Gloss Acc: 0.909 | Val Cat Acc: 0.962 | Time: 15.2s
  GPU Memory: 0.06GB allocated, 0.15GB reserved
Epoch 162/300 | Train Loss: 0.0107 | Val Loss: 0.3219 | Val Gloss Acc: 0.918 | Val Cat Acc: 0.963 | Time: 11.4s
  GPU Memory: 0.06GB allocated, 0.15GB reserved
Epoch 163/300 | Train Loss: 0.1174 | Val Loss: 0.3311 | Val Gloss Acc: 0.915 | Val Cat Acc: 0.965 | Time: 16.7s
  GPU Memory: 0.06GB allocated, 0.15GB reserved
Epoch 164/300 | Train Loss: 0.4187 | Val Loss: 0.4129 | Val Gloss Acc: 0.895 | Val Cat Acc: 0.956 | Time: 11.2s
  GPU Memory: 0.06GB allocated, 0.15GB reserved
Epoch 165/300 | Train Loss: 0.0102 | Val Loss: 0.3250 | Val Gloss Acc: 0.922 | Val Cat Acc: 0.962 | Time: 9.7s
  GPU Memory: 0.06GB allocated, 0.15GB reserved
Epoch 166/300 | Train Loss: 0.0229 | Val Loss: 0.3655 | Val Gloss Acc: 0.908 | Val Cat Acc: 0.958 | Time: 14.4s
  GPU Memory: 0.06GB allocated, 0.15GB reserved
Epoch 167/300 | Train Loss: 0.0083 | Val Loss: 0.3412 | Val Gloss Acc: 0.913 | Val Cat Acc: 0.963 | Time: 9.9s
  GPU Memory: 0.06GB allocated, 0.15GB reserved
Epoch 168/300 | Train Loss: 0.0468 | Val Loss: 0.3606 | Val Gloss Acc: 0.907 | Val Cat Acc: 0.959 | Time: 12.4s
  GPU Memory: 0.06GB allocated, 0.15GB reserved
Epoch 169/300 | Train Loss: 0.0928 | Val Loss: 0.3170 | Val Gloss Acc: 0.925 | Val Cat Acc: 0.961 | Time: 13.0s
  GPU Memory: 0.06GB allocated, 0.15GB reserved
Epoch 170/300 | Train Loss: 0.0075 | Val Loss: 0.3461 | Val Gloss Acc: 0.913 | Val Cat Acc: 0.962 | Time: 12.9s
  GPU Memory: 0.06GB allocated, 0.15GB reserved
Epoch 171/300 | Train Loss: 0.0068 | Val Loss: 0.3044 | Val Gloss Acc: 0.925 | Val Cat Acc: 0.969 | Time: 11.7s
  GPU Memory: 0.06GB allocated, 0.15GB reserved
Epoch 172/300 | Train Loss: 0.0099 | Val Loss: 0.3240 | Val Gloss Acc: 0.920 | Val Cat Acc: 0.967 | Time: 15.8s
  GPU Memory: 0.06GB allocated, 0.15GB reserved
Epoch 173/300 | Train Loss: 0.0398 | Val Loss: 0.2965 | Val Gloss Acc: 0.922 | Val Cat Acc: 0.969 | Time: 14.9s
  GPU Memory: 0.06GB allocated, 0.15GB reserved
Epoch 174/300 | Train Loss: 0.6989 | Val Loss: 0.3126 | Val Gloss Acc: 0.921 | Val Cat Acc: 0.969 | Time: 11.4s
  GPU Memory: 0.06GB allocated, 0.15GB reserved
Epoch 175/300 | Train Loss: 0.1207 | Val Loss: 0.3120 | Val Gloss Acc: 0.917 | Val Cat Acc: 0.965 | Time: 9.7s
  GPU Memory: 0.06GB allocated, 0.15GB reserved
Epoch 176/300 | Train Loss: 0.0135 | Val Loss: 0.3270 | Val Gloss Acc: 0.920 | Val Cat Acc: 0.967 | Time: 13.4s
  GPU Memory: 0.06GB allocated, 0.15GB reserved
Epoch 177/300 | Train Loss: 0.1577 | Val Loss: 0.3184 | Val Gloss Acc: 0.922 | Val Cat Acc: 0.964 | Time: 16.3s
  GPU Memory: 0.06GB allocated, 0.15GB reserved
Epoch 178/300 | Train Loss: 0.0187 | Val Loss: 0.3129 | Val Gloss Acc: 0.922 | Val Cat Acc: 0.968 | Time: 13.8s
  GPU Memory: 0.06GB allocated, 0.15GB reserved
Epoch 179/300 | Train Loss: 0.1482 | Val Loss: 0.2957 | Val Gloss Acc: 0.928 | Val Cat Acc: 0.969 | Time: 12.0s
  GPU Memory: 0.06GB allocated, 0.15GB reserved
Epoch 180/300 | Train Loss: 0.0257 | Val Loss: 0.3055 | Val Gloss Acc: 0.922 | Val Cat Acc: 0.967 | Time: 9.7s
  GPU Memory: 0.06GB allocated, 0.15GB reserved
Epoch 181/300 | Train Loss: 0.0112 | Val Loss: 0.3484 | Val Gloss Acc: 0.918 | Val Cat Acc: 0.963 | Time: 10.4s
  GPU Memory: 0.06GB allocated, 0.15GB reserved
Epoch 182/300 | Train Loss: 0.0419 | Val Loss: 0.2995 | Val Gloss Acc: 0.925 | Val Cat Acc: 0.967 | Time: 10.6s
  GPU Memory: 0.06GB allocated, 0.15GB reserved
Epoch 183/300 | Train Loss: 0.0019 | Val Loss: 0.2912 | Val Gloss Acc: 0.929 | Val Cat Acc: 0.971 | Time: 10.0s
  GPU Memory: 0.06GB allocated, 0.15GB reserved
Epoch 184/300 | Train Loss: 0.0568 | Val Loss: 0.3280 | Val Gloss Acc: 0.921 | Val Cat Acc: 0.967 | Time: 12.9s
  GPU Memory: 0.06GB allocated, 0.15GB reserved
Epoch 185/300 | Train Loss: 0.0023 | Val Loss: 0.2968 | Val Gloss Acc: 0.925 | Val Cat Acc: 0.969 | Time: 10.4s
  GPU Memory: 0.06GB allocated, 0.15GB reserved
Epoch 186/300 | Train Loss: 0.0084 | Val Loss: 0.2912 | Val Gloss Acc: 0.923 | Val Cat Acc: 0.967 | Time: 14.8s
  GPU Memory: 0.06GB allocated, 0.15GB reserved
Epoch 187/300 | Train Loss: 0.0128 | Val Loss: 0.2933 | Val Gloss Acc: 0.927 | Val Cat Acc: 0.967 | Time: 13.2s
  GPU Memory: 0.06GB allocated, 0.15GB reserved
Epoch 188/300 | Train Loss: 0.0161 | Val Loss: 0.3082 | Val Gloss Acc: 0.922 | Val Cat Acc: 0.969 | Time: 10.0s
  GPU Memory: 0.06GB allocated, 0.15GB reserved
Epoch 189/300 | Train Loss: 0.0035 | Val Loss: 0.3154 | Val Gloss Acc: 0.918 | Val Cat Acc: 0.965 | Time: 14.6s
  GPU Memory: 0.06GB allocated, 0.15GB reserved
Epoch 190/300 | Train Loss: 0.0045 | Val Loss: 0.2992 | Val Gloss Acc: 0.929 | Val Cat Acc: 0.968 | Time: 10.9s
  GPU Memory: 0.06GB allocated, 0.15GB reserved
Epoch 191/300 | Train Loss: 0.0161 | Val Loss: 0.3054 | Val Gloss Acc: 0.925 | Val Cat Acc: 0.968 | Time: 12.7s
  GPU Memory: 0.06GB allocated, 0.15GB reserved
Epoch 192/300 | Train Loss: 0.0022 | Val Loss: 0.2747 | Val Gloss Acc: 0.932 | Val Cat Acc: 0.967 | Time: 15.6s
  GPU Memory: 0.06GB allocated, 0.15GB reserved
Epoch 193/300 | Train Loss: 0.0306 | Val Loss: 0.3271 | Val Gloss Acc: 0.925 | Val Cat Acc: 0.968 | Time: 16.2s
  GPU Memory: 0.06GB allocated, 0.15GB reserved
Epoch 194/300 | Train Loss: 0.0152 | Val Loss: 0.3138 | Val Gloss Acc: 0.922 | Val Cat Acc: 0.965 | Time: 16.4s
  GPU Memory: 0.06GB allocated, 0.15GB reserved
Epoch 195/300 | Train Loss: 0.0134 | Val Loss: 0.2966 | Val Gloss Acc: 0.929 | Val Cat Acc: 0.972 | Time: 14.1s
  GPU Memory: 0.06GB allocated, 0.15GB reserved
Epoch 196/300 | Train Loss: 0.0034 | Val Loss: 0.3534 | Val Gloss Acc: 0.913 | Val Cat Acc: 0.960 | Time: 15.1s
  GPU Memory: 0.06GB allocated, 0.15GB reserved
Epoch 197/300 | Train Loss: 0.0763 | Val Loss: 0.2875 | Val Gloss Acc: 0.929 | Val Cat Acc: 0.971 | Time: 12.2s
  GPU Memory: 0.06GB allocated, 0.15GB reserved
Epoch 198/300 | Train Loss: 0.0101 | Val Loss: 0.2963 | Val Gloss Acc: 0.927 | Val Cat Acc: 0.968 | Time: 15.8s
  GPU Memory: 0.06GB allocated, 0.15GB reserved
Epoch 199/300 | Train Loss: 0.0059 | Val Loss: 0.3118 | Val Gloss Acc: 0.925 | Val Cat Acc: 0.967 | Time: 15.2s
  GPU Memory: 0.06GB allocated, 0.15GB reserved
Epoch 200/300 | Train Loss: 0.0058 | Val Loss: 0.3002 | Val Gloss Acc: 0.928 | Val Cat Acc: 0.967 | Time: 10.8s
  GPU Memory: 0.06GB allocated, 0.15GB reserved
Epoch 201/300 | Train Loss: 0.0027 | Val Loss: 0.2874 | Val Gloss Acc: 0.929 | Val Cat Acc: 0.969 | Time: 13.4s
  GPU Memory: 0.06GB allocated, 0.15GB reserved
Epoch 202/300 | Train Loss: 0.0170 | Val Loss: 0.2954 | Val Gloss Acc: 0.929 | Val Cat Acc: 0.968 | Time: 16.3s
  GPU Memory: 0.06GB allocated, 0.15GB reserved
Epoch 203/300 | Train Loss: 0.0031 | Val Loss: 0.3056 | Val Gloss Acc: 0.927 | Val Cat Acc: 0.969 | Time: 16.4s
  GPU Memory: 0.06GB allocated, 0.15GB reserved
Epoch 204/300 | Train Loss: 0.0283 | Val Loss: 0.3181 | Val Gloss Acc: 0.929 | Val Cat Acc: 0.971 | Time: 15.5s
  GPU Memory: 0.06GB allocated, 0.15GB reserved
Epoch 205/300 | Train Loss: 0.0020 | Val Loss: 0.3168 | Val Gloss Acc: 0.923 | Val Cat Acc: 0.971 | Time: 15.3s
  GPU Memory: 0.06GB allocated, 0.15GB reserved
Epoch 206/300 | Train Loss: 0.0414 | Val Loss: 0.3572 | Val Gloss Acc: 0.910 | Val Cat Acc: 0.968 | Time: 9.7s
  GPU Memory: 0.06GB allocated, 0.15GB reserved
Epoch 207/300 | Train Loss: 0.0138 | Val Loss: 0.3018 | Val Gloss Acc: 0.927 | Val Cat Acc: 0.971 | Time: 12.9s
  GPU Memory: 0.06GB allocated, 0.15GB reserved
Epoch 208/300 | Train Loss: 0.0464 | Val Loss: 0.2936 | Val Gloss Acc: 0.925 | Val Cat Acc: 0.969 | Time: 15.6s
  GPU Memory: 0.06GB allocated, 0.15GB reserved
Epoch 209/300 | Train Loss: 0.0018 | Val Loss: 0.2694 | Val Gloss Acc: 0.933 | Val Cat Acc: 0.971 | Time: 15.0s
  GPU Memory: 0.06GB allocated, 0.15GB reserved
Epoch 210/300 | Train Loss: 0.0100 | Val Loss: 0.3190 | Val Gloss Acc: 0.922 | Val Cat Acc: 0.966 | Time: 13.6s
  GPU Memory: 0.06GB allocated, 0.15GB reserved
Epoch 211/300 | Train Loss: 0.0410 | Val Loss: 0.2889 | Val Gloss Acc: 0.929 | Val Cat Acc: 0.972 | Time: 11.0s
  GPU Memory: 0.06GB allocated, 0.15GB reserved
Epoch 212/300 | Train Loss: 0.0257 | Val Loss: 0.2927 | Val Gloss Acc: 0.926 | Val Cat Acc: 0.971 | Time: 15.8s
  GPU Memory: 0.06GB allocated, 0.15GB reserved
Epoch 213/300 | Train Loss: 0.0129 | Val Loss: 0.3031 | Val Gloss Acc: 0.925 | Val Cat Acc: 0.968 | Time: 14.6s
  GPU Memory: 0.06GB allocated, 0.15GB reserved
Epoch 214/300 | Train Loss: 0.0033 | Val Loss: 0.2819 | Val Gloss Acc: 0.932 | Val Cat Acc: 0.973 | Time: 11.7s
  GPU Memory: 0.06GB allocated, 0.15GB reserved
Epoch 215/300 | Train Loss: 0.0049 | Val Loss: 0.2830 | Val Gloss Acc: 0.934 | Val Cat Acc: 0.972 | Time: 10.7s
  GPU Memory: 0.06GB allocated, 0.15GB reserved
Epoch 216/300 | Train Loss: 0.0205 | Val Loss: 0.2692 | Val Gloss Acc: 0.934 | Val Cat Acc: 0.971 | Time: 10.6s
  GPU Memory: 0.06GB allocated, 0.15GB reserved
Epoch 217/300 | Train Loss: 0.0251 | Val Loss: 0.3015 | Val Gloss Acc: 0.924 | Val Cat Acc: 0.968 | Time: 10.0s
  GPU Memory: 0.06GB allocated, 0.15GB reserved
Epoch 218/300 | Train Loss: 0.0083 | Val Loss: 0.2717 | Val Gloss Acc: 0.932 | Val Cat Acc: 0.971 | Time: 9.8s
  GPU Memory: 0.06GB allocated, 0.15GB reserved
Epoch 219/300 | Train Loss: 0.0181 | Val Loss: 0.2841 | Val Gloss Acc: 0.925 | Val Cat Acc: 0.972 | Time: 9.7s
  GPU Memory: 0.06GB allocated, 0.15GB reserved
Epoch 220/300 | Train Loss: 0.0059 | Val Loss: 0.2764 | Val Gloss Acc: 0.929 | Val Cat Acc: 0.970 | Time: 10.7s
  GPU Memory: 0.06GB allocated, 0.15GB reserved
Epoch 221/300 | Train Loss: 0.0051 | Val Loss: 0.2776 | Val Gloss Acc: 0.931 | Val Cat Acc: 0.974 | Time: 9.7s
  GPU Memory: 0.06GB allocated, 0.15GB reserved
Epoch 222/300 | Train Loss: 0.0067 | Val Loss: 0.2605 | Val Gloss Acc: 0.938 | Val Cat Acc: 0.976 | Time: 10.1s
  GPU Memory: 0.06GB allocated, 0.15GB reserved
Epoch 223/300 | Train Loss: 0.0103 | Val Loss: 0.2945 | Val Gloss Acc: 0.928 | Val Cat Acc: 0.972 | Time: 15.8s
  GPU Memory: 0.06GB allocated, 0.15GB reserved
Epoch 224/300 | Train Loss: 0.0058 | Val Loss: 0.2707 | Val Gloss Acc: 0.934 | Val Cat Acc: 0.971 | Time: 15.4s
  GPU Memory: 0.06GB allocated, 0.15GB reserved
Epoch 225/300 | Train Loss: 0.0114 | Val Loss: 0.2727 | Val Gloss Acc: 0.931 | Val Cat Acc: 0.971 | Time: 11.8s
  GPU Memory: 0.06GB allocated, 0.15GB reserved
Epoch 226/300 | Train Loss: 0.0137 | Val Loss: 0.2692 | Val Gloss Acc: 0.933 | Val Cat Acc: 0.973 | Time: 13.9s
  GPU Memory: 0.06GB allocated, 0.15GB reserved
Epoch 227/300 | Train Loss: 0.0328 | Val Loss: 0.2577 | Val Gloss Acc: 0.938 | Val Cat Acc: 0.976 | Time: 12.7s
  GPU Memory: 0.06GB allocated, 0.15GB reserved
Epoch 228/300 | Train Loss: 0.0149 | Val Loss: 0.2659 | Val Gloss Acc: 0.932 | Val Cat Acc: 0.972 | Time: 10.2s
  GPU Memory: 0.06GB allocated, 0.15GB reserved
Epoch 229/300 | Train Loss: 0.0274 | Val Loss: 0.2627 | Val Gloss Acc: 0.934 | Val Cat Acc: 0.975 | Time: 12.4s
  GPU Memory: 0.06GB allocated, 0.15GB reserved
Epoch 230/300 | Train Loss: 0.0030 | Val Loss: 0.2637 | Val Gloss Acc: 0.935 | Val Cat Acc: 0.975 | Time: 12.6s
  GPU Memory: 0.06GB allocated, 0.15GB reserved
Epoch 231/300 | Train Loss: 0.0172 | Val Loss: 0.2817 | Val Gloss Acc: 0.932 | Val Cat Acc: 0.974 | Time: 12.2s
  GPU Memory: 0.06GB allocated, 0.15GB reserved
Epoch 232/300 | Train Loss: 0.0064 | Val Loss: 0.2602 | Val Gloss Acc: 0.940 | Val Cat Acc: 0.974 | Time: 9.9s
  GPU Memory: 0.06GB allocated, 0.15GB reserved
Epoch 233/300 | Train Loss: 0.0025 | Val Loss: 0.2655 | Val Gloss Acc: 0.938 | Val Cat Acc: 0.974 | Time: 14.5s
  GPU Memory: 0.06GB allocated, 0.15GB reserved
Epoch 234/300 | Train Loss: 0.0177 | Val Loss: 0.2687 | Val Gloss Acc: 0.935 | Val Cat Acc: 0.974 | Time: 15.8s
  GPU Memory: 0.06GB allocated, 0.15GB reserved
Epoch 235/300 | Train Loss: 0.0224 | Val Loss: 0.2812 | Val Gloss Acc: 0.932 | Val Cat Acc: 0.974 | Time: 10.9s
  GPU Memory: 0.06GB allocated, 0.15GB reserved
Epoch 236/300 | Train Loss: 0.0117 | Val Loss: 0.2822 | Val Gloss Acc: 0.935 | Val Cat Acc: 0.972 | Time: 15.7s
  GPU Memory: 0.06GB allocated, 0.15GB reserved
Epoch 237/300 | Train Loss: 0.0084 | Val Loss: 0.2759 | Val Gloss Acc: 0.936 | Val Cat Acc: 0.972 | Time: 16.6s
  GPU Memory: 0.06GB allocated, 0.15GB reserved
Epoch 238/300 | Train Loss: 0.0418 | Val Loss: 0.2678 | Val Gloss Acc: 0.936 | Val Cat Acc: 0.970 | Time: 14.0s
  GPU Memory: 0.06GB allocated, 0.15GB reserved
Epoch 239/300 | Train Loss: 0.0155 | Val Loss: 0.2678 | Val Gloss Acc: 0.937 | Val Cat Acc: 0.973 | Time: 14.4s
  GPU Memory: 0.06GB allocated, 0.15GB reserved
Epoch 240/300 | Train Loss: 0.0038 | Val Loss: 0.2710 | Val Gloss Acc: 0.936 | Val Cat Acc: 0.973 | Time: 12.5s
  GPU Memory: 0.06GB allocated, 0.15GB reserved
Epoch 241/300 | Train Loss: 0.0068 | Val Loss: 0.2743 | Val Gloss Acc: 0.935 | Val Cat Acc: 0.975 | Time: 12.7s
  GPU Memory: 0.06GB allocated, 0.15GB reserved
Epoch 242/300 | Train Loss: 0.0010 | Val Loss: 0.2540 | Val Gloss Acc: 0.941 | Val Cat Acc: 0.975 | Time: 16.7s
  GPU Memory: 0.06GB allocated, 0.15GB reserved
Epoch 243/300 | Train Loss: 0.0020 | Val Loss: 0.2591 | Val Gloss Acc: 0.938 | Val Cat Acc: 0.973 | Time: 10.2s
  GPU Memory: 0.06GB allocated, 0.15GB reserved
Epoch 244/300 | Train Loss: 0.0403 | Val Loss: 0.2508 | Val Gloss Acc: 0.940 | Val Cat Acc: 0.976 | Time: 10.1s
  GPU Memory: 0.06GB allocated, 0.15GB reserved
Epoch 245/300 | Train Loss: 0.0111 | Val Loss: 0.2634 | Val Gloss Acc: 0.940 | Val Cat Acc: 0.976 | Time: 15.0s
  GPU Memory: 0.06GB allocated, 0.15GB reserved
Epoch 246/300 | Train Loss: 0.0064 | Val Loss: 0.2821 | Val Gloss Acc: 0.930 | Val Cat Acc: 0.971 | Time: 9.8s
  GPU Memory: 0.06GB allocated, 0.15GB reserved
Epoch 247/300 | Train Loss: 0.0147 | Val Loss: 0.2632 | Val Gloss Acc: 0.935 | Val Cat Acc: 0.971 | Time: 12.9s
  GPU Memory: 0.06GB allocated, 0.15GB reserved
Epoch 248/300 | Train Loss: 0.0041 | Val Loss: 0.2615 | Val Gloss Acc: 0.938 | Val Cat Acc: 0.974 | Time: 14.5s
  GPU Memory: 0.06GB allocated, 0.15GB reserved
Epoch 249/300 | Train Loss: 0.0017 | Val Loss: 0.2567 | Val Gloss Acc: 0.937 | Val Cat Acc: 0.972 | Time: 15.9s
  GPU Memory: 0.06GB allocated, 0.15GB reserved
Epoch 250/300 | Train Loss: 0.0062 | Val Loss: 0.2591 | Val Gloss Acc: 0.938 | Val Cat Acc: 0.973 | Time: 13.2s
  GPU Memory: 0.06GB allocated, 0.15GB reserved
Epoch 251/300 | Train Loss: 0.0052 | Val Loss: 0.2499 | Val Gloss Acc: 0.939 | Val Cat Acc: 0.977 | Time: 12.5s
  GPU Memory: 0.06GB allocated, 0.15GB reserved
Epoch 252/300 | Train Loss: 0.0031 | Val Loss: 0.2483 | Val Gloss Acc: 0.941 | Val Cat Acc: 0.977 | Time: 13.5s
  GPU Memory: 0.06GB allocated, 0.15GB reserved
Epoch 253/300 | Train Loss: 0.0019 | Val Loss: 0.2527 | Val Gloss Acc: 0.940 | Val Cat Acc: 0.977 | Time: 13.3s
  GPU Memory: 0.06GB allocated, 0.15GB reserved
Epoch 254/300 | Train Loss: 0.0230 | Val Loss: 0.2562 | Val Gloss Acc: 0.938 | Val Cat Acc: 0.975 | Time: 14.8s
  GPU Memory: 0.06GB allocated, 0.15GB reserved
Epoch 255/300 | Train Loss: 0.0097 | Val Loss: 0.2605 | Val Gloss Acc: 0.938 | Val Cat Acc: 0.974 | Time: 15.6s
  GPU Memory: 0.06GB allocated, 0.15GB reserved
Epoch 256/300 | Train Loss: 0.0042 | Val Loss: 0.2562 | Val Gloss Acc: 0.939 | Val Cat Acc: 0.975 | Time: 13.8s
  GPU Memory: 0.06GB allocated, 0.15GB reserved
Epoch 257/300 | Train Loss: 0.0254 | Val Loss: 0.2464 | Val Gloss Acc: 0.942 | Val Cat Acc: 0.976 | Time: 16.3s
  GPU Memory: 0.06GB allocated, 0.15GB reserved
Epoch 258/300 | Train Loss: 0.0044 | Val Loss: 0.2555 | Val Gloss Acc: 0.941 | Val Cat Acc: 0.975 | Time: 13.3s
  GPU Memory: 0.06GB allocated, 0.15GB reserved
Epoch 259/300 | Train Loss: 0.0025 | Val Loss: 0.2585 | Val Gloss Acc: 0.938 | Val Cat Acc: 0.975 | Time: 11.5s
  GPU Memory: 0.06GB allocated, 0.15GB reserved
Epoch 260/300 | Train Loss: 0.0039 | Val Loss: 0.2535 | Val Gloss Acc: 0.940 | Val Cat Acc: 0.973 | Time: 13.6s
  GPU Memory: 0.06GB allocated, 0.15GB reserved
Epoch 261/300 | Train Loss: 0.0020 | Val Loss: 0.2533 | Val Gloss Acc: 0.939 | Val Cat Acc: 0.974 | Time: 14.9s
  GPU Memory: 0.06GB allocated, 0.15GB reserved
Epoch 262/300 | Train Loss: 0.0044 | Val Loss: 0.2604 | Val Gloss Acc: 0.936 | Val Cat Acc: 0.974 | Time: 12.3s
  GPU Memory: 0.06GB allocated, 0.15GB reserved
Epoch 263/300 | Train Loss: 0.0066 | Val Loss: 0.2457 | Val Gloss Acc: 0.940 | Val Cat Acc: 0.975 | Time: 14.6s
  GPU Memory: 0.06GB allocated, 0.15GB reserved
Epoch 264/300 | Train Loss: 0.0054 | Val Loss: 0.2515 | Val Gloss Acc: 0.940 | Val Cat Acc: 0.974 | Time: 14.1s
  GPU Memory: 0.06GB allocated, 0.15GB reserved
Epoch 265/300 | Train Loss: 0.0176 | Val Loss: 0.2485 | Val Gloss Acc: 0.939 | Val Cat Acc: 0.975 | Time: 9.8s
  GPU Memory: 0.06GB allocated, 0.15GB reserved
Epoch 266/300 | Train Loss: 0.0056 | Val Loss: 0.2464 | Val Gloss Acc: 0.940 | Val Cat Acc: 0.975 | Time: 10.0s
  GPU Memory: 0.06GB allocated, 0.15GB reserved
Epoch 267/300 | Train Loss: 0.0031 | Val Loss: 0.2498 | Val Gloss Acc: 0.940 | Val Cat Acc: 0.972 | Time: 12.5s
  GPU Memory: 0.06GB allocated, 0.15GB reserved
Epoch 268/300 | Train Loss: 0.0055 | Val Loss: 0.2479 | Val Gloss Acc: 0.939 | Val Cat Acc: 0.974 | Time: 10.9s
  GPU Memory: 0.06GB allocated, 0.15GB reserved
Epoch 269/300 | Train Loss: 0.0023 | Val Loss: 0.2467 | Val Gloss Acc: 0.941 | Val Cat Acc: 0.977 | Time: 9.7s
  GPU Memory: 0.06GB allocated, 0.15GB reserved
Epoch 270/300 | Train Loss: 0.0053 | Val Loss: 0.2482 | Val Gloss Acc: 0.942 | Val Cat Acc: 0.976 | Time: 10.8s
  GPU Memory: 0.06GB allocated, 0.15GB reserved
Epoch 271/300 | Train Loss: 0.0154 | Val Loss: 0.2537 | Val Gloss Acc: 0.938 | Val Cat Acc: 0.976 | Time: 9.7s
  GPU Memory: 0.06GB allocated, 0.15GB reserved
Epoch 272/300 | Train Loss: 0.0020 | Val Loss: 0.2624 | Val Gloss Acc: 0.938 | Val Cat Acc: 0.973 | Time: 9.7s
  GPU Memory: 0.06GB allocated, 0.15GB reserved
Epoch 273/300 | Train Loss: 0.0229 | Val Loss: 0.2481 | Val Gloss Acc: 0.945 | Val Cat Acc: 0.978 | Time: 9.8s
  GPU Memory: 0.06GB allocated, 0.15GB reserved
Epoch 274/300 | Train Loss: 0.0075 | Val Loss: 0.2512 | Val Gloss Acc: 0.940 | Val Cat Acc: 0.976 | Time: 16.0s
  GPU Memory: 0.06GB allocated, 0.15GB reserved
Epoch 275/300 | Train Loss: 0.0102 | Val Loss: 0.2494 | Val Gloss Acc: 0.941 | Val Cat Acc: 0.975 | Time: 15.0s
  GPU Memory: 0.06GB allocated, 0.15GB reserved
Epoch 276/300 | Train Loss: 0.0130 | Val Loss: 0.2498 | Val Gloss Acc: 0.942 | Val Cat Acc: 0.976 | Time: 15.5s
  GPU Memory: 0.06GB allocated, 0.15GB reserved
Epoch 277/300 | Train Loss: 0.0061 | Val Loss: 0.2480 | Val Gloss Acc: 0.940 | Val Cat Acc: 0.974 | Time: 12.1s
  GPU Memory: 0.06GB allocated, 0.15GB reserved
Epoch 278/300 | Train Loss: 0.0041 | Val Loss: 0.2456 | Val Gloss Acc: 0.941 | Val Cat Acc: 0.976 | Time: 14.0s
  GPU Memory: 0.06GB allocated, 0.15GB reserved
Epoch 279/300 | Train Loss: 0.0027 | Val Loss: 0.2505 | Val Gloss Acc: 0.942 | Val Cat Acc: 0.977 | Time: 10.6s
  GPU Memory: 0.06GB allocated, 0.15GB reserved
Epoch 280/300 | Train Loss: 0.0350 | Val Loss: 0.2457 | Val Gloss Acc: 0.942 | Val Cat Acc: 0.976 | Time: 14.7s
  GPU Memory: 0.06GB allocated, 0.15GB reserved
Epoch 281/300 | Train Loss: 0.0010 | Val Loss: 0.2439 | Val Gloss Acc: 0.940 | Val Cat Acc: 0.976 | Time: 15.5s
  GPU Memory: 0.06GB allocated, 0.15GB reserved
Epoch 282/300 | Train Loss: 0.0017 | Val Loss: 0.2455 | Val Gloss Acc: 0.941 | Val Cat Acc: 0.977 | Time: 15.0s
  GPU Memory: 0.06GB allocated, 0.15GB reserved
Epoch 283/300 | Train Loss: 0.0181 | Val Loss: 0.2442 | Val Gloss Acc: 0.939 | Val Cat Acc: 0.976 | Time: 15.1s
  GPU Memory: 0.06GB allocated, 0.15GB reserved
Epoch 284/300 | Train Loss: 0.0062 | Val Loss: 0.2433 | Val Gloss Acc: 0.943 | Val Cat Acc: 0.976 | Time: 11.2s
  GPU Memory: 0.06GB allocated, 0.15GB reserved
Epoch 285/300 | Train Loss: 0.0043 | Val Loss: 0.2428 | Val Gloss Acc: 0.942 | Val Cat Acc: 0.978 | Time: 15.9s
  GPU Memory: 0.06GB allocated, 0.15GB reserved
Epoch 286/300 | Train Loss: 0.0065 | Val Loss: 0.2482 | Val Gloss Acc: 0.941 | Val Cat Acc: 0.975 | Time: 12.4s
  GPU Memory: 0.06GB allocated, 0.15GB reserved
Epoch 287/300 | Train Loss: 0.1671 | Val Loss: 0.2392 | Val Gloss Acc: 0.943 | Val Cat Acc: 0.977 | Time: 10.4s
  GPU Memory: 0.06GB allocated, 0.15GB reserved
Epoch 288/300 | Train Loss: 0.0023 | Val Loss: 0.2421 | Val Gloss Acc: 0.941 | Val Cat Acc: 0.977 | Time: 16.1s
  GPU Memory: 0.06GB allocated, 0.15GB reserved
Epoch 289/300 | Train Loss: 0.0070 | Val Loss: 0.2425 | Val Gloss Acc: 0.940 | Val Cat Acc: 0.976 | Time: 13.7s
  GPU Memory: 0.06GB allocated, 0.15GB reserved
Epoch 290/300 | Train Loss: 0.0022 | Val Loss: 0.2404 | Val Gloss Acc: 0.942 | Val Cat Acc: 0.978 | Time: 11.4s
  GPU Memory: 0.06GB allocated, 0.15GB reserved
Epoch 291/300 | Train Loss: 0.0040 | Val Loss: 0.2434 | Val Gloss Acc: 0.941 | Val Cat Acc: 0.978 | Time: 11.2s
  GPU Memory: 0.06GB allocated, 0.15GB reserved
Epoch 292/300 | Train Loss: 0.0007 | Val Loss: 0.2419 | Val Gloss Acc: 0.942 | Val Cat Acc: 0.978 | Time: 12.8s
  GPU Memory: 0.06GB allocated, 0.15GB reserved
Epoch 293/300 | Train Loss: 0.0040 | Val Loss: 0.2416 | Val Gloss Acc: 0.941 | Val Cat Acc: 0.978 | Time: 14.3s
  GPU Memory: 0.06GB allocated, 0.15GB reserved
Epoch 294/300 | Train Loss: 0.0011 | Val Loss: 0.2399 | Val Gloss Acc: 0.944 | Val Cat Acc: 0.977 | Time: 10.9s
  GPU Memory: 0.06GB allocated, 0.15GB reserved
Epoch 295/300 | Train Loss: 0.0027 | Val Loss: 0.2435 | Val Gloss Acc: 0.943 | Val Cat Acc: 0.978 | Time: 10.5s
  GPU Memory: 0.06GB allocated, 0.15GB reserved
Epoch 296/300 | Train Loss: 0.0065 | Val Loss: 0.2434 | Val Gloss Acc: 0.943 | Val Cat Acc: 0.977 | Time: 9.9s
  GPU Memory: 0.06GB allocated, 0.15GB reserved
Epoch 297/300 | Train Loss: 0.0091 | Val Loss: 0.2407 | Val Gloss Acc: 0.943 | Val Cat Acc: 0.976 | Time: 10.7s
  GPU Memory: 0.06GB allocated, 0.15GB reserved
Epoch 298/300 | Train Loss: 0.0088 | Val Loss: 0.2406 | Val Gloss Acc: 0.943 | Val Cat Acc: 0.977 | Time: 12.8s
  GPU Memory: 0.06GB allocated, 0.15GB reserved
Epoch 299/300 | Train Loss: 0.0275 | Val Loss: 0.2451 | Val Gloss Acc: 0.943 | Val Cat Acc: 0.976 | Time: 16.2s
  GPU Memory: 0.06GB allocated, 0.15GB reserved
Epoch 300/300 | Train Loss: 0.0062 | Val Loss: 0.2434 | Val Gloss Acc: 0.944 | Val Cat Acc: 0.976 | Time: 11.1s
  GPU Memory: 0.06GB allocated, 0.15GB reserved
------------------------------------------------------------
Training completed!

============================================================
Training completed - 2025-10-31 04:25:08
Log saved to: trained_models/transformer/FSL105_classification/training_20251031_031940.log
============================================================
