============================================================
TRAINING LOG - 2025-10-25 05:54:26
============================================================
Console output will be saved to: trained_models/mediapipe_gru/greetings_ctc_v2/training_20251025_055426.log
Metrics CSV will be saved to: trained_models/mediapipe_gru/greetings_ctc_v2/training_20251025_055426_metrics.csv

Using device: cuda
CUDA device: NVIDIA GeForce RTX 5070 Ti
CUDA memory: 16.6 GB
CUDA compute capability: 12.0
CUDA multiprocessors: 70
CUDA memory allocated: 0.00 GB
CUDA memory cached: 0.00 GB

============================================================
DATA LOADING
============================================================
✓ Loaded data successfully
  - Dataset type: MEDIAPIPE-GRU-CTC Keypoints
  - Training folder: data/processed/greetings_train
  - Validation folder: data/processed/greetings_val
  - Keypoint key: X
  - Gloss classes: 10
  - Category classes: 1

============================================================
DATASET PREPARATION
============================================================
✓ CTC Mode: blank_id=10, num_ctc_classes=11
⚠️  Training on subset: 10/105 glosses (subset training enabled)
✓ Created datasets and data loaders
  - Batch size: 16
  - Training batches: 61
  - Validation batches: 16
  - Data augmentation: Enabled (noise_std=0.001, mask_prob=0.02)
  - Training dataset size: 970 samples
  - Validation dataset size: 246 samples
  - Data format: [T, 178] keypoints

============================================================
MODEL SELECTION
============================================================
Available models:
Classification models (isolated signs):
  - transformer: Multi-head attention transformer (keypoints)
  - mediapipe_gru: Lightweight GRU (keypoints, mobile-friendly)
  - iv3_gru: InceptionV3 + GRU hybrid (features, offline baseline)
CTC models (continuous recognition):
  - transformer_ctc: Transformer with CTC (keypoints)
  - mediapipe_gru_ctc: Lightweight GRU with CTC (keypoints)
  - iv3_gru_ctc: InceptionV3 + GRU with CTC (features, offline baseline)
✓ Using MediaPipeGRUCtc model (input_dim=178, num_ctc_classes=11)

================================================================================
COMPREHENSIVE TRAINING CONFIGURATION
================================================================================
Session Information:
  - Start time: 2025-10-25 05:54:26
  - Working directory: /workspace/fslr-transformer-vs-iv3gru
  - Command: /workspace/fslr-transformer-vs-iv3gru/training/train.py --model mediapipe_gru_ctc --training-mode ctc --epochs 300 --batch-size 16 --lr 0.0001 --num-gloss 10 --num-cat 1 --alpha 0.7 --beta 0.3 --num-ctc-classes 11 --ctc-blank-id 10 --keypoints-train data/processed/greetings_train --keypoints-val data/processed/greetings_val --labels-train-csv data/processed/greetings_train.csv --labels-val-csv data/processed/greetings_val.csv --kp-key X --hidden1 512 --hidden2 256 --dropout 0.2 --amp --augment --augment-noise-std 0.001 --augment-mask-prob 0.02 --augment-mask-ratio 0.02 --scheduler warmup_cosine --warmup-epochs 30 --early-stop 50 --weight-decay 1e-4 --grad-clip 1.0 --output-dir trained_models/mediapipe_gru/greetings_ctc_v2

System Information:
  - Platform: Linux-6.8.0-52-generic-x86_64-with-glibc2.39
  - Python version: 3.12.11 | packaged by conda-forge | (main, Jun  4 2025, 14:45:31) [GCC 13.3.0]
  - PyTorch version: 2.9.0+cu128
  - CUDA version: 12.8
  - cuDNN version: 91002
  - NumPy version: 2.2.6

Core Training Parameters:
  - Model: mediapipe_gru_ctc
  - Epochs: 300
  - Batch size: 16
  - Learning rate: 0.0001
  - Weight decay: 0.0001
  - Gradient clipping: 1.0
  - Loss weights - Alpha: 0.7, Beta: 0.3

Curriculum Training: Disabled

Loss Weighting Parameters:
  - Strategy: static
  - Alpha: 0.7
  - Beta: 0.3

Data Configuration:
  - Gloss classes: 10
  - Category classes: 1
  - Data source: Real data files
  - Training folder: data/processed/greetings_train
  - Validation folder: data/processed/greetings_val
  - Keypoint key: X

Training Control:
  - Scheduler: warmup_cosine
  - Scheduler patience: 5
  - Early stopping: 50
  - Resume from: None

Performance Settings:
  - AMP (Mixed Precision): True
  - Model compilation: False
  - Gradient accumulation steps: 1
  - DataLoader workers: 0
  - Auto workers: False
  - Pin memory: False
  - Prefetch factor: None

Reproducibility:
  - Random seed: 42
  - Deterministic mode: False

Output Configuration:
  - Checkpoint directory: trained_models/mediapipe_gru/greetings_ctc_v2
  - CSV log file: trained_models/mediapipe_gru/greetings_ctc_v2/training_20251025_055426_metrics.csv

Model Information:
  - Model type: MediaPipeGRUCtc
  - Total parameters: 4,104,204
  - Trainable parameters: 4,104,204
  - Model size: 15.7 MB
================================================================================

============================================================
TRAINING START
============================================================
Training mode: CTC (Continuous Sign Language Recognition)

================================================================================
CTC TRAINING CONFIGURATION
================================================================================
Training Mode: Continuous Sign Language Recognition (CTC)
Model: MediaPipeGRUCtc
Blank Token ID: 10
Epochs: 300
Learning Rate: 0.0001
Batch Size: 16
Gradient Accumulation: 1
AMP Enabled: True
================================================================================

✓ Using CTCLoss (blank=10, zero_infinity=True)
✓ Optimizer: Adam (lr=0.0001, weight_decay=0.0001)
✓ AMP enabled: True
✓ Scheduler: WarmupCosineScheduler (warmup=30)
✓ Logging metrics to: trained_models/mediapipe_gru/greetings_ctc_v2/training_20251025_055426_metrics.csv

================================================================================
STARTING CTC TRAINING - 300 epochs
================================================================================

Epoch   1/300 | Train Loss: 59.3118 | Val Loss: 2.8863 | Val Cat Acc: 1.000 | Time: 1.8s
  GPU Memory: 0.07GB allocated, 0.44GB reserved
  ✓ New best validation loss: 2.8863
Epoch   2/300 | Train Loss: 2.1987 | Val Loss: 2.4012 | Val Cat Acc: 1.000 | Time: 1.7s
  GPU Memory: 0.07GB allocated, 0.44GB reserved
  ✓ New best validation loss: 2.4012
Epoch   3/300 | Train Loss: 2.0350 | Val Loss: 2.1639 | Val Cat Acc: 1.000 | Time: 1.1s
  GPU Memory: 0.07GB allocated, 0.44GB reserved
  ✓ New best validation loss: 2.1639
Epoch   4/300 | Train Loss: 1.9510 | Val Loss: 1.9801 | Val Cat Acc: 1.000 | Time: 1.1s
  GPU Memory: 0.07GB allocated, 0.44GB reserved
  ✓ New best validation loss: 1.9801
Epoch   5/300 | Train Loss: 1.8817 | Val Loss: 1.9215 | Val Cat Acc: 1.000 | Time: 1.1s
  GPU Memory: 0.07GB allocated, 0.44GB reserved
  ✓ New best validation loss: 1.9215
Epoch   6/300 | Train Loss: 1.8072 | Val Loss: 1.9137 | Val Cat Acc: 1.000 | Time: 1.1s
  GPU Memory: 0.07GB allocated, 0.44GB reserved
  ✓ New best validation loss: 1.9137
Epoch   7/300 | Train Loss: 1.7424 | Val Loss: 1.8477 | Val Cat Acc: 1.000 | Time: 1.1s
  GPU Memory: 0.07GB allocated, 0.44GB reserved
  ✓ New best validation loss: 1.8477
Epoch   8/300 | Train Loss: 1.6809 | Val Loss: 1.7495 | Val Cat Acc: 1.000 | Time: 1.1s
  GPU Memory: 0.07GB allocated, 0.44GB reserved
  ✓ New best validation loss: 1.7495
Epoch   9/300 | Train Loss: 1.6007 | Val Loss: 1.7368 | Val Cat Acc: 1.000 | Time: 1.2s
  GPU Memory: 0.07GB allocated, 0.44GB reserved
  ✓ New best validation loss: 1.7368
Epoch  10/300 | Train Loss: 1.5387 | Val Loss: 1.7485 | Val Cat Acc: 1.000 | Time: 1.1s
  GPU Memory: 0.07GB allocated, 0.44GB reserved
Epoch  11/300 | Train Loss: 1.4489 | Val Loss: 1.5774 | Val Cat Acc: 1.000 | Time: 1.1s
  GPU Memory: 0.07GB allocated, 0.44GB reserved
  ✓ New best validation loss: 1.5774
Epoch  12/300 | Train Loss: 1.3633 | Val Loss: 1.4594 | Val Cat Acc: 1.000 | Time: 1.1s
  GPU Memory: 0.07GB allocated, 0.44GB reserved
  ✓ New best validation loss: 1.4594
Epoch  13/300 | Train Loss: 1.3208 | Val Loss: 1.3214 | Val Cat Acc: 1.000 | Time: 1.1s
  GPU Memory: 0.07GB allocated, 0.44GB reserved
  ✓ New best validation loss: 1.3214
Epoch  14/300 | Train Loss: 1.2220 | Val Loss: 1.2240 | Val Cat Acc: 1.000 | Time: 1.1s
  GPU Memory: 0.07GB allocated, 0.44GB reserved
  ✓ New best validation loss: 1.2240
Epoch  15/300 | Train Loss: 1.1531 | Val Loss: 1.2504 | Val Cat Acc: 1.000 | Time: 1.1s
  GPU Memory: 0.07GB allocated, 0.44GB reserved
Epoch  16/300 | Train Loss: 1.1142 | Val Loss: 1.2200 | Val Cat Acc: 1.000 | Time: 1.1s
  GPU Memory: 0.07GB allocated, 0.44GB reserved
  ✓ New best validation loss: 1.2200
Epoch  17/300 | Train Loss: 1.0470 | Val Loss: 1.2400 | Val Cat Acc: 1.000 | Time: 1.1s
  GPU Memory: 0.07GB allocated, 0.44GB reserved
Epoch  18/300 | Train Loss: 1.0267 | Val Loss: 1.2625 | Val Cat Acc: 1.000 | Time: 1.1s
  GPU Memory: 0.07GB allocated, 0.44GB reserved
Epoch  19/300 | Train Loss: 0.9900 | Val Loss: 1.1230 | Val Cat Acc: 1.000 | Time: 1.1s
  GPU Memory: 0.07GB allocated, 0.44GB reserved
  ✓ New best validation loss: 1.1230
Epoch  20/300 | Train Loss: 0.9406 | Val Loss: 0.9473 | Val Cat Acc: 1.000 | Time: 1.1s
  GPU Memory: 0.07GB allocated, 0.44GB reserved
  ✓ New best validation loss: 0.9473
Epoch  21/300 | Train Loss: 0.9026 | Val Loss: 0.9710 | Val Cat Acc: 1.000 | Time: 1.1s
  GPU Memory: 0.07GB allocated, 0.44GB reserved
Epoch  22/300 | Train Loss: 0.8971 | Val Loss: 0.8189 | Val Cat Acc: 1.000 | Time: 1.2s
  GPU Memory: 0.07GB allocated, 0.44GB reserved
  ✓ New best validation loss: 0.8189
Epoch  23/300 | Train Loss: 0.8930 | Val Loss: 0.9136 | Val Cat Acc: 1.000 | Time: 1.1s
  GPU Memory: 0.07GB allocated, 0.44GB reserved
Epoch  24/300 | Train Loss: 0.8675 | Val Loss: 0.9212 | Val Cat Acc: 1.000 | Time: 1.2s
  GPU Memory: 0.07GB allocated, 0.44GB reserved
Epoch  25/300 | Train Loss: 0.9020 | Val Loss: 0.8981 | Val Cat Acc: 1.000 | Time: 1.1s
  GPU Memory: 0.07GB allocated, 0.44GB reserved
Epoch  26/300 | Train Loss: 0.8761 | Val Loss: 1.0717 | Val Cat Acc: 1.000 | Time: 1.3s
  GPU Memory: 0.07GB allocated, 0.44GB reserved
Epoch  27/300 | Train Loss: 0.8308 | Val Loss: 0.7794 | Val Cat Acc: 1.000 | Time: 1.1s
  GPU Memory: 0.07GB allocated, 0.44GB reserved
  ✓ New best validation loss: 0.7794
Epoch  28/300 | Train Loss: 0.7940 | Val Loss: 0.8750 | Val Cat Acc: 1.000 | Time: 1.1s
  GPU Memory: 0.07GB allocated, 0.44GB reserved
Epoch  29/300 | Train Loss: 0.7536 | Val Loss: 0.7981 | Val Cat Acc: 1.000 | Time: 1.1s
  GPU Memory: 0.07GB allocated, 0.44GB reserved
Epoch  30/300 | Train Loss: 0.7180 | Val Loss: 0.6114 | Val Cat Acc: 1.000 | Time: 1.2s
  GPU Memory: 0.07GB allocated, 0.44GB reserved
  ✓ New best validation loss: 0.6114
Epoch  31/300 | Train Loss: 0.6406 | Val Loss: 0.5763 | Val Cat Acc: 1.000 | Time: 1.1s
  GPU Memory: 0.07GB allocated, 0.44GB reserved
  ✓ New best validation loss: 0.5763
Epoch  32/300 | Train Loss: 0.5463 | Val Loss: 0.6887 | Val Cat Acc: 1.000 | Time: 1.1s
  GPU Memory: 0.07GB allocated, 0.44GB reserved
Epoch  33/300 | Train Loss: 0.4730 | Val Loss: 0.6181 | Val Cat Acc: 1.000 | Time: 1.1s
  GPU Memory: 0.07GB allocated, 0.44GB reserved
Epoch  34/300 | Train Loss: 0.4425 | Val Loss: 0.4348 | Val Cat Acc: 1.000 | Time: 1.1s
  GPU Memory: 0.07GB allocated, 0.44GB reserved
  ✓ New best validation loss: 0.4348
Epoch  35/300 | Train Loss: 0.3888 | Val Loss: 0.3009 | Val Cat Acc: 1.000 | Time: 1.1s
  GPU Memory: 0.07GB allocated, 0.44GB reserved
  ✓ New best validation loss: 0.3009
Epoch  36/300 | Train Loss: 0.3449 | Val Loss: 0.2813 | Val Cat Acc: 1.000 | Time: 1.1s
  GPU Memory: 0.07GB allocated, 0.44GB reserved
  ✓ New best validation loss: 0.2813
Epoch  37/300 | Train Loss: 0.3130 | Val Loss: 0.3181 | Val Cat Acc: 1.000 | Time: 1.5s
  GPU Memory: 0.07GB allocated, 0.44GB reserved
Epoch  38/300 | Train Loss: 0.2690 | Val Loss: 0.2999 | Val Cat Acc: 1.000 | Time: 1.1s
  GPU Memory: 0.07GB allocated, 0.44GB reserved
Epoch  39/300 | Train Loss: 0.2839 | Val Loss: 0.3488 | Val Cat Acc: 1.000 | Time: 1.1s
  GPU Memory: 0.07GB allocated, 0.44GB reserved
Epoch  40/300 | Train Loss: 0.2490 | Val Loss: 0.2181 | Val Cat Acc: 1.000 | Time: 1.1s
  GPU Memory: 0.07GB allocated, 0.44GB reserved
  ✓ New best validation loss: 0.2181
Epoch  41/300 | Train Loss: 0.2366 | Val Loss: 0.1778 | Val Cat Acc: 1.000 | Time: 1.1s
  GPU Memory: 0.07GB allocated, 0.44GB reserved
  ✓ New best validation loss: 0.1778
Epoch  42/300 | Train Loss: 0.2195 | Val Loss: 0.2360 | Val Cat Acc: 1.000 | Time: 1.1s
  GPU Memory: 0.07GB allocated, 0.44GB reserved
Epoch  43/300 | Train Loss: 0.2310 | Val Loss: 0.2128 | Val Cat Acc: 1.000 | Time: 1.1s
  GPU Memory: 0.07GB allocated, 0.44GB reserved
Epoch  44/300 | Train Loss: 0.1843 | Val Loss: 0.1905 | Val Cat Acc: 1.000 | Time: 1.2s
  GPU Memory: 0.07GB allocated, 0.44GB reserved
Epoch  45/300 | Train Loss: 0.1981 | Val Loss: 0.1393 | Val Cat Acc: 1.000 | Time: 1.4s
  GPU Memory: 0.07GB allocated, 0.44GB reserved
  ✓ New best validation loss: 0.1393
Epoch  46/300 | Train Loss: 0.1863 | Val Loss: 0.1904 | Val Cat Acc: 1.000 | Time: 1.8s
  GPU Memory: 0.07GB allocated, 0.44GB reserved
Epoch  47/300 | Train Loss: 0.1584 | Val Loss: 0.2406 | Val Cat Acc: 1.000 | Time: 1.8s
  GPU Memory: 0.07GB allocated, 0.44GB reserved
Epoch  48/300 | Train Loss: 0.1666 | Val Loss: 0.1306 | Val Cat Acc: 1.000 | Time: 1.6s
  GPU Memory: 0.07GB allocated, 0.44GB reserved
  ✓ New best validation loss: 0.1306
Epoch  49/300 | Train Loss: 0.1654 | Val Loss: 0.1811 | Val Cat Acc: 1.000 | Time: 1.7s
  GPU Memory: 0.07GB allocated, 0.44GB reserved
Epoch  50/300 | Train Loss: 0.1277 | Val Loss: 0.1826 | Val Cat Acc: 1.000 | Time: 1.7s
  GPU Memory: 0.07GB allocated, 0.44GB reserved
Epoch  51/300 | Train Loss: 0.1217 | Val Loss: 0.2449 | Val Cat Acc: 1.000 | Time: 1.4s
  GPU Memory: 0.07GB allocated, 0.44GB reserved
Epoch  52/300 | Train Loss: 0.1389 | Val Loss: 0.1283 | Val Cat Acc: 1.000 | Time: 1.1s
  GPU Memory: 0.07GB allocated, 0.44GB reserved
  ✓ New best validation loss: 0.1283
Epoch  53/300 | Train Loss: 0.1391 | Val Loss: 0.1506 | Val Cat Acc: 1.000 | Time: 1.7s
  GPU Memory: 0.07GB allocated, 0.44GB reserved
Epoch  54/300 | Train Loss: 0.1517 | Val Loss: 0.1823 | Val Cat Acc: 1.000 | Time: 1.6s
  GPU Memory: 0.07GB allocated, 0.44GB reserved
Epoch  55/300 | Train Loss: 0.1390 | Val Loss: 0.1680 | Val Cat Acc: 1.000 | Time: 1.8s
  GPU Memory: 0.07GB allocated, 0.44GB reserved
Epoch  56/300 | Train Loss: 0.1827 | Val Loss: 0.2210 | Val Cat Acc: 1.000 | Time: 1.6s
  GPU Memory: 0.07GB allocated, 0.44GB reserved
Epoch  57/300 | Train Loss: 0.1194 | Val Loss: 0.0890 | Val Cat Acc: 1.000 | Time: 1.5s
  GPU Memory: 0.07GB allocated, 0.44GB reserved
  ✓ New best validation loss: 0.0890
Epoch  58/300 | Train Loss: 0.1019 | Val Loss: 0.0759 | Val Cat Acc: 1.000 | Time: 1.5s
  GPU Memory: 0.07GB allocated, 0.44GB reserved
  ✓ New best validation loss: 0.0759
Epoch  59/300 | Train Loss: 0.1133 | Val Loss: 0.2882 | Val Cat Acc: 1.000 | Time: 1.2s
  GPU Memory: 0.07GB allocated, 0.44GB reserved
Epoch  60/300 | Train Loss: 0.1428 | Val Loss: 0.0998 | Val Cat Acc: 1.000 | Time: 1.1s
  GPU Memory: 0.07GB allocated, 0.44GB reserved
Epoch  61/300 | Train Loss: 0.0888 | Val Loss: 0.0742 | Val Cat Acc: 1.000 | Time: 1.1s
  GPU Memory: 0.07GB allocated, 0.44GB reserved
  ✓ New best validation loss: 0.0742
Epoch  62/300 | Train Loss: 0.1024 | Val Loss: 0.1605 | Val Cat Acc: 1.000 | Time: 1.1s
  GPU Memory: 0.07GB allocated, 0.44GB reserved
Epoch  63/300 | Train Loss: 0.0799 | Val Loss: 0.0816 | Val Cat Acc: 1.000 | Time: 1.3s
  GPU Memory: 0.07GB allocated, 0.44GB reserved
Epoch  64/300 | Train Loss: 0.1003 | Val Loss: 0.0672 | Val Cat Acc: 1.000 | Time: 1.1s
  GPU Memory: 0.07GB allocated, 0.44GB reserved
  ✓ New best validation loss: 0.0672
Epoch  65/300 | Train Loss: 0.0850 | Val Loss: 0.0946 | Val Cat Acc: 1.000 | Time: 1.6s
  GPU Memory: 0.07GB allocated, 0.44GB reserved
Epoch  66/300 | Train Loss: 0.1149 | Val Loss: 0.1740 | Val Cat Acc: 1.000 | Time: 1.7s
  GPU Memory: 0.07GB allocated, 0.44GB reserved
Epoch  67/300 | Train Loss: 0.1213 | Val Loss: 0.0668 | Val Cat Acc: 1.000 | Time: 1.6s
  GPU Memory: 0.07GB allocated, 0.44GB reserved
  ✓ New best validation loss: 0.0668
Epoch  68/300 | Train Loss: 0.0633 | Val Loss: 0.1357 | Val Cat Acc: 1.000 | Time: 1.2s
  GPU Memory: 0.07GB allocated, 0.44GB reserved
Epoch  69/300 | Train Loss: 0.1008 | Val Loss: 0.1020 | Val Cat Acc: 1.000 | Time: 1.6s
  GPU Memory: 0.07GB allocated, 0.44GB reserved
Epoch  70/300 | Train Loss: 0.0812 | Val Loss: 0.1327 | Val Cat Acc: 1.000 | Time: 1.1s
  GPU Memory: 0.07GB allocated, 0.44GB reserved
Epoch  71/300 | Train Loss: 0.0773 | Val Loss: 0.0725 | Val Cat Acc: 1.000 | Time: 1.8s
  GPU Memory: 0.07GB allocated, 0.44GB reserved
Epoch  72/300 | Train Loss: 0.1017 | Val Loss: 0.0789 | Val Cat Acc: 1.000 | Time: 1.7s
  GPU Memory: 0.07GB allocated, 0.44GB reserved
Epoch  73/300 | Train Loss: 0.0904 | Val Loss: 0.1406 | Val Cat Acc: 1.000 | Time: 1.4s
  GPU Memory: 0.07GB allocated, 0.44GB reserved
Epoch  74/300 | Train Loss: 0.0729 | Val Loss: 0.2452 | Val Cat Acc: 1.000 | Time: 1.1s
  GPU Memory: 0.07GB allocated, 0.44GB reserved
Epoch  75/300 | Train Loss: 0.0862 | Val Loss: 0.0812 | Val Cat Acc: 1.000 | Time: 1.1s
  GPU Memory: 0.07GB allocated, 0.44GB reserved
Epoch  76/300 | Train Loss: 0.1088 | Val Loss: 0.0377 | Val Cat Acc: 1.000 | Time: 1.1s
  GPU Memory: 0.07GB allocated, 0.44GB reserved
  ✓ New best validation loss: 0.0377
Epoch  77/300 | Train Loss: 0.0641 | Val Loss: 0.1932 | Val Cat Acc: 1.000 | Time: 1.1s
  GPU Memory: 0.07GB allocated, 0.44GB reserved
Epoch  78/300 | Train Loss: 0.0944 | Val Loss: 0.1209 | Val Cat Acc: 1.000 | Time: 1.1s
  GPU Memory: 0.07GB allocated, 0.44GB reserved
Epoch  79/300 | Train Loss: 0.0554 | Val Loss: 0.0438 | Val Cat Acc: 1.000 | Time: 1.1s
  GPU Memory: 0.07GB allocated, 0.44GB reserved
Epoch  80/300 | Train Loss: 0.1025 | Val Loss: 0.1134 | Val Cat Acc: 1.000 | Time: 1.1s
  GPU Memory: 0.07GB allocated, 0.44GB reserved
Epoch  81/300 | Train Loss: 0.0784 | Val Loss: 0.1014 | Val Cat Acc: 1.000 | Time: 1.1s
  GPU Memory: 0.07GB allocated, 0.44GB reserved
Epoch  82/300 | Train Loss: 0.0417 | Val Loss: 0.1878 | Val Cat Acc: 1.000 | Time: 1.1s
  GPU Memory: 0.07GB allocated, 0.44GB reserved
Epoch  83/300 | Train Loss: 0.0749 | Val Loss: 0.0777 | Val Cat Acc: 1.000 | Time: 1.1s
  GPU Memory: 0.07GB allocated, 0.44GB reserved
Epoch  84/300 | Train Loss: 0.0555 | Val Loss: 0.1561 | Val Cat Acc: 1.000 | Time: 1.2s
  GPU Memory: 0.07GB allocated, 0.44GB reserved
Epoch  85/300 | Train Loss: 0.0847 | Val Loss: 0.1355 | Val Cat Acc: 1.000 | Time: 1.1s
  GPU Memory: 0.07GB allocated, 0.44GB reserved
Epoch  86/300 | Train Loss: 0.0592 | Val Loss: 0.0391 | Val Cat Acc: 1.000 | Time: 1.1s
  GPU Memory: 0.07GB allocated, 0.44GB reserved
Epoch  87/300 | Train Loss: 0.0622 | Val Loss: 0.0420 | Val Cat Acc: 1.000 | Time: 1.1s
  GPU Memory: 0.07GB allocated, 0.44GB reserved
Epoch  88/300 | Train Loss: 0.0577 | Val Loss: 0.0824 | Val Cat Acc: 1.000 | Time: 1.1s
  GPU Memory: 0.07GB allocated, 0.44GB reserved
Epoch  89/300 | Train Loss: 0.0330 | Val Loss: 0.0284 | Val Cat Acc: 1.000 | Time: 1.1s
  GPU Memory: 0.07GB allocated, 0.44GB reserved
  ✓ New best validation loss: 0.0284
Epoch  90/300 | Train Loss: 0.0320 | Val Loss: 0.0608 | Val Cat Acc: 1.000 | Time: 1.1s
  GPU Memory: 0.07GB allocated, 0.44GB reserved
Epoch  91/300 | Train Loss: 0.0416 | Val Loss: 0.0384 | Val Cat Acc: 1.000 | Time: 1.1s
  GPU Memory: 0.07GB allocated, 0.44GB reserved
Epoch  92/300 | Train Loss: 0.0262 | Val Loss: 0.0414 | Val Cat Acc: 1.000 | Time: 1.1s
  GPU Memory: 0.07GB allocated, 0.44GB reserved
Epoch  93/300 | Train Loss: 0.0798 | Val Loss: 0.1413 | Val Cat Acc: 1.000 | Time: 1.1s
  GPU Memory: 0.07GB allocated, 0.44GB reserved
Epoch  94/300 | Train Loss: 0.0401 | Val Loss: 0.0718 | Val Cat Acc: 1.000 | Time: 1.5s
  GPU Memory: 0.07GB allocated, 0.44GB reserved
Epoch  95/300 | Train Loss: 0.0436 | Val Loss: 0.0354 | Val Cat Acc: 1.000 | Time: 1.8s
  GPU Memory: 0.07GB allocated, 0.44GB reserved
Epoch  96/300 | Train Loss: 0.0306 | Val Loss: 0.0586 | Val Cat Acc: 1.000 | Time: 1.4s
  GPU Memory: 0.07GB allocated, 0.44GB reserved
Epoch  97/300 | Train Loss: 0.0273 | Val Loss: 0.0574 | Val Cat Acc: 1.000 | Time: 1.1s
  GPU Memory: 0.07GB allocated, 0.44GB reserved
Epoch  98/300 | Train Loss: 0.0344 | Val Loss: 0.0592 | Val Cat Acc: 1.000 | Time: 1.1s
  GPU Memory: 0.07GB allocated, 0.44GB reserved
Epoch  99/300 | Train Loss: 0.0363 | Val Loss: 0.0245 | Val Cat Acc: 1.000 | Time: 1.1s
  GPU Memory: 0.07GB allocated, 0.44GB reserved
  ✓ New best validation loss: 0.0245
Epoch 100/300 | Train Loss: 0.0231 | Val Loss: 0.0541 | Val Cat Acc: 1.000 | Time: 1.1s
  GPU Memory: 0.07GB allocated, 0.44GB reserved
Epoch 101/300 | Train Loss: 0.0244 | Val Loss: 0.0229 | Val Cat Acc: 1.000 | Time: 1.1s
  GPU Memory: 0.07GB allocated, 0.44GB reserved
  ✓ New best validation loss: 0.0229
Epoch 102/300 | Train Loss: 0.0268 | Val Loss: 0.0157 | Val Cat Acc: 1.000 | Time: 1.4s
  GPU Memory: 0.07GB allocated, 0.44GB reserved
  ✓ New best validation loss: 0.0157
Epoch 103/300 | Train Loss: 0.0201 | Val Loss: 0.0782 | Val Cat Acc: 1.000 | Time: 1.2s
  GPU Memory: 0.07GB allocated, 0.44GB reserved
Epoch 104/300 | Train Loss: 0.0247 | Val Loss: 0.0379 | Val Cat Acc: 1.000 | Time: 1.1s
  GPU Memory: 0.07GB allocated, 0.44GB reserved
Epoch 105/300 | Train Loss: 0.0203 | Val Loss: 0.0242 | Val Cat Acc: 1.000 | Time: 1.1s
  GPU Memory: 0.07GB allocated, 0.44GB reserved
Epoch 106/300 | Train Loss: 0.0103 | Val Loss: 0.0251 | Val Cat Acc: 1.000 | Time: 1.1s
  GPU Memory: 0.07GB allocated, 0.44GB reserved
Epoch 107/300 | Train Loss: 0.0231 | Val Loss: 0.0175 | Val Cat Acc: 1.000 | Time: 1.1s
  GPU Memory: 0.07GB allocated, 0.44GB reserved
Epoch 108/300 | Train Loss: 0.0564 | Val Loss: 0.1152 | Val Cat Acc: 1.000 | Time: 1.1s
  GPU Memory: 0.07GB allocated, 0.44GB reserved
Epoch 109/300 | Train Loss: 0.0333 | Val Loss: 0.0160 | Val Cat Acc: 1.000 | Time: 1.1s
  GPU Memory: 0.07GB allocated, 0.44GB reserved
Epoch 110/300 | Train Loss: 0.0259 | Val Loss: 0.0390 | Val Cat Acc: 1.000 | Time: 1.1s
  GPU Memory: 0.07GB allocated, 0.44GB reserved
Epoch 111/300 | Train Loss: 0.0128 | Val Loss: 0.0269 | Val Cat Acc: 1.000 | Time: 1.6s
  GPU Memory: 0.07GB allocated, 0.44GB reserved
Epoch 112/300 | Train Loss: 0.0208 | Val Loss: 0.0375 | Val Cat Acc: 1.000 | Time: 1.6s
  GPU Memory: 0.07GB allocated, 0.44GB reserved
Epoch 113/300 | Train Loss: 0.0556 | Val Loss: 0.0877 | Val Cat Acc: 1.000 | Time: 1.9s
  GPU Memory: 0.07GB allocated, 0.44GB reserved
Epoch 114/300 | Train Loss: 0.0311 | Val Loss: 0.0303 | Val Cat Acc: 1.000 | Time: 1.9s
  GPU Memory: 0.07GB allocated, 0.44GB reserved
Epoch 115/300 | Train Loss: 0.0178 | Val Loss: 0.0192 | Val Cat Acc: 1.000 | Time: 1.8s
  GPU Memory: 0.07GB allocated, 0.44GB reserved
Epoch 116/300 | Train Loss: 0.0125 | Val Loss: 0.0545 | Val Cat Acc: 1.000 | Time: 1.3s
  GPU Memory: 0.07GB allocated, 0.44GB reserved
Epoch 117/300 | Train Loss: 0.0176 | Val Loss: 0.0279 | Val Cat Acc: 1.000 | Time: 1.7s
  GPU Memory: 0.07GB allocated, 0.44GB reserved
Epoch 118/300 | Train Loss: 0.0094 | Val Loss: 0.0376 | Val Cat Acc: 1.000 | Time: 1.8s
  GPU Memory: 0.07GB allocated, 0.44GB reserved
Epoch 119/300 | Train Loss: 0.0199 | Val Loss: 0.2051 | Val Cat Acc: 1.000 | Time: 1.3s
  GPU Memory: 0.07GB allocated, 0.44GB reserved
Epoch 120/300 | Train Loss: 0.0788 | Val Loss: 0.0225 | Val Cat Acc: 1.000 | Time: 1.1s
  GPU Memory: 0.07GB allocated, 0.44GB reserved
Epoch 121/300 | Train Loss: 0.0308 | Val Loss: 0.0165 | Val Cat Acc: 1.000 | Time: 1.1s
  GPU Memory: 0.07GB allocated, 0.44GB reserved
Epoch 122/300 | Train Loss: 0.0227 | Val Loss: 0.0541 | Val Cat Acc: 1.000 | Time: 1.1s
  GPU Memory: 0.07GB allocated, 0.44GB reserved
Epoch 123/300 | Train Loss: 0.0179 | Val Loss: 0.0175 | Val Cat Acc: 1.000 | Time: 1.1s
  GPU Memory: 0.07GB allocated, 0.44GB reserved
Epoch 124/300 | Train Loss: 0.0124 | Val Loss: 0.0866 | Val Cat Acc: 1.000 | Time: 1.1s
  GPU Memory: 0.07GB allocated, 0.44GB reserved
Epoch 125/300 | Train Loss: 0.0147 | Val Loss: 0.0383 | Val Cat Acc: 1.000 | Time: 1.1s
  GPU Memory: 0.07GB allocated, 0.44GB reserved
Epoch 126/300 | Train Loss: 0.0611 | Val Loss: 0.0434 | Val Cat Acc: 1.000 | Time: 1.1s
  GPU Memory: 0.07GB allocated, 0.44GB reserved
Epoch 127/300 | Train Loss: 0.0156 | Val Loss: 0.0321 | Val Cat Acc: 1.000 | Time: 1.1s
  GPU Memory: 0.07GB allocated, 0.44GB reserved
Epoch 128/300 | Train Loss: 0.0179 | Val Loss: 0.0564 | Val Cat Acc: 1.000 | Time: 1.1s
  GPU Memory: 0.07GB allocated, 0.44GB reserved
Epoch 129/300 | Train Loss: 0.0090 | Val Loss: 0.0931 | Val Cat Acc: 1.000 | Time: 1.1s
  GPU Memory: 0.07GB allocated, 0.44GB reserved
Epoch 130/300 | Train Loss: 0.0051 | Val Loss: 0.0399 | Val Cat Acc: 1.000 | Time: 1.2s
  GPU Memory: 0.07GB allocated, 0.44GB reserved
Epoch 131/300 | Train Loss: 0.0246 | Val Loss: 0.0197 | Val Cat Acc: 1.000 | Time: 1.1s
  GPU Memory: 0.07GB allocated, 0.44GB reserved
Epoch 132/300 | Train Loss: 0.0314 | Val Loss: 0.0630 | Val Cat Acc: 1.000 | Time: 1.3s
  GPU Memory: 0.07GB allocated, 0.44GB reserved
Epoch 133/300 | Train Loss: 0.0542 | Val Loss: 0.0360 | Val Cat Acc: 1.000 | Time: 1.7s
  GPU Memory: 0.07GB allocated, 0.44GB reserved
Epoch 134/300 | Train Loss: 0.0173 | Val Loss: 0.0467 | Val Cat Acc: 1.000 | Time: 1.7s
  GPU Memory: 0.07GB allocated, 0.44GB reserved
Epoch 135/300 | Train Loss: 0.0410 | Val Loss: 0.0325 | Val Cat Acc: 1.000 | Time: 1.2s
  GPU Memory: 0.07GB allocated, 0.44GB reserved
Epoch 136/300 | Train Loss: 0.0309 | Val Loss: 0.0346 | Val Cat Acc: 1.000 | Time: 1.1s
  GPU Memory: 0.07GB allocated, 0.44GB reserved
Epoch 137/300 | Train Loss: 0.0149 | Val Loss: 0.0112 | Val Cat Acc: 1.000 | Time: 1.1s
  GPU Memory: 0.07GB allocated, 0.44GB reserved
  ✓ New best validation loss: 0.0112
Epoch 138/300 | Train Loss: 0.0069 | Val Loss: 0.1536 | Val Cat Acc: 1.000 | Time: 1.6s
  GPU Memory: 0.07GB allocated, 0.44GB reserved
Epoch 139/300 | Train Loss: 0.0097 | Val Loss: 0.0513 | Val Cat Acc: 1.000 | Time: 1.7s
  GPU Memory: 0.07GB allocated, 0.44GB reserved
Epoch 140/300 | Train Loss: 0.0114 | Val Loss: 0.0159 | Val Cat Acc: 1.000 | Time: 1.5s
  GPU Memory: 0.07GB allocated, 0.44GB reserved
Epoch 141/300 | Train Loss: 0.0100 | Val Loss: 0.0192 | Val Cat Acc: 1.000 | Time: 1.7s
  GPU Memory: 0.07GB allocated, 0.44GB reserved
Epoch 142/300 | Train Loss: 0.0019 | Val Loss: 0.0099 | Val Cat Acc: 1.000 | Time: 1.1s
  GPU Memory: 0.07GB allocated, 0.44GB reserved
  ✓ New best validation loss: 0.0099
Epoch 143/300 | Train Loss: 0.0057 | Val Loss: 0.0147 | Val Cat Acc: 1.000 | Time: 1.1s
  GPU Memory: 0.07GB allocated, 0.44GB reserved
Epoch 144/300 | Train Loss: 0.0057 | Val Loss: 0.0173 | Val Cat Acc: 1.000 | Time: 1.1s
  GPU Memory: 0.07GB allocated, 0.44GB reserved
Epoch 145/300 | Train Loss: 0.0271 | Val Loss: 0.1202 | Val Cat Acc: 1.000 | Time: 1.1s
  GPU Memory: 0.07GB allocated, 0.44GB reserved
Epoch 146/300 | Train Loss: 0.0297 | Val Loss: 0.0427 | Val Cat Acc: 1.000 | Time: 1.1s
  GPU Memory: 0.07GB allocated, 0.44GB reserved
Epoch 147/300 | Train Loss: 0.0160 | Val Loss: 0.1374 | Val Cat Acc: 1.000 | Time: 1.1s
  GPU Memory: 0.07GB allocated, 0.44GB reserved
Epoch 148/300 | Train Loss: 0.0102 | Val Loss: 0.0484 | Val Cat Acc: 1.000 | Time: 1.1s
  GPU Memory: 0.07GB allocated, 0.44GB reserved
Epoch 149/300 | Train Loss: 0.0218 | Val Loss: 0.0258 | Val Cat Acc: 1.000 | Time: 1.1s
  GPU Memory: 0.07GB allocated, 0.44GB reserved
Epoch 150/300 | Train Loss: 0.0274 | Val Loss: 0.0088 | Val Cat Acc: 1.000 | Time: 1.1s
  GPU Memory: 0.07GB allocated, 0.44GB reserved
  ✓ New best validation loss: 0.0088
Epoch 151/300 | Train Loss: 0.0062 | Val Loss: 0.0298 | Val Cat Acc: 1.000 | Time: 1.1s
  GPU Memory: 0.07GB allocated, 0.44GB reserved
Epoch 152/300 | Train Loss: 0.0112 | Val Loss: 0.0202 | Val Cat Acc: 1.000 | Time: 1.1s
  GPU Memory: 0.07GB allocated, 0.44GB reserved
Epoch 153/300 | Train Loss: 0.0065 | Val Loss: 0.1264 | Val Cat Acc: 1.000 | Time: 1.3s
  GPU Memory: 0.07GB allocated, 0.44GB reserved
Epoch 154/300 | Train Loss: 0.0216 | Val Loss: 0.0111 | Val Cat Acc: 1.000 | Time: 1.1s
  GPU Memory: 0.07GB allocated, 0.44GB reserved
Epoch 155/300 | Train Loss: 0.0041 | Val Loss: 0.0278 | Val Cat Acc: 1.000 | Time: 1.1s
  GPU Memory: 0.07GB allocated, 0.44GB reserved
Epoch 156/300 | Train Loss: 0.0318 | Val Loss: 0.0141 | Val Cat Acc: 1.000 | Time: 1.1s
  GPU Memory: 0.07GB allocated, 0.44GB reserved
Epoch 157/300 | Train Loss: 0.0069 | Val Loss: 0.0693 | Val Cat Acc: 1.000 | Time: 1.6s
  GPU Memory: 0.07GB allocated, 0.44GB reserved
Epoch 158/300 | Train Loss: 0.0172 | Val Loss: 0.0325 | Val Cat Acc: 1.000 | Time: 1.7s
  GPU Memory: 0.07GB allocated, 0.44GB reserved
Epoch 159/300 | Train Loss: 0.0007 | Val Loss: 0.0494 | Val Cat Acc: 1.000 | Time: 1.5s
  GPU Memory: 0.07GB allocated, 0.44GB reserved
Epoch 160/300 | Train Loss: 0.0229 | Val Loss: 0.0523 | Val Cat Acc: 1.000 | Time: 1.1s
  GPU Memory: 0.07GB allocated, 0.44GB reserved
Epoch 161/300 | Train Loss: 0.0077 | Val Loss: 0.0089 | Val Cat Acc: 1.000 | Time: 1.1s
  GPU Memory: 0.07GB allocated, 0.44GB reserved
Epoch 162/300 | Train Loss: 0.0070 | Val Loss: 0.0491 | Val Cat Acc: 1.000 | Time: 1.1s
  GPU Memory: 0.07GB allocated, 0.44GB reserved
Epoch 163/300 | Train Loss: 0.0115 | Val Loss: 0.0248 | Val Cat Acc: 1.000 | Time: 1.1s
  GPU Memory: 0.07GB allocated, 0.44GB reserved
Epoch 164/300 | Train Loss: 0.0010 | Val Loss: 0.0108 | Val Cat Acc: 1.000 | Time: 1.1s
  GPU Memory: 0.07GB allocated, 0.44GB reserved
Epoch 165/300 | Train Loss: 0.0067 | Val Loss: 0.0852 | Val Cat Acc: 1.000 | Time: 1.1s
  GPU Memory: 0.07GB allocated, 0.44GB reserved
Epoch 166/300 | Train Loss: 0.0013 | Val Loss: 0.0127 | Val Cat Acc: 1.000 | Time: 1.5s
  GPU Memory: 0.07GB allocated, 0.44GB reserved
Epoch 167/300 | Train Loss: 0.0024 | Val Loss: 0.0576 | Val Cat Acc: 1.000 | Time: 1.7s
  GPU Memory: 0.07GB allocated, 0.44GB reserved
Epoch 168/300 | Train Loss: 0.0044 | Val Loss: 0.0187 | Val Cat Acc: 1.000 | Time: 1.2s
  GPU Memory: 0.07GB allocated, 0.44GB reserved
Epoch 169/300 | Train Loss: 0.0010 | Val Loss: 0.0373 | Val Cat Acc: 1.000 | Time: 1.1s
  GPU Memory: 0.07GB allocated, 0.44GB reserved
Epoch 170/300 | Train Loss: 0.0043 | Val Loss: 0.0254 | Val Cat Acc: 1.000 | Time: 1.1s
  GPU Memory: 0.07GB allocated, 0.44GB reserved
Epoch 171/300 | Train Loss: 0.0034 | Val Loss: 0.0161 | Val Cat Acc: 1.000 | Time: 1.1s
  GPU Memory: 0.07GB allocated, 0.44GB reserved
Epoch 172/300 | Train Loss: 0.0015 | Val Loss: 0.0161 | Val Cat Acc: 1.000 | Time: 1.1s
  GPU Memory: 0.07GB allocated, 0.44GB reserved
Epoch 173/300 | Train Loss: 0.0022 | Val Loss: 0.0096 | Val Cat Acc: 1.000 | Time: 1.1s
  GPU Memory: 0.07GB allocated, 0.44GB reserved
Epoch 174/300 | Train Loss: 0.0098 | Val Loss: 0.0232 | Val Cat Acc: 1.000 | Time: 1.1s
  GPU Memory: 0.07GB allocated, 0.44GB reserved
Epoch 175/300 | Train Loss: 0.0068 | Val Loss: 0.0135 | Val Cat Acc: 1.000 | Time: 1.1s
  GPU Memory: 0.07GB allocated, 0.44GB reserved
Epoch 176/300 | Train Loss: 0.0078 | Val Loss: 0.0426 | Val Cat Acc: 1.000 | Time: 1.1s
  GPU Memory: 0.07GB allocated, 0.44GB reserved
Epoch 177/300 | Train Loss: 0.0167 | Val Loss: 0.0146 | Val Cat Acc: 1.000 | Time: 1.1s
  GPU Memory: 0.07GB allocated, 0.44GB reserved
Epoch 178/300 | Train Loss: 0.0033 | Val Loss: 0.0282 | Val Cat Acc: 1.000 | Time: 1.1s
  GPU Memory: 0.07GB allocated, 0.44GB reserved
Epoch 179/300 | Train Loss: 0.0084 | Val Loss: 0.0504 | Val Cat Acc: 1.000 | Time: 1.1s
  GPU Memory: 0.07GB allocated, 0.44GB reserved
Epoch 180/300 | Train Loss: 0.0008 | Val Loss: 0.0126 | Val Cat Acc: 1.000 | Time: 1.1s
  GPU Memory: 0.07GB allocated, 0.44GB reserved
Epoch 181/300 | Train Loss: 0.0012 | Val Loss: 0.0066 | Val Cat Acc: 1.000 | Time: 1.1s
  GPU Memory: 0.07GB allocated, 0.44GB reserved
  ✓ New best validation loss: 0.0066
Epoch 182/300 | Train Loss: 0.0005 | Val Loss: 0.0052 | Val Cat Acc: 1.000 | Time: 1.1s
  GPU Memory: 0.07GB allocated, 0.44GB reserved
  ✓ New best validation loss: 0.0052
Epoch 183/300 | Train Loss: 0.0039 | Val Loss: 0.0231 | Val Cat Acc: 1.000 | Time: 1.1s
  GPU Memory: 0.07GB allocated, 0.44GB reserved
Epoch 184/300 | Train Loss: 0.0049 | Val Loss: 0.0396 | Val Cat Acc: 1.000 | Time: 1.1s
  GPU Memory: 0.07GB allocated, 0.44GB reserved
Epoch 185/300 | Train Loss: 0.0079 | Val Loss: 0.0674 | Val Cat Acc: 1.000 | Time: 1.1s
  GPU Memory: 0.07GB allocated, 0.44GB reserved
Epoch 186/300 | Train Loss: 0.0040 | Val Loss: 0.0264 | Val Cat Acc: 1.000 | Time: 1.1s
  GPU Memory: 0.07GB allocated, 0.44GB reserved
Epoch 187/300 | Train Loss: 0.0012 | Val Loss: 0.0342 | Val Cat Acc: 1.000 | Time: 1.1s
  GPU Memory: 0.07GB allocated, 0.44GB reserved
Epoch 188/300 | Train Loss: 0.0040 | Val Loss: 0.0618 | Val Cat Acc: 1.000 | Time: 1.1s
  GPU Memory: 0.07GB allocated, 0.44GB reserved
Epoch 189/300 | Train Loss: 0.0077 | Val Loss: 0.0340 | Val Cat Acc: 1.000 | Time: 1.2s
  GPU Memory: 0.07GB allocated, 0.44GB reserved
Epoch 190/300 | Train Loss: 0.0004 | Val Loss: 0.0130 | Val Cat Acc: 1.000 | Time: 1.6s
  GPU Memory: 0.07GB allocated, 0.44GB reserved
Epoch 191/300 | Train Loss: 0.0006 | Val Loss: 0.0147 | Val Cat Acc: 1.000 | Time: 1.7s
  GPU Memory: 0.07GB allocated, 0.44GB reserved
Epoch 192/300 | Train Loss: 0.0043 | Val Loss: 0.0392 | Val Cat Acc: 1.000 | Time: 1.9s
  GPU Memory: 0.07GB allocated, 0.44GB reserved
Epoch 193/300 | Train Loss: 0.0136 | Val Loss: 0.0113 | Val Cat Acc: 1.000 | Time: 1.2s
  GPU Memory: 0.07GB allocated, 0.44GB reserved
Epoch 194/300 | Train Loss: 0.0040 | Val Loss: 0.0064 | Val Cat Acc: 1.000 | Time: 1.1s
  GPU Memory: 0.07GB allocated, 0.44GB reserved
Epoch 195/300 | Train Loss: 0.0005 | Val Loss: 0.0171 | Val Cat Acc: 1.000 | Time: 1.5s
  GPU Memory: 0.07GB allocated, 0.44GB reserved
Epoch 196/300 | Train Loss: 0.0079 | Val Loss: 0.0231 | Val Cat Acc: 1.000 | Time: 1.4s
  GPU Memory: 0.07GB allocated, 0.44GB reserved
Epoch 197/300 | Train Loss: 0.0007 | Val Loss: 0.0398 | Val Cat Acc: 1.000 | Time: 1.4s
  GPU Memory: 0.07GB allocated, 0.44GB reserved
Epoch 198/300 | Train Loss: 0.0028 | Val Loss: 0.0458 | Val Cat Acc: 1.000 | Time: 1.7s
  GPU Memory: 0.07GB allocated, 0.44GB reserved
Epoch 199/300 | Train Loss: 0.0033 | Val Loss: 0.0449 | Val Cat Acc: 1.000 | Time: 1.3s
  GPU Memory: 0.07GB allocated, 0.44GB reserved
Epoch 200/300 | Train Loss: 0.0082 | Val Loss: 0.0847 | Val Cat Acc: 1.000 | Time: 1.1s
  GPU Memory: 0.07GB allocated, 0.44GB reserved
Epoch 201/300 | Train Loss: 0.0067 | Val Loss: 0.0308 | Val Cat Acc: 1.000 | Time: 1.1s
  GPU Memory: 0.07GB allocated, 0.44GB reserved
Epoch 202/300 | Train Loss: 0.0110 | Val Loss: 0.0238 | Val Cat Acc: 1.000 | Time: 1.1s
  GPU Memory: 0.07GB allocated, 0.44GB reserved
Epoch 203/300 | Train Loss: 0.0072 | Val Loss: 0.0152 | Val Cat Acc: 1.000 | Time: 1.6s
  GPU Memory: 0.07GB allocated, 0.44GB reserved
Epoch 204/300 | Train Loss: 0.0081 | Val Loss: 0.0086 | Val Cat Acc: 1.000 | Time: 1.6s
  GPU Memory: 0.07GB allocated, 0.44GB reserved
Epoch 205/300 | Train Loss: 0.0016 | Val Loss: 0.0477 | Val Cat Acc: 1.000 | Time: 1.1s
  GPU Memory: 0.07GB allocated, 0.44GB reserved
Epoch 206/300 | Train Loss: 0.0006 | Val Loss: 0.0073 | Val Cat Acc: 1.000 | Time: 1.2s
  GPU Memory: 0.07GB allocated, 0.44GB reserved
Epoch 207/300 | Train Loss: 0.0008 | Val Loss: 0.0311 | Val Cat Acc: 1.000 | Time: 1.1s
  GPU Memory: 0.07GB allocated, 0.44GB reserved
Epoch 208/300 | Train Loss: 0.0047 | Val Loss: 0.0119 | Val Cat Acc: 1.000 | Time: 1.1s
  GPU Memory: 0.07GB allocated, 0.44GB reserved
Epoch 209/300 | Train Loss: 0.0008 | Val Loss: 0.0078 | Val Cat Acc: 1.000 | Time: 1.1s
  GPU Memory: 0.07GB allocated, 0.44GB reserved
Epoch 210/300 | Train Loss: 0.0024 | Val Loss: 0.0137 | Val Cat Acc: 1.000 | Time: 1.5s
  GPU Memory: 0.07GB allocated, 0.44GB reserved
Epoch 211/300 | Train Loss: 0.0006 | Val Loss: 0.0194 | Val Cat Acc: 1.000 | Time: 1.5s
  GPU Memory: 0.07GB allocated, 0.44GB reserved
Epoch 212/300 | Train Loss: 0.0075 | Val Loss: 0.0101 | Val Cat Acc: 1.000 | Time: 1.7s
  GPU Memory: 0.07GB allocated, 0.44GB reserved
Epoch 213/300 | Train Loss: 0.0244 | Val Loss: 0.0334 | Val Cat Acc: 1.000 | Time: 1.8s
  GPU Memory: 0.07GB allocated, 0.44GB reserved
Epoch 214/300 | Train Loss: 0.0145 | Val Loss: 0.0082 | Val Cat Acc: 1.000 | Time: 1.2s
  GPU Memory: 0.07GB allocated, 0.44GB reserved
Epoch 215/300 | Train Loss: 0.0048 | Val Loss: 0.0141 | Val Cat Acc: 1.000 | Time: 1.1s
  GPU Memory: 0.07GB allocated, 0.44GB reserved
Epoch 216/300 | Train Loss: 0.0054 | Val Loss: 0.0372 | Val Cat Acc: 1.000 | Time: 1.1s
  GPU Memory: 0.07GB allocated, 0.44GB reserved
Epoch 217/300 | Train Loss: 0.0007 | Val Loss: 0.0098 | Val Cat Acc: 1.000 | Time: 1.1s
  GPU Memory: 0.07GB allocated, 0.44GB reserved
Epoch 218/300 | Train Loss: 0.0008 | Val Loss: 0.0094 | Val Cat Acc: 1.000 | Time: 1.1s
  GPU Memory: 0.07GB allocated, 0.44GB reserved
Epoch 219/300 | Train Loss: 0.0009 | Val Loss: 0.0105 | Val Cat Acc: 1.000 | Time: 1.1s
  GPU Memory: 0.07GB allocated, 0.44GB reserved
Epoch 220/300 | Train Loss: 0.0040 | Val Loss: 0.0122 | Val Cat Acc: 1.000 | Time: 1.1s
  GPU Memory: 0.07GB allocated, 0.44GB reserved
Epoch 221/300 | Train Loss: 0.0018 | Val Loss: 0.0198 | Val Cat Acc: 1.000 | Time: 1.1s
  GPU Memory: 0.07GB allocated, 0.44GB reserved
Epoch 222/300 | Train Loss: 0.0030 | Val Loss: 0.0104 | Val Cat Acc: 1.000 | Time: 1.1s
  GPU Memory: 0.07GB allocated, 0.44GB reserved
Epoch 223/300 | Train Loss: 0.0023 | Val Loss: 0.0774 | Val Cat Acc: 1.000 | Time: 1.1s
  GPU Memory: 0.07GB allocated, 0.44GB reserved
Epoch 224/300 | Train Loss: 0.0036 | Val Loss: 0.0126 | Val Cat Acc: 1.000 | Time: 1.1s
  GPU Memory: 0.07GB allocated, 0.44GB reserved
Epoch 225/300 | Train Loss: 0.0006 | Val Loss: 0.0584 | Val Cat Acc: 1.000 | Time: 1.1s
  GPU Memory: 0.07GB allocated, 0.44GB reserved
Epoch 226/300 | Train Loss: 0.0114 | Val Loss: 0.0096 | Val Cat Acc: 1.000 | Time: 1.1s
  GPU Memory: 0.07GB allocated, 0.44GB reserved
Epoch 227/300 | Train Loss: 0.0008 | Val Loss: 0.0126 | Val Cat Acc: 1.000 | Time: 1.1s
  GPU Memory: 0.07GB allocated, 0.44GB reserved
Epoch 228/300 | Train Loss: 0.0007 | Val Loss: 0.0111 | Val Cat Acc: 1.000 | Time: 1.1s
  GPU Memory: 0.07GB allocated, 0.44GB reserved
Epoch 229/300 | Train Loss: 0.0013 | Val Loss: 0.0380 | Val Cat Acc: 1.000 | Time: 1.1s
  GPU Memory: 0.07GB allocated, 0.44GB reserved
Epoch 230/300 | Train Loss: 0.0008 | Val Loss: 0.0198 | Val Cat Acc: 1.000 | Time: 1.2s
  GPU Memory: 0.07GB allocated, 0.44GB reserved
Epoch 231/300 | Train Loss: 0.0005 | Val Loss: 0.0184 | Val Cat Acc: 1.000 | Time: 1.1s
  GPU Memory: 0.07GB allocated, 0.44GB reserved
Epoch 232/300 | Train Loss: 0.0014 | Val Loss: 0.0085 | Val Cat Acc: 1.000 | Time: 1.1s
  GPU Memory: 0.07GB allocated, 0.44GB reserved

Early stopping triggered after 232 epochs.
Best validation loss: 0.0052

================================================================================
CTC TRAINING COMPLETED!
Best validation loss: 0.0052
Checkpoints saved to: trained_models/mediapipe_gru/greetings_ctc_v2
================================================================================


============================================================
Training completed - 2025-10-25 05:59:24
Log saved to: trained_models/mediapipe_gru/greetings_ctc_v2/training_20251025_055426.log
============================================================
