============================================================
TRAINING LOG - 2025-10-09 03:42:40
============================================================
Console output will be saved to: trained_models/transformer/cmb_combined_2204/training_20251009_034240.log
Metrics CSV will be saved to: trained_models/transformer/cmb_combined_2204/training_20251009_034240_metrics.csv

Using device: cuda
CUDA device: NVIDIA GeForce RTX 5070 Ti
CUDA memory: 16.6 GB
CUDA compute capability: 12.0
CUDA multiprocessors: 70
CUDA memory allocated: 0.00 GB
CUDA memory cached: 0.00 GB

============================================================
DATA LOADING
============================================================
✓ Loaded data successfully
  - Dataset type: Transformer Combined (Keypoints + Features)
  - Training folder: data/processed/cmb_train
  - Validation folder: data/processed/cmb_val
  - Keypoint key: X (156-dim)
  - Feature key: X2048 (2048-dim)
  - Combined dimension: 2204 (156 + 2048)
  - Gloss classes: 105
  - Category classes: 10

============================================================
DATASET PREPARATION
============================================================
✓ Created datasets and data loaders
  - Batch size: 8
  - Training batches: 422
  - Validation batches: 104
  - Data augmentation: Enabled (noise_std=0.0015, mask_prob=0.04)
  - Training dataset size: 3372 samples
  - Validation dataset size: 832 samples
  - Data format: [T, 2204] combined (156 keypoints + 2048 features)

============================================================
MODEL SELECTION
============================================================
Available models:
- transformer: Multi-head attention transformer
- iv3_gru: InceptionV3 + GRU hybrid
✓ Using SignTransformer model (input_dim=2204)

================================================================================
COMPREHENSIVE TRAINING CONFIGURATION
================================================================================
Session Information:
  - Start time: 2025-10-09 03:42:40
  - Working directory: /workspace/fslr-transformer-vs-iv3gru
  - Command: /workspace/fslr-transformer-vs-iv3gru/training/train.py --model transformer --epochs 300 --batch-size 8 --lr 0.00006 --alpha 0.8 --beta 0.2 --num-gloss 105 --num-cat 10 --keypoints-train data/processed/cmb_train --keypoints-val data/processed/cmb_val --labels-train-csv data/processed/cmb_train.csv --labels-val-csv data/processed/cmb_val.csv --kp-key X --feature-key X2048 --combine-features --amp --augment --augment-noise-std 0.0015 --augment-mask-prob 0.04 --augment-mask-ratio 0.04 --scheduler warmup_cosine --warmup-epochs 20 --early-stop 50 --weight-decay 1.1e-4 --output-dir trained_models/transformer/cmb_combined_2204

System Information:
  - Platform: Linux-6.8.0-52-generic-x86_64-with-glibc2.39
  - Python version: 3.12.11 | packaged by conda-forge | (main, Jun  4 2025, 14:45:31) [GCC 13.3.0]
  - PyTorch version: 2.8.0+cu128
  - CUDA version: 12.8
  - cuDNN version: 91002
  - NumPy version: 2.2.6

Core Training Parameters:
  - Model: transformer
  - Epochs: 300
  - Batch size: 8
  - Learning rate: 6e-05
  - Weight decay: 0.00011
  - Gradient clipping: None
  - Loss weights - Alpha: 0.8, Beta: 0.2

Curriculum Training: Disabled

Loss Weighting Parameters:
  - Strategy: static
  - Alpha: 0.8
  - Beta: 0.2

Data Configuration:
  - Gloss classes: 105
  - Category classes: 10
  - Data source: Real data files
  - Training folder: data/processed/cmb_train
  - Validation folder: data/processed/cmb_val
  - Mode: Combined (Keypoints + Features)
  - Keypoint key: X (156-dim)
  - Feature key: X2048 (2048-dim)
  - Combined input: 2204-dim

Training Control:
  - Scheduler: warmup_cosine
  - Scheduler patience: 5
  - Early stopping: 50
  - Resume from: None

Performance Settings:
  - AMP (Mixed Precision): True
  - Model compilation: False
  - Gradient accumulation steps: 1
  - DataLoader workers: 0
  - Auto workers: False
  - Pin memory: False
  - Prefetch factor: None

Reproducibility:
  - Random seed: 42
  - Deterministic mode: False

Output Configuration:
  - Checkpoint directory: trained_models/transformer/cmb_combined_2204
  - CSV log file: trained_models/transformer/cmb_combined_2204/training_20251009_034240_metrics.csv

Model Information:
  - Model type: SignTransformer
  - Total parameters: 3,804,915
  - Trainable parameters: 3,804,915
  - Model size: 14.5 MB
================================================================================

============================================================
TRAINING START
============================================================
✓ Loss weighting strategy: static
✓ Using standard CrossEntropy Loss
Training Configuration:
  - Gradient accumulation steps: 1
  - AMP enabled: True
  - Model compiled: False
  - CUDA memory before training: 0.02 GB
✓ Using WarmupCosineScheduler (warmup_epochs=20)
Training for 300 epochs...
Loss weights - Gloss: 0.8, Category: 0.2
------------------------------------------------------------
Epoch  1/300 | Train Loss: 4.2388 | Val Loss: 4.1785 | Val Gloss Acc: 0.014 | Val Cat Acc: 0.179 | Time: 11.5s
  GPU Memory: 0.06GB allocated, 0.14GB reserved
Epoch  2/300 | Train Loss: 4.2183 | Val Loss: 4.1540 | Val Gloss Acc: 0.019 | Val Cat Acc: 0.248 | Time: 11.6s
  GPU Memory: 0.06GB allocated, 0.14GB reserved
Epoch  3/300 | Train Loss: 3.9318 | Val Loss: 4.1025 | Val Gloss Acc: 0.016 | Val Cat Acc: 0.274 | Time: 10.6s
  GPU Memory: 0.06GB allocated, 0.14GB reserved
Epoch  4/300 | Train Loss: 4.0196 | Val Loss: 3.9109 | Val Gloss Acc: 0.024 | Val Cat Acc: 0.398 | Time: 10.5s
  GPU Memory: 0.06GB allocated, 0.14GB reserved
Epoch  5/300 | Train Loss: 3.0363 | Val Loss: 3.5962 | Val Gloss Acc: 0.030 | Val Cat Acc: 0.452 | Time: 10.8s
  GPU Memory: 0.06GB allocated, 0.14GB reserved
Epoch  6/300 | Train Loss: 2.9155 | Val Loss: 3.3070 | Val Gloss Acc: 0.053 | Val Cat Acc: 0.507 | Time: 10.9s
  GPU Memory: 0.06GB allocated, 0.14GB reserved
Epoch  7/300 | Train Loss: 2.4601 | Val Loss: 2.9152 | Val Gloss Acc: 0.100 | Val Cat Acc: 0.609 | Time: 10.9s
  GPU Memory: 0.06GB allocated, 0.14GB reserved
Epoch  8/300 | Train Loss: 3.1640 | Val Loss: 2.6472 | Val Gloss Acc: 0.119 | Val Cat Acc: 0.701 | Time: 10.4s
  GPU Memory: 0.06GB allocated, 0.14GB reserved
Epoch  9/300 | Train Loss: 2.2857 | Val Loss: 2.4531 | Val Gloss Acc: 0.167 | Val Cat Acc: 0.683 | Time: 11.5s
  GPU Memory: 0.06GB allocated, 0.14GB reserved
Epoch 10/300 | Train Loss: 2.2809 | Val Loss: 2.1910 | Val Gloss Acc: 0.216 | Val Cat Acc: 0.739 | Time: 11.7s
  GPU Memory: 0.06GB allocated, 0.14GB reserved
Epoch 11/300 | Train Loss: 1.8613 | Val Loss: 1.9038 | Val Gloss Acc: 0.303 | Val Cat Acc: 0.805 | Time: 11.9s
  GPU Memory: 0.06GB allocated, 0.14GB reserved
Epoch 12/300 | Train Loss: 1.3892 | Val Loss: 1.8193 | Val Gloss Acc: 0.340 | Val Cat Acc: 0.796 | Time: 10.8s
  GPU Memory: 0.06GB allocated, 0.14GB reserved
Epoch 13/300 | Train Loss: 2.2903 | Val Loss: 1.6287 | Val Gloss Acc: 0.368 | Val Cat Acc: 0.810 | Time: 10.5s
  GPU Memory: 0.06GB allocated, 0.14GB reserved
Epoch 14/300 | Train Loss: 0.9519 | Val Loss: 1.4357 | Val Gloss Acc: 0.438 | Val Cat Acc: 0.855 | Time: 10.6s
  GPU Memory: 0.06GB allocated, 0.14GB reserved
Epoch 15/300 | Train Loss: 1.7443 | Val Loss: 1.3285 | Val Gloss Acc: 0.480 | Val Cat Acc: 0.885 | Time: 10.0s
  GPU Memory: 0.06GB allocated, 0.14GB reserved
Epoch 16/300 | Train Loss: 1.0940 | Val Loss: 1.4740 | Val Gloss Acc: 0.415 | Val Cat Acc: 0.831 | Time: 11.3s
  GPU Memory: 0.06GB allocated, 0.14GB reserved
Epoch 17/300 | Train Loss: 1.5570 | Val Loss: 1.3622 | Val Gloss Acc: 0.469 | Val Cat Acc: 0.800 | Time: 11.1s
  GPU Memory: 0.06GB allocated, 0.14GB reserved
Epoch 18/300 | Train Loss: 1.5797 | Val Loss: 1.1279 | Val Gloss Acc: 0.556 | Val Cat Acc: 0.897 | Time: 11.3s
  GPU Memory: 0.06GB allocated, 0.14GB reserved
Epoch 19/300 | Train Loss: 1.8143 | Val Loss: 0.9744 | Val Gloss Acc: 0.609 | Val Cat Acc: 0.906 | Time: 11.1s
  GPU Memory: 0.06GB allocated, 0.14GB reserved
Epoch 20/300 | Train Loss: 1.8408 | Val Loss: 0.9925 | Val Gloss Acc: 0.593 | Val Cat Acc: 0.916 | Time: 10.3s
  GPU Memory: 0.06GB allocated, 0.14GB reserved
Epoch 21/300 | Train Loss: 0.6591 | Val Loss: 0.8796 | Val Gloss Acc: 0.643 | Val Cat Acc: 0.918 | Time: 10.9s
  GPU Memory: 0.06GB allocated, 0.14GB reserved
Epoch 22/300 | Train Loss: 0.5258 | Val Loss: 0.8672 | Val Gloss Acc: 0.674 | Val Cat Acc: 0.905 | Time: 11.6s
  GPU Memory: 0.06GB allocated, 0.14GB reserved
Epoch 23/300 | Train Loss: 0.3541 | Val Loss: 0.9280 | Val Gloss Acc: 0.639 | Val Cat Acc: 0.877 | Time: 11.1s
  GPU Memory: 0.06GB allocated, 0.14GB reserved
Epoch 24/300 | Train Loss: 0.2805 | Val Loss: 0.7936 | Val Gloss Acc: 0.681 | Val Cat Acc: 0.927 | Time: 10.9s
  GPU Memory: 0.06GB allocated, 0.14GB reserved
Epoch 25/300 | Train Loss: 0.2693 | Val Loss: 0.6971 | Val Gloss Acc: 0.700 | Val Cat Acc: 0.936 | Time: 11.6s
  GPU Memory: 0.06GB allocated, 0.14GB reserved
Epoch 26/300 | Train Loss: 0.3039 | Val Loss: 0.6653 | Val Gloss Acc: 0.716 | Val Cat Acc: 0.945 | Time: 10.9s
  GPU Memory: 0.06GB allocated, 0.14GB reserved
Epoch 27/300 | Train Loss: 0.0930 | Val Loss: 0.7194 | Val Gloss Acc: 0.716 | Val Cat Acc: 0.912 | Time: 11.1s
  GPU Memory: 0.06GB allocated, 0.14GB reserved
Epoch 28/300 | Train Loss: 0.7159 | Val Loss: 0.7060 | Val Gloss Acc: 0.709 | Val Cat Acc: 0.915 | Time: 11.2s
  GPU Memory: 0.06GB allocated, 0.14GB reserved
Epoch 29/300 | Train Loss: 0.4622 | Val Loss: 0.6818 | Val Gloss Acc: 0.724 | Val Cat Acc: 0.936 | Time: 12.6s
  GPU Memory: 0.06GB allocated, 0.14GB reserved
Epoch 30/300 | Train Loss: 0.6755 | Val Loss: 0.5862 | Val Gloss Acc: 0.760 | Val Cat Acc: 0.938 | Time: 8.9s
  GPU Memory: 0.06GB allocated, 0.14GB reserved
Epoch 31/300 | Train Loss: 0.1102 | Val Loss: 0.6302 | Val Gloss Acc: 0.740 | Val Cat Acc: 0.924 | Time: 10.4s
  GPU Memory: 0.06GB allocated, 0.14GB reserved
Epoch 32/300 | Train Loss: 0.1035 | Val Loss: 0.5554 | Val Gloss Acc: 0.764 | Val Cat Acc: 0.957 | Time: 10.5s
  GPU Memory: 0.06GB allocated, 0.14GB reserved
Epoch 33/300 | Train Loss: 0.1176 | Val Loss: 0.4779 | Val Gloss Acc: 0.799 | Val Cat Acc: 0.963 | Time: 11.9s
  GPU Memory: 0.06GB allocated, 0.14GB reserved
Epoch 34/300 | Train Loss: 0.1181 | Val Loss: 0.6029 | Val Gloss Acc: 0.766 | Val Cat Acc: 0.918 | Time: 10.0s
  GPU Memory: 0.06GB allocated, 0.14GB reserved
Epoch 35/300 | Train Loss: 0.5405 | Val Loss: 0.4604 | Val Gloss Acc: 0.811 | Val Cat Acc: 0.948 | Time: 10.4s
  GPU Memory: 0.06GB allocated, 0.14GB reserved
Epoch 36/300 | Train Loss: 0.0751 | Val Loss: 0.5289 | Val Gloss Acc: 0.805 | Val Cat Acc: 0.944 | Time: 11.1s
  GPU Memory: 0.06GB allocated, 0.14GB reserved
Epoch 37/300 | Train Loss: 0.4288 | Val Loss: 0.4733 | Val Gloss Acc: 0.800 | Val Cat Acc: 0.950 | Time: 10.5s
  GPU Memory: 0.06GB allocated, 0.14GB reserved
Epoch 38/300 | Train Loss: 0.1551 | Val Loss: 0.4622 | Val Gloss Acc: 0.816 | Val Cat Acc: 0.944 | Time: 10.0s
  GPU Memory: 0.06GB allocated, 0.14GB reserved
Epoch 39/300 | Train Loss: 0.3442 | Val Loss: 0.4343 | Val Gloss Acc: 0.825 | Val Cat Acc: 0.969 | Time: 10.4s
  GPU Memory: 0.06GB allocated, 0.14GB reserved
Epoch 40/300 | Train Loss: 0.3049 | Val Loss: 0.4804 | Val Gloss Acc: 0.797 | Val Cat Acc: 0.965 | Time: 10.8s
  GPU Memory: 0.06GB allocated, 0.14GB reserved
Epoch 41/300 | Train Loss: 0.7899 | Val Loss: 0.4708 | Val Gloss Acc: 0.808 | Val Cat Acc: 0.952 | Time: 10.6s
  GPU Memory: 0.06GB allocated, 0.14GB reserved
Epoch 42/300 | Train Loss: 0.0085 | Val Loss: 0.4254 | Val Gloss Acc: 0.849 | Val Cat Acc: 0.959 | Time: 10.0s
  GPU Memory: 0.06GB allocated, 0.14GB reserved
Epoch 43/300 | Train Loss: 0.0175 | Val Loss: 0.3829 | Val Gloss Acc: 0.852 | Val Cat Acc: 0.971 | Time: 10.8s
  GPU Memory: 0.06GB allocated, 0.14GB reserved
Epoch 44/300 | Train Loss: 0.0136 | Val Loss: 0.7221 | Val Gloss Acc: 0.778 | Val Cat Acc: 0.912 | Time: 11.1s
  GPU Memory: 0.06GB allocated, 0.14GB reserved
Epoch 45/300 | Train Loss: 0.0218 | Val Loss: 0.5971 | Val Gloss Acc: 0.781 | Val Cat Acc: 0.946 | Time: 11.0s
  GPU Memory: 0.06GB allocated, 0.14GB reserved
Epoch 46/300 | Train Loss: 0.0190 | Val Loss: 0.5149 | Val Gloss Acc: 0.812 | Val Cat Acc: 0.964 | Time: 11.1s
  GPU Memory: 0.06GB allocated, 0.14GB reserved
Epoch 47/300 | Train Loss: 0.1828 | Val Loss: 0.5034 | Val Gloss Acc: 0.809 | Val Cat Acc: 0.965 | Time: 10.3s
  GPU Memory: 0.06GB allocated, 0.14GB reserved
Epoch 48/300 | Train Loss: 0.0554 | Val Loss: 0.5095 | Val Gloss Acc: 0.806 | Val Cat Acc: 0.969 | Time: 10.2s
  GPU Memory: 0.06GB allocated, 0.14GB reserved
Epoch 49/300 | Train Loss: 0.0446 | Val Loss: 0.4365 | Val Gloss Acc: 0.846 | Val Cat Acc: 0.965 | Time: 10.2s
  GPU Memory: 0.06GB allocated, 0.14GB reserved
Epoch 50/300 | Train Loss: 0.2201 | Val Loss: 0.5377 | Val Gloss Acc: 0.812 | Val Cat Acc: 0.942 | Time: 11.0s
  GPU Memory: 0.06GB allocated, 0.14GB reserved
Epoch 51/300 | Train Loss: 0.0054 | Val Loss: 0.4937 | Val Gloss Acc: 0.839 | Val Cat Acc: 0.954 | Time: 11.3s
  GPU Memory: 0.06GB allocated, 0.14GB reserved
Epoch 52/300 | Train Loss: 0.3157 | Val Loss: 0.4933 | Val Gloss Acc: 0.833 | Val Cat Acc: 0.958 | Time: 10.8s
  GPU Memory: 0.06GB allocated, 0.14GB reserved
Epoch 53/300 | Train Loss: 0.2374 | Val Loss: 0.3964 | Val Gloss Acc: 0.877 | Val Cat Acc: 0.974 | Time: 10.9s
  GPU Memory: 0.06GB allocated, 0.14GB reserved
Epoch 54/300 | Train Loss: 0.0505 | Val Loss: 0.3986 | Val Gloss Acc: 0.867 | Val Cat Acc: 0.970 | Time: 10.9s
  GPU Memory: 0.06GB allocated, 0.14GB reserved
Epoch 55/300 | Train Loss: 0.0242 | Val Loss: 0.5277 | Val Gloss Acc: 0.829 | Val Cat Acc: 0.935 | Time: 11.5s
  GPU Memory: 0.06GB allocated, 0.14GB reserved
Epoch 56/300 | Train Loss: 0.0090 | Val Loss: 0.3851 | Val Gloss Acc: 0.856 | Val Cat Acc: 0.947 | Time: 10.7s
  GPU Memory: 0.06GB allocated, 0.14GB reserved
Epoch 57/300 | Train Loss: 0.0390 | Val Loss: 0.5245 | Val Gloss Acc: 0.832 | Val Cat Acc: 0.954 | Time: 11.4s
  GPU Memory: 0.06GB allocated, 0.14GB reserved
Epoch 58/300 | Train Loss: 0.3044 | Val Loss: 0.4713 | Val Gloss Acc: 0.846 | Val Cat Acc: 0.960 | Time: 10.1s
  GPU Memory: 0.06GB allocated, 0.14GB reserved
Epoch 59/300 | Train Loss: 0.1129 | Val Loss: 0.5173 | Val Gloss Acc: 0.832 | Val Cat Acc: 0.958 | Time: 10.8s
  GPU Memory: 0.06GB allocated, 0.14GB reserved
Epoch 60/300 | Train Loss: 0.0009 | Val Loss: 0.3507 | Val Gloss Acc: 0.885 | Val Cat Acc: 0.976 | Time: 10.6s
  GPU Memory: 0.06GB allocated, 0.14GB reserved
Epoch 61/300 | Train Loss: 0.0021 | Val Loss: 0.4790 | Val Gloss Acc: 0.850 | Val Cat Acc: 0.938 | Time: 11.6s
  GPU Memory: 0.06GB allocated, 0.14GB reserved
Epoch 62/300 | Train Loss: 0.0033 | Val Loss: 0.4400 | Val Gloss Acc: 0.857 | Val Cat Acc: 0.966 | Time: 11.1s
  GPU Memory: 0.06GB allocated, 0.14GB reserved
Epoch 63/300 | Train Loss: 0.0024 | Val Loss: 0.4659 | Val Gloss Acc: 0.858 | Val Cat Acc: 0.965 | Time: 10.7s
  GPU Memory: 0.06GB allocated, 0.14GB reserved
Epoch 64/300 | Train Loss: 0.0077 | Val Loss: 0.5338 | Val Gloss Acc: 0.862 | Val Cat Acc: 0.969 | Time: 12.7s
  GPU Memory: 0.06GB allocated, 0.14GB reserved
Epoch 65/300 | Train Loss: 0.0016 | Val Loss: 0.5011 | Val Gloss Acc: 0.855 | Val Cat Acc: 0.971 | Time: 10.3s
  GPU Memory: 0.06GB allocated, 0.14GB reserved
Epoch 66/300 | Train Loss: 0.0078 | Val Loss: 0.3657 | Val Gloss Acc: 0.879 | Val Cat Acc: 0.980 | Time: 11.6s
  GPU Memory: 0.06GB allocated, 0.14GB reserved
Epoch 67/300 | Train Loss: 0.1858 | Val Loss: 0.3986 | Val Gloss Acc: 0.879 | Val Cat Acc: 0.971 | Time: 11.4s
  GPU Memory: 0.06GB allocated, 0.14GB reserved
Epoch 68/300 | Train Loss: 0.0131 | Val Loss: 0.4477 | Val Gloss Acc: 0.864 | Val Cat Acc: 0.960 | Time: 10.9s
  GPU Memory: 0.06GB allocated, 0.14GB reserved
Epoch 69/300 | Train Loss: 0.1475 | Val Loss: 0.3522 | Val Gloss Acc: 0.897 | Val Cat Acc: 0.972 | Time: 11.5s
  GPU Memory: 0.06GB allocated, 0.14GB reserved
Epoch 70/300 | Train Loss: 0.0530 | Val Loss: 0.4339 | Val Gloss Acc: 0.874 | Val Cat Acc: 0.976 | Time: 10.8s
  GPU Memory: 0.06GB allocated, 0.14GB reserved
Epoch 71/300 | Train Loss: 0.0006 | Val Loss: 0.4111 | Val Gloss Acc: 0.873 | Val Cat Acc: 0.971 | Time: 10.4s
  GPU Memory: 0.06GB allocated, 0.14GB reserved
Epoch 72/300 | Train Loss: 0.0036 | Val Loss: 0.4377 | Val Gloss Acc: 0.845 | Val Cat Acc: 0.963 | Time: 11.4s
  GPU Memory: 0.06GB allocated, 0.14GB reserved
Epoch 73/300 | Train Loss: 0.0052 | Val Loss: 0.3651 | Val Gloss Acc: 0.874 | Val Cat Acc: 0.974 | Time: 11.8s
  GPU Memory: 0.06GB allocated, 0.14GB reserved
Epoch 74/300 | Train Loss: 0.0062 | Val Loss: 0.5794 | Val Gloss Acc: 0.828 | Val Cat Acc: 0.927 | Time: 11.2s
  GPU Memory: 0.06GB allocated, 0.14GB reserved
Epoch 75/300 | Train Loss: 0.0009 | Val Loss: 0.3857 | Val Gloss Acc: 0.879 | Val Cat Acc: 0.981 | Time: 10.7s
  GPU Memory: 0.06GB allocated, 0.14GB reserved
Epoch 76/300 | Train Loss: 0.0070 | Val Loss: 0.4876 | Val Gloss Acc: 0.851 | Val Cat Acc: 0.948 | Time: 11.5s
  GPU Memory: 0.06GB allocated, 0.14GB reserved
Epoch 77/300 | Train Loss: 0.0061 | Val Loss: 0.4088 | Val Gloss Acc: 0.880 | Val Cat Acc: 0.962 | Time: 10.6s
  GPU Memory: 0.06GB allocated, 0.14GB reserved
Epoch 78/300 | Train Loss: 0.0146 | Val Loss: 0.5717 | Val Gloss Acc: 0.839 | Val Cat Acc: 0.934 | Time: 10.7s
  GPU Memory: 0.06GB allocated, 0.14GB reserved
Epoch 79/300 | Train Loss: 0.1673 | Val Loss: 0.4668 | Val Gloss Acc: 0.862 | Val Cat Acc: 0.956 | Time: 10.5s
  GPU Memory: 0.06GB allocated, 0.14GB reserved
Epoch 80/300 | Train Loss: 0.0070 | Val Loss: 0.4803 | Val Gloss Acc: 0.858 | Val Cat Acc: 0.963 | Time: 11.3s
  GPU Memory: 0.06GB allocated, 0.14GB reserved
Epoch 81/300 | Train Loss: 0.0001 | Val Loss: 0.3517 | Val Gloss Acc: 0.891 | Val Cat Acc: 0.975 | Time: 10.9s
  GPU Memory: 0.06GB allocated, 0.14GB reserved
Epoch 82/300 | Train Loss: 0.0391 | Val Loss: 0.4190 | Val Gloss Acc: 0.885 | Val Cat Acc: 0.982 | Time: 13.4s
  GPU Memory: 0.06GB allocated, 0.14GB reserved
Epoch 83/300 | Train Loss: 0.0161 | Val Loss: 0.6698 | Val Gloss Acc: 0.805 | Val Cat Acc: 0.941 | Time: 12.2s
  GPU Memory: 0.06GB allocated, 0.14GB reserved
Epoch 84/300 | Train Loss: 0.0286 | Val Loss: 0.5444 | Val Gloss Acc: 0.847 | Val Cat Acc: 0.964 | Time: 11.6s
  GPU Memory: 0.06GB allocated, 0.14GB reserved
Epoch 85/300 | Train Loss: 0.0009 | Val Loss: 0.3632 | Val Gloss Acc: 0.893 | Val Cat Acc: 0.981 | Time: 9.7s
  GPU Memory: 0.06GB allocated, 0.14GB reserved
Epoch 86/300 | Train Loss: 0.2301 | Val Loss: 0.4231 | Val Gloss Acc: 0.879 | Val Cat Acc: 0.974 | Time: 11.1s
  GPU Memory: 0.06GB allocated, 0.14GB reserved
Epoch 87/300 | Train Loss: 0.0156 | Val Loss: 0.4945 | Val Gloss Acc: 0.859 | Val Cat Acc: 0.977 | Time: 10.5s
  GPU Memory: 0.06GB allocated, 0.14GB reserved
Epoch 88/300 | Train Loss: 0.0586 | Val Loss: 0.4447 | Val Gloss Acc: 0.858 | Val Cat Acc: 0.963 | Time: 10.9s
  GPU Memory: 0.06GB allocated, 0.14GB reserved
Epoch 89/300 | Train Loss: 0.0008 | Val Loss: 0.5244 | Val Gloss Acc: 0.852 | Val Cat Acc: 0.965 | Time: 9.8s
  GPU Memory: 0.06GB allocated, 0.14GB reserved
Epoch 90/300 | Train Loss: 0.0343 | Val Loss: 0.3902 | Val Gloss Acc: 0.880 | Val Cat Acc: 0.957 | Time: 10.9s
  GPU Memory: 0.06GB allocated, 0.14GB reserved
Epoch 91/300 | Train Loss: 0.0020 | Val Loss: 0.4199 | Val Gloss Acc: 0.895 | Val Cat Acc: 0.981 | Time: 10.2s
  GPU Memory: 0.06GB allocated, 0.14GB reserved
Epoch 92/300 | Train Loss: 0.0010 | Val Loss: 0.4582 | Val Gloss Acc: 0.874 | Val Cat Acc: 0.968 | Time: 10.7s
  GPU Memory: 0.06GB allocated, 0.14GB reserved
Epoch 93/300 | Train Loss: 0.1813 | Val Loss: 0.4820 | Val Gloss Acc: 0.863 | Val Cat Acc: 0.960 | Time: 11.1s
  GPU Memory: 0.06GB allocated, 0.14GB reserved
Epoch 94/300 | Train Loss: 0.0968 | Val Loss: 0.4323 | Val Gloss Acc: 0.870 | Val Cat Acc: 0.968 | Time: 11.1s
  GPU Memory: 0.06GB allocated, 0.14GB reserved
Epoch 95/300 | Train Loss: 0.0023 | Val Loss: 0.3759 | Val Gloss Acc: 0.899 | Val Cat Acc: 0.964 | Time: 11.0s
  GPU Memory: 0.06GB allocated, 0.14GB reserved
Epoch 96/300 | Train Loss: 0.0004 | Val Loss: 0.3616 | Val Gloss Acc: 0.907 | Val Cat Acc: 0.972 | Time: 11.1s
  GPU Memory: 0.06GB allocated, 0.14GB reserved
Epoch 97/300 | Train Loss: 0.0016 | Val Loss: 0.3703 | Val Gloss Acc: 0.895 | Val Cat Acc: 0.974 | Time: 10.5s
  GPU Memory: 0.06GB allocated, 0.14GB reserved
Epoch 98/300 | Train Loss: 0.0004 | Val Loss: 0.3660 | Val Gloss Acc: 0.895 | Val Cat Acc: 0.977 | Time: 10.9s
  GPU Memory: 0.06GB allocated, 0.14GB reserved
Epoch 99/300 | Train Loss: 0.0080 | Val Loss: 0.3608 | Val Gloss Acc: 0.911 | Val Cat Acc: 0.986 | Time: 10.4s
  GPU Memory: 0.06GB allocated, 0.14GB reserved
Epoch 100/300 | Train Loss: 0.0009 | Val Loss: 0.3744 | Val Gloss Acc: 0.904 | Val Cat Acc: 0.972 | Time: 10.9s
  GPU Memory: 0.06GB allocated, 0.14GB reserved
Epoch 101/300 | Train Loss: 0.0330 | Val Loss: 0.7234 | Val Gloss Acc: 0.829 | Val Cat Acc: 0.936 | Time: 11.4s
  GPU Memory: 0.06GB allocated, 0.14GB reserved
Epoch 102/300 | Train Loss: 0.0005 | Val Loss: 0.3395 | Val Gloss Acc: 0.900 | Val Cat Acc: 0.981 | Time: 10.4s
  GPU Memory: 0.06GB allocated, 0.14GB reserved
Epoch 103/300 | Train Loss: 0.0073 | Val Loss: 0.3723 | Val Gloss Acc: 0.904 | Val Cat Acc: 0.986 | Time: 11.1s
  GPU Memory: 0.06GB allocated, 0.14GB reserved
Epoch 104/300 | Train Loss: 0.0000 | Val Loss: 0.3538 | Val Gloss Acc: 0.907 | Val Cat Acc: 0.983 | Time: 11.4s
  GPU Memory: 0.06GB allocated, 0.14GB reserved
Epoch 105/300 | Train Loss: 0.1308 | Val Loss: 0.7009 | Val Gloss Acc: 0.823 | Val Cat Acc: 0.959 | Time: 11.2s
  GPU Memory: 0.06GB allocated, 0.14GB reserved
Epoch 106/300 | Train Loss: 0.0005 | Val Loss: 0.3817 | Val Gloss Acc: 0.907 | Val Cat Acc: 0.977 | Time: 12.4s
  GPU Memory: 0.06GB allocated, 0.14GB reserved
Epoch 107/300 | Train Loss: 0.0039 | Val Loss: 0.3844 | Val Gloss Acc: 0.903 | Val Cat Acc: 0.980 | Time: 7.8s
  GPU Memory: 0.06GB allocated, 0.14GB reserved
Epoch 108/300 | Train Loss: 0.0007 | Val Loss: 0.3555 | Val Gloss Acc: 0.909 | Val Cat Acc: 0.989 | Time: 7.2s
  GPU Memory: 0.06GB allocated, 0.14GB reserved
Epoch 109/300 | Train Loss: 0.0000 | Val Loss: 0.7180 | Val Gloss Acc: 0.837 | Val Cat Acc: 0.945 | Time: 6.8s
  GPU Memory: 0.06GB allocated, 0.14GB reserved
Epoch 110/300 | Train Loss: 0.0113 | Val Loss: 0.3423 | Val Gloss Acc: 0.904 | Val Cat Acc: 0.978 | Time: 6.8s
  GPU Memory: 0.06GB allocated, 0.14GB reserved
Epoch 111/300 | Train Loss: 0.0041 | Val Loss: 0.3519 | Val Gloss Acc: 0.901 | Val Cat Acc: 0.976 | Time: 6.8s
  GPU Memory: 0.06GB allocated, 0.14GB reserved
Epoch 112/300 | Train Loss: 0.0003 | Val Loss: 0.3513 | Val Gloss Acc: 0.897 | Val Cat Acc: 0.986 | Time: 7.1s
  GPU Memory: 0.06GB allocated, 0.14GB reserved
Epoch 113/300 | Train Loss: 0.0227 | Val Loss: 0.4632 | Val Gloss Acc: 0.887 | Val Cat Acc: 0.966 | Time: 6.9s
  GPU Memory: 0.06GB allocated, 0.14GB reserved
Epoch 114/300 | Train Loss: 0.0049 | Val Loss: 0.3928 | Val Gloss Acc: 0.887 | Val Cat Acc: 0.982 | Time: 6.9s
  GPU Memory: 0.06GB allocated, 0.14GB reserved
Epoch 115/300 | Train Loss: 0.0679 | Val Loss: 0.4144 | Val Gloss Acc: 0.899 | Val Cat Acc: 0.974 | Time: 7.2s
  GPU Memory: 0.06GB allocated, 0.14GB reserved
Epoch 116/300 | Train Loss: 0.0013 | Val Loss: 0.4118 | Val Gloss Acc: 0.888 | Val Cat Acc: 0.976 | Time: 6.9s
  GPU Memory: 0.06GB allocated, 0.14GB reserved
Epoch 117/300 | Train Loss: 0.0094 | Val Loss: 0.4261 | Val Gloss Acc: 0.888 | Val Cat Acc: 0.969 | Time: 7.0s
  GPU Memory: 0.06GB allocated, 0.14GB reserved
Epoch 118/300 | Train Loss: 0.0262 | Val Loss: 0.3307 | Val Gloss Acc: 0.918 | Val Cat Acc: 0.980 | Time: 7.0s
  GPU Memory: 0.06GB allocated, 0.14GB reserved
Epoch 119/300 | Train Loss: 0.0015 | Val Loss: 0.3689 | Val Gloss Acc: 0.909 | Val Cat Acc: 0.981 | Time: 6.8s
  GPU Memory: 0.06GB allocated, 0.14GB reserved
Epoch 120/300 | Train Loss: 0.0714 | Val Loss: 0.6550 | Val Gloss Acc: 0.855 | Val Cat Acc: 0.971 | Time: 7.0s
  GPU Memory: 0.06GB allocated, 0.14GB reserved
Epoch 121/300 | Train Loss: 0.0004 | Val Loss: 0.4072 | Val Gloss Acc: 0.886 | Val Cat Acc: 0.981 | Time: 7.1s
  GPU Memory: 0.06GB allocated, 0.14GB reserved
Epoch 122/300 | Train Loss: 0.0004 | Val Loss: 0.3301 | Val Gloss Acc: 0.915 | Val Cat Acc: 0.987 | Time: 7.0s
  GPU Memory: 0.06GB allocated, 0.14GB reserved
Epoch 123/300 | Train Loss: 0.0001 | Val Loss: 0.4226 | Val Gloss Acc: 0.883 | Val Cat Acc: 0.983 | Time: 6.8s
  GPU Memory: 0.06GB allocated, 0.14GB reserved
Epoch 124/300 | Train Loss: 0.0001 | Val Loss: 0.3554 | Val Gloss Acc: 0.906 | Val Cat Acc: 0.981 | Time: 6.8s
  GPU Memory: 0.06GB allocated, 0.14GB reserved
Epoch 125/300 | Train Loss: 0.0006 | Val Loss: 0.4305 | Val Gloss Acc: 0.892 | Val Cat Acc: 0.975 | Time: 7.0s
  GPU Memory: 0.06GB allocated, 0.14GB reserved
Epoch 126/300 | Train Loss: 0.0003 | Val Loss: 0.4142 | Val Gloss Acc: 0.886 | Val Cat Acc: 0.981 | Time: 6.9s
  GPU Memory: 0.06GB allocated, 0.14GB reserved
Epoch 127/300 | Train Loss: 0.0075 | Val Loss: 0.3678 | Val Gloss Acc: 0.904 | Val Cat Acc: 0.987 | Time: 7.2s
  GPU Memory: 0.06GB allocated, 0.14GB reserved
Epoch 128/300 | Train Loss: 0.0019 | Val Loss: 0.5044 | Val Gloss Acc: 0.876 | Val Cat Acc: 0.965 | Time: 6.8s
  GPU Memory: 0.06GB allocated, 0.14GB reserved
Epoch 129/300 | Train Loss: 0.0014 | Val Loss: 0.3504 | Val Gloss Acc: 0.912 | Val Cat Acc: 0.988 | Time: 6.7s
  GPU Memory: 0.06GB allocated, 0.14GB reserved
Epoch 130/300 | Train Loss: 0.0022 | Val Loss: 0.3949 | Val Gloss Acc: 0.882 | Val Cat Acc: 0.980 | Time: 7.0s
  GPU Memory: 0.06GB allocated, 0.14GB reserved
Epoch 131/300 | Train Loss: 0.0012 | Val Loss: 0.4244 | Val Gloss Acc: 0.882 | Val Cat Acc: 0.977 | Time: 6.8s
  GPU Memory: 0.06GB allocated, 0.14GB reserved
Epoch 132/300 | Train Loss: 0.0028 | Val Loss: 0.3518 | Val Gloss Acc: 0.900 | Val Cat Acc: 0.981 | Time: 6.6s
  GPU Memory: 0.06GB allocated, 0.14GB reserved
Epoch 133/300 | Train Loss: 0.0007 | Val Loss: 0.3923 | Val Gloss Acc: 0.891 | Val Cat Acc: 0.971 | Time: 7.0s
  GPU Memory: 0.06GB allocated, 0.14GB reserved
Epoch 134/300 | Train Loss: 0.4025 | Val Loss: 0.4881 | Val Gloss Acc: 0.858 | Val Cat Acc: 0.963 | Time: 7.2s
  GPU Memory: 0.06GB allocated, 0.14GB reserved
Epoch 135/300 | Train Loss: 0.0032 | Val Loss: 0.3560 | Val Gloss Acc: 0.904 | Val Cat Acc: 0.984 | Time: 7.0s
  GPU Memory: 0.06GB allocated, 0.14GB reserved
Epoch 136/300 | Train Loss: 0.0052 | Val Loss: 0.3394 | Val Gloss Acc: 0.910 | Val Cat Acc: 0.987 | Time: 6.9s
  GPU Memory: 0.06GB allocated, 0.14GB reserved
Epoch 137/300 | Train Loss: 0.0032 | Val Loss: 0.3305 | Val Gloss Acc: 0.906 | Val Cat Acc: 0.982 | Time: 6.8s
  GPU Memory: 0.06GB allocated, 0.14GB reserved
Epoch 138/300 | Train Loss: 0.0008 | Val Loss: 0.3228 | Val Gloss Acc: 0.915 | Val Cat Acc: 0.987 | Time: 7.3s
  GPU Memory: 0.06GB allocated, 0.14GB reserved
Epoch 139/300 | Train Loss: 0.0261 | Val Loss: 0.5085 | Val Gloss Acc: 0.865 | Val Cat Acc: 0.965 | Time: 6.7s
  GPU Memory: 0.06GB allocated, 0.14GB reserved
Epoch 140/300 | Train Loss: 0.0005 | Val Loss: 0.3502 | Val Gloss Acc: 0.904 | Val Cat Acc: 0.986 | Time: 6.9s
  GPU Memory: 0.06GB allocated, 0.14GB reserved
Epoch 141/300 | Train Loss: 0.0003 | Val Loss: 0.3252 | Val Gloss Acc: 0.904 | Val Cat Acc: 0.983 | Time: 7.1s
  GPU Memory: 0.06GB allocated, 0.14GB reserved
Epoch 142/300 | Train Loss: 0.0075 | Val Loss: 0.4442 | Val Gloss Acc: 0.882 | Val Cat Acc: 0.981 | Time: 7.1s
  GPU Memory: 0.06GB allocated, 0.14GB reserved
Epoch 143/300 | Train Loss: 0.0052 | Val Loss: 0.3487 | Val Gloss Acc: 0.904 | Val Cat Acc: 0.982 | Time: 6.8s
  GPU Memory: 0.06GB allocated, 0.14GB reserved
Epoch 144/300 | Train Loss: 0.0002 | Val Loss: 0.3887 | Val Gloss Acc: 0.903 | Val Cat Acc: 0.977 | Time: 7.1s
  GPU Memory: 0.06GB allocated, 0.14GB reserved
Epoch 145/300 | Train Loss: 0.0030 | Val Loss: 0.3132 | Val Gloss Acc: 0.913 | Val Cat Acc: 0.986 | Time: 6.9s
  GPU Memory: 0.06GB allocated, 0.14GB reserved
Epoch 146/300 | Train Loss: 0.0016 | Val Loss: 0.3263 | Val Gloss Acc: 0.907 | Val Cat Acc: 0.986 | Time: 7.2s
  GPU Memory: 0.06GB allocated, 0.14GB reserved
Epoch 147/300 | Train Loss: 0.0002 | Val Loss: 0.4457 | Val Gloss Acc: 0.885 | Val Cat Acc: 0.982 | Time: 7.0s
  GPU Memory: 0.06GB allocated, 0.14GB reserved
Epoch 148/300 | Train Loss: 0.0084 | Val Loss: 0.3602 | Val Gloss Acc: 0.911 | Val Cat Acc: 0.983 | Time: 6.9s
  GPU Memory: 0.06GB allocated, 0.14GB reserved
Epoch 149/300 | Train Loss: 0.0032 | Val Loss: 0.2992 | Val Gloss Acc: 0.909 | Val Cat Acc: 0.982 | Time: 7.3s
  GPU Memory: 0.06GB allocated, 0.14GB reserved
Epoch 150/300 | Train Loss: 0.0041 | Val Loss: 0.3749 | Val Gloss Acc: 0.906 | Val Cat Acc: 0.977 | Time: 6.9s
  GPU Memory: 0.06GB allocated, 0.14GB reserved
Epoch 151/300 | Train Loss: 0.0020 | Val Loss: 0.3390 | Val Gloss Acc: 0.910 | Val Cat Acc: 0.983 | Time: 6.9s
  GPU Memory: 0.06GB allocated, 0.14GB reserved
Epoch 152/300 | Train Loss: 0.0003 | Val Loss: 0.3020 | Val Gloss Acc: 0.918 | Val Cat Acc: 0.988 | Time: 6.9s
  GPU Memory: 0.06GB allocated, 0.14GB reserved
Epoch 153/300 | Train Loss: 0.0011 | Val Loss: 0.2950 | Val Gloss Acc: 0.921 | Val Cat Acc: 0.986 | Time: 7.0s
  GPU Memory: 0.06GB allocated, 0.14GB reserved
Epoch 154/300 | Train Loss: 0.0131 | Val Loss: 0.6287 | Val Gloss Acc: 0.837 | Val Cat Acc: 0.934 | Time: 6.7s
  GPU Memory: 0.06GB allocated, 0.14GB reserved
Epoch 155/300 | Train Loss: 0.0007 | Val Loss: 0.3482 | Val Gloss Acc: 0.911 | Val Cat Acc: 0.986 | Time: 7.0s
  GPU Memory: 0.06GB allocated, 0.14GB reserved
Epoch 156/300 | Train Loss: 0.0003 | Val Loss: 0.3132 | Val Gloss Acc: 0.922 | Val Cat Acc: 0.983 | Time: 6.7s
  GPU Memory: 0.06GB allocated, 0.14GB reserved
Epoch 157/300 | Train Loss: 0.0020 | Val Loss: 0.2923 | Val Gloss Acc: 0.922 | Val Cat Acc: 0.993 | Time: 7.1s
  GPU Memory: 0.06GB allocated, 0.14GB reserved
Epoch 158/300 | Train Loss: 0.0004 | Val Loss: 0.2921 | Val Gloss Acc: 0.919 | Val Cat Acc: 0.988 | Time: 6.7s
  GPU Memory: 0.06GB allocated, 0.14GB reserved
Epoch 159/300 | Train Loss: 0.0108 | Val Loss: 0.4605 | Val Gloss Acc: 0.877 | Val Cat Acc: 0.978 | Time: 7.0s
  GPU Memory: 0.06GB allocated, 0.14GB reserved
Epoch 160/300 | Train Loss: 0.0005 | Val Loss: 0.3641 | Val Gloss Acc: 0.910 | Val Cat Acc: 0.984 | Time: 6.4s
  GPU Memory: 0.06GB allocated, 0.14GB reserved
Epoch 161/300 | Train Loss: 0.0006 | Val Loss: 0.3592 | Val Gloss Acc: 0.895 | Val Cat Acc: 0.987 | Time: 6.7s
  GPU Memory: 0.06GB allocated, 0.14GB reserved
Epoch 162/300 | Train Loss: 0.0004 | Val Loss: 0.3050 | Val Gloss Acc: 0.918 | Val Cat Acc: 0.986 | Time: 6.7s
  GPU Memory: 0.06GB allocated, 0.14GB reserved
Epoch 163/300 | Train Loss: 0.0012 | Val Loss: 0.3032 | Val Gloss Acc: 0.916 | Val Cat Acc: 0.987 | Time: 7.1s
  GPU Memory: 0.06GB allocated, 0.14GB reserved
Epoch 164/300 | Train Loss: 0.0001 | Val Loss: 0.3424 | Val Gloss Acc: 0.909 | Val Cat Acc: 0.988 | Time: 6.9s
  GPU Memory: 0.06GB allocated, 0.14GB reserved
Epoch 165/300 | Train Loss: 0.0007 | Val Loss: 0.2708 | Val Gloss Acc: 0.924 | Val Cat Acc: 0.989 | Time: 6.6s
  GPU Memory: 0.06GB allocated, 0.14GB reserved
Epoch 166/300 | Train Loss: 0.0252 | Val Loss: 0.5991 | Val Gloss Acc: 0.849 | Val Cat Acc: 0.971 | Time: 6.8s
  GPU Memory: 0.06GB allocated, 0.14GB reserved
Epoch 167/300 | Train Loss: 0.0013 | Val Loss: 0.3413 | Val Gloss Acc: 0.907 | Val Cat Acc: 0.982 | Time: 6.8s
  GPU Memory: 0.06GB allocated, 0.14GB reserved
Epoch 168/300 | Train Loss: 0.0002 | Val Loss: 0.3224 | Val Gloss Acc: 0.905 | Val Cat Acc: 0.984 | Time: 7.1s
  GPU Memory: 0.06GB allocated, 0.14GB reserved
Epoch 169/300 | Train Loss: 0.0038 | Val Loss: 0.3163 | Val Gloss Acc: 0.907 | Val Cat Acc: 0.988 | Time: 6.8s
  GPU Memory: 0.06GB allocated, 0.14GB reserved
Epoch 170/300 | Train Loss: 0.0010 | Val Loss: 0.2994 | Val Gloss Acc: 0.905 | Val Cat Acc: 0.988 | Time: 6.9s
  GPU Memory: 0.06GB allocated, 0.14GB reserved
Epoch 171/300 | Train Loss: 0.0004 | Val Loss: 0.3245 | Val Gloss Acc: 0.900 | Val Cat Acc: 0.984 | Time: 6.9s
  GPU Memory: 0.06GB allocated, 0.14GB reserved
Epoch 172/300 | Train Loss: 0.0550 | Val Loss: 0.3433 | Val Gloss Acc: 0.901 | Val Cat Acc: 0.984 | Time: 7.4s
  GPU Memory: 0.06GB allocated, 0.14GB reserved
Epoch 173/300 | Train Loss: 0.2132 | Val Loss: 0.2998 | Val Gloss Acc: 0.909 | Val Cat Acc: 0.983 | Time: 6.8s
  GPU Memory: 0.06GB allocated, 0.14GB reserved
Epoch 174/300 | Train Loss: 0.0010 | Val Loss: 0.2904 | Val Gloss Acc: 0.910 | Val Cat Acc: 0.989 | Time: 7.7s
  GPU Memory: 0.06GB allocated, 0.14GB reserved
Epoch 175/300 | Train Loss: 0.0009 | Val Loss: 0.2986 | Val Gloss Acc: 0.919 | Val Cat Acc: 0.989 | Time: 6.8s
  GPU Memory: 0.06GB allocated, 0.14GB reserved
Epoch 176/300 | Train Loss: 0.0004 | Val Loss: 0.2879 | Val Gloss Acc: 0.918 | Val Cat Acc: 0.987 | Time: 7.0s
  GPU Memory: 0.06GB allocated, 0.14GB reserved
Epoch 177/300 | Train Loss: 0.0004 | Val Loss: 0.3420 | Val Gloss Acc: 0.901 | Val Cat Acc: 0.988 | Time: 6.9s
  GPU Memory: 0.06GB allocated, 0.14GB reserved
Epoch 178/300 | Train Loss: 0.0009 | Val Loss: 0.3007 | Val Gloss Acc: 0.924 | Val Cat Acc: 0.992 | Time: 6.9s
  GPU Memory: 0.06GB allocated, 0.14GB reserved
Epoch 179/300 | Train Loss: 0.0004 | Val Loss: 0.3098 | Val Gloss Acc: 0.912 | Val Cat Acc: 0.992 | Time: 7.1s
  GPU Memory: 0.06GB allocated, 0.14GB reserved
Epoch 180/300 | Train Loss: 0.0003 | Val Loss: 0.3308 | Val Gloss Acc: 0.915 | Val Cat Acc: 0.988 | Time: 7.0s
  GPU Memory: 0.06GB allocated, 0.14GB reserved
Epoch 181/300 | Train Loss: 0.0100 | Val Loss: 0.3118 | Val Gloss Acc: 0.921 | Val Cat Acc: 0.989 | Time: 7.1s
  GPU Memory: 0.06GB allocated, 0.14GB reserved
Epoch 182/300 | Train Loss: 0.0014 | Val Loss: 0.3070 | Val Gloss Acc: 0.917 | Val Cat Acc: 0.988 | Time: 6.8s
  GPU Memory: 0.06GB allocated, 0.14GB reserved
Epoch 183/300 | Train Loss: 0.0011 | Val Loss: 0.4281 | Val Gloss Acc: 0.880 | Val Cat Acc: 0.977 | Time: 7.0s
  GPU Memory: 0.06GB allocated, 0.14GB reserved
Epoch 184/300 | Train Loss: 0.0022 | Val Loss: 0.3463 | Val Gloss Acc: 0.913 | Val Cat Acc: 0.983 | Time: 6.7s
  GPU Memory: 0.06GB allocated, 0.14GB reserved
Epoch 185/300 | Train Loss: 0.0121 | Val Loss: 0.3293 | Val Gloss Acc: 0.913 | Val Cat Acc: 0.989 | Time: 6.9s
  GPU Memory: 0.06GB allocated, 0.14GB reserved
Epoch 186/300 | Train Loss: 0.0010 | Val Loss: 0.3222 | Val Gloss Acc: 0.907 | Val Cat Acc: 0.990 | Time: 7.0s
  GPU Memory: 0.06GB allocated, 0.14GB reserved
Epoch 187/300 | Train Loss: 0.0009 | Val Loss: 0.3078 | Val Gloss Acc: 0.919 | Val Cat Acc: 0.990 | Time: 7.1s
  GPU Memory: 0.06GB allocated, 0.14GB reserved
Epoch 188/300 | Train Loss: 0.0020 | Val Loss: 0.3009 | Val Gloss Acc: 0.912 | Val Cat Acc: 0.989 | Time: 6.8s
  GPU Memory: 0.06GB allocated, 0.14GB reserved
Epoch 189/300 | Train Loss: 0.0075 | Val Loss: 0.3021 | Val Gloss Acc: 0.910 | Val Cat Acc: 0.989 | Time: 6.8s
  GPU Memory: 0.06GB allocated, 0.14GB reserved
Epoch 190/300 | Train Loss: 0.0001 | Val Loss: 0.2914 | Val Gloss Acc: 0.917 | Val Cat Acc: 0.989 | Time: 6.8s
  GPU Memory: 0.06GB allocated, 0.14GB reserved
Epoch 191/300 | Train Loss: 0.0098 | Val Loss: 0.3205 | Val Gloss Acc: 0.905 | Val Cat Acc: 0.984 | Time: 6.9s
  GPU Memory: 0.06GB allocated, 0.14GB reserved
Epoch 192/300 | Train Loss: 0.0176 | Val Loss: 0.3462 | Val Gloss Acc: 0.913 | Val Cat Acc: 0.984 | Time: 6.9s
  GPU Memory: 0.06GB allocated, 0.14GB reserved
Epoch 193/300 | Train Loss: 0.0003 | Val Loss: 0.2986 | Val Gloss Acc: 0.916 | Val Cat Acc: 0.988 | Time: 7.0s
  GPU Memory: 0.06GB allocated, 0.14GB reserved
Epoch 194/300 | Train Loss: 0.0020 | Val Loss: 0.2793 | Val Gloss Acc: 0.921 | Val Cat Acc: 0.993 | Time: 7.0s
  GPU Memory: 0.06GB allocated, 0.14GB reserved
Epoch 195/300 | Train Loss: 0.0017 | Val Loss: 0.3554 | Val Gloss Acc: 0.913 | Val Cat Acc: 0.990 | Time: 7.2s
  GPU Memory: 0.06GB allocated, 0.14GB reserved
Epoch 196/300 | Train Loss: 0.0009 | Val Loss: 0.3790 | Val Gloss Acc: 0.905 | Val Cat Acc: 0.982 | Time: 7.2s
  GPU Memory: 0.06GB allocated, 0.14GB reserved
Epoch 197/300 | Train Loss: 0.0004 | Val Loss: 0.2988 | Val Gloss Acc: 0.915 | Val Cat Acc: 0.990 | Time: 6.9s
  GPU Memory: 0.06GB allocated, 0.14GB reserved
Epoch 198/300 | Train Loss: 0.0005 | Val Loss: 0.3034 | Val Gloss Acc: 0.917 | Val Cat Acc: 0.992 | Time: 7.0s
  GPU Memory: 0.06GB allocated, 0.14GB reserved
Epoch 199/300 | Train Loss: 0.0003 | Val Loss: 0.2938 | Val Gloss Acc: 0.916 | Val Cat Acc: 0.993 | Time: 7.1s
  GPU Memory: 0.06GB allocated, 0.14GB reserved
Epoch 200/300 | Train Loss: 0.0067 | Val Loss: 0.3715 | Val Gloss Acc: 0.901 | Val Cat Acc: 0.983 | Time: 6.8s
  GPU Memory: 0.06GB allocated, 0.14GB reserved
Epoch 201/300 | Train Loss: 0.0001 | Val Loss: 0.2987 | Val Gloss Acc: 0.917 | Val Cat Acc: 0.984 | Time: 6.9s
  GPU Memory: 0.06GB allocated, 0.14GB reserved
Epoch 202/300 | Train Loss: 0.0003 | Val Loss: 0.3179 | Val Gloss Acc: 0.916 | Val Cat Acc: 0.986 | Time: 7.1s
  GPU Memory: 0.06GB allocated, 0.14GB reserved
Epoch 203/300 | Train Loss: 0.0002 | Val Loss: 0.3065 | Val Gloss Acc: 0.916 | Val Cat Acc: 0.986 | Time: 7.1s
  GPU Memory: 0.06GB allocated, 0.14GB reserved
Epoch 204/300 | Train Loss: 0.0004 | Val Loss: 0.2968 | Val Gloss Acc: 0.922 | Val Cat Acc: 0.990 | Time: 7.0s
  GPU Memory: 0.06GB allocated, 0.14GB reserved
Epoch 205/300 | Train Loss: 0.0032 | Val Loss: 0.3292 | Val Gloss Acc: 0.906 | Val Cat Acc: 0.992 | Time: 7.1s
  GPU Memory: 0.06GB allocated, 0.14GB reserved
Epoch 206/300 | Train Loss: 0.0001 | Val Loss: 0.3027 | Val Gloss Acc: 0.913 | Val Cat Acc: 0.990 | Time: 6.8s
  GPU Memory: 0.06GB allocated, 0.14GB reserved
Epoch 207/300 | Train Loss: 0.0003 | Val Loss: 0.3099 | Val Gloss Acc: 0.912 | Val Cat Acc: 0.989 | Time: 7.3s
  GPU Memory: 0.06GB allocated, 0.14GB reserved
Epoch 208/300 | Train Loss: 0.0112 | Val Loss: 0.3247 | Val Gloss Acc: 0.913 | Val Cat Acc: 0.988 | Time: 7.0s
  GPU Memory: 0.06GB allocated, 0.14GB reserved
Epoch 209/300 | Train Loss: 0.0002 | Val Loss: 0.3007 | Val Gloss Acc: 0.915 | Val Cat Acc: 0.988 | Time: 7.1s
  GPU Memory: 0.06GB allocated, 0.14GB reserved
Epoch 210/300 | Train Loss: 0.0030 | Val Loss: 0.2976 | Val Gloss Acc: 0.921 | Val Cat Acc: 0.989 | Time: 7.0s
  GPU Memory: 0.06GB allocated, 0.14GB reserved
Epoch 211/300 | Train Loss: 0.0009 | Val Loss: 0.3010 | Val Gloss Acc: 0.918 | Val Cat Acc: 0.988 | Time: 7.2s
  GPU Memory: 0.06GB allocated, 0.14GB reserved
Epoch 212/300 | Train Loss: 0.0006 | Val Loss: 0.4581 | Val Gloss Acc: 0.875 | Val Cat Acc: 0.975 | Time: 6.9s
  GPU Memory: 0.06GB allocated, 0.14GB reserved
Epoch 213/300 | Train Loss: 0.0004 | Val Loss: 0.3086 | Val Gloss Acc: 0.911 | Val Cat Acc: 0.984 | Time: 7.2s
  GPU Memory: 0.06GB allocated, 0.14GB reserved
Epoch 214/300 | Train Loss: 0.0013 | Val Loss: 0.3515 | Val Gloss Acc: 0.910 | Val Cat Acc: 0.983 | Time: 7.0s
  GPU Memory: 0.06GB allocated, 0.14GB reserved
Epoch 215/300 | Train Loss: 0.0022 | Val Loss: 0.3061 | Val Gloss Acc: 0.913 | Val Cat Acc: 0.989 | Time: 6.8s
  GPU Memory: 0.06GB allocated, 0.14GB reserved
Early stopping triggered after 215 epochs. Best gloss acc: 0.9243
------------------------------------------------------------
Training completed!

============================================================
Training completed - 2025-10-09 04:14:50
Log saved to: trained_models/transformer/cmb_combined_2204/training_20251009_034240.log
============================================================
