============================================================
TRAINING LOG - 2025-10-22 10:03:58
============================================================
Console output will be saved to: trained_models/mediapipe_gru/greetings_classification/training_20251022_100358.log
Metrics CSV will be saved to: trained_models/mediapipe_gru/greetings_classification/training_20251022_100358_metrics.csv

Using device: cuda
CUDA device: NVIDIA GeForce RTX 4070 SUPER
CUDA memory: 12.5 GB
CUDA compute capability: 8.9
CUDA multiprocessors: 56
CUDA memory allocated: 0.00 GB
CUDA memory cached: 0.00 GB

============================================================
DATA LOADING
============================================================
✓ Loaded data successfully
  - Dataset type: MEDIAPIPE-GRU Keypoints
  - Training folder: data/processed/greetings_train
  - Validation folder: data/processed/greetings_val
  - Keypoint key: X
  - Gloss classes: 10
  - Category classes: 1

============================================================
DATASET PREPARATION
============================================================
✓ Created datasets and data loaders
  - Batch size: 16
  - Training batches: 61
  - Validation batches: 16
  - Data augmentation: Enabled (noise_std=0.004, mask_prob=0.07)
  - Training dataset size: 970 samples
  - Validation dataset size: 246 samples
  - Data format: [T, 178] keypoints

============================================================
MODEL SELECTION
============================================================
Available models:
Classification models (isolated signs):
  - transformer: Multi-head attention transformer (keypoints)
  - mediapipe_gru: Lightweight GRU (keypoints, mobile-friendly)
  - iv3_gru: InceptionV3 + GRU hybrid (features, offline baseline)
CTC models (continuous recognition):
  - transformer_ctc: Transformer with CTC (keypoints)
  - mediapipe_gru_ctc: Lightweight GRU with CTC (keypoints)
  - iv3_gru_ctc: InceptionV3 + GRU with CTC (features, offline baseline)
✓ Using MediaPipeGRU model (input_dim=178, hidden1=30, hidden2=22)

================================================================================
COMPREHENSIVE TRAINING CONFIGURATION
================================================================================
Session Information:
  - Start time: 2025-10-22 10:03:58
  - Working directory: /workspace/fslr-transformer-vs-iv3gru
  - Command: /workspace/fslr-transformer-vs-iv3gru/training/train.py --model mediapipe_gru --training-mode classification --epochs 300 --batch-size 16 --lr 0.0001 --num-gloss 10 --num-cat 1 --alpha 0.8 --beta 0.2 --keypoints-train data/processed/greetings_train --keypoints-val data/processed/greetings_val --labels-train-csv data/processed/greetings_train.csv --labels-val-csv data/processed/greetings_val.csv --kp-key X --hidden1 30 --hidden2 22 --amp --augment --augment-noise-std 0.004 --augment-mask-prob 0.07 --augment-mask-ratio 0.07 --scheduler warmup_cosine --warmup-epochs 25 --early-stop 35 --weight-decay 2.5e-4 --dropout 0.20 --label-smoothing 0.1 --output-dir trained_models/mediapipe_gru/greetings_classification

System Information:
  - Platform: Linux-6.8.0-83-generic-x86_64-with-glibc2.39
  - Python version: 3.12.11 | packaged by conda-forge | (main, Jun  4 2025, 14:45:31) [GCC 13.3.0]
  - PyTorch version: 2.9.0+cu128
  - CUDA version: 12.8
  - cuDNN version: 91002
  - NumPy version: 2.2.6

Core Training Parameters:
  - Model: mediapipe_gru
  - Epochs: 300
  - Batch size: 16
  - Learning rate: 0.0001
  - Weight decay: 0.00025
  - Gradient clipping: None
  - Loss weights - Alpha: 0.8, Beta: 0.2

Curriculum Training: Disabled

Loss Weighting Parameters:
  - Strategy: static
  - Alpha: 0.8
  - Beta: 0.2

Data Configuration:
  - Gloss classes: 10
  - Category classes: 1
  - Data source: Real data files
  - Training folder: data/processed/greetings_train
  - Validation folder: data/processed/greetings_val
  - Keypoint key: X

Training Control:
  - Scheduler: warmup_cosine
  - Scheduler patience: 5
  - Early stopping: 35
  - Resume from: None

Performance Settings:
  - AMP (Mixed Precision): True
  - Model compilation: False
  - Gradient accumulation steps: 1
  - DataLoader workers: 0
  - Auto workers: False
  - Pin memory: False
  - Prefetch factor: None

Reproducibility:
  - Random seed: 42
  - Deterministic mode: False

Output Configuration:
  - Checkpoint directory: trained_models/mediapipe_gru/greetings_classification
  - CSV log file: trained_models/mediapipe_gru/greetings_classification/training_20251022_100358_metrics.csv

Model Information:
  - Model type: MediaPipeGRU
  - Total parameters: 22,717
  - Trainable parameters: 22,717
  - Model size: 0.1 MB
================================================================================

============================================================
TRAINING START
============================================================
Training mode: Classification (Isolated Sign Recognition)
✓ Loss weighting strategy: static
✓ Using standard CrossEntropy Loss
Training Configuration:
  - Gradient accumulation steps: 1
  - AMP enabled: True
  - Model compiled: False
  - CUDA memory before training: 0.00 GB
✓ Using WarmupCosineScheduler (warmup_epochs=25)
Training for 300 epochs...
Loss weights - Gloss: 0.8, Category: 0.2
------------------------------------------------------------
Epoch  1/300 | Train Loss: 1.8243 | Val Loss: 1.8915 | Val Gloss Acc: 0.118 | Val Cat Acc: 1.000 | Time: 4.5s
  GPU Memory: 0.02GB allocated, 0.05GB reserved
Epoch  2/300 | Train Loss: 1.9603 | Val Loss: 1.8793 | Val Gloss Acc: 0.118 | Val Cat Acc: 1.000 | Time: 3.5s
  GPU Memory: 0.02GB allocated, 0.05GB reserved
Epoch  3/300 | Train Loss: 1.9028 | Val Loss: 1.8692 | Val Gloss Acc: 0.118 | Val Cat Acc: 1.000 | Time: 3.6s
  GPU Memory: 0.02GB allocated, 0.05GB reserved
Epoch  4/300 | Train Loss: 1.8349 | Val Loss: 1.8624 | Val Gloss Acc: 0.122 | Val Cat Acc: 1.000 | Time: 3.6s
  GPU Memory: 0.02GB allocated, 0.05GB reserved
Epoch  5/300 | Train Loss: 1.9194 | Val Loss: 1.8575 | Val Gloss Acc: 0.118 | Val Cat Acc: 1.000 | Time: 3.4s
  GPU Memory: 0.02GB allocated, 0.05GB reserved
Epoch  6/300 | Train Loss: 1.8273 | Val Loss: 1.8535 | Val Gloss Acc: 0.114 | Val Cat Acc: 1.000 | Time: 3.4s
  GPU Memory: 0.02GB allocated, 0.05GB reserved
Epoch  7/300 | Train Loss: 1.8384 | Val Loss: 1.8503 | Val Gloss Acc: 0.106 | Val Cat Acc: 1.000 | Time: 3.7s
  GPU Memory: 0.02GB allocated, 0.05GB reserved
Epoch  8/300 | Train Loss: 1.8784 | Val Loss: 1.8478 | Val Gloss Acc: 0.102 | Val Cat Acc: 1.000 | Time: 3.8s
  GPU Memory: 0.02GB allocated, 0.05GB reserved
Epoch  9/300 | Train Loss: 1.8058 | Val Loss: 1.8463 | Val Gloss Acc: 0.093 | Val Cat Acc: 1.000 | Time: 3.7s
  GPU Memory: 0.02GB allocated, 0.05GB reserved
Epoch 10/300 | Train Loss: 1.8580 | Val Loss: 1.8435 | Val Gloss Acc: 0.098 | Val Cat Acc: 1.000 | Time: 3.7s
  GPU Memory: 0.02GB allocated, 0.05GB reserved
Epoch 11/300 | Train Loss: 1.7974 | Val Loss: 1.8419 | Val Gloss Acc: 0.122 | Val Cat Acc: 1.000 | Time: 3.6s
  GPU Memory: 0.02GB allocated, 0.05GB reserved
Epoch 12/300 | Train Loss: 1.7866 | Val Loss: 1.8401 | Val Gloss Acc: 0.098 | Val Cat Acc: 1.000 | Time: 3.7s
  GPU Memory: 0.02GB allocated, 0.05GB reserved
Epoch 13/300 | Train Loss: 1.8909 | Val Loss: 1.8375 | Val Gloss Acc: 0.102 | Val Cat Acc: 1.000 | Time: 3.5s
  GPU Memory: 0.02GB allocated, 0.05GB reserved
Epoch 14/300 | Train Loss: 1.8091 | Val Loss: 1.8352 | Val Gloss Acc: 0.102 | Val Cat Acc: 1.000 | Time: 3.6s
  GPU Memory: 0.02GB allocated, 0.05GB reserved
Epoch 15/300 | Train Loss: 1.8811 | Val Loss: 1.8311 | Val Gloss Acc: 0.098 | Val Cat Acc: 1.000 | Time: 3.5s
  GPU Memory: 0.02GB allocated, 0.05GB reserved
Epoch 16/300 | Train Loss: 1.7978 | Val Loss: 1.8260 | Val Gloss Acc: 0.122 | Val Cat Acc: 1.000 | Time: 3.4s
  GPU Memory: 0.02GB allocated, 0.05GB reserved
Epoch 17/300 | Train Loss: 1.8073 | Val Loss: 1.8169 | Val Gloss Acc: 0.098 | Val Cat Acc: 1.000 | Time: 3.5s
  GPU Memory: 0.02GB allocated, 0.05GB reserved
Epoch 18/300 | Train Loss: 1.8561 | Val Loss: 1.8042 | Val Gloss Acc: 0.146 | Val Cat Acc: 1.000 | Time: 3.5s
  GPU Memory: 0.02GB allocated, 0.05GB reserved
Epoch 19/300 | Train Loss: 1.7791 | Val Loss: 1.7870 | Val Gloss Acc: 0.138 | Val Cat Acc: 1.000 | Time: 3.6s
  GPU Memory: 0.02GB allocated, 0.05GB reserved
Epoch 20/300 | Train Loss: 1.8158 | Val Loss: 1.7657 | Val Gloss Acc: 0.175 | Val Cat Acc: 1.000 | Time: 3.5s
  GPU Memory: 0.02GB allocated, 0.05GB reserved
Epoch 21/300 | Train Loss: 1.7632 | Val Loss: 1.7383 | Val Gloss Acc: 0.199 | Val Cat Acc: 1.000 | Time: 3.5s
  GPU Memory: 0.02GB allocated, 0.05GB reserved
Epoch 22/300 | Train Loss: 1.7777 | Val Loss: 1.7081 | Val Gloss Acc: 0.207 | Val Cat Acc: 1.000 | Time: 3.6s
  GPU Memory: 0.02GB allocated, 0.05GB reserved
Epoch 23/300 | Train Loss: 1.6803 | Val Loss: 1.6689 | Val Gloss Acc: 0.207 | Val Cat Acc: 1.000 | Time: 3.5s
  GPU Memory: 0.02GB allocated, 0.05GB reserved
Epoch 24/300 | Train Loss: 1.7711 | Val Loss: 1.6278 | Val Gloss Acc: 0.224 | Val Cat Acc: 1.000 | Time: 3.5s
  GPU Memory: 0.02GB allocated, 0.05GB reserved
Epoch 25/300 | Train Loss: 1.5676 | Val Loss: 1.5821 | Val Gloss Acc: 0.232 | Val Cat Acc: 1.000 | Time: 3.6s
  GPU Memory: 0.02GB allocated, 0.05GB reserved
Epoch 26/300 | Train Loss: 1.5494 | Val Loss: 1.5358 | Val Gloss Acc: 0.260 | Val Cat Acc: 1.000 | Time: 3.6s
  GPU Memory: 0.02GB allocated, 0.05GB reserved
Epoch 27/300 | Train Loss: 1.5467 | Val Loss: 1.4914 | Val Gloss Acc: 0.268 | Val Cat Acc: 1.000 | Time: 3.6s
  GPU Memory: 0.02GB allocated, 0.05GB reserved
Epoch 28/300 | Train Loss: 1.4445 | Val Loss: 1.4496 | Val Gloss Acc: 0.276 | Val Cat Acc: 1.000 | Time: 3.6s
  GPU Memory: 0.02GB allocated, 0.05GB reserved
Epoch 29/300 | Train Loss: 1.4481 | Val Loss: 1.4097 | Val Gloss Acc: 0.276 | Val Cat Acc: 1.000 | Time: 3.7s
  GPU Memory: 0.02GB allocated, 0.05GB reserved
Epoch 30/300 | Train Loss: 1.3927 | Val Loss: 1.3755 | Val Gloss Acc: 0.341 | Val Cat Acc: 1.000 | Time: 3.8s
  GPU Memory: 0.02GB allocated, 0.05GB reserved
Epoch 31/300 | Train Loss: 1.4755 | Val Loss: 1.3433 | Val Gloss Acc: 0.337 | Val Cat Acc: 1.000 | Time: 3.6s
  GPU Memory: 0.02GB allocated, 0.05GB reserved
Epoch 32/300 | Train Loss: 1.6522 | Val Loss: 1.3150 | Val Gloss Acc: 0.382 | Val Cat Acc: 1.000 | Time: 3.7s
  GPU Memory: 0.02GB allocated, 0.05GB reserved
Epoch 33/300 | Train Loss: 1.2444 | Val Loss: 1.2895 | Val Gloss Acc: 0.386 | Val Cat Acc: 1.000 | Time: 3.8s
  GPU Memory: 0.02GB allocated, 0.05GB reserved
Epoch 34/300 | Train Loss: 1.6110 | Val Loss: 1.2630 | Val Gloss Acc: 0.427 | Val Cat Acc: 1.000 | Time: 3.4s
  GPU Memory: 0.02GB allocated, 0.05GB reserved
Epoch 35/300 | Train Loss: 1.4936 | Val Loss: 1.2471 | Val Gloss Acc: 0.431 | Val Cat Acc: 1.000 | Time: 3.4s
  GPU Memory: 0.02GB allocated, 0.05GB reserved
Epoch 36/300 | Train Loss: 1.2923 | Val Loss: 1.2191 | Val Gloss Acc: 0.467 | Val Cat Acc: 1.000 | Time: 3.6s
  GPU Memory: 0.02GB allocated, 0.05GB reserved
Epoch 37/300 | Train Loss: 1.2625 | Val Loss: 1.2058 | Val Gloss Acc: 0.451 | Val Cat Acc: 1.000 | Time: 3.6s
  GPU Memory: 0.02GB allocated, 0.05GB reserved
Epoch 38/300 | Train Loss: 1.2363 | Val Loss: 1.1797 | Val Gloss Acc: 0.476 | Val Cat Acc: 1.000 | Time: 3.6s
  GPU Memory: 0.02GB allocated, 0.05GB reserved
Epoch 39/300 | Train Loss: 1.3091 | Val Loss: 1.1578 | Val Gloss Acc: 0.480 | Val Cat Acc: 1.000 | Time: 3.4s
  GPU Memory: 0.02GB allocated, 0.05GB reserved
Epoch 40/300 | Train Loss: 1.4763 | Val Loss: 1.1365 | Val Gloss Acc: 0.463 | Val Cat Acc: 1.000 | Time: 3.5s
  GPU Memory: 0.02GB allocated, 0.05GB reserved
Epoch 41/300 | Train Loss: 1.1573 | Val Loss: 1.1168 | Val Gloss Acc: 0.472 | Val Cat Acc: 1.000 | Time: 3.3s
  GPU Memory: 0.02GB allocated, 0.05GB reserved
Epoch 42/300 | Train Loss: 1.3967 | Val Loss: 1.0957 | Val Gloss Acc: 0.480 | Val Cat Acc: 1.000 | Time: 3.5s
  GPU Memory: 0.02GB allocated, 0.05GB reserved
Epoch 43/300 | Train Loss: 1.3713 | Val Loss: 1.0815 | Val Gloss Acc: 0.480 | Val Cat Acc: 1.000 | Time: 3.8s
  GPU Memory: 0.02GB allocated, 0.05GB reserved
Epoch 44/300 | Train Loss: 1.3811 | Val Loss: 1.0728 | Val Gloss Acc: 0.484 | Val Cat Acc: 1.000 | Time: 3.6s
  GPU Memory: 0.02GB allocated, 0.05GB reserved
Epoch 45/300 | Train Loss: 1.2132 | Val Loss: 1.0526 | Val Gloss Acc: 0.488 | Val Cat Acc: 1.000 | Time: 3.6s
  GPU Memory: 0.02GB allocated, 0.05GB reserved
Epoch 46/300 | Train Loss: 1.6346 | Val Loss: 1.0614 | Val Gloss Acc: 0.459 | Val Cat Acc: 1.000 | Time: 3.5s
  GPU Memory: 0.02GB allocated, 0.05GB reserved
Epoch 47/300 | Train Loss: 0.6554 | Val Loss: 1.0355 | Val Gloss Acc: 0.496 | Val Cat Acc: 1.000 | Time: 3.4s
  GPU Memory: 0.02GB allocated, 0.05GB reserved
Epoch 48/300 | Train Loss: 1.1213 | Val Loss: 1.0322 | Val Gloss Acc: 0.484 | Val Cat Acc: 1.000 | Time: 3.7s
  GPU Memory: 0.02GB allocated, 0.05GB reserved
Epoch 49/300 | Train Loss: 0.9154 | Val Loss: 1.0123 | Val Gloss Acc: 0.520 | Val Cat Acc: 1.000 | Time: 3.6s
  GPU Memory: 0.02GB allocated, 0.05GB reserved
Epoch 50/300 | Train Loss: 1.5456 | Val Loss: 1.0052 | Val Gloss Acc: 0.508 | Val Cat Acc: 1.000 | Time: 3.8s
  GPU Memory: 0.02GB allocated, 0.05GB reserved
Epoch 51/300 | Train Loss: 1.1071 | Val Loss: 0.9956 | Val Gloss Acc: 0.512 | Val Cat Acc: 1.000 | Time: 3.7s
  GPU Memory: 0.02GB allocated, 0.05GB reserved
Epoch 52/300 | Train Loss: 1.3454 | Val Loss: 1.0095 | Val Gloss Acc: 0.463 | Val Cat Acc: 1.000 | Time: 3.6s
  GPU Memory: 0.02GB allocated, 0.05GB reserved
Epoch 53/300 | Train Loss: 1.3265 | Val Loss: 0.9849 | Val Gloss Acc: 0.512 | Val Cat Acc: 1.000 | Time: 3.5s
  GPU Memory: 0.02GB allocated, 0.05GB reserved
Epoch 54/300 | Train Loss: 0.9726 | Val Loss: 0.9877 | Val Gloss Acc: 0.492 | Val Cat Acc: 1.000 | Time: 3.5s
  GPU Memory: 0.02GB allocated, 0.05GB reserved
Epoch 55/300 | Train Loss: 1.1127 | Val Loss: 0.9786 | Val Gloss Acc: 0.524 | Val Cat Acc: 1.000 | Time: 3.7s
  GPU Memory: 0.02GB allocated, 0.05GB reserved
Epoch 56/300 | Train Loss: 0.7585 | Val Loss: 0.9634 | Val Gloss Acc: 0.545 | Val Cat Acc: 1.000 | Time: 3.8s
  GPU Memory: 0.02GB allocated, 0.05GB reserved
Epoch 57/300 | Train Loss: 1.0982 | Val Loss: 0.9614 | Val Gloss Acc: 0.528 | Val Cat Acc: 1.000 | Time: 3.8s
  GPU Memory: 0.02GB allocated, 0.05GB reserved
Epoch 58/300 | Train Loss: 1.1905 | Val Loss: 0.9582 | Val Gloss Acc: 0.508 | Val Cat Acc: 1.000 | Time: 3.6s
  GPU Memory: 0.02GB allocated, 0.05GB reserved
Epoch 59/300 | Train Loss: 1.2467 | Val Loss: 0.9497 | Val Gloss Acc: 0.533 | Val Cat Acc: 1.000 | Time: 3.8s
  GPU Memory: 0.02GB allocated, 0.05GB reserved
Epoch 60/300 | Train Loss: 1.0028 | Val Loss: 0.9882 | Val Gloss Acc: 0.492 | Val Cat Acc: 1.000 | Time: 3.8s
  GPU Memory: 0.02GB allocated, 0.05GB reserved
Epoch 61/300 | Train Loss: 1.4927 | Val Loss: 0.9365 | Val Gloss Acc: 0.537 | Val Cat Acc: 1.000 | Time: 3.5s
  GPU Memory: 0.02GB allocated, 0.05GB reserved
Epoch 62/300 | Train Loss: 0.7748 | Val Loss: 0.9425 | Val Gloss Acc: 0.524 | Val Cat Acc: 1.000 | Time: 3.6s
  GPU Memory: 0.02GB allocated, 0.05GB reserved
Epoch 63/300 | Train Loss: 0.7720 | Val Loss: 0.9298 | Val Gloss Acc: 0.537 | Val Cat Acc: 1.000 | Time: 3.4s
  GPU Memory: 0.02GB allocated, 0.05GB reserved
Epoch 64/300 | Train Loss: 0.9618 | Val Loss: 0.9300 | Val Gloss Acc: 0.549 | Val Cat Acc: 1.000 | Time: 3.8s
  GPU Memory: 0.02GB allocated, 0.05GB reserved
Epoch 65/300 | Train Loss: 1.5152 | Val Loss: 0.9263 | Val Gloss Acc: 0.549 | Val Cat Acc: 1.000 | Time: 3.7s
  GPU Memory: 0.02GB allocated, 0.05GB reserved
Epoch 66/300 | Train Loss: 1.0750 | Val Loss: 0.9199 | Val Gloss Acc: 0.557 | Val Cat Acc: 1.000 | Time: 3.6s
  GPU Memory: 0.02GB allocated, 0.05GB reserved
Epoch 67/300 | Train Loss: 1.1588 | Val Loss: 0.9098 | Val Gloss Acc: 0.561 | Val Cat Acc: 1.000 | Time: 3.6s
  GPU Memory: 0.02GB allocated, 0.05GB reserved
Epoch 68/300 | Train Loss: 1.1017 | Val Loss: 0.9155 | Val Gloss Acc: 0.581 | Val Cat Acc: 1.000 | Time: 3.9s
  GPU Memory: 0.02GB allocated, 0.05GB reserved
Epoch 69/300 | Train Loss: 1.1597 | Val Loss: 0.9096 | Val Gloss Acc: 0.573 | Val Cat Acc: 1.000 | Time: 3.7s
  GPU Memory: 0.02GB allocated, 0.05GB reserved
Epoch 70/300 | Train Loss: 0.9798 | Val Loss: 0.9010 | Val Gloss Acc: 0.557 | Val Cat Acc: 1.000 | Time: 3.7s
  GPU Memory: 0.02GB allocated, 0.05GB reserved
Epoch 71/300 | Train Loss: 0.8985 | Val Loss: 0.9067 | Val Gloss Acc: 0.553 | Val Cat Acc: 1.000 | Time: 3.6s
  GPU Memory: 0.02GB allocated, 0.05GB reserved
Epoch 72/300 | Train Loss: 0.9279 | Val Loss: 0.9085 | Val Gloss Acc: 0.545 | Val Cat Acc: 1.000 | Time: 3.6s
  GPU Memory: 0.02GB allocated, 0.05GB reserved
Epoch 73/300 | Train Loss: 0.9737 | Val Loss: 0.8924 | Val Gloss Acc: 0.549 | Val Cat Acc: 1.000 | Time: 3.4s
  GPU Memory: 0.02GB allocated, 0.05GB reserved
Epoch 74/300 | Train Loss: 1.0388 | Val Loss: 0.8893 | Val Gloss Acc: 0.549 | Val Cat Acc: 1.000 | Time: 3.6s
  GPU Memory: 0.02GB allocated, 0.05GB reserved
Epoch 75/300 | Train Loss: 0.7979 | Val Loss: 0.8893 | Val Gloss Acc: 0.569 | Val Cat Acc: 1.000 | Time: 3.6s
  GPU Memory: 0.02GB allocated, 0.05GB reserved
Epoch 76/300 | Train Loss: 0.6966 | Val Loss: 0.8892 | Val Gloss Acc: 0.541 | Val Cat Acc: 1.000 | Time: 3.5s
  GPU Memory: 0.02GB allocated, 0.05GB reserved
Epoch 77/300 | Train Loss: 0.8604 | Val Loss: 0.8847 | Val Gloss Acc: 0.557 | Val Cat Acc: 1.000 | Time: 3.7s
  GPU Memory: 0.02GB allocated, 0.05GB reserved
Epoch 78/300 | Train Loss: 1.0551 | Val Loss: 0.8829 | Val Gloss Acc: 0.565 | Val Cat Acc: 1.000 | Time: 3.7s
  GPU Memory: 0.02GB allocated, 0.05GB reserved
Epoch 79/300 | Train Loss: 0.6162 | Val Loss: 0.8735 | Val Gloss Acc: 0.581 | Val Cat Acc: 1.000 | Time: 3.9s
  GPU Memory: 0.02GB allocated, 0.05GB reserved
Epoch 80/300 | Train Loss: 1.1686 | Val Loss: 0.8875 | Val Gloss Acc: 0.545 | Val Cat Acc: 1.000 | Time: 3.7s
  GPU Memory: 0.02GB allocated, 0.05GB reserved
Epoch 81/300 | Train Loss: 1.1928 | Val Loss: 0.8674 | Val Gloss Acc: 0.565 | Val Cat Acc: 1.000 | Time: 3.7s
  GPU Memory: 0.02GB allocated, 0.05GB reserved
Epoch 82/300 | Train Loss: 0.8182 | Val Loss: 0.8605 | Val Gloss Acc: 0.581 | Val Cat Acc: 1.000 | Time: 3.7s
  GPU Memory: 0.02GB allocated, 0.05GB reserved
Epoch 83/300 | Train Loss: 0.8506 | Val Loss: 0.8616 | Val Gloss Acc: 0.573 | Val Cat Acc: 1.000 | Time: 3.7s
  GPU Memory: 0.02GB allocated, 0.05GB reserved
Epoch 84/300 | Train Loss: 1.0070 | Val Loss: 0.8509 | Val Gloss Acc: 0.573 | Val Cat Acc: 1.000 | Time: 3.7s
  GPU Memory: 0.02GB allocated, 0.05GB reserved
Epoch 85/300 | Train Loss: 0.9768 | Val Loss: 0.8433 | Val Gloss Acc: 0.585 | Val Cat Acc: 1.000 | Time: 3.7s
  GPU Memory: 0.02GB allocated, 0.05GB reserved
Epoch 86/300 | Train Loss: 0.5730 | Val Loss: 0.8448 | Val Gloss Acc: 0.573 | Val Cat Acc: 1.000 | Time: 3.4s
  GPU Memory: 0.02GB allocated, 0.05GB reserved
Epoch 87/300 | Train Loss: 1.1995 | Val Loss: 0.8347 | Val Gloss Acc: 0.593 | Val Cat Acc: 1.000 | Time: 3.4s
  GPU Memory: 0.02GB allocated, 0.05GB reserved
Epoch 88/300 | Train Loss: 1.1435 | Val Loss: 0.8309 | Val Gloss Acc: 0.561 | Val Cat Acc: 1.000 | Time: 3.6s
  GPU Memory: 0.02GB allocated, 0.05GB reserved
Epoch 89/300 | Train Loss: 1.0478 | Val Loss: 0.8238 | Val Gloss Acc: 0.581 | Val Cat Acc: 1.000 | Time: 3.4s
  GPU Memory: 0.02GB allocated, 0.05GB reserved
Epoch 90/300 | Train Loss: 0.9091 | Val Loss: 0.8313 | Val Gloss Acc: 0.577 | Val Cat Acc: 1.000 | Time: 3.5s
  GPU Memory: 0.02GB allocated, 0.05GB reserved
Epoch 91/300 | Train Loss: 0.8815 | Val Loss: 0.8115 | Val Gloss Acc: 0.581 | Val Cat Acc: 1.000 | Time: 3.5s
  GPU Memory: 0.02GB allocated, 0.05GB reserved
Epoch 92/300 | Train Loss: 0.9274 | Val Loss: 0.8077 | Val Gloss Acc: 0.577 | Val Cat Acc: 1.000 | Time: 3.6s
  GPU Memory: 0.02GB allocated, 0.05GB reserved
Epoch 93/300 | Train Loss: 1.2291 | Val Loss: 0.8187 | Val Gloss Acc: 0.565 | Val Cat Acc: 1.000 | Time: 3.6s
  GPU Memory: 0.02GB allocated, 0.05GB reserved
Epoch 94/300 | Train Loss: 0.9583 | Val Loss: 0.7942 | Val Gloss Acc: 0.577 | Val Cat Acc: 1.000 | Time: 3.6s
  GPU Memory: 0.02GB allocated, 0.05GB reserved
Epoch 95/300 | Train Loss: 0.7975 | Val Loss: 0.7830 | Val Gloss Acc: 0.581 | Val Cat Acc: 1.000 | Time: 3.5s
  GPU Memory: 0.02GB allocated, 0.05GB reserved
Epoch 96/300 | Train Loss: 0.4912 | Val Loss: 0.7747 | Val Gloss Acc: 0.589 | Val Cat Acc: 1.000 | Time: 3.6s
  GPU Memory: 0.02GB allocated, 0.05GB reserved
Epoch 97/300 | Train Loss: 1.0690 | Val Loss: 0.7900 | Val Gloss Acc: 0.569 | Val Cat Acc: 1.000 | Time: 3.3s
  GPU Memory: 0.02GB allocated, 0.05GB reserved
Epoch 98/300 | Train Loss: 0.8879 | Val Loss: 0.7602 | Val Gloss Acc: 0.622 | Val Cat Acc: 1.000 | Time: 3.6s
  GPU Memory: 0.02GB allocated, 0.05GB reserved
Epoch 99/300 | Train Loss: 0.7678 | Val Loss: 0.7518 | Val Gloss Acc: 0.622 | Val Cat Acc: 1.000 | Time: 3.7s
  GPU Memory: 0.02GB allocated, 0.05GB reserved
Epoch 100/300 | Train Loss: 0.9774 | Val Loss: 0.7546 | Val Gloss Acc: 0.589 | Val Cat Acc: 1.000 | Time: 3.7s
  GPU Memory: 0.02GB allocated, 0.05GB reserved
Epoch 101/300 | Train Loss: 0.7857 | Val Loss: 0.7432 | Val Gloss Acc: 0.606 | Val Cat Acc: 1.000 | Time: 3.7s
  GPU Memory: 0.02GB allocated, 0.05GB reserved
Epoch 102/300 | Train Loss: 1.1970 | Val Loss: 0.7557 | Val Gloss Acc: 0.573 | Val Cat Acc: 1.000 | Time: 3.6s
  GPU Memory: 0.02GB allocated, 0.05GB reserved
Epoch 103/300 | Train Loss: 0.6342 | Val Loss: 0.7244 | Val Gloss Acc: 0.602 | Val Cat Acc: 1.000 | Time: 3.8s
  GPU Memory: 0.02GB allocated, 0.05GB reserved
Epoch 104/300 | Train Loss: 0.8376 | Val Loss: 0.7602 | Val Gloss Acc: 0.614 | Val Cat Acc: 1.000 | Time: 3.7s
  GPU Memory: 0.02GB allocated, 0.05GB reserved
Epoch 105/300 | Train Loss: 1.0111 | Val Loss: 0.7178 | Val Gloss Acc: 0.606 | Val Cat Acc: 1.000 | Time: 3.6s
  GPU Memory: 0.02GB allocated, 0.05GB reserved
Epoch 106/300 | Train Loss: 0.9621 | Val Loss: 0.7119 | Val Gloss Acc: 0.634 | Val Cat Acc: 1.000 | Time: 3.5s
  GPU Memory: 0.02GB allocated, 0.05GB reserved
Epoch 107/300 | Train Loss: 1.0668 | Val Loss: 0.7121 | Val Gloss Acc: 0.610 | Val Cat Acc: 1.000 | Time: 3.8s
  GPU Memory: 0.02GB allocated, 0.05GB reserved
Epoch 108/300 | Train Loss: 0.6053 | Val Loss: 0.7056 | Val Gloss Acc: 0.598 | Val Cat Acc: 1.000 | Time: 3.5s
  GPU Memory: 0.02GB allocated, 0.05GB reserved
Epoch 109/300 | Train Loss: 1.0611 | Val Loss: 0.6921 | Val Gloss Acc: 0.622 | Val Cat Acc: 1.000 | Time: 3.6s
  GPU Memory: 0.02GB allocated, 0.05GB reserved
Epoch 110/300 | Train Loss: 0.6582 | Val Loss: 0.6886 | Val Gloss Acc: 0.618 | Val Cat Acc: 1.000 | Time: 3.5s
  GPU Memory: 0.02GB allocated, 0.05GB reserved
Epoch 111/300 | Train Loss: 0.7406 | Val Loss: 0.6825 | Val Gloss Acc: 0.618 | Val Cat Acc: 1.000 | Time: 3.9s
  GPU Memory: 0.02GB allocated, 0.05GB reserved
Epoch 112/300 | Train Loss: 0.6062 | Val Loss: 0.6788 | Val Gloss Acc: 0.638 | Val Cat Acc: 1.000 | Time: 3.8s
  GPU Memory: 0.02GB allocated, 0.05GB reserved
Epoch 113/300 | Train Loss: 0.7528 | Val Loss: 0.6918 | Val Gloss Acc: 0.638 | Val Cat Acc: 1.000 | Time: 3.7s
  GPU Memory: 0.02GB allocated, 0.05GB reserved
Epoch 114/300 | Train Loss: 0.5185 | Val Loss: 0.6674 | Val Gloss Acc: 0.638 | Val Cat Acc: 1.000 | Time: 3.6s
  GPU Memory: 0.02GB allocated, 0.05GB reserved
Epoch 115/300 | Train Loss: 0.8696 | Val Loss: 0.6853 | Val Gloss Acc: 0.618 | Val Cat Acc: 1.000 | Time: 3.7s
  GPU Memory: 0.02GB allocated, 0.05GB reserved
Epoch 116/300 | Train Loss: 0.8540 | Val Loss: 0.6808 | Val Gloss Acc: 0.622 | Val Cat Acc: 1.000 | Time: 3.5s
  GPU Memory: 0.02GB allocated, 0.05GB reserved
Epoch 117/300 | Train Loss: 0.7199 | Val Loss: 0.6614 | Val Gloss Acc: 0.654 | Val Cat Acc: 1.000 | Time: 3.7s
  GPU Memory: 0.02GB allocated, 0.05GB reserved
Epoch 118/300 | Train Loss: 0.7832 | Val Loss: 0.6554 | Val Gloss Acc: 0.659 | Val Cat Acc: 1.000 | Time: 3.8s
  GPU Memory: 0.02GB allocated, 0.05GB reserved
Epoch 119/300 | Train Loss: 0.6649 | Val Loss: 0.6555 | Val Gloss Acc: 0.659 | Val Cat Acc: 1.000 | Time: 3.3s
  GPU Memory: 0.02GB allocated, 0.05GB reserved
Epoch 120/300 | Train Loss: 0.7481 | Val Loss: 0.6459 | Val Gloss Acc: 0.646 | Val Cat Acc: 1.000 | Time: 3.3s
  GPU Memory: 0.02GB allocated, 0.05GB reserved
Epoch 121/300 | Train Loss: 0.7355 | Val Loss: 0.6448 | Val Gloss Acc: 0.663 | Val Cat Acc: 1.000 | Time: 3.4s
  GPU Memory: 0.02GB allocated, 0.05GB reserved
Epoch 122/300 | Train Loss: 0.9202 | Val Loss: 0.6462 | Val Gloss Acc: 0.642 | Val Cat Acc: 1.000 | Time: 3.5s
  GPU Memory: 0.02GB allocated, 0.05GB reserved
Epoch 123/300 | Train Loss: 0.7075 | Val Loss: 0.6810 | Val Gloss Acc: 0.638 | Val Cat Acc: 1.000 | Time: 3.6s
  GPU Memory: 0.02GB allocated, 0.05GB reserved
Epoch 124/300 | Train Loss: 0.8909 | Val Loss: 0.6601 | Val Gloss Acc: 0.634 | Val Cat Acc: 1.000 | Time: 3.3s
  GPU Memory: 0.02GB allocated, 0.05GB reserved
Epoch 125/300 | Train Loss: 0.6284 | Val Loss: 0.6651 | Val Gloss Acc: 0.626 | Val Cat Acc: 1.000 | Time: 3.5s
  GPU Memory: 0.02GB allocated, 0.05GB reserved
Epoch 126/300 | Train Loss: 0.6212 | Val Loss: 0.6411 | Val Gloss Acc: 0.642 | Val Cat Acc: 1.000 | Time: 3.8s
  GPU Memory: 0.02GB allocated, 0.05GB reserved
Epoch 127/300 | Train Loss: 0.7874 | Val Loss: 0.6821 | Val Gloss Acc: 0.646 | Val Cat Acc: 1.000 | Time: 3.7s
  GPU Memory: 0.02GB allocated, 0.05GB reserved
Epoch 128/300 | Train Loss: 0.5524 | Val Loss: 0.6367 | Val Gloss Acc: 0.659 | Val Cat Acc: 1.000 | Time: 3.6s
  GPU Memory: 0.02GB allocated, 0.05GB reserved
Epoch 129/300 | Train Loss: 0.7943 | Val Loss: 0.6712 | Val Gloss Acc: 0.622 | Val Cat Acc: 1.000 | Time: 3.5s
  GPU Memory: 0.02GB allocated, 0.05GB reserved
Epoch 130/300 | Train Loss: 0.7389 | Val Loss: 0.6304 | Val Gloss Acc: 0.646 | Val Cat Acc: 1.000 | Time: 3.5s
  GPU Memory: 0.02GB allocated, 0.05GB reserved
Epoch 131/300 | Train Loss: 0.7781 | Val Loss: 0.6378 | Val Gloss Acc: 0.650 | Val Cat Acc: 1.000 | Time: 3.6s
  GPU Memory: 0.02GB allocated, 0.05GB reserved
Epoch 132/300 | Train Loss: 0.8112 | Val Loss: 0.6198 | Val Gloss Acc: 0.654 | Val Cat Acc: 1.000 | Time: 3.7s
  GPU Memory: 0.02GB allocated, 0.05GB reserved
Epoch 133/300 | Train Loss: 0.9167 | Val Loss: 0.6180 | Val Gloss Acc: 0.659 | Val Cat Acc: 1.000 | Time: 3.7s
  GPU Memory: 0.02GB allocated, 0.05GB reserved
Epoch 134/300 | Train Loss: 0.6367 | Val Loss: 0.6141 | Val Gloss Acc: 0.646 | Val Cat Acc: 1.000 | Time: 3.4s
  GPU Memory: 0.02GB allocated, 0.05GB reserved
Epoch 135/300 | Train Loss: 0.5342 | Val Loss: 0.6170 | Val Gloss Acc: 0.671 | Val Cat Acc: 1.000 | Time: 3.5s
  GPU Memory: 0.02GB allocated, 0.05GB reserved
Epoch 136/300 | Train Loss: 0.8375 | Val Loss: 0.6097 | Val Gloss Acc: 0.663 | Val Cat Acc: 1.000 | Time: 3.8s
  GPU Memory: 0.02GB allocated, 0.05GB reserved
Epoch 137/300 | Train Loss: 0.6779 | Val Loss: 0.6494 | Val Gloss Acc: 0.634 | Val Cat Acc: 1.000 | Time: 3.8s
  GPU Memory: 0.02GB allocated, 0.05GB reserved
Epoch 138/300 | Train Loss: 0.5199 | Val Loss: 0.6223 | Val Gloss Acc: 0.659 | Val Cat Acc: 1.000 | Time: 3.5s
  GPU Memory: 0.02GB allocated, 0.05GB reserved
Epoch 139/300 | Train Loss: 0.9404 | Val Loss: 0.6165 | Val Gloss Acc: 0.654 | Val Cat Acc: 1.000 | Time: 3.7s
  GPU Memory: 0.02GB allocated, 0.05GB reserved
Epoch 140/300 | Train Loss: 0.5311 | Val Loss: 0.6189 | Val Gloss Acc: 0.659 | Val Cat Acc: 1.000 | Time: 3.4s
  GPU Memory: 0.02GB allocated, 0.05GB reserved
Epoch 141/300 | Train Loss: 0.6202 | Val Loss: 0.6054 | Val Gloss Acc: 0.671 | Val Cat Acc: 1.000 | Time: 3.6s
  GPU Memory: 0.02GB allocated, 0.05GB reserved
Epoch 142/300 | Train Loss: 0.6399 | Val Loss: 0.6355 | Val Gloss Acc: 0.650 | Val Cat Acc: 1.000 | Time: 3.6s
  GPU Memory: 0.02GB allocated, 0.05GB reserved
Epoch 143/300 | Train Loss: 0.9440 | Val Loss: 0.6013 | Val Gloss Acc: 0.671 | Val Cat Acc: 1.000 | Time: 3.7s
  GPU Memory: 0.02GB allocated, 0.05GB reserved
Epoch 144/300 | Train Loss: 1.0343 | Val Loss: 0.6169 | Val Gloss Acc: 0.663 | Val Cat Acc: 1.000 | Time: 3.5s
  GPU Memory: 0.02GB allocated, 0.05GB reserved
Epoch 145/300 | Train Loss: 0.6619 | Val Loss: 0.6001 | Val Gloss Acc: 0.654 | Val Cat Acc: 1.000 | Time: 3.5s
  GPU Memory: 0.02GB allocated, 0.05GB reserved
Epoch 146/300 | Train Loss: 0.6425 | Val Loss: 0.6006 | Val Gloss Acc: 0.659 | Val Cat Acc: 1.000 | Time: 3.7s
  GPU Memory: 0.02GB allocated, 0.05GB reserved
Epoch 147/300 | Train Loss: 0.5896 | Val Loss: 0.6070 | Val Gloss Acc: 0.683 | Val Cat Acc: 1.000 | Time: 3.7s
  GPU Memory: 0.02GB allocated, 0.05GB reserved
Epoch 148/300 | Train Loss: 1.1487 | Val Loss: 0.6032 | Val Gloss Acc: 0.663 | Val Cat Acc: 1.000 | Time: 3.5s
  GPU Memory: 0.02GB allocated, 0.05GB reserved
Epoch 149/300 | Train Loss: 0.5399 | Val Loss: 0.5979 | Val Gloss Acc: 0.654 | Val Cat Acc: 1.000 | Time: 3.7s
  GPU Memory: 0.02GB allocated, 0.05GB reserved
Epoch 150/300 | Train Loss: 0.9666 | Val Loss: 0.5958 | Val Gloss Acc: 0.683 | Val Cat Acc: 1.000 | Time: 3.7s
  GPU Memory: 0.02GB allocated, 0.05GB reserved
Epoch 151/300 | Train Loss: 0.5917 | Val Loss: 0.5920 | Val Gloss Acc: 0.687 | Val Cat Acc: 1.000 | Time: 3.6s
  GPU Memory: 0.02GB allocated, 0.05GB reserved
Epoch 152/300 | Train Loss: 1.1003 | Val Loss: 0.5896 | Val Gloss Acc: 0.671 | Val Cat Acc: 1.000 | Time: 3.7s
  GPU Memory: 0.02GB allocated, 0.05GB reserved
Epoch 153/300 | Train Loss: 0.3034 | Val Loss: 0.5968 | Val Gloss Acc: 0.654 | Val Cat Acc: 1.000 | Time: 3.6s
  GPU Memory: 0.02GB allocated, 0.05GB reserved
Epoch 154/300 | Train Loss: 0.6165 | Val Loss: 0.5919 | Val Gloss Acc: 0.675 | Val Cat Acc: 1.000 | Time: 3.6s
  GPU Memory: 0.02GB allocated, 0.05GB reserved
Epoch 155/300 | Train Loss: 0.1990 | Val Loss: 0.5845 | Val Gloss Acc: 0.683 | Val Cat Acc: 1.000 | Time: 3.7s
  GPU Memory: 0.02GB allocated, 0.05GB reserved
Epoch 156/300 | Train Loss: 0.5216 | Val Loss: 0.5849 | Val Gloss Acc: 0.675 | Val Cat Acc: 1.000 | Time: 3.6s
  GPU Memory: 0.02GB allocated, 0.05GB reserved
Epoch 157/300 | Train Loss: 1.0089 | Val Loss: 0.6108 | Val Gloss Acc: 0.650 | Val Cat Acc: 1.000 | Time: 3.8s
  GPU Memory: 0.02GB allocated, 0.05GB reserved
Epoch 158/300 | Train Loss: 0.7079 | Val Loss: 0.5940 | Val Gloss Acc: 0.675 | Val Cat Acc: 1.000 | Time: 3.6s
  GPU Memory: 0.02GB allocated, 0.05GB reserved
Epoch 159/300 | Train Loss: 0.9325 | Val Loss: 0.6302 | Val Gloss Acc: 0.699 | Val Cat Acc: 1.000 | Time: 3.5s
  GPU Memory: 0.02GB allocated, 0.05GB reserved
Epoch 160/300 | Train Loss: 0.5772 | Val Loss: 0.5797 | Val Gloss Acc: 0.691 | Val Cat Acc: 1.000 | Time: 3.6s
  GPU Memory: 0.02GB allocated, 0.05GB reserved
Epoch 161/300 | Train Loss: 0.5447 | Val Loss: 0.5886 | Val Gloss Acc: 0.667 | Val Cat Acc: 1.000 | Time: 3.7s
  GPU Memory: 0.02GB allocated, 0.05GB reserved
Epoch 162/300 | Train Loss: 0.8050 | Val Loss: 0.5785 | Val Gloss Acc: 0.687 | Val Cat Acc: 1.000 | Time: 3.5s
  GPU Memory: 0.02GB allocated, 0.05GB reserved
Epoch 163/300 | Train Loss: 0.5217 | Val Loss: 0.5776 | Val Gloss Acc: 0.691 | Val Cat Acc: 1.000 | Time: 3.6s
  GPU Memory: 0.02GB allocated, 0.05GB reserved
Epoch 164/300 | Train Loss: 0.8163 | Val Loss: 0.5780 | Val Gloss Acc: 0.691 | Val Cat Acc: 1.000 | Time: 3.6s
  GPU Memory: 0.02GB allocated, 0.05GB reserved
Epoch 165/300 | Train Loss: 0.5152 | Val Loss: 0.5821 | Val Gloss Acc: 0.695 | Val Cat Acc: 1.000 | Time: 3.7s
  GPU Memory: 0.02GB allocated, 0.05GB reserved
Epoch 166/300 | Train Loss: 0.5825 | Val Loss: 0.5816 | Val Gloss Acc: 0.683 | Val Cat Acc: 1.000 | Time: 3.5s
  GPU Memory: 0.02GB allocated, 0.05GB reserved
Epoch 167/300 | Train Loss: 0.8307 | Val Loss: 0.5734 | Val Gloss Acc: 0.699 | Val Cat Acc: 1.000 | Time: 3.6s
  GPU Memory: 0.02GB allocated, 0.05GB reserved
Epoch 168/300 | Train Loss: 0.6566 | Val Loss: 0.5756 | Val Gloss Acc: 0.695 | Val Cat Acc: 1.000 | Time: 3.6s
  GPU Memory: 0.02GB allocated, 0.05GB reserved
Epoch 169/300 | Train Loss: 1.0062 | Val Loss: 0.5800 | Val Gloss Acc: 0.691 | Val Cat Acc: 1.000 | Time: 3.5s
  GPU Memory: 0.02GB allocated, 0.05GB reserved
Epoch 170/300 | Train Loss: 0.5775 | Val Loss: 0.5878 | Val Gloss Acc: 0.675 | Val Cat Acc: 1.000 | Time: 3.6s
  GPU Memory: 0.02GB allocated, 0.05GB reserved
Epoch 171/300 | Train Loss: 0.5315 | Val Loss: 0.5813 | Val Gloss Acc: 0.683 | Val Cat Acc: 1.000 | Time: 3.5s
  GPU Memory: 0.02GB allocated, 0.05GB reserved
Epoch 172/300 | Train Loss: 0.9112 | Val Loss: 0.5698 | Val Gloss Acc: 0.707 | Val Cat Acc: 1.000 | Time: 3.7s
  GPU Memory: 0.02GB allocated, 0.05GB reserved
Epoch 173/300 | Train Loss: 0.7958 | Val Loss: 0.5707 | Val Gloss Acc: 0.691 | Val Cat Acc: 1.000 | Time: 3.8s
  GPU Memory: 0.02GB allocated, 0.05GB reserved
Epoch 174/300 | Train Loss: 0.0906 | Val Loss: 0.5672 | Val Gloss Acc: 0.707 | Val Cat Acc: 1.000 | Time: 3.5s
  GPU Memory: 0.02GB allocated, 0.05GB reserved
Epoch 175/300 | Train Loss: 0.9093 | Val Loss: 0.5680 | Val Gloss Acc: 0.691 | Val Cat Acc: 1.000 | Time: 3.7s
  GPU Memory: 0.02GB allocated, 0.05GB reserved
Epoch 176/300 | Train Loss: 0.7300 | Val Loss: 0.5678 | Val Gloss Acc: 0.699 | Val Cat Acc: 1.000 | Time: 3.6s
  GPU Memory: 0.02GB allocated, 0.05GB reserved
Epoch 177/300 | Train Loss: 0.7470 | Val Loss: 0.5665 | Val Gloss Acc: 0.691 | Val Cat Acc: 1.000 | Time: 3.6s
  GPU Memory: 0.02GB allocated, 0.05GB reserved
Epoch 178/300 | Train Loss: 0.4745 | Val Loss: 0.5648 | Val Gloss Acc: 0.703 | Val Cat Acc: 1.000 | Time: 3.6s
  GPU Memory: 0.02GB allocated, 0.05GB reserved
Epoch 179/300 | Train Loss: 1.0629 | Val Loss: 0.5646 | Val Gloss Acc: 0.699 | Val Cat Acc: 1.000 | Time: 3.8s
  GPU Memory: 0.02GB allocated, 0.05GB reserved
Epoch 180/300 | Train Loss: 0.7809 | Val Loss: 0.5682 | Val Gloss Acc: 0.687 | Val Cat Acc: 1.000 | Time: 3.6s
  GPU Memory: 0.02GB allocated, 0.05GB reserved
Epoch 181/300 | Train Loss: 0.5298 | Val Loss: 0.5634 | Val Gloss Acc: 0.699 | Val Cat Acc: 1.000 | Time: 3.6s
  GPU Memory: 0.02GB allocated, 0.05GB reserved
Epoch 182/300 | Train Loss: 0.7083 | Val Loss: 0.5763 | Val Gloss Acc: 0.699 | Val Cat Acc: 1.000 | Time: 3.6s
  GPU Memory: 0.02GB allocated, 0.05GB reserved
Epoch 183/300 | Train Loss: 0.5635 | Val Loss: 0.5632 | Val Gloss Acc: 0.699 | Val Cat Acc: 1.000 | Time: 3.7s
  GPU Memory: 0.02GB allocated, 0.05GB reserved
Epoch 184/300 | Train Loss: 0.5281 | Val Loss: 0.5646 | Val Gloss Acc: 0.703 | Val Cat Acc: 1.000 | Time: 3.8s
  GPU Memory: 0.02GB allocated, 0.05GB reserved
Epoch 185/300 | Train Loss: 0.6714 | Val Loss: 0.5620 | Val Gloss Acc: 0.699 | Val Cat Acc: 1.000 | Time: 3.5s
  GPU Memory: 0.02GB allocated, 0.05GB reserved
Epoch 186/300 | Train Loss: 0.7587 | Val Loss: 0.5626 | Val Gloss Acc: 0.691 | Val Cat Acc: 1.000 | Time: 3.5s
  GPU Memory: 0.02GB allocated, 0.05GB reserved
Epoch 187/300 | Train Loss: 0.7600 | Val Loss: 0.5581 | Val Gloss Acc: 0.707 | Val Cat Acc: 1.000 | Time: 3.7s
  GPU Memory: 0.02GB allocated, 0.05GB reserved
Epoch 188/300 | Train Loss: 0.4215 | Val Loss: 0.5574 | Val Gloss Acc: 0.699 | Val Cat Acc: 1.000 | Time: 3.6s
  GPU Memory: 0.02GB allocated, 0.05GB reserved
Epoch 189/300 | Train Loss: 0.6475 | Val Loss: 0.5683 | Val Gloss Acc: 0.695 | Val Cat Acc: 1.000 | Time: 3.8s
  GPU Memory: 0.02GB allocated, 0.05GB reserved
Epoch 190/300 | Train Loss: 0.2946 | Val Loss: 0.5559 | Val Gloss Acc: 0.703 | Val Cat Acc: 1.000 | Time: 3.6s
  GPU Memory: 0.02GB allocated, 0.05GB reserved
Epoch 191/300 | Train Loss: 0.6411 | Val Loss: 0.5554 | Val Gloss Acc: 0.699 | Val Cat Acc: 1.000 | Time: 3.6s
  GPU Memory: 0.02GB allocated, 0.05GB reserved
Epoch 192/300 | Train Loss: 0.6297 | Val Loss: 0.5543 | Val Gloss Acc: 0.703 | Val Cat Acc: 1.000 | Time: 3.6s
  GPU Memory: 0.02GB allocated, 0.05GB reserved
Epoch 193/300 | Train Loss: 0.4593 | Val Loss: 0.5598 | Val Gloss Acc: 0.711 | Val Cat Acc: 1.000 | Time: 3.6s
  GPU Memory: 0.02GB allocated, 0.05GB reserved
Epoch 194/300 | Train Loss: 0.4684 | Val Loss: 0.5572 | Val Gloss Acc: 0.703 | Val Cat Acc: 1.000 | Time: 3.7s
  GPU Memory: 0.02GB allocated, 0.05GB reserved
Epoch 195/300 | Train Loss: 0.5266 | Val Loss: 0.5533 | Val Gloss Acc: 0.715 | Val Cat Acc: 1.000 | Time: 3.5s
  GPU Memory: 0.02GB allocated, 0.05GB reserved
Epoch 196/300 | Train Loss: 0.4625 | Val Loss: 0.5533 | Val Gloss Acc: 0.715 | Val Cat Acc: 1.000 | Time: 3.6s
  GPU Memory: 0.02GB allocated, 0.05GB reserved
Epoch 197/300 | Train Loss: 0.3388 | Val Loss: 0.5511 | Val Gloss Acc: 0.699 | Val Cat Acc: 1.000 | Time: 3.6s
  GPU Memory: 0.02GB allocated, 0.05GB reserved
Epoch 198/300 | Train Loss: 0.5230 | Val Loss: 0.5573 | Val Gloss Acc: 0.695 | Val Cat Acc: 1.000 | Time: 3.7s
  GPU Memory: 0.02GB allocated, 0.05GB reserved
Epoch 199/300 | Train Loss: 0.7615 | Val Loss: 0.5491 | Val Gloss Acc: 0.724 | Val Cat Acc: 1.000 | Time: 3.6s
  GPU Memory: 0.02GB allocated, 0.05GB reserved
Epoch 200/300 | Train Loss: 0.5192 | Val Loss: 0.5529 | Val Gloss Acc: 0.707 | Val Cat Acc: 1.000 | Time: 3.7s
  GPU Memory: 0.02GB allocated, 0.05GB reserved
Epoch 201/300 | Train Loss: 0.7995 | Val Loss: 0.5481 | Val Gloss Acc: 0.707 | Val Cat Acc: 1.000 | Time: 3.7s
  GPU Memory: 0.02GB allocated, 0.05GB reserved
Epoch 202/300 | Train Loss: 0.3874 | Val Loss: 0.5494 | Val Gloss Acc: 0.724 | Val Cat Acc: 1.000 | Time: 3.7s
  GPU Memory: 0.02GB allocated, 0.05GB reserved
Epoch 203/300 | Train Loss: 0.6033 | Val Loss: 0.5493 | Val Gloss Acc: 0.703 | Val Cat Acc: 1.000 | Time: 3.5s
  GPU Memory: 0.02GB allocated, 0.05GB reserved
Epoch 204/300 | Train Loss: 0.4061 | Val Loss: 0.5479 | Val Gloss Acc: 0.728 | Val Cat Acc: 1.000 | Time: 3.5s
  GPU Memory: 0.02GB allocated, 0.05GB reserved
Epoch 205/300 | Train Loss: 0.5053 | Val Loss: 0.5536 | Val Gloss Acc: 0.703 | Val Cat Acc: 1.000 | Time: 3.6s
  GPU Memory: 0.02GB allocated, 0.05GB reserved
Epoch 206/300 | Train Loss: 0.7615 | Val Loss: 0.5483 | Val Gloss Acc: 0.715 | Val Cat Acc: 1.000 | Time: 3.6s
  GPU Memory: 0.02GB allocated, 0.05GB reserved
Epoch 207/300 | Train Loss: 0.4942 | Val Loss: 0.5468 | Val Gloss Acc: 0.707 | Val Cat Acc: 1.000 | Time: 3.7s
  GPU Memory: 0.02GB allocated, 0.05GB reserved
Epoch 208/300 | Train Loss: 1.0159 | Val Loss: 0.5469 | Val Gloss Acc: 0.715 | Val Cat Acc: 1.000 | Time: 3.4s
  GPU Memory: 0.02GB allocated, 0.05GB reserved
Epoch 209/300 | Train Loss: 0.5735 | Val Loss: 0.5440 | Val Gloss Acc: 0.711 | Val Cat Acc: 1.000 | Time: 3.5s
  GPU Memory: 0.02GB allocated, 0.05GB reserved
Epoch 210/300 | Train Loss: 0.8392 | Val Loss: 0.5436 | Val Gloss Acc: 0.715 | Val Cat Acc: 1.000 | Time: 3.6s
  GPU Memory: 0.02GB allocated, 0.05GB reserved
Epoch 211/300 | Train Loss: 0.6902 | Val Loss: 0.5464 | Val Gloss Acc: 0.715 | Val Cat Acc: 1.000 | Time: 3.7s
  GPU Memory: 0.02GB allocated, 0.05GB reserved
Epoch 212/300 | Train Loss: 0.9237 | Val Loss: 0.5433 | Val Gloss Acc: 0.707 | Val Cat Acc: 1.000 | Time: 3.6s
  GPU Memory: 0.02GB allocated, 0.05GB reserved
Epoch 213/300 | Train Loss: 0.3401 | Val Loss: 0.5428 | Val Gloss Acc: 0.720 | Val Cat Acc: 1.000 | Time: 3.4s
  GPU Memory: 0.02GB allocated, 0.05GB reserved
Epoch 214/300 | Train Loss: 0.3903 | Val Loss: 0.5432 | Val Gloss Acc: 0.715 | Val Cat Acc: 1.000 | Time: 3.6s
  GPU Memory: 0.02GB allocated, 0.05GB reserved
Epoch 215/300 | Train Loss: 0.5140 | Val Loss: 0.5443 | Val Gloss Acc: 0.728 | Val Cat Acc: 1.000 | Time: 3.4s
  GPU Memory: 0.02GB allocated, 0.05GB reserved
Epoch 216/300 | Train Loss: 0.6500 | Val Loss: 0.5426 | Val Gloss Acc: 0.724 | Val Cat Acc: 1.000 | Time: 3.7s
  GPU Memory: 0.02GB allocated, 0.05GB reserved
Epoch 217/300 | Train Loss: 0.8291 | Val Loss: 0.5393 | Val Gloss Acc: 0.720 | Val Cat Acc: 1.000 | Time: 3.5s
  GPU Memory: 0.02GB allocated, 0.05GB reserved
Epoch 218/300 | Train Loss: 0.4419 | Val Loss: 0.5446 | Val Gloss Acc: 0.720 | Val Cat Acc: 1.000 | Time: 3.4s
  GPU Memory: 0.02GB allocated, 0.05GB reserved
Epoch 219/300 | Train Loss: 0.6888 | Val Loss: 0.5443 | Val Gloss Acc: 0.720 | Val Cat Acc: 1.000 | Time: 3.6s
  GPU Memory: 0.02GB allocated, 0.05GB reserved
Epoch 220/300 | Train Loss: 0.4037 | Val Loss: 0.5391 | Val Gloss Acc: 0.715 | Val Cat Acc: 1.000 | Time: 3.6s
  GPU Memory: 0.02GB allocated, 0.05GB reserved
Epoch 221/300 | Train Loss: 0.3602 | Val Loss: 0.5420 | Val Gloss Acc: 0.720 | Val Cat Acc: 1.000 | Time: 3.4s
  GPU Memory: 0.02GB allocated, 0.05GB reserved
Epoch 222/300 | Train Loss: 0.6251 | Val Loss: 0.5388 | Val Gloss Acc: 0.715 | Val Cat Acc: 1.000 | Time: 3.5s
  GPU Memory: 0.02GB allocated, 0.05GB reserved
Epoch 223/300 | Train Loss: 0.5818 | Val Loss: 0.5398 | Val Gloss Acc: 0.715 | Val Cat Acc: 1.000 | Time: 3.7s
  GPU Memory: 0.02GB allocated, 0.05GB reserved
Epoch 224/300 | Train Loss: 0.7540 | Val Loss: 0.5386 | Val Gloss Acc: 0.711 | Val Cat Acc: 1.000 | Time: 3.4s
  GPU Memory: 0.02GB allocated, 0.05GB reserved
Epoch 225/300 | Train Loss: 0.8578 | Val Loss: 0.5384 | Val Gloss Acc: 0.711 | Val Cat Acc: 1.000 | Time: 3.7s
  GPU Memory: 0.02GB allocated, 0.05GB reserved
Epoch 226/300 | Train Loss: 0.2931 | Val Loss: 0.5384 | Val Gloss Acc: 0.724 | Val Cat Acc: 1.000 | Time: 3.5s
  GPU Memory: 0.02GB allocated, 0.05GB reserved
Epoch 227/300 | Train Loss: 0.9628 | Val Loss: 0.5424 | Val Gloss Acc: 0.715 | Val Cat Acc: 1.000 | Time: 3.5s
  GPU Memory: 0.02GB allocated, 0.05GB reserved
Epoch 228/300 | Train Loss: 0.4572 | Val Loss: 0.5370 | Val Gloss Acc: 0.711 | Val Cat Acc: 1.000 | Time: 3.5s
  GPU Memory: 0.02GB allocated, 0.05GB reserved
Epoch 229/300 | Train Loss: 0.6314 | Val Loss: 0.5374 | Val Gloss Acc: 0.715 | Val Cat Acc: 1.000 | Time: 3.6s
  GPU Memory: 0.02GB allocated, 0.05GB reserved
Epoch 230/300 | Train Loss: 0.3658 | Val Loss: 0.5372 | Val Gloss Acc: 0.715 | Val Cat Acc: 1.000 | Time: 3.5s
  GPU Memory: 0.02GB allocated, 0.05GB reserved
Epoch 231/300 | Train Loss: 0.7896 | Val Loss: 0.5355 | Val Gloss Acc: 0.715 | Val Cat Acc: 1.000 | Time: 3.5s
  GPU Memory: 0.02GB allocated, 0.05GB reserved
Epoch 232/300 | Train Loss: 0.7498 | Val Loss: 0.5352 | Val Gloss Acc: 0.711 | Val Cat Acc: 1.000 | Time: 3.8s
  GPU Memory: 0.02GB allocated, 0.05GB reserved
Epoch 233/300 | Train Loss: 0.6779 | Val Loss: 0.5335 | Val Gloss Acc: 0.711 | Val Cat Acc: 1.000 | Time: 3.7s
  GPU Memory: 0.02GB allocated, 0.05GB reserved
Epoch 234/300 | Train Loss: 0.4391 | Val Loss: 0.5367 | Val Gloss Acc: 0.715 | Val Cat Acc: 1.000 | Time: 3.4s
  GPU Memory: 0.02GB allocated, 0.05GB reserved
Epoch 235/300 | Train Loss: 0.6247 | Val Loss: 0.5381 | Val Gloss Acc: 0.724 | Val Cat Acc: 1.000 | Time: 3.6s
  GPU Memory: 0.02GB allocated, 0.05GB reserved
Epoch 236/300 | Train Loss: 0.3818 | Val Loss: 0.5335 | Val Gloss Acc: 0.715 | Val Cat Acc: 1.000 | Time: 3.8s
  GPU Memory: 0.02GB allocated, 0.05GB reserved
Epoch 237/300 | Train Loss: 0.6985 | Val Loss: 0.5328 | Val Gloss Acc: 0.711 | Val Cat Acc: 1.000 | Time: 3.8s
  GPU Memory: 0.02GB allocated, 0.05GB reserved
Epoch 238/300 | Train Loss: 0.5402 | Val Loss: 0.5337 | Val Gloss Acc: 0.715 | Val Cat Acc: 1.000 | Time: 3.9s
  GPU Memory: 0.02GB allocated, 0.05GB reserved
Epoch 239/300 | Train Loss: 0.5562 | Val Loss: 0.5344 | Val Gloss Acc: 0.715 | Val Cat Acc: 1.000 | Time: 3.7s
  GPU Memory: 0.02GB allocated, 0.05GB reserved
Early stopping triggered after 239 epochs. Best gloss acc: 0.7276
------------------------------------------------------------
Training completed!

============================================================
Training completed - 2025-10-22 10:18:21
Log saved to: trained_models/mediapipe_gru/greetings_classification/training_20251022_100358.log
============================================================
