============================================================
TRAINING LOG - 2025-10-31 04:29:52
============================================================
Console output will be saved to: trained_models/mediapipe_gru/FSL105_classification/training_20251031_042952.log
Metrics CSV will be saved to: trained_models/mediapipe_gru/FSL105_classification/training_20251031_042952_metrics.csv

Using device: cuda
CUDA device: NVIDIA GeForce RTX 5070 Ti
CUDA memory: 16.6 GB
CUDA compute capability: 12.0
CUDA multiprocessors: 70
CUDA memory allocated: 0.00 GB
CUDA memory cached: 0.00 GB

============================================================
DATA LOADING
============================================================
✓ Loaded data successfully
  - Dataset type: MEDIAPIPE-GRU Keypoints
  - Training folder: data/processed/FSL105_train
  - Validation folder: data/processed/FSL105_val
  - Keypoint key: X
  - Gloss classes: 105
  - Category classes: 10

============================================================
DATASET PREPARATION
============================================================
✓ Created datasets and data loaders
  - Batch size: 16
  - Training batches: 637
  - Validation batches: 160
  - Data augmentation: Enabled (noise_std=0.004, mask_prob=0.07)
  - Training dataset size: 10192 samples
  - Validation dataset size: 2546 samples
  - Data format: [T, 178] keypoints

============================================================
MODEL SELECTION
============================================================
Available models:
Classification models (isolated signs):
  - transformer: Multi-head attention transformer (keypoints)
  - mediapipe_gru: Lightweight GRU (keypoints, mobile-friendly)
  - iv3_gru: InceptionV3 + GRU hybrid (features, offline baseline)
CTC models (continuous recognition):
  - transformer_ctc: Transformer with CTC (keypoints)
  - mediapipe_gru_ctc: Lightweight GRU with CTC (keypoints)
  - iv3_gru_ctc: InceptionV3 + GRU with CTC (features, offline baseline)
✓ Using MediaPipeGRU model (input_dim=178, hidden1=30, hidden2=22)

================================================================================
COMPREHENSIVE TRAINING CONFIGURATION
================================================================================
Session Information:
  - Start time: 2025-10-31 04:29:52
  - Working directory: /workspace/fslr-transformer-vs-iv3gru
  - Command: /workspace/fslr-transformer-vs-iv3gru/training/train.py --model mediapipe_gru --training-mode classification --epochs 300 --batch-size 16 --lr 0.0001 --num-gloss 105 --num-cat 10 --alpha 0.8 --beta 0.2 --keypoints-train data/processed/FSL105_train --keypoints-val data/processed/FSL105_val --labels-train-csv data/processed/FSL105_train.csv --labels-val-csv data/processed/FSL105_val.csv --kp-key X --hidden1 30 --hidden2 22 --amp --augment --augment-noise-std 0.004 --augment-mask-prob 0.07 --augment-mask-ratio 0.07 --scheduler warmup_cosine --warmup-epochs 25 --early-stop 35 --weight-decay 2.5e-4 --dropout 0.20 --label-smoothing 0.1 --output-dir trained_models/mediapipe_gru/FSL105_classification

System Information:
  - Platform: Linux-6.8.0-52-generic-x86_64-with-glibc2.39
  - Python version: 3.12.11 | packaged by conda-forge | (main, Jun  4 2025, 14:45:31) [GCC 13.3.0]
  - PyTorch version: 2.9.0+cu128
  - CUDA version: 12.8
  - cuDNN version: 91002
  - NumPy version: 2.2.6

Core Training Parameters:
  - Model: mediapipe_gru
  - Epochs: 300
  - Batch size: 16
  - Learning rate: 0.0001
  - Weight decay: 0.00025
  - Gradient clipping: None
  - Loss weights - Alpha: 0.8, Beta: 0.2

Curriculum Training: Disabled

Loss Weighting Parameters:
  - Strategy: static
  - Alpha: 0.8
  - Beta: 0.2

Data Configuration:
  - Gloss classes: 105
  - Category classes: 10
  - Data source: Real data files
  - Training folder: data/processed/FSL105_train
  - Validation folder: data/processed/FSL105_val
  - Keypoint key: X

Training Control:
  - Scheduler: warmup_cosine
  - Scheduler patience: 5
  - Early stopping: 35
  - Resume from: None

Performance Settings:
  - AMP (Mixed Precision): True
  - Model compilation: False
  - Gradient accumulation steps: 1
  - DataLoader workers: 0
  - Auto workers: False
  - Pin memory: False
  - Prefetch factor: None

Reproducibility:
  - Random seed: 42
  - Deterministic mode: False

Output Configuration:
  - Checkpoint directory: trained_models/mediapipe_gru/FSL105_classification
  - CSV log file: trained_models/mediapipe_gru/FSL105_classification/training_20251031_042952_metrics.csv

Model Information:
  - Model type: MediaPipeGRU
  - Total parameters: 25,109
  - Trainable parameters: 25,109
  - Model size: 0.1 MB
================================================================================

============================================================
TRAINING START
============================================================
Training mode: Classification (Isolated Sign Recognition)
✓ Loss weighting strategy: static
✓ Using standard CrossEntropy Loss
Training Configuration:
  - Gradient accumulation steps: 1
  - AMP enabled: True
  - Model compiled: False
  - CUDA memory before training: 0.00 GB
✓ Using WarmupCosineScheduler (warmup_epochs=25)
Training for 300 epochs...
Loss weights - Gloss: 0.8, Category: 0.2
------------------------------------------------------------
Epoch  1/300 | Train Loss: 4.2367 | Val Loss: 4.1996 | Val Gloss Acc: 0.012 | Val Cat Acc: 0.090 | Time: 11.4s
  GPU Memory: 0.02GB allocated, 0.05GB reserved
Epoch  2/300 | Train Loss: 4.2195 | Val Loss: 4.1901 | Val Gloss Acc: 0.013 | Val Cat Acc: 0.090 | Time: 12.8s
  GPU Memory: 0.02GB allocated, 0.05GB reserved
Epoch  3/300 | Train Loss: 4.1982 | Val Loss: 4.1858 | Val Gloss Acc: 0.013 | Val Cat Acc: 0.126 | Time: 12.1s
  GPU Memory: 0.02GB allocated, 0.05GB reserved
Epoch  4/300 | Train Loss: 4.1707 | Val Loss: 4.1840 | Val Gloss Acc: 0.014 | Val Cat Acc: 0.124 | Time: 10.3s
  GPU Memory: 0.02GB allocated, 0.05GB reserved
Epoch  5/300 | Train Loss: 4.1830 | Val Loss: 4.1827 | Val Gloss Acc: 0.007 | Val Cat Acc: 0.145 | Time: 13.2s
  GPU Memory: 0.02GB allocated, 0.05GB reserved
Epoch  6/300 | Train Loss: 4.2158 | Val Loss: 4.1824 | Val Gloss Acc: 0.009 | Val Cat Acc: 0.139 | Time: 12.6s
  GPU Memory: 0.02GB allocated, 0.05GB reserved
Epoch  7/300 | Train Loss: 4.1817 | Val Loss: 4.1823 | Val Gloss Acc: 0.008 | Val Cat Acc: 0.128 | Time: 10.8s
  GPU Memory: 0.02GB allocated, 0.05GB reserved
Epoch  8/300 | Train Loss: 4.1854 | Val Loss: 4.1819 | Val Gloss Acc: 0.007 | Val Cat Acc: 0.141 | Time: 9.1s
  GPU Memory: 0.02GB allocated, 0.05GB reserved
Epoch  9/300 | Train Loss: 4.1845 | Val Loss: 4.1800 | Val Gloss Acc: 0.007 | Val Cat Acc: 0.134 | Time: 9.9s
  GPU Memory: 0.02GB allocated, 0.05GB reserved
Epoch 10/300 | Train Loss: 4.1685 | Val Loss: 4.1720 | Val Gloss Acc: 0.008 | Val Cat Acc: 0.146 | Time: 10.1s
  GPU Memory: 0.02GB allocated, 0.05GB reserved
Epoch 11/300 | Train Loss: 4.0397 | Val Loss: 4.1296 | Val Gloss Acc: 0.020 | Val Cat Acc: 0.189 | Time: 13.1s
  GPU Memory: 0.02GB allocated, 0.05GB reserved
Epoch 12/300 | Train Loss: 4.0850 | Val Loss: 3.9900 | Val Gloss Acc: 0.018 | Val Cat Acc: 0.189 | Time: 11.2s
  GPU Memory: 0.02GB allocated, 0.05GB reserved
Epoch 13/300 | Train Loss: 3.9289 | Val Loss: 3.8802 | Val Gloss Acc: 0.018 | Val Cat Acc: 0.189 | Time: 12.4s
  GPU Memory: 0.02GB allocated, 0.05GB reserved
Epoch 14/300 | Train Loss: 3.8531 | Val Loss: 3.8149 | Val Gloss Acc: 0.012 | Val Cat Acc: 0.207 | Time: 13.3s
  GPU Memory: 0.02GB allocated, 0.05GB reserved
Epoch 15/300 | Train Loss: 3.7953 | Val Loss: 3.7762 | Val Gloss Acc: 0.012 | Val Cat Acc: 0.208 | Time: 13.1s
  GPU Memory: 0.02GB allocated, 0.05GB reserved
Epoch 16/300 | Train Loss: 3.7759 | Val Loss: 3.7499 | Val Gloss Acc: 0.012 | Val Cat Acc: 0.208 | Time: 11.4s
  GPU Memory: 0.02GB allocated, 0.05GB reserved
Epoch 17/300 | Train Loss: 3.7905 | Val Loss: 3.7315 | Val Gloss Acc: 0.012 | Val Cat Acc: 0.209 | Time: 8.7s
  GPU Memory: 0.02GB allocated, 0.05GB reserved
Epoch 18/300 | Train Loss: 3.9500 | Val Loss: 3.7188 | Val Gloss Acc: 0.012 | Val Cat Acc: 0.212 | Time: 12.7s
  GPU Memory: 0.02GB allocated, 0.05GB reserved
Epoch 19/300 | Train Loss: 3.7530 | Val Loss: 3.7069 | Val Gloss Acc: 0.014 | Val Cat Acc: 0.213 | Time: 10.0s
  GPU Memory: 0.02GB allocated, 0.05GB reserved
Epoch 20/300 | Train Loss: 3.9100 | Val Loss: 3.6961 | Val Gloss Acc: 0.014 | Val Cat Acc: 0.212 | Time: 11.2s
  GPU Memory: 0.02GB allocated, 0.05GB reserved
Epoch 21/300 | Train Loss: 3.7994 | Val Loss: 3.6851 | Val Gloss Acc: 0.016 | Val Cat Acc: 0.214 | Time: 9.5s
  GPU Memory: 0.02GB allocated, 0.05GB reserved
Epoch 22/300 | Train Loss: 3.8120 | Val Loss: 3.6630 | Val Gloss Acc: 0.016 | Val Cat Acc: 0.216 | Time: 9.1s
  GPU Memory: 0.02GB allocated, 0.05GB reserved
Epoch 23/300 | Train Loss: 3.6866 | Val Loss: 3.6479 | Val Gloss Acc: 0.023 | Val Cat Acc: 0.225 | Time: 9.1s
  GPU Memory: 0.02GB allocated, 0.05GB reserved
Epoch 24/300 | Train Loss: 3.6000 | Val Loss: 3.6317 | Val Gloss Acc: 0.034 | Val Cat Acc: 0.222 | Time: 8.7s
  GPU Memory: 0.02GB allocated, 0.05GB reserved
Epoch 25/300 | Train Loss: 3.6742 | Val Loss: 3.6158 | Val Gloss Acc: 0.031 | Val Cat Acc: 0.222 | Time: 11.3s
  GPU Memory: 0.02GB allocated, 0.05GB reserved
Epoch 26/300 | Train Loss: 3.5935 | Val Loss: 3.5930 | Val Gloss Acc: 0.044 | Val Cat Acc: 0.230 | Time: 12.7s
  GPU Memory: 0.02GB allocated, 0.05GB reserved
Epoch 27/300 | Train Loss: 3.7760 | Val Loss: 3.5699 | Val Gloss Acc: 0.041 | Val Cat Acc: 0.241 | Time: 11.4s
  GPU Memory: 0.02GB allocated, 0.05GB reserved
Epoch 28/300 | Train Loss: 3.5044 | Val Loss: 3.5458 | Val Gloss Acc: 0.040 | Val Cat Acc: 0.262 | Time: 12.7s
  GPU Memory: 0.02GB allocated, 0.05GB reserved
Epoch 29/300 | Train Loss: 3.6617 | Val Loss: 3.5092 | Val Gloss Acc: 0.047 | Val Cat Acc: 0.275 | Time: 14.0s
  GPU Memory: 0.02GB allocated, 0.05GB reserved
Epoch 30/300 | Train Loss: 3.5153 | Val Loss: 3.4993 | Val Gloss Acc: 0.048 | Val Cat Acc: 0.274 | Time: 12.5s
  GPU Memory: 0.02GB allocated, 0.05GB reserved
Epoch 31/300 | Train Loss: 3.2029 | Val Loss: 3.4548 | Val Gloss Acc: 0.051 | Val Cat Acc: 0.286 | Time: 9.9s
  GPU Memory: 0.02GB allocated, 0.05GB reserved
Epoch 32/300 | Train Loss: 3.2878 | Val Loss: 3.4192 | Val Gloss Acc: 0.057 | Val Cat Acc: 0.289 | Time: 10.5s
  GPU Memory: 0.02GB allocated, 0.05GB reserved
Epoch 33/300 | Train Loss: 3.3791 | Val Loss: 3.3980 | Val Gloss Acc: 0.054 | Val Cat Acc: 0.288 | Time: 11.9s
  GPU Memory: 0.02GB allocated, 0.05GB reserved
Epoch 34/300 | Train Loss: 3.4357 | Val Loss: 3.3654 | Val Gloss Acc: 0.067 | Val Cat Acc: 0.295 | Time: 11.0s
  GPU Memory: 0.02GB allocated, 0.05GB reserved
Epoch 35/300 | Train Loss: 3.4646 | Val Loss: 3.3715 | Val Gloss Acc: 0.074 | Val Cat Acc: 0.295 | Time: 12.5s
  GPU Memory: 0.02GB allocated, 0.05GB reserved
Epoch 36/300 | Train Loss: 3.5337 | Val Loss: 3.3173 | Val Gloss Acc: 0.074 | Val Cat Acc: 0.301 | Time: 12.5s
  GPU Memory: 0.02GB allocated, 0.05GB reserved
Epoch 37/300 | Train Loss: 3.2783 | Val Loss: 3.2982 | Val Gloss Acc: 0.073 | Val Cat Acc: 0.298 | Time: 11.7s
  GPU Memory: 0.02GB allocated, 0.05GB reserved
Epoch 38/300 | Train Loss: 3.3016 | Val Loss: 3.2779 | Val Gloss Acc: 0.078 | Val Cat Acc: 0.307 | Time: 12.0s
  GPU Memory: 0.02GB allocated, 0.05GB reserved
Epoch 39/300 | Train Loss: 3.2142 | Val Loss: 3.2616 | Val Gloss Acc: 0.084 | Val Cat Acc: 0.312 | Time: 10.8s
  GPU Memory: 0.02GB allocated, 0.05GB reserved
Epoch 40/300 | Train Loss: 3.3704 | Val Loss: 3.2358 | Val Gloss Acc: 0.085 | Val Cat Acc: 0.309 | Time: 9.6s
  GPU Memory: 0.02GB allocated, 0.05GB reserved
Epoch 41/300 | Train Loss: 3.2308 | Val Loss: 3.2098 | Val Gloss Acc: 0.079 | Val Cat Acc: 0.304 | Time: 10.9s
  GPU Memory: 0.02GB allocated, 0.05GB reserved
Epoch 42/300 | Train Loss: 3.3601 | Val Loss: 3.2055 | Val Gloss Acc: 0.087 | Val Cat Acc: 0.309 | Time: 11.5s
  GPU Memory: 0.02GB allocated, 0.05GB reserved
Epoch 43/300 | Train Loss: 3.2044 | Val Loss: 3.1888 | Val Gloss Acc: 0.089 | Val Cat Acc: 0.306 | Time: 11.3s
  GPU Memory: 0.02GB allocated, 0.05GB reserved
Epoch 44/300 | Train Loss: 2.9429 | Val Loss: 3.1842 | Val Gloss Acc: 0.086 | Val Cat Acc: 0.305 | Time: 11.6s
  GPU Memory: 0.02GB allocated, 0.05GB reserved
Epoch 45/300 | Train Loss: 3.1259 | Val Loss: 3.1416 | Val Gloss Acc: 0.092 | Val Cat Acc: 0.318 | Time: 8.8s
  GPU Memory: 0.02GB allocated, 0.05GB reserved
Epoch 46/300 | Train Loss: 3.1143 | Val Loss: 3.1215 | Val Gloss Acc: 0.099 | Val Cat Acc: 0.321 | Time: 10.9s
  GPU Memory: 0.02GB allocated, 0.05GB reserved
Epoch 47/300 | Train Loss: 3.0094 | Val Loss: 3.1118 | Val Gloss Acc: 0.101 | Val Cat Acc: 0.321 | Time: 13.5s
  GPU Memory: 0.02GB allocated, 0.05GB reserved
Epoch 48/300 | Train Loss: 3.0253 | Val Loss: 3.0955 | Val Gloss Acc: 0.099 | Val Cat Acc: 0.340 | Time: 13.0s
  GPU Memory: 0.02GB allocated, 0.05GB reserved
Epoch 49/300 | Train Loss: 3.1445 | Val Loss: 3.0814 | Val Gloss Acc: 0.104 | Val Cat Acc: 0.339 | Time: 11.8s
  GPU Memory: 0.02GB allocated, 0.05GB reserved
Epoch 50/300 | Train Loss: 3.1296 | Val Loss: 3.0588 | Val Gloss Acc: 0.109 | Val Cat Acc: 0.346 | Time: 9.5s
  GPU Memory: 0.02GB allocated, 0.05GB reserved
Epoch 51/300 | Train Loss: 3.1000 | Val Loss: 3.0577 | Val Gloss Acc: 0.106 | Val Cat Acc: 0.343 | Time: 8.7s
  GPU Memory: 0.02GB allocated, 0.05GB reserved
Epoch 52/300 | Train Loss: 3.1831 | Val Loss: 3.0206 | Val Gloss Acc: 0.115 | Val Cat Acc: 0.340 | Time: 13.4s
  GPU Memory: 0.02GB allocated, 0.05GB reserved
Epoch 53/300 | Train Loss: 3.0999 | Val Loss: 3.0134 | Val Gloss Acc: 0.115 | Val Cat Acc: 0.346 | Time: 11.6s
  GPU Memory: 0.02GB allocated, 0.05GB reserved
Epoch 54/300 | Train Loss: 3.1265 | Val Loss: 2.9995 | Val Gloss Acc: 0.117 | Val Cat Acc: 0.351 | Time: 10.0s
  GPU Memory: 0.02GB allocated, 0.05GB reserved
Epoch 55/300 | Train Loss: 3.0649 | Val Loss: 2.9801 | Val Gloss Acc: 0.117 | Val Cat Acc: 0.347 | Time: 11.1s
  GPU Memory: 0.02GB allocated, 0.05GB reserved
Epoch 56/300 | Train Loss: 3.0728 | Val Loss: 2.9686 | Val Gloss Acc: 0.117 | Val Cat Acc: 0.357 | Time: 12.1s
  GPU Memory: 0.02GB allocated, 0.05GB reserved
Epoch 57/300 | Train Loss: 2.9870 | Val Loss: 2.9968 | Val Gloss Acc: 0.108 | Val Cat Acc: 0.353 | Time: 12.1s
  GPU Memory: 0.02GB allocated, 0.05GB reserved
Epoch 58/300 | Train Loss: 3.0380 | Val Loss: 2.9623 | Val Gloss Acc: 0.116 | Val Cat Acc: 0.352 | Time: 10.8s
  GPU Memory: 0.02GB allocated, 0.05GB reserved
Epoch 59/300 | Train Loss: 2.9554 | Val Loss: 2.9220 | Val Gloss Acc: 0.128 | Val Cat Acc: 0.358 | Time: 11.2s
  GPU Memory: 0.02GB allocated, 0.05GB reserved
Epoch 60/300 | Train Loss: 3.0286 | Val Loss: 2.9249 | Val Gloss Acc: 0.120 | Val Cat Acc: 0.361 | Time: 8.8s
  GPU Memory: 0.02GB allocated, 0.05GB reserved
Epoch 61/300 | Train Loss: 3.1037 | Val Loss: 2.9133 | Val Gloss Acc: 0.128 | Val Cat Acc: 0.358 | Time: 10.5s
  GPU Memory: 0.02GB allocated, 0.05GB reserved
Epoch 62/300 | Train Loss: 3.0267 | Val Loss: 2.8983 | Val Gloss Acc: 0.121 | Val Cat Acc: 0.364 | Time: 8.7s
  GPU Memory: 0.02GB allocated, 0.05GB reserved
Epoch 63/300 | Train Loss: 2.9836 | Val Loss: 2.8807 | Val Gloss Acc: 0.130 | Val Cat Acc: 0.359 | Time: 9.6s
  GPU Memory: 0.02GB allocated, 0.05GB reserved
Epoch 64/300 | Train Loss: 2.8855 | Val Loss: 2.8634 | Val Gloss Acc: 0.139 | Val Cat Acc: 0.359 | Time: 11.1s
  GPU Memory: 0.02GB allocated, 0.05GB reserved
Epoch 65/300 | Train Loss: 2.9119 | Val Loss: 2.8991 | Val Gloss Acc: 0.129 | Val Cat Acc: 0.349 | Time: 9.3s
  GPU Memory: 0.02GB allocated, 0.05GB reserved
Epoch 66/300 | Train Loss: 3.1086 | Val Loss: 2.8556 | Val Gloss Acc: 0.132 | Val Cat Acc: 0.365 | Time: 14.8s
  GPU Memory: 0.02GB allocated, 0.05GB reserved
Epoch 67/300 | Train Loss: 2.8538 | Val Loss: 2.8422 | Val Gloss Acc: 0.130 | Val Cat Acc: 0.363 | Time: 9.8s
  GPU Memory: 0.02GB allocated, 0.05GB reserved
Epoch 68/300 | Train Loss: 2.7970 | Val Loss: 2.8180 | Val Gloss Acc: 0.148 | Val Cat Acc: 0.364 | Time: 8.7s
  GPU Memory: 0.02GB allocated, 0.05GB reserved
Epoch 69/300 | Train Loss: 2.9302 | Val Loss: 2.8240 | Val Gloss Acc: 0.134 | Val Cat Acc: 0.359 | Time: 8.9s
  GPU Memory: 0.02GB allocated, 0.05GB reserved
Epoch 70/300 | Train Loss: 3.0320 | Val Loss: 2.7969 | Val Gloss Acc: 0.146 | Val Cat Acc: 0.367 | Time: 9.5s
  GPU Memory: 0.02GB allocated, 0.05GB reserved
Epoch 71/300 | Train Loss: 2.5869 | Val Loss: 2.7916 | Val Gloss Acc: 0.151 | Val Cat Acc: 0.363 | Time: 8.7s
  GPU Memory: 0.02GB allocated, 0.05GB reserved
Epoch 72/300 | Train Loss: 2.7225 | Val Loss: 2.7834 | Val Gloss Acc: 0.155 | Val Cat Acc: 0.374 | Time: 8.7s
  GPU Memory: 0.02GB allocated, 0.05GB reserved
Epoch 73/300 | Train Loss: 2.9809 | Val Loss: 2.7687 | Val Gloss Acc: 0.157 | Val Cat Acc: 0.371 | Time: 10.5s
  GPU Memory: 0.02GB allocated, 0.05GB reserved
Epoch 74/300 | Train Loss: 2.9176 | Val Loss: 2.7596 | Val Gloss Acc: 0.158 | Val Cat Acc: 0.371 | Time: 11.1s
  GPU Memory: 0.02GB allocated, 0.05GB reserved
Epoch 75/300 | Train Loss: 2.9514 | Val Loss: 2.7569 | Val Gloss Acc: 0.161 | Val Cat Acc: 0.371 | Time: 9.0s
  GPU Memory: 0.02GB allocated, 0.05GB reserved
Epoch 76/300 | Train Loss: 2.8126 | Val Loss: 2.7419 | Val Gloss Acc: 0.160 | Val Cat Acc: 0.377 | Time: 13.1s
  GPU Memory: 0.02GB allocated, 0.05GB reserved
Epoch 77/300 | Train Loss: 2.7679 | Val Loss: 2.7496 | Val Gloss Acc: 0.164 | Val Cat Acc: 0.371 | Time: 13.5s
  GPU Memory: 0.02GB allocated, 0.05GB reserved
Epoch 78/300 | Train Loss: 2.8166 | Val Loss: 2.7476 | Val Gloss Acc: 0.156 | Val Cat Acc: 0.368 | Time: 9.0s
  GPU Memory: 0.02GB allocated, 0.05GB reserved
Epoch 79/300 | Train Loss: 2.5458 | Val Loss: 2.7121 | Val Gloss Acc: 0.167 | Val Cat Acc: 0.380 | Time: 9.7s
  GPU Memory: 0.02GB allocated, 0.05GB reserved
Epoch 80/300 | Train Loss: 2.4839 | Val Loss: 2.7061 | Val Gloss Acc: 0.170 | Val Cat Acc: 0.387 | Time: 13.5s
  GPU Memory: 0.02GB allocated, 0.05GB reserved
Epoch 81/300 | Train Loss: 2.7403 | Val Loss: 2.6977 | Val Gloss Acc: 0.171 | Val Cat Acc: 0.384 | Time: 11.0s
  GPU Memory: 0.02GB allocated, 0.05GB reserved
Epoch 82/300 | Train Loss: 3.0175 | Val Loss: 2.7157 | Val Gloss Acc: 0.156 | Val Cat Acc: 0.369 | Time: 12.4s
  GPU Memory: 0.02GB allocated, 0.05GB reserved
Epoch 83/300 | Train Loss: 3.6031 | Val Loss: 2.7070 | Val Gloss Acc: 0.162 | Val Cat Acc: 0.384 | Time: 10.7s
  GPU Memory: 0.02GB allocated, 0.05GB reserved
Epoch 84/300 | Train Loss: 2.5713 | Val Loss: 2.6828 | Val Gloss Acc: 0.172 | Val Cat Acc: 0.389 | Time: 10.3s
  GPU Memory: 0.02GB allocated, 0.05GB reserved
Epoch 85/300 | Train Loss: 3.1295 | Val Loss: 2.6770 | Val Gloss Acc: 0.165 | Val Cat Acc: 0.393 | Time: 10.7s
  GPU Memory: 0.02GB allocated, 0.05GB reserved
Epoch 86/300 | Train Loss: 2.6934 | Val Loss: 2.6766 | Val Gloss Acc: 0.175 | Val Cat Acc: 0.389 | Time: 9.8s
  GPU Memory: 0.02GB allocated, 0.05GB reserved
Epoch 87/300 | Train Loss: 2.6958 | Val Loss: 2.6627 | Val Gloss Acc: 0.173 | Val Cat Acc: 0.386 | Time: 9.6s
  GPU Memory: 0.02GB allocated, 0.05GB reserved
Epoch 88/300 | Train Loss: 2.6783 | Val Loss: 2.6618 | Val Gloss Acc: 0.170 | Val Cat Acc: 0.394 | Time: 12.4s
  GPU Memory: 0.02GB allocated, 0.05GB reserved
Epoch 89/300 | Train Loss: 2.8674 | Val Loss: 2.6595 | Val Gloss Acc: 0.168 | Val Cat Acc: 0.386 | Time: 12.8s
  GPU Memory: 0.02GB allocated, 0.05GB reserved
Epoch 90/300 | Train Loss: 2.6767 | Val Loss: 2.6303 | Val Gloss Acc: 0.171 | Val Cat Acc: 0.399 | Time: 9.2s
  GPU Memory: 0.02GB allocated, 0.05GB reserved
Epoch 91/300 | Train Loss: 2.8198 | Val Loss: 2.6490 | Val Gloss Acc: 0.167 | Val Cat Acc: 0.394 | Time: 8.7s
  GPU Memory: 0.02GB allocated, 0.05GB reserved
Epoch 92/300 | Train Loss: 2.3882 | Val Loss: 2.6393 | Val Gloss Acc: 0.171 | Val Cat Acc: 0.391 | Time: 10.5s
  GPU Memory: 0.02GB allocated, 0.05GB reserved
Epoch 93/300 | Train Loss: 2.7852 | Val Loss: 2.6460 | Val Gloss Acc: 0.171 | Val Cat Acc: 0.395 | Time: 10.0s
  GPU Memory: 0.02GB allocated, 0.05GB reserved
Epoch 94/300 | Train Loss: 2.6240 | Val Loss: 2.6226 | Val Gloss Acc: 0.179 | Val Cat Acc: 0.413 | Time: 8.9s
  GPU Memory: 0.02GB allocated, 0.05GB reserved
Epoch 95/300 | Train Loss: 2.6926 | Val Loss: 2.6068 | Val Gloss Acc: 0.180 | Val Cat Acc: 0.405 | Time: 10.2s
  GPU Memory: 0.02GB allocated, 0.05GB reserved
Epoch 96/300 | Train Loss: 2.7979 | Val Loss: 2.5981 | Val Gloss Acc: 0.169 | Val Cat Acc: 0.416 | Time: 10.3s
  GPU Memory: 0.02GB allocated, 0.05GB reserved
Epoch 97/300 | Train Loss: 2.3106 | Val Loss: 2.5930 | Val Gloss Acc: 0.180 | Val Cat Acc: 0.416 | Time: 11.1s
  GPU Memory: 0.02GB allocated, 0.05GB reserved
Epoch 98/300 | Train Loss: 2.6000 | Val Loss: 2.5914 | Val Gloss Acc: 0.183 | Val Cat Acc: 0.410 | Time: 10.7s
  GPU Memory: 0.02GB allocated, 0.05GB reserved
Epoch 99/300 | Train Loss: 2.5602 | Val Loss: 2.5766 | Val Gloss Acc: 0.182 | Val Cat Acc: 0.417 | Time: 9.0s
  GPU Memory: 0.02GB allocated, 0.05GB reserved
Epoch 100/300 | Train Loss: 2.3521 | Val Loss: 2.5861 | Val Gloss Acc: 0.179 | Val Cat Acc: 0.404 | Time: 11.3s
  GPU Memory: 0.02GB allocated, 0.05GB reserved
Epoch 101/300 | Train Loss: 2.6260 | Val Loss: 2.5746 | Val Gloss Acc: 0.178 | Val Cat Acc: 0.413 | Time: 11.5s
  GPU Memory: 0.02GB allocated, 0.05GB reserved
Epoch 102/300 | Train Loss: 2.5026 | Val Loss: 2.5568 | Val Gloss Acc: 0.182 | Val Cat Acc: 0.422 | Time: 8.7s
  GPU Memory: 0.02GB allocated, 0.05GB reserved
Epoch 103/300 | Train Loss: 2.1878 | Val Loss: 2.5984 | Val Gloss Acc: 0.179 | Val Cat Acc: 0.401 | Time: 10.7s
  GPU Memory: 0.02GB allocated, 0.05GB reserved
Epoch 104/300 | Train Loss: 2.5467 | Val Loss: 2.5549 | Val Gloss Acc: 0.192 | Val Cat Acc: 0.421 | Time: 12.1s
  GPU Memory: 0.02GB allocated, 0.05GB reserved
Epoch 105/300 | Train Loss: 2.8611 | Val Loss: 2.5462 | Val Gloss Acc: 0.184 | Val Cat Acc: 0.423 | Time: 10.5s
  GPU Memory: 0.02GB allocated, 0.05GB reserved
Epoch 106/300 | Train Loss: 2.7856 | Val Loss: 2.5683 | Val Gloss Acc: 0.180 | Val Cat Acc: 0.415 | Time: 10.9s
  GPU Memory: 0.02GB allocated, 0.05GB reserved
Epoch 107/300 | Train Loss: 2.4219 | Val Loss: 2.5462 | Val Gloss Acc: 0.188 | Val Cat Acc: 0.419 | Time: 10.2s
  GPU Memory: 0.02GB allocated, 0.05GB reserved
Epoch 108/300 | Train Loss: 2.3612 | Val Loss: 2.5182 | Val Gloss Acc: 0.195 | Val Cat Acc: 0.431 | Time: 11.5s
  GPU Memory: 0.02GB allocated, 0.05GB reserved
Epoch 109/300 | Train Loss: 2.5846 | Val Loss: 2.5484 | Val Gloss Acc: 0.183 | Val Cat Acc: 0.428 | Time: 8.8s
  GPU Memory: 0.02GB allocated, 0.05GB reserved
Epoch 110/300 | Train Loss: 2.9077 | Val Loss: 2.5405 | Val Gloss Acc: 0.190 | Val Cat Acc: 0.428 | Time: 8.7s
  GPU Memory: 0.02GB allocated, 0.05GB reserved
Epoch 111/300 | Train Loss: 2.2071 | Val Loss: 2.4901 | Val Gloss Acc: 0.206 | Val Cat Acc: 0.442 | Time: 8.7s
  GPU Memory: 0.02GB allocated, 0.05GB reserved
Epoch 112/300 | Train Loss: 2.5808 | Val Loss: 2.5128 | Val Gloss Acc: 0.200 | Val Cat Acc: 0.434 | Time: 11.1s
  GPU Memory: 0.02GB allocated, 0.05GB reserved
Epoch 113/300 | Train Loss: 2.6088 | Val Loss: 2.5104 | Val Gloss Acc: 0.198 | Val Cat Acc: 0.445 | Time: 12.5s
  GPU Memory: 0.02GB allocated, 0.05GB reserved
Epoch 114/300 | Train Loss: 2.5133 | Val Loss: 2.4715 | Val Gloss Acc: 0.204 | Val Cat Acc: 0.454 | Time: 12.8s
  GPU Memory: 0.02GB allocated, 0.05GB reserved
Epoch 115/300 | Train Loss: 2.3402 | Val Loss: 2.4616 | Val Gloss Acc: 0.210 | Val Cat Acc: 0.455 | Time: 10.9s
  GPU Memory: 0.02GB allocated, 0.05GB reserved
Epoch 116/300 | Train Loss: 2.4675 | Val Loss: 2.4758 | Val Gloss Acc: 0.198 | Val Cat Acc: 0.441 | Time: 8.7s
  GPU Memory: 0.02GB allocated, 0.05GB reserved
Epoch 117/300 | Train Loss: 2.3575 | Val Loss: 2.4598 | Val Gloss Acc: 0.213 | Val Cat Acc: 0.452 | Time: 8.7s
  GPU Memory: 0.02GB allocated, 0.05GB reserved
Epoch 118/300 | Train Loss: 2.3261 | Val Loss: 2.5155 | Val Gloss Acc: 0.195 | Val Cat Acc: 0.435 | Time: 11.6s
  GPU Memory: 0.02GB allocated, 0.05GB reserved
Epoch 119/300 | Train Loss: 2.4428 | Val Loss: 2.4477 | Val Gloss Acc: 0.211 | Val Cat Acc: 0.455 | Time: 10.7s
  GPU Memory: 0.02GB allocated, 0.05GB reserved
Epoch 120/300 | Train Loss: 2.0606 | Val Loss: 2.4296 | Val Gloss Acc: 0.221 | Val Cat Acc: 0.465 | Time: 8.7s
  GPU Memory: 0.02GB allocated, 0.05GB reserved
Epoch 121/300 | Train Loss: 2.3095 | Val Loss: 2.4501 | Val Gloss Acc: 0.215 | Val Cat Acc: 0.457 | Time: 9.6s
  GPU Memory: 0.02GB allocated, 0.05GB reserved
Epoch 122/300 | Train Loss: 2.6044 | Val Loss: 2.4224 | Val Gloss Acc: 0.216 | Val Cat Acc: 0.467 | Time: 11.2s
  GPU Memory: 0.02GB allocated, 0.05GB reserved
Epoch 123/300 | Train Loss: 2.4713 | Val Loss: 2.4425 | Val Gloss Acc: 0.208 | Val Cat Acc: 0.454 | Time: 8.8s
  GPU Memory: 0.02GB allocated, 0.05GB reserved
Epoch 124/300 | Train Loss: 2.4009 | Val Loss: 2.4088 | Val Gloss Acc: 0.226 | Val Cat Acc: 0.457 | Time: 10.2s
  GPU Memory: 0.02GB allocated, 0.05GB reserved
Epoch 125/300 | Train Loss: 2.5288 | Val Loss: 2.4031 | Val Gloss Acc: 0.218 | Val Cat Acc: 0.467 | Time: 12.5s
  GPU Memory: 0.02GB allocated, 0.05GB reserved
Epoch 126/300 | Train Loss: 2.3664 | Val Loss: 2.3841 | Val Gloss Acc: 0.233 | Val Cat Acc: 0.469 | Time: 10.9s
  GPU Memory: 0.02GB allocated, 0.05GB reserved
Epoch 127/300 | Train Loss: 2.5522 | Val Loss: 2.4488 | Val Gloss Acc: 0.211 | Val Cat Acc: 0.443 | Time: 12.1s
  GPU Memory: 0.02GB allocated, 0.05GB reserved
Epoch 128/300 | Train Loss: 2.2614 | Val Loss: 2.4254 | Val Gloss Acc: 0.214 | Val Cat Acc: 0.462 | Time: 11.3s
  GPU Memory: 0.02GB allocated, 0.05GB reserved
Epoch 129/300 | Train Loss: 2.5542 | Val Loss: 2.3798 | Val Gloss Acc: 0.227 | Val Cat Acc: 0.475 | Time: 11.4s
  GPU Memory: 0.02GB allocated, 0.05GB reserved
Epoch 130/300 | Train Loss: 2.2790 | Val Loss: 2.3682 | Val Gloss Acc: 0.234 | Val Cat Acc: 0.475 | Time: 13.4s
  GPU Memory: 0.02GB allocated, 0.05GB reserved
Epoch 131/300 | Train Loss: 2.1997 | Val Loss: 2.3535 | Val Gloss Acc: 0.243 | Val Cat Acc: 0.475 | Time: 11.0s
  GPU Memory: 0.02GB allocated, 0.05GB reserved
Epoch 132/300 | Train Loss: 2.3936 | Val Loss: 2.3582 | Val Gloss Acc: 0.233 | Val Cat Acc: 0.476 | Time: 8.7s
  GPU Memory: 0.02GB allocated, 0.05GB reserved
Epoch 133/300 | Train Loss: 2.0951 | Val Loss: 2.3843 | Val Gloss Acc: 0.232 | Val Cat Acc: 0.469 | Time: 8.7s
  GPU Memory: 0.02GB allocated, 0.05GB reserved
Epoch 134/300 | Train Loss: 2.6118 | Val Loss: 2.3507 | Val Gloss Acc: 0.241 | Val Cat Acc: 0.477 | Time: 8.7s
  GPU Memory: 0.02GB allocated, 0.05GB reserved
Epoch 135/300 | Train Loss: 2.0795 | Val Loss: 2.3438 | Val Gloss Acc: 0.240 | Val Cat Acc: 0.482 | Time: 11.6s
  GPU Memory: 0.02GB allocated, 0.05GB reserved
Epoch 136/300 | Train Loss: 2.4817 | Val Loss: 2.3472 | Val Gloss Acc: 0.230 | Val Cat Acc: 0.476 | Time: 13.3s
  GPU Memory: 0.02GB allocated, 0.05GB reserved
Epoch 137/300 | Train Loss: 2.3740 | Val Loss: 2.3239 | Val Gloss Acc: 0.243 | Val Cat Acc: 0.486 | Time: 11.5s
  GPU Memory: 0.02GB allocated, 0.05GB reserved
Epoch 138/300 | Train Loss: 2.0377 | Val Loss: 2.3169 | Val Gloss Acc: 0.243 | Val Cat Acc: 0.484 | Time: 10.6s
  GPU Memory: 0.02GB allocated, 0.05GB reserved
Epoch 139/300 | Train Loss: 2.4338 | Val Loss: 2.4048 | Val Gloss Acc: 0.218 | Val Cat Acc: 0.474 | Time: 9.9s
  GPU Memory: 0.02GB allocated, 0.05GB reserved
Epoch 140/300 | Train Loss: 2.5093 | Val Loss: 2.3100 | Val Gloss Acc: 0.244 | Val Cat Acc: 0.487 | Time: 11.6s
  GPU Memory: 0.02GB allocated, 0.05GB reserved
Epoch 141/300 | Train Loss: 2.3422 | Val Loss: 2.3046 | Val Gloss Acc: 0.247 | Val Cat Acc: 0.487 | Time: 11.9s
  GPU Memory: 0.02GB allocated, 0.05GB reserved
Epoch 142/300 | Train Loss: 2.3849 | Val Loss: 2.3105 | Val Gloss Acc: 0.240 | Val Cat Acc: 0.479 | Time: 8.7s
  GPU Memory: 0.02GB allocated, 0.05GB reserved
Epoch 143/300 | Train Loss: 2.3085 | Val Loss: 2.2904 | Val Gloss Acc: 0.257 | Val Cat Acc: 0.493 | Time: 8.7s
  GPU Memory: 0.02GB allocated, 0.05GB reserved
Epoch 144/300 | Train Loss: 2.4615 | Val Loss: 2.3093 | Val Gloss Acc: 0.238 | Val Cat Acc: 0.474 | Time: 8.9s
  GPU Memory: 0.02GB allocated, 0.05GB reserved
Epoch 145/300 | Train Loss: 2.4353 | Val Loss: 2.2826 | Val Gloss Acc: 0.257 | Val Cat Acc: 0.496 | Time: 8.8s
  GPU Memory: 0.02GB allocated, 0.05GB reserved
Epoch 146/300 | Train Loss: 2.5837 | Val Loss: 2.3200 | Val Gloss Acc: 0.239 | Val Cat Acc: 0.476 | Time: 10.6s
  GPU Memory: 0.02GB allocated, 0.05GB reserved
Epoch 147/300 | Train Loss: 2.5587 | Val Loss: 2.2747 | Val Gloss Acc: 0.261 | Val Cat Acc: 0.496 | Time: 10.7s
  GPU Memory: 0.02GB allocated, 0.05GB reserved
Epoch 148/300 | Train Loss: 2.4021 | Val Loss: 2.2828 | Val Gloss Acc: 0.253 | Val Cat Acc: 0.495 | Time: 12.8s
  GPU Memory: 0.02GB allocated, 0.05GB reserved
Epoch 149/300 | Train Loss: 2.4817 | Val Loss: 2.2728 | Val Gloss Acc: 0.255 | Val Cat Acc: 0.490 | Time: 13.0s
  GPU Memory: 0.02GB allocated, 0.05GB reserved
Epoch 150/300 | Train Loss: 2.4846 | Val Loss: 2.2600 | Val Gloss Acc: 0.261 | Val Cat Acc: 0.500 | Time: 11.6s
  GPU Memory: 0.02GB allocated, 0.05GB reserved
Epoch 151/300 | Train Loss: 2.0505 | Val Loss: 2.2622 | Val Gloss Acc: 0.258 | Val Cat Acc: 0.490 | Time: 11.4s
  GPU Memory: 0.02GB allocated, 0.05GB reserved
Epoch 152/300 | Train Loss: 2.2904 | Val Loss: 2.2865 | Val Gloss Acc: 0.253 | Val Cat Acc: 0.490 | Time: 8.9s
  GPU Memory: 0.02GB allocated, 0.05GB reserved
Epoch 153/300 | Train Loss: 2.2710 | Val Loss: 2.2695 | Val Gloss Acc: 0.256 | Val Cat Acc: 0.495 | Time: 9.5s
  GPU Memory: 0.02GB allocated, 0.05GB reserved
Epoch 154/300 | Train Loss: 2.5680 | Val Loss: 2.2488 | Val Gloss Acc: 0.263 | Val Cat Acc: 0.499 | Time: 11.3s
  GPU Memory: 0.02GB allocated, 0.05GB reserved
Epoch 155/300 | Train Loss: 2.1548 | Val Loss: 2.2770 | Val Gloss Acc: 0.251 | Val Cat Acc: 0.484 | Time: 9.5s
  GPU Memory: 0.02GB allocated, 0.05GB reserved
Epoch 156/300 | Train Loss: 2.3038 | Val Loss: 2.2511 | Val Gloss Acc: 0.251 | Val Cat Acc: 0.492 | Time: 12.5s
  GPU Memory: 0.02GB allocated, 0.05GB reserved
Epoch 157/300 | Train Loss: 2.1472 | Val Loss: 2.2355 | Val Gloss Acc: 0.261 | Val Cat Acc: 0.499 | Time: 11.9s
  GPU Memory: 0.02GB allocated, 0.05GB reserved
Epoch 158/300 | Train Loss: 1.9590 | Val Loss: 2.2345 | Val Gloss Acc: 0.260 | Val Cat Acc: 0.498 | Time: 12.9s
  GPU Memory: 0.02GB allocated, 0.05GB reserved
Epoch 159/300 | Train Loss: 2.3622 | Val Loss: 2.2277 | Val Gloss Acc: 0.260 | Val Cat Acc: 0.507 | Time: 12.4s
  GPU Memory: 0.02GB allocated, 0.05GB reserved
Epoch 160/300 | Train Loss: 2.1388 | Val Loss: 2.2455 | Val Gloss Acc: 0.254 | Val Cat Acc: 0.491 | Time: 11.1s
  GPU Memory: 0.02GB allocated, 0.05GB reserved
Epoch 161/300 | Train Loss: 2.2485 | Val Loss: 2.2246 | Val Gloss Acc: 0.256 | Val Cat Acc: 0.498 | Time: 8.7s
  GPU Memory: 0.02GB allocated, 0.05GB reserved
Epoch 162/300 | Train Loss: 2.2319 | Val Loss: 2.2218 | Val Gloss Acc: 0.262 | Val Cat Acc: 0.508 | Time: 13.0s
  GPU Memory: 0.02GB allocated, 0.05GB reserved
Epoch 163/300 | Train Loss: 2.7475 | Val Loss: 2.2231 | Val Gloss Acc: 0.257 | Val Cat Acc: 0.497 | Time: 11.2s
  GPU Memory: 0.02GB allocated, 0.05GB reserved
Epoch 164/300 | Train Loss: 2.1449 | Val Loss: 2.2169 | Val Gloss Acc: 0.264 | Val Cat Acc: 0.506 | Time: 9.3s
  GPU Memory: 0.02GB allocated, 0.05GB reserved
Epoch 165/300 | Train Loss: 2.3081 | Val Loss: 2.2134 | Val Gloss Acc: 0.263 | Val Cat Acc: 0.504 | Time: 11.8s
  GPU Memory: 0.02GB allocated, 0.05GB reserved
Epoch 166/300 | Train Loss: 2.1056 | Val Loss: 2.2263 | Val Gloss Acc: 0.263 | Val Cat Acc: 0.501 | Time: 12.9s
  GPU Memory: 0.02GB allocated, 0.05GB reserved
Epoch 167/300 | Train Loss: 2.0499 | Val Loss: 2.2156 | Val Gloss Acc: 0.256 | Val Cat Acc: 0.496 | Time: 10.1s
  GPU Memory: 0.02GB allocated, 0.05GB reserved
Epoch 168/300 | Train Loss: 2.0943 | Val Loss: 2.2034 | Val Gloss Acc: 0.260 | Val Cat Acc: 0.498 | Time: 13.5s
  GPU Memory: 0.02GB allocated, 0.05GB reserved
Epoch 169/300 | Train Loss: 2.1132 | Val Loss: 2.1916 | Val Gloss Acc: 0.269 | Val Cat Acc: 0.511 | Time: 8.7s
  GPU Memory: 0.02GB allocated, 0.05GB reserved
Epoch 170/300 | Train Loss: 2.3333 | Val Loss: 2.1979 | Val Gloss Acc: 0.266 | Val Cat Acc: 0.500 | Time: 10.9s
  GPU Memory: 0.02GB allocated, 0.05GB reserved
Epoch 171/300 | Train Loss: 2.2199 | Val Loss: 2.1878 | Val Gloss Acc: 0.277 | Val Cat Acc: 0.512 | Time: 8.8s
  GPU Memory: 0.02GB allocated, 0.05GB reserved
Epoch 172/300 | Train Loss: 2.1308 | Val Loss: 2.1929 | Val Gloss Acc: 0.266 | Val Cat Acc: 0.501 | Time: 11.0s
  GPU Memory: 0.02GB allocated, 0.05GB reserved
Epoch 173/300 | Train Loss: 2.1884 | Val Loss: 2.1858 | Val Gloss Acc: 0.265 | Val Cat Acc: 0.511 | Time: 9.9s
  GPU Memory: 0.02GB allocated, 0.05GB reserved
Epoch 174/300 | Train Loss: 2.2633 | Val Loss: 2.1948 | Val Gloss Acc: 0.265 | Val Cat Acc: 0.498 | Time: 8.7s
  GPU Memory: 0.02GB allocated, 0.05GB reserved
Epoch 175/300 | Train Loss: 2.2740 | Val Loss: 2.1986 | Val Gloss Acc: 0.270 | Val Cat Acc: 0.503 | Time: 12.4s
  GPU Memory: 0.02GB allocated, 0.05GB reserved
Epoch 176/300 | Train Loss: 2.2775 | Val Loss: 2.1747 | Val Gloss Acc: 0.273 | Val Cat Acc: 0.511 | Time: 10.5s
  GPU Memory: 0.02GB allocated, 0.05GB reserved
Epoch 177/300 | Train Loss: 2.4893 | Val Loss: 2.1709 | Val Gloss Acc: 0.270 | Val Cat Acc: 0.504 | Time: 10.2s
  GPU Memory: 0.02GB allocated, 0.05GB reserved
Epoch 178/300 | Train Loss: 2.1344 | Val Loss: 2.1738 | Val Gloss Acc: 0.271 | Val Cat Acc: 0.507 | Time: 11.2s
  GPU Memory: 0.02GB allocated, 0.05GB reserved
Epoch 179/300 | Train Loss: 2.1516 | Val Loss: 2.1845 | Val Gloss Acc: 0.270 | Val Cat Acc: 0.511 | Time: 12.2s
  GPU Memory: 0.02GB allocated, 0.05GB reserved
Epoch 180/300 | Train Loss: 2.1963 | Val Loss: 2.1968 | Val Gloss Acc: 0.264 | Val Cat Acc: 0.508 | Time: 8.7s
  GPU Memory: 0.02GB allocated, 0.05GB reserved
Epoch 181/300 | Train Loss: 2.2482 | Val Loss: 2.1627 | Val Gloss Acc: 0.277 | Val Cat Acc: 0.513 | Time: 12.8s
  GPU Memory: 0.02GB allocated, 0.05GB reserved
Epoch 182/300 | Train Loss: 2.1558 | Val Loss: 2.1587 | Val Gloss Acc: 0.273 | Val Cat Acc: 0.516 | Time: 9.7s
  GPU Memory: 0.02GB allocated, 0.05GB reserved
Epoch 183/300 | Train Loss: 2.2198 | Val Loss: 2.1675 | Val Gloss Acc: 0.274 | Val Cat Acc: 0.505 | Time: 10.5s
  GPU Memory: 0.02GB allocated, 0.05GB reserved
Epoch 184/300 | Train Loss: 2.1892 | Val Loss: 2.1630 | Val Gloss Acc: 0.272 | Val Cat Acc: 0.508 | Time: 8.7s
  GPU Memory: 0.02GB allocated, 0.05GB reserved
Epoch 185/300 | Train Loss: 2.0572 | Val Loss: 2.1688 | Val Gloss Acc: 0.279 | Val Cat Acc: 0.503 | Time: 10.5s
  GPU Memory: 0.02GB allocated, 0.05GB reserved
Epoch 186/300 | Train Loss: 2.1642 | Val Loss: 2.1599 | Val Gloss Acc: 0.266 | Val Cat Acc: 0.511 | Time: 10.9s
  GPU Memory: 0.02GB allocated, 0.05GB reserved
Epoch 187/300 | Train Loss: 2.1138 | Val Loss: 2.1556 | Val Gloss Acc: 0.281 | Val Cat Acc: 0.513 | Time: 9.1s
  GPU Memory: 0.02GB allocated, 0.05GB reserved
Epoch 188/300 | Train Loss: 1.9813 | Val Loss: 2.1516 | Val Gloss Acc: 0.277 | Val Cat Acc: 0.510 | Time: 9.5s
  GPU Memory: 0.02GB allocated, 0.05GB reserved
Epoch 189/300 | Train Loss: 2.6247 | Val Loss: 2.1441 | Val Gloss Acc: 0.274 | Val Cat Acc: 0.517 | Time: 10.1s
  GPU Memory: 0.02GB allocated, 0.05GB reserved
Epoch 190/300 | Train Loss: 2.3656 | Val Loss: 2.1492 | Val Gloss Acc: 0.276 | Val Cat Acc: 0.511 | Time: 13.5s
  GPU Memory: 0.02GB allocated, 0.05GB reserved
Epoch 191/300 | Train Loss: 2.0796 | Val Loss: 2.1446 | Val Gloss Acc: 0.278 | Val Cat Acc: 0.514 | Time: 9.2s
  GPU Memory: 0.02GB allocated, 0.05GB reserved
Epoch 192/300 | Train Loss: 2.3248 | Val Loss: 2.1405 | Val Gloss Acc: 0.278 | Val Cat Acc: 0.507 | Time: 9.0s
  GPU Memory: 0.02GB allocated, 0.05GB reserved
Epoch 193/300 | Train Loss: 2.2855 | Val Loss: 2.1780 | Val Gloss Acc: 0.273 | Val Cat Acc: 0.503 | Time: 8.8s
  GPU Memory: 0.02GB allocated, 0.05GB reserved
Epoch 194/300 | Train Loss: 2.1393 | Val Loss: 2.1583 | Val Gloss Acc: 0.273 | Val Cat Acc: 0.504 | Time: 8.9s
  GPU Memory: 0.02GB allocated, 0.05GB reserved
Epoch 195/300 | Train Loss: 2.1493 | Val Loss: 2.1318 | Val Gloss Acc: 0.280 | Val Cat Acc: 0.515 | Time: 9.0s
  GPU Memory: 0.02GB allocated, 0.05GB reserved
Epoch 196/300 | Train Loss: 2.0816 | Val Loss: 2.1496 | Val Gloss Acc: 0.276 | Val Cat Acc: 0.512 | Time: 10.1s
  GPU Memory: 0.02GB allocated, 0.05GB reserved
Epoch 197/300 | Train Loss: 2.3161 | Val Loss: 2.1288 | Val Gloss Acc: 0.285 | Val Cat Acc: 0.515 | Time: 10.3s
  GPU Memory: 0.02GB allocated, 0.05GB reserved
Epoch 198/300 | Train Loss: 2.1320 | Val Loss: 2.1231 | Val Gloss Acc: 0.283 | Val Cat Acc: 0.513 | Time: 10.3s
  GPU Memory: 0.02GB allocated, 0.05GB reserved
Epoch 199/300 | Train Loss: 2.2643 | Val Loss: 2.1366 | Val Gloss Acc: 0.273 | Val Cat Acc: 0.519 | Time: 8.7s
  GPU Memory: 0.02GB allocated, 0.05GB reserved
Epoch 200/300 | Train Loss: 2.2017 | Val Loss: 2.1290 | Val Gloss Acc: 0.285 | Val Cat Acc: 0.517 | Time: 8.7s
  GPU Memory: 0.02GB allocated, 0.05GB reserved
Epoch 201/300 | Train Loss: 2.1147 | Val Loss: 2.1428 | Val Gloss Acc: 0.275 | Val Cat Acc: 0.512 | Time: 9.8s
  GPU Memory: 0.02GB allocated, 0.05GB reserved
Epoch 202/300 | Train Loss: 2.3046 | Val Loss: 2.1241 | Val Gloss Acc: 0.286 | Val Cat Acc: 0.513 | Time: 11.2s
  GPU Memory: 0.02GB allocated, 0.05GB reserved
Epoch 203/300 | Train Loss: 2.1925 | Val Loss: 2.1196 | Val Gloss Acc: 0.286 | Val Cat Acc: 0.509 | Time: 8.7s
  GPU Memory: 0.02GB allocated, 0.05GB reserved
Epoch 204/300 | Train Loss: 1.9552 | Val Loss: 2.1177 | Val Gloss Acc: 0.287 | Val Cat Acc: 0.518 | Time: 11.2s
  GPU Memory: 0.02GB allocated, 0.05GB reserved
Epoch 205/300 | Train Loss: 2.0306 | Val Loss: 2.1182 | Val Gloss Acc: 0.284 | Val Cat Acc: 0.515 | Time: 13.0s
  GPU Memory: 0.02GB allocated, 0.05GB reserved
Epoch 206/300 | Train Loss: 2.2806 | Val Loss: 2.1194 | Val Gloss Acc: 0.282 | Val Cat Acc: 0.510 | Time: 8.7s
  GPU Memory: 0.02GB allocated, 0.05GB reserved
Epoch 207/300 | Train Loss: 1.9097 | Val Loss: 2.1170 | Val Gloss Acc: 0.283 | Val Cat Acc: 0.506 | Time: 11.5s
  GPU Memory: 0.02GB allocated, 0.05GB reserved
Epoch 208/300 | Train Loss: 2.4161 | Val Loss: 2.1595 | Val Gloss Acc: 0.280 | Val Cat Acc: 0.503 | Time: 11.3s
  GPU Memory: 0.02GB allocated, 0.05GB reserved
Epoch 209/300 | Train Loss: 2.1625 | Val Loss: 2.1221 | Val Gloss Acc: 0.284 | Val Cat Acc: 0.505 | Time: 11.2s
  GPU Memory: 0.02GB allocated, 0.05GB reserved
Epoch 210/300 | Train Loss: 2.3000 | Val Loss: 2.1247 | Val Gloss Acc: 0.287 | Val Cat Acc: 0.513 | Time: 12.5s
  GPU Memory: 0.02GB allocated, 0.05GB reserved
Epoch 211/300 | Train Loss: 2.0244 | Val Loss: 2.1088 | Val Gloss Acc: 0.290 | Val Cat Acc: 0.512 | Time: 12.1s
  GPU Memory: 0.02GB allocated, 0.05GB reserved
Epoch 212/300 | Train Loss: 2.3430 | Val Loss: 2.1144 | Val Gloss Acc: 0.285 | Val Cat Acc: 0.512 | Time: 13.6s
  GPU Memory: 0.02GB allocated, 0.05GB reserved
Epoch 213/300 | Train Loss: 2.0557 | Val Loss: 2.1421 | Val Gloss Acc: 0.277 | Val Cat Acc: 0.505 | Time: 12.3s
  GPU Memory: 0.02GB allocated, 0.05GB reserved
Epoch 214/300 | Train Loss: 2.1078 | Val Loss: 2.1064 | Val Gloss Acc: 0.292 | Val Cat Acc: 0.519 | Time: 12.0s
  GPU Memory: 0.02GB allocated, 0.05GB reserved
Epoch 215/300 | Train Loss: 2.6573 | Val Loss: 2.1337 | Val Gloss Acc: 0.274 | Val Cat Acc: 0.502 | Time: 10.5s
  GPU Memory: 0.02GB allocated, 0.05GB reserved
Epoch 216/300 | Train Loss: 2.3456 | Val Loss: 2.1014 | Val Gloss Acc: 0.292 | Val Cat Acc: 0.517 | Time: 9.4s
  GPU Memory: 0.02GB allocated, 0.05GB reserved
Epoch 217/300 | Train Loss: 2.1397 | Val Loss: 2.1072 | Val Gloss Acc: 0.291 | Val Cat Acc: 0.513 | Time: 9.0s
  GPU Memory: 0.02GB allocated, 0.05GB reserved
Epoch 218/300 | Train Loss: 1.9415 | Val Loss: 2.1005 | Val Gloss Acc: 0.291 | Val Cat Acc: 0.513 | Time: 10.4s
  GPU Memory: 0.02GB allocated, 0.05GB reserved
Epoch 219/300 | Train Loss: 2.0434 | Val Loss: 2.1050 | Val Gloss Acc: 0.279 | Val Cat Acc: 0.508 | Time: 12.5s
  GPU Memory: 0.02GB allocated, 0.05GB reserved
Epoch 220/300 | Train Loss: 2.1905 | Val Loss: 2.0934 | Val Gloss Acc: 0.291 | Val Cat Acc: 0.519 | Time: 9.0s
  GPU Memory: 0.02GB allocated, 0.05GB reserved
Epoch 221/300 | Train Loss: 2.2834 | Val Loss: 2.1171 | Val Gloss Acc: 0.284 | Val Cat Acc: 0.509 | Time: 9.6s
  GPU Memory: 0.02GB allocated, 0.05GB reserved
Epoch 222/300 | Train Loss: 2.1517 | Val Loss: 2.0961 | Val Gloss Acc: 0.295 | Val Cat Acc: 0.513 | Time: 8.8s
  GPU Memory: 0.02GB allocated, 0.05GB reserved
Epoch 223/300 | Train Loss: 2.4146 | Val Loss: 2.1054 | Val Gloss Acc: 0.291 | Val Cat Acc: 0.516 | Time: 9.6s
  GPU Memory: 0.02GB allocated, 0.05GB reserved
Epoch 224/300 | Train Loss: 1.8476 | Val Loss: 2.0915 | Val Gloss Acc: 0.294 | Val Cat Acc: 0.520 | Time: 13.0s
  GPU Memory: 0.02GB allocated, 0.05GB reserved
Epoch 225/300 | Train Loss: 2.0668 | Val Loss: 2.0979 | Val Gloss Acc: 0.293 | Val Cat Acc: 0.511 | Time: 8.9s
  GPU Memory: 0.02GB allocated, 0.05GB reserved
Epoch 226/300 | Train Loss: 2.5511 | Val Loss: 2.0929 | Val Gloss Acc: 0.288 | Val Cat Acc: 0.519 | Time: 11.5s
  GPU Memory: 0.02GB allocated, 0.05GB reserved
Epoch 227/300 | Train Loss: 2.0227 | Val Loss: 2.1165 | Val Gloss Acc: 0.293 | Val Cat Acc: 0.516 | Time: 10.5s
  GPU Memory: 0.02GB allocated, 0.05GB reserved
Epoch 228/300 | Train Loss: 2.0147 | Val Loss: 2.0927 | Val Gloss Acc: 0.301 | Val Cat Acc: 0.519 | Time: 10.1s
  GPU Memory: 0.02GB allocated, 0.05GB reserved
Epoch 229/300 | Train Loss: 1.8357 | Val Loss: 2.0857 | Val Gloss Acc: 0.299 | Val Cat Acc: 0.518 | Time: 10.0s
  GPU Memory: 0.02GB allocated, 0.05GB reserved
Epoch 230/300 | Train Loss: 2.2162 | Val Loss: 2.1004 | Val Gloss Acc: 0.288 | Val Cat Acc: 0.507 | Time: 10.6s
  GPU Memory: 0.02GB allocated, 0.05GB reserved
Epoch 231/300 | Train Loss: 2.2536 | Val Loss: 2.0920 | Val Gloss Acc: 0.291 | Val Cat Acc: 0.513 | Time: 12.4s
  GPU Memory: 0.02GB allocated, 0.05GB reserved
Epoch 232/300 | Train Loss: 2.2955 | Val Loss: 2.0848 | Val Gloss Acc: 0.302 | Val Cat Acc: 0.524 | Time: 8.7s
  GPU Memory: 0.02GB allocated, 0.05GB reserved
Epoch 233/300 | Train Loss: 2.3273 | Val Loss: 2.0886 | Val Gloss Acc: 0.293 | Val Cat Acc: 0.521 | Time: 8.7s
  GPU Memory: 0.02GB allocated, 0.05GB reserved
Epoch 234/300 | Train Loss: 2.2195 | Val Loss: 2.0862 | Val Gloss Acc: 0.301 | Val Cat Acc: 0.524 | Time: 8.7s
  GPU Memory: 0.02GB allocated, 0.05GB reserved
Epoch 235/300 | Train Loss: 2.5346 | Val Loss: 2.0843 | Val Gloss Acc: 0.300 | Val Cat Acc: 0.520 | Time: 10.6s
  GPU Memory: 0.02GB allocated, 0.05GB reserved
Epoch 236/300 | Train Loss: 2.2438 | Val Loss: 2.0811 | Val Gloss Acc: 0.299 | Val Cat Acc: 0.522 | Time: 9.4s
  GPU Memory: 0.02GB allocated, 0.05GB reserved
Epoch 237/300 | Train Loss: 2.1023 | Val Loss: 2.0850 | Val Gloss Acc: 0.299 | Val Cat Acc: 0.523 | Time: 11.3s
  GPU Memory: 0.02GB allocated, 0.05GB reserved
Epoch 238/300 | Train Loss: 2.2246 | Val Loss: 2.0819 | Val Gloss Acc: 0.303 | Val Cat Acc: 0.516 | Time: 13.5s
  GPU Memory: 0.02GB allocated, 0.05GB reserved
Epoch 239/300 | Train Loss: 2.2879 | Val Loss: 2.0991 | Val Gloss Acc: 0.291 | Val Cat Acc: 0.514 | Time: 10.3s
  GPU Memory: 0.02GB allocated, 0.05GB reserved
Epoch 240/300 | Train Loss: 2.4016 | Val Loss: 2.0832 | Val Gloss Acc: 0.294 | Val Cat Acc: 0.508 | Time: 12.9s
  GPU Memory: 0.02GB allocated, 0.05GB reserved
Epoch 241/300 | Train Loss: 2.3527 | Val Loss: 2.0763 | Val Gloss Acc: 0.297 | Val Cat Acc: 0.520 | Time: 8.7s
  GPU Memory: 0.02GB allocated, 0.05GB reserved
Epoch 242/300 | Train Loss: 2.0727 | Val Loss: 2.0758 | Val Gloss Acc: 0.302 | Val Cat Acc: 0.518 | Time: 8.8s
  GPU Memory: 0.02GB allocated, 0.05GB reserved
Epoch 243/300 | Train Loss: 1.9562 | Val Loss: 2.0850 | Val Gloss Acc: 0.294 | Val Cat Acc: 0.511 | Time: 13.2s
  GPU Memory: 0.02GB allocated, 0.05GB reserved
Epoch 244/300 | Train Loss: 2.2469 | Val Loss: 2.0791 | Val Gloss Acc: 0.299 | Val Cat Acc: 0.522 | Time: 12.0s
  GPU Memory: 0.02GB allocated, 0.05GB reserved
Epoch 245/300 | Train Loss: 2.4626 | Val Loss: 2.0777 | Val Gloss Acc: 0.298 | Val Cat Acc: 0.520 | Time: 10.4s
  GPU Memory: 0.02GB allocated, 0.05GB reserved
Epoch 246/300 | Train Loss: 2.2132 | Val Loss: 2.0762 | Val Gloss Acc: 0.306 | Val Cat Acc: 0.523 | Time: 11.3s
  GPU Memory: 0.02GB allocated, 0.05GB reserved
Epoch 247/300 | Train Loss: 2.4049 | Val Loss: 2.0787 | Val Gloss Acc: 0.300 | Val Cat Acc: 0.522 | Time: 12.3s
  GPU Memory: 0.02GB allocated, 0.05GB reserved
Epoch 248/300 | Train Loss: 2.5602 | Val Loss: 2.0876 | Val Gloss Acc: 0.293 | Val Cat Acc: 0.518 | Time: 10.4s
  GPU Memory: 0.02GB allocated, 0.05GB reserved
Epoch 249/300 | Train Loss: 1.8740 | Val Loss: 2.0734 | Val Gloss Acc: 0.300 | Val Cat Acc: 0.518 | Time: 8.7s
  GPU Memory: 0.02GB allocated, 0.05GB reserved
Epoch 250/300 | Train Loss: 2.0109 | Val Loss: 2.0764 | Val Gloss Acc: 0.302 | Val Cat Acc: 0.520 | Time: 9.1s
  GPU Memory: 0.02GB allocated, 0.05GB reserved
Epoch 251/300 | Train Loss: 2.0866 | Val Loss: 2.0765 | Val Gloss Acc: 0.300 | Val Cat Acc: 0.524 | Time: 11.5s
  GPU Memory: 0.02GB allocated, 0.05GB reserved
Epoch 252/300 | Train Loss: 2.5565 | Val Loss: 2.0735 | Val Gloss Acc: 0.299 | Val Cat Acc: 0.517 | Time: 8.7s
  GPU Memory: 0.02GB allocated, 0.05GB reserved
Epoch 253/300 | Train Loss: 1.9885 | Val Loss: 2.0694 | Val Gloss Acc: 0.306 | Val Cat Acc: 0.521 | Time: 10.8s
  GPU Memory: 0.02GB allocated, 0.05GB reserved
Epoch 254/300 | Train Loss: 2.3200 | Val Loss: 2.0728 | Val Gloss Acc: 0.299 | Val Cat Acc: 0.519 | Time: 10.8s
  GPU Memory: 0.02GB allocated, 0.05GB reserved
Epoch 255/300 | Train Loss: 2.0454 | Val Loss: 2.0771 | Val Gloss Acc: 0.297 | Val Cat Acc: 0.518 | Time: 9.3s
  GPU Memory: 0.02GB allocated, 0.05GB reserved
Epoch 256/300 | Train Loss: 1.9949 | Val Loss: 2.0736 | Val Gloss Acc: 0.297 | Val Cat Acc: 0.514 | Time: 8.7s
  GPU Memory: 0.02GB allocated, 0.05GB reserved
Epoch 257/300 | Train Loss: 2.2656 | Val Loss: 2.0700 | Val Gloss Acc: 0.299 | Val Cat Acc: 0.520 | Time: 8.9s
  GPU Memory: 0.02GB allocated, 0.05GB reserved
Epoch 258/300 | Train Loss: 2.0393 | Val Loss: 2.0688 | Val Gloss Acc: 0.298 | Val Cat Acc: 0.521 | Time: 9.4s
  GPU Memory: 0.02GB allocated, 0.05GB reserved
Epoch 259/300 | Train Loss: 1.8634 | Val Loss: 2.0671 | Val Gloss Acc: 0.302 | Val Cat Acc: 0.521 | Time: 10.2s
  GPU Memory: 0.02GB allocated, 0.05GB reserved
Epoch 260/300 | Train Loss: 2.1615 | Val Loss: 2.0690 | Val Gloss Acc: 0.301 | Val Cat Acc: 0.523 | Time: 11.2s
  GPU Memory: 0.02GB allocated, 0.05GB reserved
Epoch 261/300 | Train Loss: 2.2197 | Val Loss: 2.0789 | Val Gloss Acc: 0.291 | Val Cat Acc: 0.513 | Time: 14.1s
  GPU Memory: 0.02GB allocated, 0.05GB reserved
Epoch 262/300 | Train Loss: 2.0407 | Val Loss: 2.0704 | Val Gloss Acc: 0.295 | Val Cat Acc: 0.519 | Time: 11.3s
  GPU Memory: 0.02GB allocated, 0.05GB reserved
Epoch 263/300 | Train Loss: 2.3809 | Val Loss: 2.0656 | Val Gloss Acc: 0.306 | Val Cat Acc: 0.522 | Time: 10.4s
  GPU Memory: 0.02GB allocated, 0.05GB reserved
Epoch 264/300 | Train Loss: 2.0557 | Val Loss: 2.0677 | Val Gloss Acc: 0.298 | Val Cat Acc: 0.517 | Time: 12.6s
  GPU Memory: 0.02GB allocated, 0.05GB reserved
Epoch 265/300 | Train Loss: 2.4241 | Val Loss: 2.0690 | Val Gloss Acc: 0.298 | Val Cat Acc: 0.516 | Time: 8.8s
  GPU Memory: 0.02GB allocated, 0.05GB reserved
Epoch 266/300 | Train Loss: 2.1344 | Val Loss: 2.0716 | Val Gloss Acc: 0.298 | Val Cat Acc: 0.516 | Time: 10.7s
  GPU Memory: 0.02GB allocated, 0.05GB reserved
Epoch 267/300 | Train Loss: 2.2750 | Val Loss: 2.0690 | Val Gloss Acc: 0.302 | Val Cat Acc: 0.517 | Time: 8.7s
  GPU Memory: 0.02GB allocated, 0.05GB reserved
Epoch 268/300 | Train Loss: 1.6763 | Val Loss: 2.0687 | Val Gloss Acc: 0.300 | Val Cat Acc: 0.518 | Time: 9.7s
  GPU Memory: 0.02GB allocated, 0.05GB reserved
Epoch 269/300 | Train Loss: 1.7153 | Val Loss: 2.0693 | Val Gloss Acc: 0.301 | Val Cat Acc: 0.514 | Time: 11.8s
  GPU Memory: 0.02GB allocated, 0.05GB reserved
Epoch 270/300 | Train Loss: 2.2575 | Val Loss: 2.0672 | Val Gloss Acc: 0.304 | Val Cat Acc: 0.524 | Time: 13.0s
  GPU Memory: 0.02GB allocated, 0.05GB reserved
Epoch 271/300 | Train Loss: 1.7886 | Val Loss: 2.0700 | Val Gloss Acc: 0.302 | Val Cat Acc: 0.517 | Time: 12.8s
  GPU Memory: 0.02GB allocated, 0.05GB reserved
Epoch 272/300 | Train Loss: 2.1501 | Val Loss: 2.0670 | Val Gloss Acc: 0.303 | Val Cat Acc: 0.520 | Time: 9.3s
  GPU Memory: 0.02GB allocated, 0.05GB reserved
Epoch 273/300 | Train Loss: 2.2945 | Val Loss: 2.0655 | Val Gloss Acc: 0.302 | Val Cat Acc: 0.520 | Time: 8.8s
  GPU Memory: 0.02GB allocated, 0.05GB reserved
Epoch 274/300 | Train Loss: 1.8028 | Val Loss: 2.0647 | Val Gloss Acc: 0.304 | Val Cat Acc: 0.521 | Time: 12.0s
  GPU Memory: 0.02GB allocated, 0.05GB reserved
Epoch 275/300 | Train Loss: 2.3820 | Val Loss: 2.0643 | Val Gloss Acc: 0.307 | Val Cat Acc: 0.520 | Time: 9.0s
  GPU Memory: 0.02GB allocated, 0.05GB reserved
Epoch 276/300 | Train Loss: 2.0133 | Val Loss: 2.0664 | Val Gloss Acc: 0.303 | Val Cat Acc: 0.518 | Time: 12.3s
  GPU Memory: 0.02GB allocated, 0.05GB reserved
Epoch 277/300 | Train Loss: 2.2253 | Val Loss: 2.0645 | Val Gloss Acc: 0.303 | Val Cat Acc: 0.522 | Time: 12.3s
  GPU Memory: 0.02GB allocated, 0.05GB reserved
Epoch 278/300 | Train Loss: 2.0553 | Val Loss: 2.0639 | Val Gloss Acc: 0.302 | Val Cat Acc: 0.515 | Time: 11.3s
  GPU Memory: 0.02GB allocated, 0.05GB reserved
Epoch 279/300 | Train Loss: 2.3721 | Val Loss: 2.0679 | Val Gloss Acc: 0.302 | Val Cat Acc: 0.516 | Time: 11.1s
  GPU Memory: 0.02GB allocated, 0.05GB reserved
Epoch 280/300 | Train Loss: 2.4119 | Val Loss: 2.0643 | Val Gloss Acc: 0.306 | Val Cat Acc: 0.523 | Time: 10.2s
  GPU Memory: 0.02GB allocated, 0.05GB reserved
Epoch 281/300 | Train Loss: 1.8597 | Val Loss: 2.0662 | Val Gloss Acc: 0.302 | Val Cat Acc: 0.518 | Time: 12.1s
  GPU Memory: 0.02GB allocated, 0.05GB reserved
Epoch 282/300 | Train Loss: 2.0950 | Val Loss: 2.0671 | Val Gloss Acc: 0.306 | Val Cat Acc: 0.520 | Time: 13.1s
  GPU Memory: 0.02GB allocated, 0.05GB reserved
Epoch 283/300 | Train Loss: 2.1049 | Val Loss: 2.0643 | Val Gloss Acc: 0.300 | Val Cat Acc: 0.520 | Time: 11.7s
  GPU Memory: 0.02GB allocated, 0.05GB reserved
Epoch 284/300 | Train Loss: 2.2932 | Val Loss: 2.0661 | Val Gloss Acc: 0.301 | Val Cat Acc: 0.518 | Time: 10.0s
  GPU Memory: 0.02GB allocated, 0.05GB reserved
Epoch 285/300 | Train Loss: 1.9811 | Val Loss: 2.0663 | Val Gloss Acc: 0.308 | Val Cat Acc: 0.524 | Time: 12.0s
  GPU Memory: 0.02GB allocated, 0.05GB reserved
Epoch 286/300 | Train Loss: 2.3518 | Val Loss: 2.0635 | Val Gloss Acc: 0.303 | Val Cat Acc: 0.520 | Time: 9.6s
  GPU Memory: 0.02GB allocated, 0.05GB reserved
Epoch 287/300 | Train Loss: 2.1265 | Val Loss: 2.0638 | Val Gloss Acc: 0.305 | Val Cat Acc: 0.520 | Time: 10.4s
  GPU Memory: 0.02GB allocated, 0.05GB reserved
Epoch 288/300 | Train Loss: 1.9618 | Val Loss: 2.0632 | Val Gloss Acc: 0.302 | Val Cat Acc: 0.520 | Time: 10.8s
  GPU Memory: 0.02GB allocated, 0.05GB reserved
Epoch 289/300 | Train Loss: 2.4268 | Val Loss: 2.0649 | Val Gloss Acc: 0.302 | Val Cat Acc: 0.520 | Time: 12.2s
  GPU Memory: 0.02GB allocated, 0.05GB reserved
Epoch 290/300 | Train Loss: 1.8089 | Val Loss: 2.0645 | Val Gloss Acc: 0.308 | Val Cat Acc: 0.522 | Time: 12.3s
  GPU Memory: 0.02GB allocated, 0.05GB reserved
Epoch 291/300 | Train Loss: 2.0557 | Val Loss: 2.0627 | Val Gloss Acc: 0.300 | Val Cat Acc: 0.518 | Time: 8.7s
  GPU Memory: 0.02GB allocated, 0.05GB reserved
Epoch 292/300 | Train Loss: 1.8583 | Val Loss: 2.0621 | Val Gloss Acc: 0.307 | Val Cat Acc: 0.521 | Time: 11.0s
  GPU Memory: 0.02GB allocated, 0.05GB reserved
Epoch 293/300 | Train Loss: 1.9029 | Val Loss: 2.0639 | Val Gloss Acc: 0.304 | Val Cat Acc: 0.517 | Time: 8.9s
  GPU Memory: 0.02GB allocated, 0.05GB reserved
Epoch 294/300 | Train Loss: 2.2837 | Val Loss: 2.0627 | Val Gloss Acc: 0.304 | Val Cat Acc: 0.520 | Time: 11.1s
  GPU Memory: 0.02GB allocated, 0.05GB reserved
Epoch 295/300 | Train Loss: 2.3178 | Val Loss: 2.0628 | Val Gloss Acc: 0.305 | Val Cat Acc: 0.518 | Time: 11.6s
  GPU Memory: 0.02GB allocated, 0.05GB reserved
Epoch 296/300 | Train Loss: 2.2140 | Val Loss: 2.0641 | Val Gloss Acc: 0.303 | Val Cat Acc: 0.521 | Time: 10.0s
  GPU Memory: 0.02GB allocated, 0.05GB reserved
Epoch 297/300 | Train Loss: 2.1504 | Val Loss: 2.0625 | Val Gloss Acc: 0.302 | Val Cat Acc: 0.519 | Time: 9.7s
  GPU Memory: 0.02GB allocated, 0.05GB reserved
Epoch 298/300 | Train Loss: 2.0877 | Val Loss: 2.0614 | Val Gloss Acc: 0.305 | Val Cat Acc: 0.523 | Time: 11.7s
  GPU Memory: 0.02GB allocated, 0.05GB reserved
Epoch 299/300 | Train Loss: 2.3482 | Val Loss: 2.0633 | Val Gloss Acc: 0.305 | Val Cat Acc: 0.521 | Time: 12.9s
  GPU Memory: 0.02GB allocated, 0.05GB reserved
Epoch 300/300 | Train Loss: 1.9374 | Val Loss: 2.0625 | Val Gloss Acc: 0.305 | Val Cat Acc: 0.520 | Time: 9.4s
  GPU Memory: 0.02GB allocated, 0.05GB reserved
------------------------------------------------------------
Training completed!

============================================================
Training completed - 2025-10-31 05:23:32
Log saved to: trained_models/mediapipe_gru/FSL105_classification/training_20251031_042952.log
============================================================
