============================================================
TRAINING LOG - 2025-10-09 02:08:40
============================================================
Console output will be saved to: trained_models/transformer/cmb_slight_augment/training_20251009_020840.log
Metrics CSV will be saved to: trained_models/transformer/cmb_slight_augment/training_20251009_020840_metrics.csv

Using device: cuda
CUDA device: NVIDIA GeForce RTX 5070 Ti
CUDA memory: 16.6 GB
CUDA compute capability: 12.0
CUDA multiprocessors: 70
CUDA memory allocated: 0.00 GB
CUDA memory cached: 0.00 GB

============================================================
DATA LOADING
============================================================
✓ Loaded data successfully
  - Dataset type: Transformer Keypoints
  - Training folder: data/processed/cmb_train
  - Validation folder: data/processed/cmb_val
  - Keypoint key: X
  - Gloss classes: 105
  - Category classes: 10

============================================================
DATASET PREPARATION
============================================================
✓ Created datasets and data loaders
  - Batch size: 8
  - Training batches: 422
  - Validation batches: 104
  - Data augmentation: Enabled (noise_std=0.0015, mask_prob=0.04)
  - Training dataset size: 3372 samples
  - Validation dataset size: 832 samples
  - Data format: [T, 156] keypoints

============================================================
MODEL SELECTION
============================================================
Available models:
- transformer: Multi-head attention transformer
- iv3_gru: InceptionV3 + GRU hybrid
✓ Using SignTransformer model (input_dim=156)

================================================================================
COMPREHENSIVE TRAINING CONFIGURATION
================================================================================
Session Information:
  - Start time: 2025-10-09 02:08:40
  - Working directory: /workspace/fslr-transformer-vs-iv3gru
  - Command: /workspace/fslr-transformer-vs-iv3gru/training/train.py --model transformer --epochs 300 --batch-size 8 --lr 0.00006 --alpha 0.8 --beta 0.2 --num-gloss 105 --num-cat 10 --keypoints-train data/processed/cmb_train --keypoints-val data/processed/cmb_val --labels-train-csv data/processed/cmb_train.csv --labels-val-csv data/processed/cmb_val.csv --kp-key X --amp --augment --augment-noise-std 0.0015 --augment-mask-prob 0.04 --augment-mask-ratio 0.04 --scheduler warmup_cosine --warmup-epochs 20 --early-stop 50 --weight-decay 1.1e-4 --output-dir trained_models/transformer/cmb_slight_augment

System Information:
  - Platform: Linux-6.8.0-52-generic-x86_64-with-glibc2.39
  - Python version: 3.12.11 | packaged by conda-forge | (main, Jun  4 2025, 14:45:31) [GCC 13.3.0]
  - PyTorch version: 2.8.0+cu128
  - CUDA version: 12.8
  - cuDNN version: 91002
  - NumPy version: 2.2.6

Core Training Parameters:
  - Model: transformer
  - Epochs: 300
  - Batch size: 8
  - Learning rate: 6e-05
  - Weight decay: 0.00011
  - Gradient clipping: None
  - Loss weights - Alpha: 0.8, Beta: 0.2

Curriculum Training: Disabled

Loss Weighting Parameters:
  - Strategy: static
  - Alpha: 0.8
  - Beta: 0.2

Data Configuration:
  - Gloss classes: 105
  - Category classes: 10
  - Data source: Real data files
  - Training folder: data/processed/cmb_train
  - Validation folder: data/processed/cmb_val
  - Keypoint key: X

Training Control:
  - Scheduler: warmup_cosine
  - Scheduler patience: 5
  - Early stopping: 50
  - Resume from: None

Performance Settings:
  - AMP (Mixed Precision): True
  - Model compilation: False
  - Gradient accumulation steps: 1
  - DataLoader workers: 0
  - Auto workers: False
  - Pin memory: False
  - Prefetch factor: None

Reproducibility:
  - Random seed: 42
  - Deterministic mode: False

Output Configuration:
  - Checkpoint directory: trained_models/transformer/cmb_slight_augment
  - CSV log file: trained_models/transformer/cmb_slight_augment/training_20251009_020840_metrics.csv

Model Information:
  - Model type: SignTransformer
  - Total parameters: 3,280,627
  - Trainable parameters: 3,280,627
  - Model size: 12.5 MB
================================================================================

============================================================
TRAINING START
============================================================
✓ Loss weighting strategy: static
✓ Using standard CrossEntropy Loss
Training Configuration:
  - Gradient accumulation steps: 1
  - AMP enabled: True
  - Model compiled: False
  - CUDA memory before training: 0.01 GB
✓ Using WarmupCosineScheduler (warmup_epochs=20)
Training for 300 epochs...
Loss weights - Gloss: 0.8, Category: 0.2
------------------------------------------------------------
Epoch  1/300 | Train Loss: 4.0947 | Val Loss: 4.1854 | Val Gloss Acc: 0.008 | Val Cat Acc: 0.135 | Time: 3.7s
  GPU Memory: 0.06GB allocated, 0.12GB reserved
Epoch  2/300 | Train Loss: 4.2320 | Val Loss: 4.1721 | Val Gloss Acc: 0.010 | Val Cat Acc: 0.135 | Time: 3.2s
  GPU Memory: 0.06GB allocated, 0.12GB reserved
Epoch  3/300 | Train Loss: 4.0710 | Val Loss: 4.0680 | Val Gloss Acc: 0.016 | Val Cat Acc: 0.207 | Time: 3.3s
  GPU Memory: 0.06GB allocated, 0.12GB reserved
Epoch  4/300 | Train Loss: 3.7570 | Val Loss: 3.8607 | Val Gloss Acc: 0.012 | Val Cat Acc: 0.225 | Time: 3.2s
  GPU Memory: 0.06GB allocated, 0.12GB reserved
Epoch  5/300 | Train Loss: 4.1972 | Val Loss: 3.7574 | Val Gloss Acc: 0.023 | Val Cat Acc: 0.180 | Time: 3.2s
  GPU Memory: 0.06GB allocated, 0.12GB reserved
Epoch  6/300 | Train Loss: 3.6374 | Val Loss: 3.7049 | Val Gloss Acc: 0.020 | Val Cat Acc: 0.222 | Time: 3.2s
  GPU Memory: 0.06GB allocated, 0.12GB reserved
Epoch  7/300 | Train Loss: 3.7111 | Val Loss: 3.6595 | Val Gloss Acc: 0.022 | Val Cat Acc: 0.236 | Time: 3.4s
  GPU Memory: 0.06GB allocated, 0.12GB reserved
Epoch  8/300 | Train Loss: 3.7477 | Val Loss: 3.6319 | Val Gloss Acc: 0.024 | Val Cat Acc: 0.262 | Time: 3.2s
  GPU Memory: 0.06GB allocated, 0.12GB reserved
Epoch  9/300 | Train Loss: 3.8281 | Val Loss: 3.5335 | Val Gloss Acc: 0.044 | Val Cat Acc: 0.272 | Time: 3.2s
  GPU Memory: 0.06GB allocated, 0.12GB reserved
Epoch 10/300 | Train Loss: 3.2392 | Val Loss: 3.3994 | Val Gloss Acc: 0.058 | Val Cat Acc: 0.287 | Time: 3.1s
  GPU Memory: 0.06GB allocated, 0.12GB reserved
Epoch 11/300 | Train Loss: 3.6735 | Val Loss: 3.2765 | Val Gloss Acc: 0.085 | Val Cat Acc: 0.334 | Time: 3.2s
  GPU Memory: 0.06GB allocated, 0.12GB reserved
Epoch 12/300 | Train Loss: 2.7961 | Val Loss: 3.1478 | Val Gloss Acc: 0.087 | Val Cat Acc: 0.320 | Time: 3.3s
  GPU Memory: 0.06GB allocated, 0.12GB reserved
Epoch 13/300 | Train Loss: 3.3180 | Val Loss: 3.0574 | Val Gloss Acc: 0.085 | Val Cat Acc: 0.361 | Time: 3.2s
  GPU Memory: 0.06GB allocated, 0.12GB reserved
Epoch 14/300 | Train Loss: 3.2231 | Val Loss: 2.9039 | Val Gloss Acc: 0.142 | Val Cat Acc: 0.387 | Time: 3.3s
  GPU Memory: 0.06GB allocated, 0.12GB reserved
Epoch 15/300 | Train Loss: 2.0229 | Val Loss: 2.8325 | Val Gloss Acc: 0.162 | Val Cat Acc: 0.389 | Time: 3.3s
  GPU Memory: 0.06GB allocated, 0.12GB reserved
Epoch 16/300 | Train Loss: 2.2821 | Val Loss: 2.7824 | Val Gloss Acc: 0.165 | Val Cat Acc: 0.388 | Time: 3.3s
  GPU Memory: 0.06GB allocated, 0.12GB reserved
Epoch 17/300 | Train Loss: 3.2819 | Val Loss: 2.6585 | Val Gloss Acc: 0.188 | Val Cat Acc: 0.416 | Time: 3.2s
  GPU Memory: 0.06GB allocated, 0.12GB reserved
Epoch 18/300 | Train Loss: 1.0147 | Val Loss: 2.5424 | Val Gloss Acc: 0.213 | Val Cat Acc: 0.448 | Time: 3.2s
  GPU Memory: 0.06GB allocated, 0.12GB reserved
Epoch 19/300 | Train Loss: 3.0569 | Val Loss: 2.6287 | Val Gloss Acc: 0.204 | Val Cat Acc: 0.428 | Time: 3.2s
  GPU Memory: 0.06GB allocated, 0.12GB reserved
Epoch 20/300 | Train Loss: 2.8034 | Val Loss: 2.4768 | Val Gloss Acc: 0.215 | Val Cat Acc: 0.435 | Time: 3.2s
  GPU Memory: 0.06GB allocated, 0.12GB reserved
Epoch 21/300 | Train Loss: 2.7972 | Val Loss: 2.4930 | Val Gloss Acc: 0.221 | Val Cat Acc: 0.441 | Time: 3.2s
  GPU Memory: 0.06GB allocated, 0.12GB reserved
Epoch 22/300 | Train Loss: 2.0866 | Val Loss: 2.4179 | Val Gloss Acc: 0.244 | Val Cat Acc: 0.474 | Time: 3.3s
  GPU Memory: 0.06GB allocated, 0.12GB reserved
Epoch 23/300 | Train Loss: 2.5360 | Val Loss: 2.4085 | Val Gloss Acc: 0.225 | Val Cat Acc: 0.456 | Time: 3.3s
  GPU Memory: 0.06GB allocated, 0.12GB reserved
Epoch 24/300 | Train Loss: 2.7199 | Val Loss: 2.2818 | Val Gloss Acc: 0.273 | Val Cat Acc: 0.483 | Time: 3.2s
  GPU Memory: 0.06GB allocated, 0.12GB reserved
Epoch 25/300 | Train Loss: 1.4916 | Val Loss: 2.2396 | Val Gloss Acc: 0.273 | Val Cat Acc: 0.476 | Time: 3.3s
  GPU Memory: 0.06GB allocated, 0.12GB reserved
Epoch 26/300 | Train Loss: 2.4777 | Val Loss: 2.1546 | Val Gloss Acc: 0.315 | Val Cat Acc: 0.498 | Time: 3.3s
  GPU Memory: 0.06GB allocated, 0.12GB reserved
Epoch 27/300 | Train Loss: 1.2693 | Val Loss: 2.1127 | Val Gloss Acc: 0.303 | Val Cat Acc: 0.524 | Time: 3.2s
  GPU Memory: 0.06GB allocated, 0.12GB reserved
Epoch 28/300 | Train Loss: 2.6673 | Val Loss: 2.0140 | Val Gloss Acc: 0.334 | Val Cat Acc: 0.548 | Time: 3.2s
  GPU Memory: 0.06GB allocated, 0.12GB reserved
Epoch 29/300 | Train Loss: 2.3478 | Val Loss: 2.0221 | Val Gloss Acc: 0.344 | Val Cat Acc: 0.547 | Time: 3.2s
  GPU Memory: 0.06GB allocated, 0.12GB reserved
Epoch 30/300 | Train Loss: 1.7737 | Val Loss: 1.9323 | Val Gloss Acc: 0.364 | Val Cat Acc: 0.541 | Time: 3.3s
  GPU Memory: 0.06GB allocated, 0.12GB reserved
Epoch 31/300 | Train Loss: 1.0867 | Val Loss: 1.9362 | Val Gloss Acc: 0.381 | Val Cat Acc: 0.567 | Time: 3.8s
  GPU Memory: 0.06GB allocated, 0.12GB reserved
Epoch 32/300 | Train Loss: 1.6022 | Val Loss: 1.8662 | Val Gloss Acc: 0.393 | Val Cat Acc: 0.577 | Time: 3.4s
  GPU Memory: 0.06GB allocated, 0.12GB reserved
Epoch 33/300 | Train Loss: 1.8267 | Val Loss: 1.8055 | Val Gloss Acc: 0.397 | Val Cat Acc: 0.584 | Time: 3.1s
  GPU Memory: 0.06GB allocated, 0.12GB reserved
Epoch 34/300 | Train Loss: 1.4171 | Val Loss: 1.7377 | Val Gloss Acc: 0.425 | Val Cat Acc: 0.620 | Time: 3.2s
  GPU Memory: 0.06GB allocated, 0.12GB reserved
Epoch 35/300 | Train Loss: 2.1443 | Val Loss: 1.6452 | Val Gloss Acc: 0.456 | Val Cat Acc: 0.631 | Time: 3.3s
  GPU Memory: 0.06GB allocated, 0.12GB reserved
Epoch 36/300 | Train Loss: 1.6188 | Val Loss: 1.7425 | Val Gloss Acc: 0.410 | Val Cat Acc: 0.603 | Time: 3.1s
  GPU Memory: 0.06GB allocated, 0.12GB reserved
Epoch 37/300 | Train Loss: 0.8387 | Val Loss: 1.7050 | Val Gloss Acc: 0.424 | Val Cat Acc: 0.603 | Time: 3.2s
  GPU Memory: 0.06GB allocated, 0.12GB reserved
Epoch 38/300 | Train Loss: 1.6667 | Val Loss: 1.5924 | Val Gloss Acc: 0.462 | Val Cat Acc: 0.637 | Time: 3.3s
  GPU Memory: 0.06GB allocated, 0.12GB reserved
Epoch 39/300 | Train Loss: 1.3159 | Val Loss: 1.5061 | Val Gloss Acc: 0.490 | Val Cat Acc: 0.653 | Time: 3.2s
  GPU Memory: 0.06GB allocated, 0.12GB reserved
Epoch 40/300 | Train Loss: 1.0724 | Val Loss: 1.5099 | Val Gloss Acc: 0.493 | Val Cat Acc: 0.666 | Time: 3.2s
  GPU Memory: 0.06GB allocated, 0.12GB reserved
Epoch 41/300 | Train Loss: 1.1982 | Val Loss: 1.4371 | Val Gloss Acc: 0.510 | Val Cat Acc: 0.668 | Time: 3.2s
  GPU Memory: 0.06GB allocated, 0.12GB reserved
Epoch 42/300 | Train Loss: 0.7462 | Val Loss: 1.5704 | Val Gloss Acc: 0.480 | Val Cat Acc: 0.657 | Time: 3.3s
  GPU Memory: 0.06GB allocated, 0.12GB reserved
Epoch 43/300 | Train Loss: 0.7116 | Val Loss: 1.5289 | Val Gloss Acc: 0.504 | Val Cat Acc: 0.684 | Time: 3.3s
  GPU Memory: 0.06GB allocated, 0.12GB reserved
Epoch 44/300 | Train Loss: 1.6514 | Val Loss: 1.4610 | Val Gloss Acc: 0.510 | Val Cat Acc: 0.667 | Time: 3.1s
  GPU Memory: 0.06GB allocated, 0.12GB reserved
Epoch 45/300 | Train Loss: 1.0909 | Val Loss: 1.3878 | Val Gloss Acc: 0.524 | Val Cat Acc: 0.692 | Time: 3.3s
  GPU Memory: 0.06GB allocated, 0.12GB reserved
Epoch 46/300 | Train Loss: 0.3304 | Val Loss: 1.3718 | Val Gloss Acc: 0.543 | Val Cat Acc: 0.703 | Time: 3.2s
  GPU Memory: 0.06GB allocated, 0.12GB reserved
Epoch 47/300 | Train Loss: 1.2457 | Val Loss: 1.3495 | Val Gloss Acc: 0.542 | Val Cat Acc: 0.712 | Time: 3.2s
  GPU Memory: 0.06GB allocated, 0.12GB reserved
Epoch 48/300 | Train Loss: 0.3213 | Val Loss: 1.3589 | Val Gloss Acc: 0.548 | Val Cat Acc: 0.684 | Time: 3.3s
  GPU Memory: 0.06GB allocated, 0.12GB reserved
Epoch 49/300 | Train Loss: 0.7057 | Val Loss: 1.3610 | Val Gloss Acc: 0.559 | Val Cat Acc: 0.701 | Time: 3.4s
  GPU Memory: 0.06GB allocated, 0.12GB reserved
Epoch 50/300 | Train Loss: 0.0769 | Val Loss: 1.3504 | Val Gloss Acc: 0.562 | Val Cat Acc: 0.698 | Time: 3.3s
  GPU Memory: 0.06GB allocated, 0.12GB reserved
Epoch 51/300 | Train Loss: 1.7023 | Val Loss: 1.3879 | Val Gloss Acc: 0.548 | Val Cat Acc: 0.715 | Time: 3.3s
  GPU Memory: 0.06GB allocated, 0.12GB reserved
Epoch 52/300 | Train Loss: 0.2723 | Val Loss: 1.3903 | Val Gloss Acc: 0.576 | Val Cat Acc: 0.731 | Time: 3.2s
  GPU Memory: 0.06GB allocated, 0.12GB reserved
Epoch 53/300 | Train Loss: 0.8646 | Val Loss: 1.2618 | Val Gloss Acc: 0.585 | Val Cat Acc: 0.732 | Time: 3.2s
  GPU Memory: 0.06GB allocated, 0.12GB reserved
Epoch 54/300 | Train Loss: 0.7907 | Val Loss: 1.2367 | Val Gloss Acc: 0.576 | Val Cat Acc: 0.730 | Time: 3.2s
  GPU Memory: 0.06GB allocated, 0.12GB reserved
Epoch 55/300 | Train Loss: 0.3700 | Val Loss: 1.4152 | Val Gloss Acc: 0.546 | Val Cat Acc: 0.714 | Time: 3.2s
  GPU Memory: 0.06GB allocated, 0.12GB reserved
Epoch 56/300 | Train Loss: 0.0714 | Val Loss: 1.4167 | Val Gloss Acc: 0.554 | Val Cat Acc: 0.732 | Time: 3.2s
  GPU Memory: 0.06GB allocated, 0.12GB reserved
Epoch 57/300 | Train Loss: 0.7532 | Val Loss: 1.3641 | Val Gloss Acc: 0.575 | Val Cat Acc: 0.726 | Time: 3.3s
  GPU Memory: 0.06GB allocated, 0.12GB reserved
Epoch 58/300 | Train Loss: 0.5472 | Val Loss: 1.2198 | Val Gloss Acc: 0.605 | Val Cat Acc: 0.754 | Time: 3.3s
  GPU Memory: 0.06GB allocated, 0.12GB reserved
Epoch 59/300 | Train Loss: 1.9656 | Val Loss: 1.3990 | Val Gloss Acc: 0.569 | Val Cat Acc: 0.733 | Time: 3.2s
  GPU Memory: 0.06GB allocated, 0.12GB reserved
Epoch 60/300 | Train Loss: 0.5510 | Val Loss: 1.3685 | Val Gloss Acc: 0.583 | Val Cat Acc: 0.756 | Time: 3.3s
  GPU Memory: 0.06GB allocated, 0.12GB reserved
Epoch 61/300 | Train Loss: 0.6565 | Val Loss: 1.4423 | Val Gloss Acc: 0.572 | Val Cat Acc: 0.728 | Time: 3.3s
  GPU Memory: 0.06GB allocated, 0.12GB reserved
Epoch 62/300 | Train Loss: 0.6514 | Val Loss: 1.3649 | Val Gloss Acc: 0.595 | Val Cat Acc: 0.732 | Time: 3.3s
  GPU Memory: 0.06GB allocated, 0.12GB reserved
Epoch 63/300 | Train Loss: 0.0903 | Val Loss: 1.3275 | Val Gloss Acc: 0.590 | Val Cat Acc: 0.762 | Time: 3.3s
  GPU Memory: 0.06GB allocated, 0.12GB reserved
Epoch 64/300 | Train Loss: 0.0103 | Val Loss: 1.3327 | Val Gloss Acc: 0.573 | Val Cat Acc: 0.746 | Time: 3.2s
  GPU Memory: 0.06GB allocated, 0.12GB reserved
Epoch 65/300 | Train Loss: 1.1942 | Val Loss: 1.3209 | Val Gloss Acc: 0.606 | Val Cat Acc: 0.743 | Time: 3.2s
  GPU Memory: 0.06GB allocated, 0.12GB reserved
Epoch 66/300 | Train Loss: 0.5592 | Val Loss: 1.3342 | Val Gloss Acc: 0.615 | Val Cat Acc: 0.756 | Time: 3.3s
  GPU Memory: 0.06GB allocated, 0.12GB reserved
Epoch 67/300 | Train Loss: 0.1646 | Val Loss: 1.4091 | Val Gloss Acc: 0.572 | Val Cat Acc: 0.754 | Time: 3.2s
  GPU Memory: 0.06GB allocated, 0.12GB reserved
Epoch 68/300 | Train Loss: 0.4078 | Val Loss: 1.3198 | Val Gloss Acc: 0.605 | Val Cat Acc: 0.770 | Time: 3.2s
  GPU Memory: 0.06GB allocated, 0.12GB reserved
Epoch 69/300 | Train Loss: 0.0245 | Val Loss: 1.3585 | Val Gloss Acc: 0.600 | Val Cat Acc: 0.769 | Time: 3.3s
  GPU Memory: 0.06GB allocated, 0.12GB reserved
Epoch 70/300 | Train Loss: 0.7168 | Val Loss: 1.3784 | Val Gloss Acc: 0.603 | Val Cat Acc: 0.773 | Time: 3.2s
  GPU Memory: 0.06GB allocated, 0.12GB reserved
Epoch 71/300 | Train Loss: 0.0654 | Val Loss: 1.4191 | Val Gloss Acc: 0.590 | Val Cat Acc: 0.768 | Time: 3.2s
  GPU Memory: 0.06GB allocated, 0.12GB reserved
Epoch 72/300 | Train Loss: 0.5007 | Val Loss: 1.3689 | Val Gloss Acc: 0.597 | Val Cat Acc: 0.769 | Time: 3.2s
  GPU Memory: 0.06GB allocated, 0.12GB reserved
Epoch 73/300 | Train Loss: 0.5502 | Val Loss: 1.3572 | Val Gloss Acc: 0.600 | Val Cat Acc: 0.774 | Time: 3.2s
  GPU Memory: 0.06GB allocated, 0.12GB reserved
Epoch 74/300 | Train Loss: 0.0932 | Val Loss: 1.4269 | Val Gloss Acc: 0.607 | Val Cat Acc: 0.762 | Time: 3.2s
  GPU Memory: 0.06GB allocated, 0.12GB reserved
Epoch 75/300 | Train Loss: 0.0745 | Val Loss: 1.3800 | Val Gloss Acc: 0.626 | Val Cat Acc: 0.785 | Time: 3.2s
  GPU Memory: 0.06GB allocated, 0.12GB reserved
Epoch 76/300 | Train Loss: 0.1674 | Val Loss: 1.3332 | Val Gloss Acc: 0.630 | Val Cat Acc: 0.791 | Time: 3.3s
  GPU Memory: 0.06GB allocated, 0.12GB reserved
Epoch 77/300 | Train Loss: 0.0507 | Val Loss: 1.4090 | Val Gloss Acc: 0.608 | Val Cat Acc: 0.751 | Time: 3.2s
  GPU Memory: 0.06GB allocated, 0.12GB reserved
Epoch 78/300 | Train Loss: 0.5069 | Val Loss: 1.3601 | Val Gloss Acc: 0.641 | Val Cat Acc: 0.791 | Time: 3.3s
  GPU Memory: 0.06GB allocated, 0.12GB reserved
Epoch 79/300 | Train Loss: 0.5855 | Val Loss: 1.3941 | Val Gloss Acc: 0.613 | Val Cat Acc: 0.786 | Time: 3.2s
  GPU Memory: 0.06GB allocated, 0.12GB reserved
Epoch 80/300 | Train Loss: 0.2494 | Val Loss: 1.3746 | Val Gloss Acc: 0.615 | Val Cat Acc: 0.773 | Time: 3.2s
  GPU Memory: 0.06GB allocated, 0.12GB reserved
Epoch 81/300 | Train Loss: 0.2600 | Val Loss: 1.4446 | Val Gloss Acc: 0.613 | Val Cat Acc: 0.768 | Time: 3.2s
  GPU Memory: 0.06GB allocated, 0.12GB reserved
Epoch 82/300 | Train Loss: 0.1853 | Val Loss: 1.5043 | Val Gloss Acc: 0.600 | Val Cat Acc: 0.770 | Time: 3.3s
  GPU Memory: 0.06GB allocated, 0.12GB reserved
Epoch 83/300 | Train Loss: 0.1965 | Val Loss: 1.4006 | Val Gloss Acc: 0.632 | Val Cat Acc: 0.778 | Time: 3.2s
  GPU Memory: 0.06GB allocated, 0.12GB reserved
Epoch 84/300 | Train Loss: 0.6756 | Val Loss: 1.4396 | Val Gloss Acc: 0.602 | Val Cat Acc: 0.782 | Time: 3.4s
  GPU Memory: 0.06GB allocated, 0.12GB reserved
Epoch 85/300 | Train Loss: 0.1366 | Val Loss: 1.4144 | Val Gloss Acc: 0.629 | Val Cat Acc: 0.791 | Time: 3.3s
  GPU Memory: 0.06GB allocated, 0.12GB reserved
Epoch 86/300 | Train Loss: 0.2730 | Val Loss: 1.4381 | Val Gloss Acc: 0.645 | Val Cat Acc: 0.793 | Time: 3.2s
  GPU Memory: 0.06GB allocated, 0.12GB reserved
Epoch 87/300 | Train Loss: 1.8152 | Val Loss: 1.4359 | Val Gloss Acc: 0.625 | Val Cat Acc: 0.793 | Time: 3.3s
  GPU Memory: 0.06GB allocated, 0.12GB reserved
Epoch 88/300 | Train Loss: 0.0845 | Val Loss: 1.4905 | Val Gloss Acc: 0.627 | Val Cat Acc: 0.781 | Time: 3.2s
  GPU Memory: 0.06GB allocated, 0.12GB reserved
Epoch 89/300 | Train Loss: 0.1159 | Val Loss: 1.4887 | Val Gloss Acc: 0.638 | Val Cat Acc: 0.797 | Time: 3.2s
  GPU Memory: 0.06GB allocated, 0.12GB reserved
Epoch 90/300 | Train Loss: 0.0275 | Val Loss: 1.5730 | Val Gloss Acc: 0.614 | Val Cat Acc: 0.787 | Time: 3.2s
  GPU Memory: 0.06GB allocated, 0.12GB reserved
Epoch 91/300 | Train Loss: 0.1316 | Val Loss: 1.4117 | Val Gloss Acc: 0.649 | Val Cat Acc: 0.798 | Time: 3.2s
  GPU Memory: 0.06GB allocated, 0.12GB reserved
Epoch 92/300 | Train Loss: 0.1111 | Val Loss: 1.4381 | Val Gloss Acc: 0.637 | Val Cat Acc: 0.791 | Time: 3.3s
  GPU Memory: 0.06GB allocated, 0.12GB reserved
Epoch 93/300 | Train Loss: 0.2167 | Val Loss: 1.5256 | Val Gloss Acc: 0.618 | Val Cat Acc: 0.806 | Time: 3.2s
  GPU Memory: 0.06GB allocated, 0.12GB reserved
Epoch 94/300 | Train Loss: 0.0507 | Val Loss: 1.4919 | Val Gloss Acc: 0.624 | Val Cat Acc: 0.797 | Time: 3.3s
  GPU Memory: 0.06GB allocated, 0.12GB reserved
Epoch 95/300 | Train Loss: 0.1071 | Val Loss: 1.5394 | Val Gloss Acc: 0.624 | Val Cat Acc: 0.792 | Time: 3.2s
  GPU Memory: 0.06GB allocated, 0.12GB reserved
Epoch 96/300 | Train Loss: 0.5588 | Val Loss: 1.5363 | Val Gloss Acc: 0.626 | Val Cat Acc: 0.820 | Time: 3.3s
  GPU Memory: 0.06GB allocated, 0.12GB reserved
Epoch 97/300 | Train Loss: 0.0122 | Val Loss: 1.5148 | Val Gloss Acc: 0.636 | Val Cat Acc: 0.802 | Time: 3.2s
  GPU Memory: 0.06GB allocated, 0.12GB reserved
Epoch 98/300 | Train Loss: 0.0692 | Val Loss: 1.7201 | Val Gloss Acc: 0.606 | Val Cat Acc: 0.761 | Time: 3.3s
  GPU Memory: 0.06GB allocated, 0.12GB reserved
Epoch 99/300 | Train Loss: 0.0378 | Val Loss: 1.5424 | Val Gloss Acc: 0.642 | Val Cat Acc: 0.784 | Time: 3.4s
  GPU Memory: 0.06GB allocated, 0.12GB reserved
Epoch 100/300 | Train Loss: 0.1399 | Val Loss: 1.6295 | Val Gloss Acc: 0.621 | Val Cat Acc: 0.786 | Time: 3.3s
  GPU Memory: 0.06GB allocated, 0.12GB reserved
Epoch 101/300 | Train Loss: 0.0925 | Val Loss: 1.5473 | Val Gloss Acc: 0.635 | Val Cat Acc: 0.797 | Time: 3.2s
  GPU Memory: 0.06GB allocated, 0.12GB reserved
Epoch 102/300 | Train Loss: 0.0910 | Val Loss: 1.5245 | Val Gloss Acc: 0.627 | Val Cat Acc: 0.814 | Time: 3.3s
  GPU Memory: 0.06GB allocated, 0.12GB reserved
Epoch 103/300 | Train Loss: 0.0492 | Val Loss: 1.6244 | Val Gloss Acc: 0.633 | Val Cat Acc: 0.794 | Time: 3.2s
  GPU Memory: 0.06GB allocated, 0.12GB reserved
Epoch 104/300 | Train Loss: 0.4176 | Val Loss: 1.6306 | Val Gloss Acc: 0.642 | Val Cat Acc: 0.787 | Time: 3.3s
  GPU Memory: 0.06GB allocated, 0.12GB reserved
Epoch 105/300 | Train Loss: 0.1307 | Val Loss: 1.5749 | Val Gloss Acc: 0.638 | Val Cat Acc: 0.811 | Time: 3.2s
  GPU Memory: 0.06GB allocated, 0.12GB reserved
Epoch 106/300 | Train Loss: 0.0600 | Val Loss: 1.6418 | Val Gloss Acc: 0.633 | Val Cat Acc: 0.802 | Time: 3.3s
  GPU Memory: 0.06GB allocated, 0.12GB reserved
Epoch 107/300 | Train Loss: 0.0199 | Val Loss: 1.6355 | Val Gloss Acc: 0.624 | Val Cat Acc: 0.797 | Time: 3.5s
  GPU Memory: 0.06GB allocated, 0.12GB reserved
Epoch 108/300 | Train Loss: 0.4848 | Val Loss: 1.6209 | Val Gloss Acc: 0.657 | Val Cat Acc: 0.812 | Time: 3.2s
  GPU Memory: 0.06GB allocated, 0.12GB reserved
Epoch 109/300 | Train Loss: 0.0480 | Val Loss: 1.6516 | Val Gloss Acc: 0.623 | Val Cat Acc: 0.796 | Time: 3.2s
  GPU Memory: 0.06GB allocated, 0.12GB reserved
Epoch 110/300 | Train Loss: 0.2822 | Val Loss: 1.6041 | Val Gloss Acc: 0.657 | Val Cat Acc: 0.792 | Time: 3.2s
  GPU Memory: 0.06GB allocated, 0.12GB reserved
Epoch 111/300 | Train Loss: 0.0726 | Val Loss: 1.6489 | Val Gloss Acc: 0.644 | Val Cat Acc: 0.793 | Time: 3.3s
  GPU Memory: 0.06GB allocated, 0.12GB reserved
Epoch 112/300 | Train Loss: 0.3297 | Val Loss: 1.7718 | Val Gloss Acc: 0.602 | Val Cat Acc: 0.790 | Time: 3.2s
  GPU Memory: 0.06GB allocated, 0.12GB reserved
Epoch 113/300 | Train Loss: 0.0793 | Val Loss: 1.6673 | Val Gloss Acc: 0.645 | Val Cat Acc: 0.808 | Time: 3.2s
  GPU Memory: 0.06GB allocated, 0.12GB reserved
Epoch 114/300 | Train Loss: 0.0273 | Val Loss: 1.7411 | Val Gloss Acc: 0.624 | Val Cat Acc: 0.792 | Time: 3.2s
  GPU Memory: 0.06GB allocated, 0.12GB reserved
Epoch 115/300 | Train Loss: 0.0378 | Val Loss: 1.7383 | Val Gloss Acc: 0.632 | Val Cat Acc: 0.816 | Time: 3.2s
  GPU Memory: 0.06GB allocated, 0.12GB reserved
Epoch 116/300 | Train Loss: 0.0035 | Val Loss: 1.6428 | Val Gloss Acc: 0.653 | Val Cat Acc: 0.806 | Time: 3.5s
  GPU Memory: 0.06GB allocated, 0.12GB reserved
Epoch 117/300 | Train Loss: 0.2049 | Val Loss: 1.6493 | Val Gloss Acc: 0.645 | Val Cat Acc: 0.808 | Time: 3.4s
  GPU Memory: 0.06GB allocated, 0.12GB reserved
Epoch 118/300 | Train Loss: 0.0049 | Val Loss: 1.8174 | Val Gloss Acc: 0.636 | Val Cat Acc: 0.782 | Time: 3.2s
  GPU Memory: 0.06GB allocated, 0.12GB reserved
Epoch 119/300 | Train Loss: 0.0008 | Val Loss: 1.6378 | Val Gloss Acc: 0.661 | Val Cat Acc: 0.821 | Time: 3.2s
  GPU Memory: 0.06GB allocated, 0.12GB reserved
Epoch 120/300 | Train Loss: 0.0498 | Val Loss: 1.7773 | Val Gloss Acc: 0.630 | Val Cat Acc: 0.806 | Time: 3.2s
  GPU Memory: 0.06GB allocated, 0.12GB reserved
Epoch 121/300 | Train Loss: 0.0409 | Val Loss: 1.7252 | Val Gloss Acc: 0.639 | Val Cat Acc: 0.810 | Time: 3.2s
  GPU Memory: 0.06GB allocated, 0.12GB reserved
Epoch 122/300 | Train Loss: 0.3930 | Val Loss: 1.7864 | Val Gloss Acc: 0.635 | Val Cat Acc: 0.791 | Time: 3.2s
  GPU Memory: 0.06GB allocated, 0.12GB reserved
Epoch 123/300 | Train Loss: 0.0295 | Val Loss: 1.6549 | Val Gloss Acc: 0.656 | Val Cat Acc: 0.800 | Time: 3.2s
  GPU Memory: 0.06GB allocated, 0.12GB reserved
Epoch 124/300 | Train Loss: 0.0137 | Val Loss: 1.7129 | Val Gloss Acc: 0.648 | Val Cat Acc: 0.806 | Time: 3.3s
  GPU Memory: 0.06GB allocated, 0.12GB reserved
Epoch 125/300 | Train Loss: 0.0070 | Val Loss: 1.7815 | Val Gloss Acc: 0.643 | Val Cat Acc: 0.809 | Time: 3.2s
  GPU Memory: 0.06GB allocated, 0.12GB reserved
Epoch 126/300 | Train Loss: 0.0535 | Val Loss: 1.7655 | Val Gloss Acc: 0.643 | Val Cat Acc: 0.804 | Time: 3.3s
  GPU Memory: 0.06GB allocated, 0.12GB reserved
Epoch 127/300 | Train Loss: 0.0727 | Val Loss: 1.6626 | Val Gloss Acc: 0.647 | Val Cat Acc: 0.819 | Time: 3.3s
  GPU Memory: 0.06GB allocated, 0.12GB reserved
Epoch 128/300 | Train Loss: 0.1896 | Val Loss: 1.6680 | Val Gloss Acc: 0.655 | Val Cat Acc: 0.820 | Time: 3.2s
  GPU Memory: 0.06GB allocated, 0.12GB reserved
Epoch 129/300 | Train Loss: 0.0220 | Val Loss: 1.7233 | Val Gloss Acc: 0.653 | Val Cat Acc: 0.812 | Time: 3.3s
  GPU Memory: 0.06GB allocated, 0.12GB reserved
Epoch 130/300 | Train Loss: 0.0120 | Val Loss: 1.7907 | Val Gloss Acc: 0.638 | Val Cat Acc: 0.805 | Time: 3.2s
  GPU Memory: 0.06GB allocated, 0.12GB reserved
Epoch 131/300 | Train Loss: 0.0733 | Val Loss: 1.7099 | Val Gloss Acc: 0.656 | Val Cat Acc: 0.815 | Time: 3.2s
  GPU Memory: 0.06GB allocated, 0.12GB reserved
Epoch 132/300 | Train Loss: 0.1098 | Val Loss: 1.6954 | Val Gloss Acc: 0.671 | Val Cat Acc: 0.811 | Time: 3.3s
  GPU Memory: 0.06GB allocated, 0.12GB reserved
Epoch 133/300 | Train Loss: 0.0126 | Val Loss: 1.6549 | Val Gloss Acc: 0.654 | Val Cat Acc: 0.821 | Time: 3.3s
  GPU Memory: 0.06GB allocated, 0.12GB reserved
Epoch 134/300 | Train Loss: 0.1194 | Val Loss: 1.7710 | Val Gloss Acc: 0.630 | Val Cat Acc: 0.800 | Time: 3.3s
  GPU Memory: 0.06GB allocated, 0.12GB reserved
Epoch 135/300 | Train Loss: 0.5672 | Val Loss: 1.7572 | Val Gloss Acc: 0.644 | Val Cat Acc: 0.822 | Time: 3.3s
  GPU Memory: 0.06GB allocated, 0.12GB reserved
Epoch 136/300 | Train Loss: 0.1016 | Val Loss: 1.7262 | Val Gloss Acc: 0.661 | Val Cat Acc: 0.831 | Time: 3.4s
  GPU Memory: 0.06GB allocated, 0.12GB reserved
Epoch 137/300 | Train Loss: 0.0070 | Val Loss: 1.7215 | Val Gloss Acc: 0.654 | Val Cat Acc: 0.815 | Time: 3.2s
  GPU Memory: 0.06GB allocated, 0.12GB reserved
Epoch 138/300 | Train Loss: 0.0835 | Val Loss: 1.7066 | Val Gloss Acc: 0.665 | Val Cat Acc: 0.816 | Time: 3.2s
  GPU Memory: 0.06GB allocated, 0.12GB reserved
Epoch 139/300 | Train Loss: 0.0335 | Val Loss: 1.8253 | Val Gloss Acc: 0.643 | Val Cat Acc: 0.817 | Time: 3.2s
  GPU Memory: 0.06GB allocated, 0.12GB reserved
Epoch 140/300 | Train Loss: 0.0036 | Val Loss: 1.9215 | Val Gloss Acc: 0.624 | Val Cat Acc: 0.809 | Time: 3.2s
  GPU Memory: 0.06GB allocated, 0.12GB reserved
Epoch 141/300 | Train Loss: 0.0016 | Val Loss: 1.8283 | Val Gloss Acc: 0.626 | Val Cat Acc: 0.804 | Time: 3.2s
  GPU Memory: 0.06GB allocated, 0.12GB reserved
Epoch 142/300 | Train Loss: 0.0248 | Val Loss: 1.8184 | Val Gloss Acc: 0.643 | Val Cat Acc: 0.798 | Time: 3.2s
  GPU Memory: 0.06GB allocated, 0.12GB reserved
Epoch 143/300 | Train Loss: 0.0108 | Val Loss: 1.8061 | Val Gloss Acc: 0.635 | Val Cat Acc: 0.790 | Time: 3.3s
  GPU Memory: 0.06GB allocated, 0.12GB reserved
Epoch 144/300 | Train Loss: 0.0119 | Val Loss: 1.7941 | Val Gloss Acc: 0.641 | Val Cat Acc: 0.814 | Time: 3.2s
  GPU Memory: 0.06GB allocated, 0.12GB reserved
Epoch 145/300 | Train Loss: 0.0369 | Val Loss: 1.8388 | Val Gloss Acc: 0.651 | Val Cat Acc: 0.806 | Time: 3.2s
  GPU Memory: 0.06GB allocated, 0.12GB reserved
Epoch 146/300 | Train Loss: 0.0080 | Val Loss: 1.7436 | Val Gloss Acc: 0.654 | Val Cat Acc: 0.823 | Time: 3.2s
  GPU Memory: 0.06GB allocated, 0.12GB reserved
Epoch 147/300 | Train Loss: 0.0007 | Val Loss: 1.7619 | Val Gloss Acc: 0.648 | Val Cat Acc: 0.812 | Time: 3.3s
  GPU Memory: 0.06GB allocated, 0.12GB reserved
Epoch 148/300 | Train Loss: 0.0202 | Val Loss: 1.8729 | Val Gloss Acc: 0.648 | Val Cat Acc: 0.814 | Time: 3.2s
  GPU Memory: 0.06GB allocated, 0.12GB reserved
Epoch 149/300 | Train Loss: 0.0246 | Val Loss: 1.8477 | Val Gloss Acc: 0.647 | Val Cat Acc: 0.816 | Time: 3.3s
  GPU Memory: 0.06GB allocated, 0.12GB reserved
Epoch 150/300 | Train Loss: 0.0398 | Val Loss: 1.8509 | Val Gloss Acc: 0.643 | Val Cat Acc: 0.811 | Time: 3.2s
  GPU Memory: 0.06GB allocated, 0.12GB reserved
Epoch 151/300 | Train Loss: 0.0732 | Val Loss: 1.9534 | Val Gloss Acc: 0.627 | Val Cat Acc: 0.799 | Time: 3.2s
  GPU Memory: 0.06GB allocated, 0.12GB reserved
Epoch 152/300 | Train Loss: 0.0151 | Val Loss: 1.8698 | Val Gloss Acc: 0.653 | Val Cat Acc: 0.822 | Time: 3.2s
  GPU Memory: 0.06GB allocated, 0.12GB reserved
Epoch 153/300 | Train Loss: 0.7443 | Val Loss: 1.9359 | Val Gloss Acc: 0.633 | Val Cat Acc: 0.820 | Time: 3.3s
  GPU Memory: 0.06GB allocated, 0.12GB reserved
Epoch 154/300 | Train Loss: 0.0141 | Val Loss: 1.8291 | Val Gloss Acc: 0.656 | Val Cat Acc: 0.826 | Time: 3.3s
  GPU Memory: 0.06GB allocated, 0.12GB reserved
Epoch 155/300 | Train Loss: 0.0119 | Val Loss: 1.9396 | Val Gloss Acc: 0.647 | Val Cat Acc: 0.802 | Time: 3.2s
  GPU Memory: 0.06GB allocated, 0.12GB reserved
Epoch 156/300 | Train Loss: 0.0002 | Val Loss: 1.8840 | Val Gloss Acc: 0.667 | Val Cat Acc: 0.826 | Time: 3.1s
  GPU Memory: 0.06GB allocated, 0.12GB reserved
Epoch 157/300 | Train Loss: 0.0313 | Val Loss: 1.8310 | Val Gloss Acc: 0.667 | Val Cat Acc: 0.815 | Time: 3.2s
  GPU Memory: 0.06GB allocated, 0.12GB reserved
Epoch 158/300 | Train Loss: 0.0019 | Val Loss: 1.8208 | Val Gloss Acc: 0.663 | Val Cat Acc: 0.825 | Time: 3.2s
  GPU Memory: 0.06GB allocated, 0.12GB reserved
Epoch 159/300 | Train Loss: 0.0014 | Val Loss: 1.7865 | Val Gloss Acc: 0.665 | Val Cat Acc: 0.832 | Time: 3.2s
  GPU Memory: 0.06GB allocated, 0.12GB reserved
Epoch 160/300 | Train Loss: 0.0004 | Val Loss: 1.8558 | Val Gloss Acc: 0.657 | Val Cat Acc: 0.821 | Time: 3.2s
  GPU Memory: 0.06GB allocated, 0.12GB reserved
Epoch 161/300 | Train Loss: 0.2447 | Val Loss: 1.8171 | Val Gloss Acc: 0.655 | Val Cat Acc: 0.819 | Time: 3.2s
  GPU Memory: 0.06GB allocated, 0.12GB reserved
Epoch 162/300 | Train Loss: 0.0008 | Val Loss: 1.9317 | Val Gloss Acc: 0.662 | Val Cat Acc: 0.826 | Time: 3.3s
  GPU Memory: 0.06GB allocated, 0.12GB reserved
Epoch 163/300 | Train Loss: 0.3177 | Val Loss: 1.9040 | Val Gloss Acc: 0.669 | Val Cat Acc: 0.817 | Time: 3.2s
  GPU Memory: 0.06GB allocated, 0.12GB reserved
Epoch 164/300 | Train Loss: 0.0126 | Val Loss: 2.0174 | Val Gloss Acc: 0.648 | Val Cat Acc: 0.809 | Time: 3.3s
  GPU Memory: 0.06GB allocated, 0.12GB reserved
Epoch 165/300 | Train Loss: 0.0068 | Val Loss: 1.8534 | Val Gloss Acc: 0.657 | Val Cat Acc: 0.821 | Time: 3.3s
  GPU Memory: 0.06GB allocated, 0.12GB reserved
Epoch 166/300 | Train Loss: 0.0028 | Val Loss: 1.8621 | Val Gloss Acc: 0.659 | Val Cat Acc: 0.816 | Time: 3.3s
  GPU Memory: 0.06GB allocated, 0.12GB reserved
Epoch 167/300 | Train Loss: 0.0069 | Val Loss: 1.8575 | Val Gloss Acc: 0.655 | Val Cat Acc: 0.819 | Time: 3.3s
  GPU Memory: 0.06GB allocated, 0.12GB reserved
Epoch 168/300 | Train Loss: 0.0059 | Val Loss: 1.8691 | Val Gloss Acc: 0.655 | Val Cat Acc: 0.821 | Time: 3.3s
  GPU Memory: 0.06GB allocated, 0.12GB reserved
Epoch 169/300 | Train Loss: 0.0147 | Val Loss: 1.9022 | Val Gloss Acc: 0.645 | Val Cat Acc: 0.822 | Time: 3.2s
  GPU Memory: 0.06GB allocated, 0.12GB reserved
Epoch 170/300 | Train Loss: 0.1258 | Val Loss: 1.9406 | Val Gloss Acc: 0.663 | Val Cat Acc: 0.823 | Time: 3.3s
  GPU Memory: 0.06GB allocated, 0.12GB reserved
Epoch 171/300 | Train Loss: 0.0021 | Val Loss: 2.0910 | Val Gloss Acc: 0.629 | Val Cat Acc: 0.797 | Time: 3.3s
  GPU Memory: 0.06GB allocated, 0.12GB reserved
Epoch 172/300 | Train Loss: 0.0038 | Val Loss: 1.8392 | Val Gloss Acc: 0.678 | Val Cat Acc: 0.820 | Time: 3.3s
  GPU Memory: 0.06GB allocated, 0.12GB reserved
Epoch 173/300 | Train Loss: 0.0107 | Val Loss: 1.9641 | Val Gloss Acc: 0.642 | Val Cat Acc: 0.816 | Time: 3.3s
  GPU Memory: 0.06GB allocated, 0.12GB reserved
Epoch 174/300 | Train Loss: 0.0586 | Val Loss: 2.0066 | Val Gloss Acc: 0.635 | Val Cat Acc: 0.819 | Time: 3.3s
  GPU Memory: 0.06GB allocated, 0.12GB reserved
Epoch 175/300 | Train Loss: 0.0041 | Val Loss: 1.8454 | Val Gloss Acc: 0.659 | Val Cat Acc: 0.831 | Time: 3.3s
  GPU Memory: 0.06GB allocated, 0.12GB reserved
Epoch 176/300 | Train Loss: 0.0140 | Val Loss: 1.9999 | Val Gloss Acc: 0.641 | Val Cat Acc: 0.823 | Time: 3.2s
  GPU Memory: 0.06GB allocated, 0.12GB reserved
Epoch 177/300 | Train Loss: 0.0109 | Val Loss: 1.9929 | Val Gloss Acc: 0.647 | Val Cat Acc: 0.825 | Time: 3.4s
  GPU Memory: 0.06GB allocated, 0.12GB reserved
Epoch 178/300 | Train Loss: 0.0108 | Val Loss: 1.8924 | Val Gloss Acc: 0.661 | Val Cat Acc: 0.825 | Time: 3.3s
  GPU Memory: 0.06GB allocated, 0.12GB reserved
Epoch 179/300 | Train Loss: 0.0059 | Val Loss: 1.8613 | Val Gloss Acc: 0.653 | Val Cat Acc: 0.811 | Time: 3.2s
  GPU Memory: 0.06GB allocated, 0.12GB reserved
Epoch 180/300 | Train Loss: 0.0139 | Val Loss: 1.8579 | Val Gloss Acc: 0.657 | Val Cat Acc: 0.832 | Time: 3.2s
  GPU Memory: 0.06GB allocated, 0.12GB reserved
Epoch 181/300 | Train Loss: 0.0102 | Val Loss: 1.8532 | Val Gloss Acc: 0.669 | Val Cat Acc: 0.816 | Time: 3.4s
  GPU Memory: 0.06GB allocated, 0.12GB reserved
Epoch 182/300 | Train Loss: 0.0110 | Val Loss: 1.8616 | Val Gloss Acc: 0.663 | Val Cat Acc: 0.828 | Time: 3.2s
  GPU Memory: 0.06GB allocated, 0.12GB reserved
Epoch 183/300 | Train Loss: 0.0071 | Val Loss: 1.9295 | Val Gloss Acc: 0.665 | Val Cat Acc: 0.833 | Time: 3.4s
  GPU Memory: 0.06GB allocated, 0.12GB reserved
Epoch 184/300 | Train Loss: 0.0010 | Val Loss: 1.8329 | Val Gloss Acc: 0.678 | Val Cat Acc: 0.827 | Time: 3.3s
  GPU Memory: 0.06GB allocated, 0.12GB reserved
Epoch 185/300 | Train Loss: 0.0007 | Val Loss: 1.9093 | Val Gloss Acc: 0.668 | Val Cat Acc: 0.834 | Time: 3.2s
  GPU Memory: 0.06GB allocated, 0.12GB reserved
Epoch 186/300 | Train Loss: 0.0037 | Val Loss: 2.0219 | Val Gloss Acc: 0.651 | Val Cat Acc: 0.828 | Time: 3.4s
  GPU Memory: 0.06GB allocated, 0.12GB reserved
Epoch 187/300 | Train Loss: 0.0009 | Val Loss: 2.0622 | Val Gloss Acc: 0.630 | Val Cat Acc: 0.804 | Time: 3.2s
  GPU Memory: 0.06GB allocated, 0.12GB reserved
Epoch 188/300 | Train Loss: 0.0040 | Val Loss: 1.9416 | Val Gloss Acc: 0.649 | Val Cat Acc: 0.828 | Time: 3.2s
  GPU Memory: 0.06GB allocated, 0.12GB reserved
Epoch 189/300 | Train Loss: 0.0013 | Val Loss: 1.9098 | Val Gloss Acc: 0.665 | Val Cat Acc: 0.825 | Time: 3.2s
  GPU Memory: 0.06GB allocated, 0.12GB reserved
Epoch 190/300 | Train Loss: 0.0048 | Val Loss: 1.9200 | Val Gloss Acc: 0.663 | Val Cat Acc: 0.819 | Time: 3.2s
  GPU Memory: 0.06GB allocated, 0.12GB reserved
Epoch 191/300 | Train Loss: 0.0001 | Val Loss: 1.9921 | Val Gloss Acc: 0.648 | Val Cat Acc: 0.822 | Time: 3.4s
  GPU Memory: 0.06GB allocated, 0.12GB reserved
Epoch 192/300 | Train Loss: 0.0018 | Val Loss: 1.9309 | Val Gloss Acc: 0.662 | Val Cat Acc: 0.820 | Time: 3.2s
  GPU Memory: 0.06GB allocated, 0.12GB reserved
Epoch 193/300 | Train Loss: 0.0038 | Val Loss: 1.8728 | Val Gloss Acc: 0.666 | Val Cat Acc: 0.828 | Time: 3.3s
  GPU Memory: 0.06GB allocated, 0.12GB reserved
Epoch 194/300 | Train Loss: 0.0054 | Val Loss: 1.9103 | Val Gloss Acc: 0.674 | Val Cat Acc: 0.821 | Time: 3.7s
  GPU Memory: 0.06GB allocated, 0.12GB reserved
Epoch 195/300 | Train Loss: 0.0009 | Val Loss: 1.9010 | Val Gloss Acc: 0.650 | Val Cat Acc: 0.816 | Time: 3.5s
  GPU Memory: 0.06GB allocated, 0.12GB reserved
Epoch 196/300 | Train Loss: 0.0097 | Val Loss: 1.8938 | Val Gloss Acc: 0.666 | Val Cat Acc: 0.812 | Time: 3.3s
  GPU Memory: 0.06GB allocated, 0.12GB reserved
Epoch 197/300 | Train Loss: 0.0010 | Val Loss: 1.9365 | Val Gloss Acc: 0.657 | Val Cat Acc: 0.821 | Time: 3.2s
  GPU Memory: 0.06GB allocated, 0.12GB reserved
Epoch 198/300 | Train Loss: 0.0027 | Val Loss: 2.0250 | Val Gloss Acc: 0.651 | Val Cat Acc: 0.814 | Time: 3.3s
  GPU Memory: 0.06GB allocated, 0.12GB reserved
Epoch 199/300 | Train Loss: 0.0002 | Val Loss: 1.9162 | Val Gloss Acc: 0.660 | Val Cat Acc: 0.825 | Time: 3.2s
  GPU Memory: 0.06GB allocated, 0.12GB reserved
Epoch 200/300 | Train Loss: 0.0069 | Val Loss: 1.9320 | Val Gloss Acc: 0.651 | Val Cat Acc: 0.820 | Time: 3.1s
  GPU Memory: 0.06GB allocated, 0.12GB reserved
Epoch 201/300 | Train Loss: 0.0055 | Val Loss: 1.9282 | Val Gloss Acc: 0.660 | Val Cat Acc: 0.825 | Time: 3.2s
  GPU Memory: 0.06GB allocated, 0.12GB reserved
Epoch 202/300 | Train Loss: 0.0017 | Val Loss: 1.9284 | Val Gloss Acc: 0.655 | Val Cat Acc: 0.835 | Time: 3.2s
  GPU Memory: 0.06GB allocated, 0.12GB reserved
Epoch 203/300 | Train Loss: 0.0030 | Val Loss: 1.9562 | Val Gloss Acc: 0.656 | Val Cat Acc: 0.817 | Time: 3.4s
  GPU Memory: 0.06GB allocated, 0.12GB reserved
Epoch 204/300 | Train Loss: 0.0006 | Val Loss: 1.9087 | Val Gloss Acc: 0.668 | Val Cat Acc: 0.819 | Time: 3.2s
  GPU Memory: 0.06GB allocated, 0.12GB reserved
Epoch 205/300 | Train Loss: 0.0024 | Val Loss: 1.8635 | Val Gloss Acc: 0.653 | Val Cat Acc: 0.819 | Time: 3.2s
  GPU Memory: 0.06GB allocated, 0.12GB reserved
Epoch 206/300 | Train Loss: 0.0020 | Val Loss: 1.8865 | Val Gloss Acc: 0.665 | Val Cat Acc: 0.819 | Time: 3.3s
  GPU Memory: 0.06GB allocated, 0.12GB reserved
Epoch 207/300 | Train Loss: 0.0030 | Val Loss: 1.9877 | Val Gloss Acc: 0.644 | Val Cat Acc: 0.810 | Time: 3.4s
  GPU Memory: 0.06GB allocated, 0.12GB reserved
Epoch 208/300 | Train Loss: 0.0213 | Val Loss: 1.9488 | Val Gloss Acc: 0.663 | Val Cat Acc: 0.815 | Time: 3.3s
  GPU Memory: 0.06GB allocated, 0.12GB reserved
Epoch 209/300 | Train Loss: 0.0175 | Val Loss: 1.9117 | Val Gloss Acc: 0.672 | Val Cat Acc: 0.832 | Time: 3.3s
  GPU Memory: 0.06GB allocated, 0.12GB reserved
Epoch 210/300 | Train Loss: 0.0004 | Val Loss: 1.9931 | Val Gloss Acc: 0.669 | Val Cat Acc: 0.825 | Time: 3.2s
  GPU Memory: 0.06GB allocated, 0.12GB reserved
Epoch 211/300 | Train Loss: 0.0090 | Val Loss: 1.9043 | Val Gloss Acc: 0.679 | Val Cat Acc: 0.827 | Time: 3.2s
  GPU Memory: 0.06GB allocated, 0.12GB reserved
Epoch 212/300 | Train Loss: 0.0030 | Val Loss: 1.9047 | Val Gloss Acc: 0.663 | Val Cat Acc: 0.815 | Time: 3.1s
  GPU Memory: 0.06GB allocated, 0.12GB reserved
Epoch 213/300 | Train Loss: 0.0021 | Val Loss: 1.9271 | Val Gloss Acc: 0.675 | Val Cat Acc: 0.823 | Time: 3.1s
  GPU Memory: 0.06GB allocated, 0.12GB reserved
Epoch 214/300 | Train Loss: 0.0700 | Val Loss: 1.8686 | Val Gloss Acc: 0.675 | Val Cat Acc: 0.826 | Time: 3.2s
  GPU Memory: 0.06GB allocated, 0.12GB reserved
Epoch 215/300 | Train Loss: 0.0075 | Val Loss: 1.8852 | Val Gloss Acc: 0.672 | Val Cat Acc: 0.829 | Time: 3.3s
  GPU Memory: 0.06GB allocated, 0.12GB reserved
Epoch 216/300 | Train Loss: 0.0240 | Val Loss: 1.9032 | Val Gloss Acc: 0.661 | Val Cat Acc: 0.825 | Time: 3.2s
  GPU Memory: 0.06GB allocated, 0.12GB reserved
Epoch 217/300 | Train Loss: 0.0196 | Val Loss: 1.8998 | Val Gloss Acc: 0.657 | Val Cat Acc: 0.826 | Time: 3.3s
  GPU Memory: 0.06GB allocated, 0.12GB reserved
Epoch 218/300 | Train Loss: 0.0114 | Val Loss: 1.9158 | Val Gloss Acc: 0.657 | Val Cat Acc: 0.816 | Time: 3.3s
  GPU Memory: 0.06GB allocated, 0.12GB reserved
Epoch 219/300 | Train Loss: 0.0022 | Val Loss: 1.9358 | Val Gloss Acc: 0.671 | Val Cat Acc: 0.821 | Time: 3.3s
  GPU Memory: 0.06GB allocated, 0.12GB reserved
Epoch 220/300 | Train Loss: 0.0151 | Val Loss: 1.9787 | Val Gloss Acc: 0.657 | Val Cat Acc: 0.805 | Time: 3.3s
  GPU Memory: 0.06GB allocated, 0.12GB reserved
Epoch 221/300 | Train Loss: 0.0003 | Val Loss: 1.8832 | Val Gloss Acc: 0.665 | Val Cat Acc: 0.826 | Time: 3.1s
  GPU Memory: 0.06GB allocated, 0.12GB reserved
Epoch 222/300 | Train Loss: 0.0007 | Val Loss: 1.9092 | Val Gloss Acc: 0.669 | Val Cat Acc: 0.815 | Time: 3.2s
  GPU Memory: 0.06GB allocated, 0.12GB reserved
Epoch 223/300 | Train Loss: 0.0040 | Val Loss: 1.9145 | Val Gloss Acc: 0.666 | Val Cat Acc: 0.827 | Time: 3.3s
  GPU Memory: 0.06GB allocated, 0.12GB reserved
Epoch 224/300 | Train Loss: 0.0453 | Val Loss: 1.9172 | Val Gloss Acc: 0.669 | Val Cat Acc: 0.834 | Time: 3.3s
  GPU Memory: 0.06GB allocated, 0.12GB reserved
Epoch 225/300 | Train Loss: 0.0034 | Val Loss: 1.8859 | Val Gloss Acc: 0.661 | Val Cat Acc: 0.828 | Time: 3.3s
  GPU Memory: 0.06GB allocated, 0.12GB reserved
Epoch 226/300 | Train Loss: 0.0270 | Val Loss: 1.9163 | Val Gloss Acc: 0.663 | Val Cat Acc: 0.821 | Time: 3.3s
  GPU Memory: 0.06GB allocated, 0.12GB reserved
Epoch 227/300 | Train Loss: 0.0181 | Val Loss: 1.9211 | Val Gloss Acc: 0.673 | Val Cat Acc: 0.823 | Time: 3.3s
  GPU Memory: 0.06GB allocated, 0.12GB reserved
Epoch 228/300 | Train Loss: 0.0006 | Val Loss: 1.8813 | Val Gloss Acc: 0.677 | Val Cat Acc: 0.822 | Time: 3.3s
  GPU Memory: 0.06GB allocated, 0.12GB reserved
Epoch 229/300 | Train Loss: 0.0012 | Val Loss: 1.8987 | Val Gloss Acc: 0.666 | Val Cat Acc: 0.821 | Time: 3.2s
  GPU Memory: 0.06GB allocated, 0.12GB reserved
Epoch 230/300 | Train Loss: 0.0013 | Val Loss: 1.9567 | Val Gloss Acc: 0.657 | Val Cat Acc: 0.825 | Time: 3.3s
  GPU Memory: 0.06GB allocated, 0.12GB reserved
Epoch 231/300 | Train Loss: 0.0039 | Val Loss: 1.9232 | Val Gloss Acc: 0.668 | Val Cat Acc: 0.819 | Time: 3.4s
  GPU Memory: 0.06GB allocated, 0.12GB reserved
Epoch 232/300 | Train Loss: 0.0295 | Val Loss: 1.9305 | Val Gloss Acc: 0.662 | Val Cat Acc: 0.823 | Time: 3.3s
  GPU Memory: 0.06GB allocated, 0.12GB reserved
Epoch 233/300 | Train Loss: 0.0000 | Val Loss: 1.9062 | Val Gloss Acc: 0.681 | Val Cat Acc: 0.820 | Time: 3.2s
  GPU Memory: 0.06GB allocated, 0.12GB reserved
Epoch 234/300 | Train Loss: 0.0007 | Val Loss: 1.9507 | Val Gloss Acc: 0.662 | Val Cat Acc: 0.827 | Time: 3.3s
  GPU Memory: 0.06GB allocated, 0.12GB reserved
Epoch 235/300 | Train Loss: 0.0008 | Val Loss: 1.9006 | Val Gloss Acc: 0.672 | Val Cat Acc: 0.834 | Time: 3.2s
  GPU Memory: 0.06GB allocated, 0.12GB reserved
Epoch 236/300 | Train Loss: 0.0886 | Val Loss: 1.9204 | Val Gloss Acc: 0.659 | Val Cat Acc: 0.828 | Time: 3.3s
  GPU Memory: 0.06GB allocated, 0.12GB reserved
Epoch 237/300 | Train Loss: 0.0453 | Val Loss: 1.8847 | Val Gloss Acc: 0.678 | Val Cat Acc: 0.839 | Time: 3.3s
  GPU Memory: 0.06GB allocated, 0.12GB reserved
Epoch 238/300 | Train Loss: 0.0001 | Val Loss: 1.9181 | Val Gloss Acc: 0.665 | Val Cat Acc: 0.821 | Time: 3.2s
  GPU Memory: 0.06GB allocated, 0.12GB reserved
Epoch 239/300 | Train Loss: 0.0003 | Val Loss: 1.8863 | Val Gloss Acc: 0.669 | Val Cat Acc: 0.823 | Time: 3.2s
  GPU Memory: 0.06GB allocated, 0.12GB reserved
Epoch 240/300 | Train Loss: 0.0003 | Val Loss: 1.9209 | Val Gloss Acc: 0.667 | Val Cat Acc: 0.828 | Time: 3.3s
  GPU Memory: 0.06GB allocated, 0.12GB reserved
Epoch 241/300 | Train Loss: 0.0076 | Val Loss: 1.8886 | Val Gloss Acc: 0.680 | Val Cat Acc: 0.835 | Time: 3.2s
  GPU Memory: 0.06GB allocated, 0.12GB reserved
Epoch 242/300 | Train Loss: 0.0016 | Val Loss: 1.8832 | Val Gloss Acc: 0.663 | Val Cat Acc: 0.828 | Time: 3.2s
  GPU Memory: 0.06GB allocated, 0.12GB reserved
Epoch 243/300 | Train Loss: 0.0241 | Val Loss: 1.9388 | Val Gloss Acc: 0.665 | Val Cat Acc: 0.826 | Time: 3.4s
  GPU Memory: 0.06GB allocated, 0.12GB reserved
Epoch 244/300 | Train Loss: 0.0048 | Val Loss: 1.8845 | Val Gloss Acc: 0.667 | Val Cat Acc: 0.831 | Time: 3.2s
  GPU Memory: 0.06GB allocated, 0.12GB reserved
Epoch 245/300 | Train Loss: 0.0005 | Val Loss: 1.9022 | Val Gloss Acc: 0.675 | Val Cat Acc: 0.831 | Time: 3.2s
  GPU Memory: 0.06GB allocated, 0.12GB reserved
Epoch 246/300 | Train Loss: 0.0007 | Val Loss: 1.9039 | Val Gloss Acc: 0.667 | Val Cat Acc: 0.822 | Time: 3.3s
  GPU Memory: 0.06GB allocated, 0.12GB reserved
Epoch 247/300 | Train Loss: 0.0021 | Val Loss: 1.9065 | Val Gloss Acc: 0.667 | Val Cat Acc: 0.826 | Time: 3.2s
  GPU Memory: 0.06GB allocated, 0.12GB reserved
Epoch 248/300 | Train Loss: 0.0004 | Val Loss: 1.9148 | Val Gloss Acc: 0.673 | Val Cat Acc: 0.827 | Time: 3.3s
  GPU Memory: 0.06GB allocated, 0.12GB reserved
Epoch 249/300 | Train Loss: 0.0002 | Val Loss: 1.8974 | Val Gloss Acc: 0.672 | Val Cat Acc: 0.831 | Time: 3.2s
  GPU Memory: 0.06GB allocated, 0.12GB reserved
Epoch 250/300 | Train Loss: 0.0113 | Val Loss: 1.8807 | Val Gloss Acc: 0.667 | Val Cat Acc: 0.826 | Time: 3.2s
  GPU Memory: 0.06GB allocated, 0.12GB reserved
Epoch 251/300 | Train Loss: 0.0042 | Val Loss: 1.9402 | Val Gloss Acc: 0.669 | Val Cat Acc: 0.820 | Time: 3.2s
  GPU Memory: 0.06GB allocated, 0.12GB reserved
Epoch 252/300 | Train Loss: 0.0035 | Val Loss: 1.8687 | Val Gloss Acc: 0.672 | Val Cat Acc: 0.819 | Time: 3.2s
  GPU Memory: 0.06GB allocated, 0.12GB reserved
Epoch 253/300 | Train Loss: 0.1347 | Val Loss: 1.8732 | Val Gloss Acc: 0.673 | Val Cat Acc: 0.825 | Time: 3.2s
  GPU Memory: 0.06GB allocated, 0.12GB reserved
Epoch 254/300 | Train Loss: 0.0007 | Val Loss: 1.8942 | Val Gloss Acc: 0.671 | Val Cat Acc: 0.829 | Time: 3.4s
  GPU Memory: 0.06GB allocated, 0.12GB reserved
Epoch 255/300 | Train Loss: 0.0001 | Val Loss: 1.8811 | Val Gloss Acc: 0.668 | Val Cat Acc: 0.829 | Time: 3.2s
  GPU Memory: 0.06GB allocated, 0.12GB reserved
Epoch 256/300 | Train Loss: 0.0002 | Val Loss: 1.8606 | Val Gloss Acc: 0.683 | Val Cat Acc: 0.835 | Time: 3.2s
  GPU Memory: 0.06GB allocated, 0.12GB reserved
Epoch 257/300 | Train Loss: 0.0001 | Val Loss: 1.8561 | Val Gloss Acc: 0.669 | Val Cat Acc: 0.825 | Time: 3.3s
  GPU Memory: 0.06GB allocated, 0.12GB reserved
Epoch 258/300 | Train Loss: 0.0019 | Val Loss: 1.8637 | Val Gloss Acc: 0.669 | Val Cat Acc: 0.826 | Time: 3.3s
  GPU Memory: 0.06GB allocated, 0.12GB reserved
Epoch 259/300 | Train Loss: 0.0062 | Val Loss: 1.8616 | Val Gloss Acc: 0.671 | Val Cat Acc: 0.823 | Time: 3.4s
  GPU Memory: 0.06GB allocated, 0.12GB reserved
Epoch 260/300 | Train Loss: 0.0008 | Val Loss: 1.8454 | Val Gloss Acc: 0.674 | Val Cat Acc: 0.825 | Time: 3.4s
  GPU Memory: 0.06GB allocated, 0.12GB reserved
Epoch 261/300 | Train Loss: 0.0961 | Val Loss: 1.8597 | Val Gloss Acc: 0.663 | Val Cat Acc: 0.827 | Time: 3.3s
  GPU Memory: 0.06GB allocated, 0.12GB reserved
Epoch 262/300 | Train Loss: 0.0074 | Val Loss: 1.8623 | Val Gloss Acc: 0.661 | Val Cat Acc: 0.821 | Time: 3.2s
  GPU Memory: 0.06GB allocated, 0.12GB reserved
Epoch 263/300 | Train Loss: 0.0005 | Val Loss: 1.8684 | Val Gloss Acc: 0.665 | Val Cat Acc: 0.832 | Time: 3.4s
  GPU Memory: 0.06GB allocated, 0.12GB reserved
Epoch 264/300 | Train Loss: 0.0002 | Val Loss: 1.8715 | Val Gloss Acc: 0.667 | Val Cat Acc: 0.837 | Time: 3.3s
  GPU Memory: 0.06GB allocated, 0.12GB reserved
Epoch 265/300 | Train Loss: 0.0035 | Val Loss: 1.8920 | Val Gloss Acc: 0.668 | Val Cat Acc: 0.826 | Time: 3.2s
  GPU Memory: 0.06GB allocated, 0.12GB reserved
Epoch 266/300 | Train Loss: 0.0106 | Val Loss: 1.9101 | Val Gloss Acc: 0.660 | Val Cat Acc: 0.831 | Time: 3.2s
  GPU Memory: 0.06GB allocated, 0.12GB reserved
Epoch 267/300 | Train Loss: 0.0039 | Val Loss: 1.8825 | Val Gloss Acc: 0.665 | Val Cat Acc: 0.832 | Time: 3.3s
  GPU Memory: 0.06GB allocated, 0.12GB reserved
Epoch 268/300 | Train Loss: 0.0054 | Val Loss: 1.9012 | Val Gloss Acc: 0.656 | Val Cat Acc: 0.821 | Time: 3.2s
  GPU Memory: 0.06GB allocated, 0.12GB reserved
Epoch 269/300 | Train Loss: 0.0005 | Val Loss: 1.8683 | Val Gloss Acc: 0.665 | Val Cat Acc: 0.832 | Time: 3.5s
  GPU Memory: 0.06GB allocated, 0.12GB reserved
Epoch 270/300 | Train Loss: 0.0023 | Val Loss: 1.8760 | Val Gloss Acc: 0.665 | Val Cat Acc: 0.825 | Time: 3.3s
  GPU Memory: 0.06GB allocated, 0.12GB reserved
Epoch 271/300 | Train Loss: 0.0007 | Val Loss: 1.8670 | Val Gloss Acc: 0.671 | Val Cat Acc: 0.829 | Time: 3.3s
  GPU Memory: 0.06GB allocated, 0.12GB reserved
Epoch 272/300 | Train Loss: 0.0023 | Val Loss: 1.8798 | Val Gloss Acc: 0.671 | Val Cat Acc: 0.825 | Time: 3.5s
  GPU Memory: 0.06GB allocated, 0.12GB reserved
Epoch 273/300 | Train Loss: 0.0056 | Val Loss: 1.8951 | Val Gloss Acc: 0.665 | Val Cat Acc: 0.823 | Time: 3.2s
  GPU Memory: 0.06GB allocated, 0.12GB reserved
Epoch 274/300 | Train Loss: 0.0001 | Val Loss: 1.8724 | Val Gloss Acc: 0.662 | Val Cat Acc: 0.827 | Time: 3.2s
  GPU Memory: 0.06GB allocated, 0.12GB reserved
Epoch 275/300 | Train Loss: 0.0082 | Val Loss: 1.8838 | Val Gloss Acc: 0.657 | Val Cat Acc: 0.822 | Time: 3.2s
  GPU Memory: 0.06GB allocated, 0.12GB reserved
Epoch 276/300 | Train Loss: 0.0039 | Val Loss: 1.8696 | Val Gloss Acc: 0.660 | Val Cat Acc: 0.826 | Time: 3.3s
  GPU Memory: 0.06GB allocated, 0.12GB reserved
Epoch 277/300 | Train Loss: 0.0006 | Val Loss: 1.8709 | Val Gloss Acc: 0.659 | Val Cat Acc: 0.833 | Time: 3.3s
  GPU Memory: 0.06GB allocated, 0.12GB reserved
Epoch 278/300 | Train Loss: 0.0018 | Val Loss: 1.8687 | Val Gloss Acc: 0.663 | Val Cat Acc: 0.831 | Time: 3.3s
  GPU Memory: 0.06GB allocated, 0.12GB reserved
Epoch 279/300 | Train Loss: 0.0020 | Val Loss: 1.8673 | Val Gloss Acc: 0.662 | Val Cat Acc: 0.832 | Time: 3.3s
  GPU Memory: 0.06GB allocated, 0.12GB reserved
Epoch 280/300 | Train Loss: 0.0019 | Val Loss: 1.8663 | Val Gloss Acc: 0.662 | Val Cat Acc: 0.832 | Time: 3.3s
  GPU Memory: 0.06GB allocated, 0.12GB reserved
Epoch 281/300 | Train Loss: 0.0020 | Val Loss: 1.8650 | Val Gloss Acc: 0.665 | Val Cat Acc: 0.826 | Time: 3.2s
  GPU Memory: 0.06GB allocated, 0.12GB reserved
Epoch 282/300 | Train Loss: 0.0000 | Val Loss: 1.8704 | Val Gloss Acc: 0.663 | Val Cat Acc: 0.823 | Time: 3.2s
  GPU Memory: 0.06GB allocated, 0.12GB reserved
Epoch 283/300 | Train Loss: 0.0020 | Val Loss: 1.8651 | Val Gloss Acc: 0.668 | Val Cat Acc: 0.831 | Time: 3.2s
  GPU Memory: 0.06GB allocated, 0.12GB reserved
Epoch 284/300 | Train Loss: 0.0023 | Val Loss: 1.8685 | Val Gloss Acc: 0.663 | Val Cat Acc: 0.829 | Time: 3.3s
  GPU Memory: 0.06GB allocated, 0.12GB reserved
Epoch 285/300 | Train Loss: 0.0012 | Val Loss: 1.8652 | Val Gloss Acc: 0.665 | Val Cat Acc: 0.833 | Time: 3.3s
  GPU Memory: 0.06GB allocated, 0.12GB reserved
Epoch 286/300 | Train Loss: 0.0008 | Val Loss: 1.8628 | Val Gloss Acc: 0.666 | Val Cat Acc: 0.831 | Time: 3.5s
  GPU Memory: 0.06GB allocated, 0.12GB reserved
Epoch 287/300 | Train Loss: 0.0002 | Val Loss: 1.8688 | Val Gloss Acc: 0.665 | Val Cat Acc: 0.829 | Time: 3.4s
  GPU Memory: 0.06GB allocated, 0.12GB reserved
Epoch 288/300 | Train Loss: 0.0008 | Val Loss: 1.8677 | Val Gloss Acc: 0.666 | Val Cat Acc: 0.829 | Time: 3.3s
  GPU Memory: 0.06GB allocated, 0.12GB reserved
Epoch 289/300 | Train Loss: 0.0045 | Val Loss: 1.8736 | Val Gloss Acc: 0.666 | Val Cat Acc: 0.825 | Time: 3.3s
  GPU Memory: 0.06GB allocated, 0.12GB reserved
Epoch 290/300 | Train Loss: 0.0005 | Val Loss: 1.8692 | Val Gloss Acc: 0.661 | Val Cat Acc: 0.827 | Time: 3.2s
  GPU Memory: 0.06GB allocated, 0.12GB reserved
Epoch 291/300 | Train Loss: 0.0007 | Val Loss: 1.8720 | Val Gloss Acc: 0.663 | Val Cat Acc: 0.829 | Time: 3.2s
  GPU Memory: 0.06GB allocated, 0.12GB reserved
Epoch 292/300 | Train Loss: 0.0007 | Val Loss: 1.8622 | Val Gloss Acc: 0.669 | Val Cat Acc: 0.828 | Time: 3.2s
  GPU Memory: 0.06GB allocated, 0.12GB reserved
Epoch 293/300 | Train Loss: 0.0013 | Val Loss: 1.8595 | Val Gloss Acc: 0.669 | Val Cat Acc: 0.833 | Time: 3.4s
  GPU Memory: 0.06GB allocated, 0.12GB reserved
Epoch 294/300 | Train Loss: 0.0006 | Val Loss: 1.8629 | Val Gloss Acc: 0.665 | Val Cat Acc: 0.829 | Time: 3.3s
  GPU Memory: 0.06GB allocated, 0.12GB reserved
Epoch 295/300 | Train Loss: 0.0005 | Val Loss: 1.8586 | Val Gloss Acc: 0.672 | Val Cat Acc: 0.838 | Time: 3.3s
  GPU Memory: 0.06GB allocated, 0.12GB reserved
Epoch 296/300 | Train Loss: 0.0002 | Val Loss: 1.8609 | Val Gloss Acc: 0.666 | Val Cat Acc: 0.832 | Time: 3.4s
  GPU Memory: 0.06GB allocated, 0.12GB reserved
Epoch 297/300 | Train Loss: 0.0027 | Val Loss: 1.8584 | Val Gloss Acc: 0.669 | Val Cat Acc: 0.828 | Time: 3.3s
  GPU Memory: 0.06GB allocated, 0.12GB reserved
Epoch 298/300 | Train Loss: 0.0010 | Val Loss: 1.8587 | Val Gloss Acc: 0.671 | Val Cat Acc: 0.829 | Time: 3.3s
  GPU Memory: 0.06GB allocated, 0.12GB reserved
Epoch 299/300 | Train Loss: 0.0007 | Val Loss: 1.8589 | Val Gloss Acc: 0.673 | Val Cat Acc: 0.829 | Time: 3.6s
  GPU Memory: 0.06GB allocated, 0.12GB reserved
Epoch 300/300 | Train Loss: 0.0003 | Val Loss: 1.8612 | Val Gloss Acc: 0.668 | Val Cat Acc: 0.828 | Time: 3.5s
  GPU Memory: 0.06GB allocated, 0.12GB reserved
------------------------------------------------------------
Training completed!

============================================================
Training completed - 2025-10-09 02:25:10
Log saved to: trained_models/transformer/cmb_slight_augment/training_20251009_020840.log
============================================================
