============================================================
TRAINING LOG - 2025-10-09 05:17:13
============================================================
Console output will be saved to: trained_models/transformer/cmb_balanced_strong/training_20251009_051713.log
Metrics CSV will be saved to: trained_models/transformer/cmb_balanced_strong/training_20251009_051713_metrics.csv

Using device: cuda
CUDA device: NVIDIA GeForce RTX 5070 Ti
CUDA memory: 16.6 GB
CUDA compute capability: 12.0
CUDA multiprocessors: 70
CUDA memory allocated: 0.00 GB
CUDA memory cached: 0.00 GB

============================================================
DATA LOADING
============================================================
✓ Loaded data successfully
  - Dataset type: Transformer Keypoints
  - Training folder: data/processed/cmb_train
  - Validation folder: data/processed/cmb_val
  - Keypoint key: X
  - Gloss classes: 105
  - Category classes: 10

============================================================
DATASET PREPARATION
============================================================
✓ Created datasets and data loaders
  - Batch size: 16
  - Training batches: 211
  - Validation batches: 52
  - Data augmentation: Enabled (noise_std=0.005, mask_prob=0.08)
  - Training dataset size: 3372 samples
  - Validation dataset size: 832 samples
  - Data format: [T, 156] keypoints

============================================================
MODEL SELECTION
============================================================
Available models:
- transformer: Multi-head attention transformer
- iv3_gru: InceptionV3 + GRU hybrid
✓ Using SignTransformer model (input_dim=156)

================================================================================
COMPREHENSIVE TRAINING CONFIGURATION
================================================================================
Session Information:
  - Start time: 2025-10-09 05:17:13
  - Working directory: /workspace/fslr-transformer-vs-iv3gru
  - Command: /workspace/fslr-transformer-vs-iv3gru/training/train.py --model transformer --epochs 300 --batch-size 16 --lr 0.00003 --alpha 0.8 --beta 0.2 --num-gloss 105 --num-cat 10 --keypoints-train data/processed/cmb_train --keypoints-val data/processed/cmb_val --labels-train-csv data/processed/cmb_train.csv --labels-val-csv data/processed/cmb_val.csv --kp-key X --amp --augment --augment-noise-std 0.005 --augment-mask-prob 0.08 --augment-mask-ratio 0.08 --scheduler warmup_cosine --warmup-epochs 15 --early-stop 20 --weight-decay 5e-4 --output-dir trained_models/transformer/cmb_balanced_strong

System Information:
  - Platform: Linux-6.8.0-52-generic-x86_64-with-glibc2.39
  - Python version: 3.12.11 | packaged by conda-forge | (main, Jun  4 2025, 14:45:31) [GCC 13.3.0]
  - PyTorch version: 2.8.0+cu128
  - CUDA version: 12.8
  - cuDNN version: 91002
  - NumPy version: 2.2.6

Core Training Parameters:
  - Model: transformer
  - Epochs: 300
  - Batch size: 16
  - Learning rate: 3e-05
  - Weight decay: 0.0005
  - Gradient clipping: None
  - Loss weights - Alpha: 0.8, Beta: 0.2

Curriculum Training: Disabled

Loss Weighting Parameters:
  - Strategy: static
  - Alpha: 0.8
  - Beta: 0.2

Data Configuration:
  - Gloss classes: 105
  - Category classes: 10
  - Data source: Real data files
  - Training folder: data/processed/cmb_train
  - Validation folder: data/processed/cmb_val
  - Keypoint key: X

Training Control:
  - Scheduler: warmup_cosine
  - Scheduler patience: 5
  - Early stopping: 20
  - Resume from: None

Performance Settings:
  - AMP (Mixed Precision): True
  - Model compilation: False
  - Gradient accumulation steps: 1
  - DataLoader workers: 0
  - Auto workers: False
  - Pin memory: False
  - Prefetch factor: None

Reproducibility:
  - Random seed: 42
  - Deterministic mode: False

Output Configuration:
  - Checkpoint directory: trained_models/transformer/cmb_balanced_strong
  - CSV log file: trained_models/transformer/cmb_balanced_strong/training_20251009_051713_metrics.csv

Model Information:
  - Model type: SignTransformer
  - Total parameters: 3,280,627
  - Trainable parameters: 3,280,627
  - Model size: 12.5 MB
================================================================================

============================================================
TRAINING START
============================================================
✓ Loss weighting strategy: static
✓ Using standard CrossEntropy Loss
Training Configuration:
  - Gradient accumulation steps: 1
  - AMP enabled: True
  - Model compiled: False
  - CUDA memory before training: 0.01 GB
✓ Using WarmupCosineScheduler (warmup_epochs=15)
Training for 300 epochs...
Loss weights - Gloss: 0.8, Category: 0.2
------------------------------------------------------------
Epoch  1/300 | Train Loss: 4.2102 | Val Loss: 4.1940 | Val Gloss Acc: 0.012 | Val Cat Acc: 0.101 | Time: 2.1s
  GPU Memory: 0.06GB allocated, 0.15GB reserved
Epoch  2/300 | Train Loss: 4.1850 | Val Loss: 4.1847 | Val Gloss Acc: 0.014 | Val Cat Acc: 0.135 | Time: 1.7s
  GPU Memory: 0.06GB allocated, 0.15GB reserved
Epoch  3/300 | Train Loss: 4.1654 | Val Loss: 4.1786 | Val Gloss Acc: 0.008 | Val Cat Acc: 0.135 | Time: 2.0s
  GPU Memory: 0.06GB allocated, 0.15GB reserved
Epoch  4/300 | Train Loss: 4.1150 | Val Loss: 4.1637 | Val Gloss Acc: 0.016 | Val Cat Acc: 0.139 | Time: 2.0s
  GPU Memory: 0.06GB allocated, 0.15GB reserved
Epoch  5/300 | Train Loss: 4.1414 | Val Loss: 4.1127 | Val Gloss Acc: 0.012 | Val Cat Acc: 0.183 | Time: 2.0s
  GPU Memory: 0.06GB allocated, 0.15GB reserved
Epoch  6/300 | Train Loss: 3.9440 | Val Loss: 3.9589 | Val Gloss Acc: 0.011 | Val Cat Acc: 0.210 | Time: 1.9s
  GPU Memory: 0.06GB allocated, 0.15GB reserved
Epoch  7/300 | Train Loss: 3.9942 | Val Loss: 3.8365 | Val Gloss Acc: 0.012 | Val Cat Acc: 0.181 | Time: 1.8s
  GPU Memory: 0.06GB allocated, 0.15GB reserved
Epoch  8/300 | Train Loss: 3.8405 | Val Loss: 3.7590 | Val Gloss Acc: 0.022 | Val Cat Acc: 0.181 | Time: 1.7s
  GPU Memory: 0.06GB allocated, 0.15GB reserved
Epoch  9/300 | Train Loss: 3.7980 | Val Loss: 3.7150 | Val Gloss Acc: 0.030 | Val Cat Acc: 0.210 | Time: 1.7s
  GPU Memory: 0.06GB allocated, 0.15GB reserved
Epoch 10/300 | Train Loss: 3.8699 | Val Loss: 3.6811 | Val Gloss Acc: 0.024 | Val Cat Acc: 0.213 | Time: 1.8s
  GPU Memory: 0.06GB allocated, 0.15GB reserved
Epoch 11/300 | Train Loss: 3.6872 | Val Loss: 3.6616 | Val Gloss Acc: 0.019 | Val Cat Acc: 0.221 | Time: 1.8s
  GPU Memory: 0.06GB allocated, 0.15GB reserved
Epoch 12/300 | Train Loss: 3.8031 | Val Loss: 3.6356 | Val Gloss Acc: 0.032 | Val Cat Acc: 0.252 | Time: 1.8s
  GPU Memory: 0.06GB allocated, 0.15GB reserved
Epoch 13/300 | Train Loss: 3.6762 | Val Loss: 3.6050 | Val Gloss Acc: 0.032 | Val Cat Acc: 0.251 | Time: 1.9s
  GPU Memory: 0.06GB allocated, 0.15GB reserved
Epoch 14/300 | Train Loss: 3.7170 | Val Loss: 3.5468 | Val Gloss Acc: 0.046 | Val Cat Acc: 0.250 | Time: 1.9s
  GPU Memory: 0.06GB allocated, 0.15GB reserved
Epoch 15/300 | Train Loss: 3.3802 | Val Loss: 3.5325 | Val Gloss Acc: 0.046 | Val Cat Acc: 0.250 | Time: 1.7s
  GPU Memory: 0.06GB allocated, 0.15GB reserved
Epoch 16/300 | Train Loss: 3.3055 | Val Loss: 3.4381 | Val Gloss Acc: 0.055 | Val Cat Acc: 0.287 | Time: 1.7s
  GPU Memory: 0.06GB allocated, 0.15GB reserved
Epoch 17/300 | Train Loss: 3.6188 | Val Loss: 3.3229 | Val Gloss Acc: 0.069 | Val Cat Acc: 0.328 | Time: 1.7s
  GPU Memory: 0.06GB allocated, 0.15GB reserved
Epoch 18/300 | Train Loss: 2.7240 | Val Loss: 3.2425 | Val Gloss Acc: 0.093 | Val Cat Acc: 0.351 | Time: 1.7s
  GPU Memory: 0.06GB allocated, 0.15GB reserved
Epoch 19/300 | Train Loss: 3.4303 | Val Loss: 3.1481 | Val Gloss Acc: 0.105 | Val Cat Acc: 0.355 | Time: 1.9s
  GPU Memory: 0.06GB allocated, 0.15GB reserved
Epoch 20/300 | Train Loss: 3.0378 | Val Loss: 3.0523 | Val Gloss Acc: 0.119 | Val Cat Acc: 0.364 | Time: 1.8s
  GPU Memory: 0.06GB allocated, 0.15GB reserved
Epoch 21/300 | Train Loss: 3.0526 | Val Loss: 3.0951 | Val Gloss Acc: 0.108 | Val Cat Acc: 0.325 | Time: 1.8s
  GPU Memory: 0.06GB allocated, 0.15GB reserved
Epoch 22/300 | Train Loss: 2.8087 | Val Loss: 2.9391 | Val Gloss Acc: 0.126 | Val Cat Acc: 0.364 | Time: 1.8s
  GPU Memory: 0.06GB allocated, 0.15GB reserved
Epoch 23/300 | Train Loss: 3.0598 | Val Loss: 2.9060 | Val Gloss Acc: 0.142 | Val Cat Acc: 0.369 | Time: 1.8s
  GPU Memory: 0.06GB allocated, 0.15GB reserved
Epoch 24/300 | Train Loss: 3.1537 | Val Loss: 2.8593 | Val Gloss Acc: 0.144 | Val Cat Acc: 0.375 | Time: 2.0s
  GPU Memory: 0.06GB allocated, 0.15GB reserved
Epoch 25/300 | Train Loss: 2.5615 | Val Loss: 2.8050 | Val Gloss Acc: 0.150 | Val Cat Acc: 0.377 | Time: 1.9s
  GPU Memory: 0.06GB allocated, 0.15GB reserved
Epoch 26/300 | Train Loss: 2.9470 | Val Loss: 2.7740 | Val Gloss Acc: 0.177 | Val Cat Acc: 0.411 | Time: 1.9s
  GPU Memory: 0.06GB allocated, 0.15GB reserved
Epoch 27/300 | Train Loss: 2.6167 | Val Loss: 2.7267 | Val Gloss Acc: 0.167 | Val Cat Acc: 0.400 | Time: 1.7s
  GPU Memory: 0.06GB allocated, 0.15GB reserved
Epoch 28/300 | Train Loss: 3.0549 | Val Loss: 2.6651 | Val Gloss Acc: 0.180 | Val Cat Acc: 0.409 | Time: 1.9s
  GPU Memory: 0.06GB allocated, 0.15GB reserved
Epoch 29/300 | Train Loss: 2.1035 | Val Loss: 2.6481 | Val Gloss Acc: 0.192 | Val Cat Acc: 0.412 | Time: 1.8s
  GPU Memory: 0.06GB allocated, 0.15GB reserved
Epoch 30/300 | Train Loss: 2.4049 | Val Loss: 2.5995 | Val Gloss Acc: 0.202 | Val Cat Acc: 0.424 | Time: 1.7s
  GPU Memory: 0.06GB allocated, 0.15GB reserved
Epoch 31/300 | Train Loss: 2.5697 | Val Loss: 2.6463 | Val Gloss Acc: 0.188 | Val Cat Acc: 0.425 | Time: 1.7s
  GPU Memory: 0.06GB allocated, 0.15GB reserved
Epoch 32/300 | Train Loss: 2.2317 | Val Loss: 2.6152 | Val Gloss Acc: 0.191 | Val Cat Acc: 0.415 | Time: 1.7s
  GPU Memory: 0.06GB allocated, 0.15GB reserved
Epoch 33/300 | Train Loss: 3.0904 | Val Loss: 2.5657 | Val Gloss Acc: 0.197 | Val Cat Acc: 0.430 | Time: 1.9s
  GPU Memory: 0.06GB allocated, 0.15GB reserved
Epoch 34/300 | Train Loss: 2.5217 | Val Loss: 2.5473 | Val Gloss Acc: 0.206 | Val Cat Acc: 0.421 | Time: 1.7s
  GPU Memory: 0.06GB allocated, 0.15GB reserved
Epoch 35/300 | Train Loss: 2.1843 | Val Loss: 2.4970 | Val Gloss Acc: 0.225 | Val Cat Acc: 0.445 | Time: 1.7s
  GPU Memory: 0.06GB allocated, 0.15GB reserved
Epoch 36/300 | Train Loss: 2.3286 | Val Loss: 2.4676 | Val Gloss Acc: 0.225 | Val Cat Acc: 0.453 | Time: 1.7s
  GPU Memory: 0.06GB allocated, 0.15GB reserved
Epoch 37/300 | Train Loss: 2.2483 | Val Loss: 2.4439 | Val Gloss Acc: 0.237 | Val Cat Acc: 0.468 | Time: 1.8s
  GPU Memory: 0.06GB allocated, 0.15GB reserved
Epoch 38/300 | Train Loss: 2.3694 | Val Loss: 2.4684 | Val Gloss Acc: 0.219 | Val Cat Acc: 0.445 | Time: 1.8s
  GPU Memory: 0.06GB allocated, 0.15GB reserved
Epoch 39/300 | Train Loss: 2.2826 | Val Loss: 2.4090 | Val Gloss Acc: 0.237 | Val Cat Acc: 0.464 | Time: 1.9s
  GPU Memory: 0.06GB allocated, 0.15GB reserved
Epoch 40/300 | Train Loss: 1.6964 | Val Loss: 2.3846 | Val Gloss Acc: 0.257 | Val Cat Acc: 0.463 | Time: 1.8s
  GPU Memory: 0.06GB allocated, 0.15GB reserved
Epoch 41/300 | Train Loss: 1.9693 | Val Loss: 2.4094 | Val Gloss Acc: 0.243 | Val Cat Acc: 0.446 | Time: 1.9s
  GPU Memory: 0.06GB allocated, 0.15GB reserved
Epoch 42/300 | Train Loss: 2.4525 | Val Loss: 2.3799 | Val Gloss Acc: 0.266 | Val Cat Acc: 0.472 | Time: 2.0s
  GPU Memory: 0.06GB allocated, 0.15GB reserved
Epoch 43/300 | Train Loss: 1.7959 | Val Loss: 2.3601 | Val Gloss Acc: 0.262 | Val Cat Acc: 0.484 | Time: 2.2s
  GPU Memory: 0.06GB allocated, 0.15GB reserved
Epoch 44/300 | Train Loss: 1.8418 | Val Loss: 2.3405 | Val Gloss Acc: 0.272 | Val Cat Acc: 0.477 | Time: 1.8s
  GPU Memory: 0.06GB allocated, 0.15GB reserved
Epoch 45/300 | Train Loss: 1.9386 | Val Loss: 2.3102 | Val Gloss Acc: 0.267 | Val Cat Acc: 0.475 | Time: 1.7s
  GPU Memory: 0.06GB allocated, 0.15GB reserved
Epoch 46/300 | Train Loss: 2.3813 | Val Loss: 2.3558 | Val Gloss Acc: 0.246 | Val Cat Acc: 0.482 | Time: 1.8s
  GPU Memory: 0.06GB allocated, 0.15GB reserved
Epoch 47/300 | Train Loss: 2.4626 | Val Loss: 2.3064 | Val Gloss Acc: 0.275 | Val Cat Acc: 0.500 | Time: 1.8s
  GPU Memory: 0.06GB allocated, 0.15GB reserved
Epoch 48/300 | Train Loss: 1.7425 | Val Loss: 2.2550 | Val Gloss Acc: 0.268 | Val Cat Acc: 0.494 | Time: 1.8s
  GPU Memory: 0.06GB allocated, 0.15GB reserved
Epoch 49/300 | Train Loss: 2.3154 | Val Loss: 2.3323 | Val Gloss Acc: 0.256 | Val Cat Acc: 0.488 | Time: 1.9s
  GPU Memory: 0.06GB allocated, 0.15GB reserved
Epoch 50/300 | Train Loss: 1.9458 | Val Loss: 2.2044 | Val Gloss Acc: 0.292 | Val Cat Acc: 0.499 | Time: 1.9s
  GPU Memory: 0.06GB allocated, 0.15GB reserved
Epoch 51/300 | Train Loss: 2.6270 | Val Loss: 2.2218 | Val Gloss Acc: 0.305 | Val Cat Acc: 0.516 | Time: 1.8s
  GPU Memory: 0.06GB allocated, 0.15GB reserved
Epoch 52/300 | Train Loss: 2.0402 | Val Loss: 2.1929 | Val Gloss Acc: 0.296 | Val Cat Acc: 0.519 | Time: 1.9s
  GPU Memory: 0.06GB allocated, 0.15GB reserved
Epoch 53/300 | Train Loss: 2.2688 | Val Loss: 2.1622 | Val Gloss Acc: 0.305 | Val Cat Acc: 0.525 | Time: 1.7s
  GPU Memory: 0.06GB allocated, 0.15GB reserved
Epoch 54/300 | Train Loss: 1.7012 | Val Loss: 2.1255 | Val Gloss Acc: 0.308 | Val Cat Acc: 0.526 | Time: 1.8s
  GPU Memory: 0.06GB allocated, 0.15GB reserved
Epoch 55/300 | Train Loss: 2.0041 | Val Loss: 2.2784 | Val Gloss Acc: 0.272 | Val Cat Acc: 0.505 | Time: 1.8s
  GPU Memory: 0.06GB allocated, 0.15GB reserved
Epoch 56/300 | Train Loss: 1.8183 | Val Loss: 2.1121 | Val Gloss Acc: 0.320 | Val Cat Acc: 0.540 | Time: 1.9s
  GPU Memory: 0.06GB allocated, 0.15GB reserved
Epoch 57/300 | Train Loss: 2.2483 | Val Loss: 2.1454 | Val Gloss Acc: 0.297 | Val Cat Acc: 0.512 | Time: 1.7s
  GPU Memory: 0.06GB allocated, 0.15GB reserved
Epoch 58/300 | Train Loss: 2.4517 | Val Loss: 2.1441 | Val Gloss Acc: 0.309 | Val Cat Acc: 0.535 | Time: 1.9s
  GPU Memory: 0.06GB allocated, 0.15GB reserved
Epoch 59/300 | Train Loss: 1.8492 | Val Loss: 2.0416 | Val Gloss Acc: 0.335 | Val Cat Acc: 0.549 | Time: 1.8s
  GPU Memory: 0.06GB allocated, 0.15GB reserved
Epoch 60/300 | Train Loss: 1.8930 | Val Loss: 2.1486 | Val Gloss Acc: 0.308 | Val Cat Acc: 0.530 | Time: 1.8s
  GPU Memory: 0.06GB allocated, 0.15GB reserved
Epoch 61/300 | Train Loss: 2.3579 | Val Loss: 2.0389 | Val Gloss Acc: 0.321 | Val Cat Acc: 0.550 | Time: 1.9s
  GPU Memory: 0.06GB allocated, 0.15GB reserved
Epoch 62/300 | Train Loss: 1.9507 | Val Loss: 2.0121 | Val Gloss Acc: 0.347 | Val Cat Acc: 0.549 | Time: 1.9s
  GPU Memory: 0.06GB allocated, 0.15GB reserved
Epoch 63/300 | Train Loss: 1.5286 | Val Loss: 2.0684 | Val Gloss Acc: 0.338 | Val Cat Acc: 0.540 | Time: 1.9s
  GPU Memory: 0.06GB allocated, 0.15GB reserved
Epoch 64/300 | Train Loss: 1.8044 | Val Loss: 2.0456 | Val Gloss Acc: 0.314 | Val Cat Acc: 0.549 | Time: 1.9s
  GPU Memory: 0.06GB allocated, 0.15GB reserved
Epoch 65/300 | Train Loss: 1.8649 | Val Loss: 1.9564 | Val Gloss Acc: 0.349 | Val Cat Acc: 0.571 | Time: 1.8s
  GPU Memory: 0.06GB allocated, 0.15GB reserved
Epoch 66/300 | Train Loss: 1.6582 | Val Loss: 1.9472 | Val Gloss Acc: 0.350 | Val Cat Acc: 0.553 | Time: 1.8s
  GPU Memory: 0.06GB allocated, 0.15GB reserved
Epoch 67/300 | Train Loss: 1.5037 | Val Loss: 2.0797 | Val Gloss Acc: 0.308 | Val Cat Acc: 0.544 | Time: 1.8s
  GPU Memory: 0.06GB allocated, 0.15GB reserved
Epoch 68/300 | Train Loss: 1.8105 | Val Loss: 1.9419 | Val Gloss Acc: 0.356 | Val Cat Acc: 0.558 | Time: 1.9s
  GPU Memory: 0.06GB allocated, 0.15GB reserved
Epoch 69/300 | Train Loss: 2.1579 | Val Loss: 1.9017 | Val Gloss Acc: 0.365 | Val Cat Acc: 0.566 | Time: 1.8s
  GPU Memory: 0.06GB allocated, 0.15GB reserved
Epoch 70/300 | Train Loss: 1.6325 | Val Loss: 1.8819 | Val Gloss Acc: 0.368 | Val Cat Acc: 0.562 | Time: 1.8s
  GPU Memory: 0.06GB allocated, 0.15GB reserved
Epoch 71/300 | Train Loss: 1.5766 | Val Loss: 1.8870 | Val Gloss Acc: 0.364 | Val Cat Acc: 0.577 | Time: 1.9s
  GPU Memory: 0.06GB allocated, 0.15GB reserved
Epoch 72/300 | Train Loss: 1.1795 | Val Loss: 1.8640 | Val Gloss Acc: 0.385 | Val Cat Acc: 0.589 | Time: 1.8s
  GPU Memory: 0.06GB allocated, 0.15GB reserved
Epoch 73/300 | Train Loss: 1.4718 | Val Loss: 1.8329 | Val Gloss Acc: 0.375 | Val Cat Acc: 0.587 | Time: 1.9s
  GPU Memory: 0.06GB allocated, 0.15GB reserved
Epoch 74/300 | Train Loss: 1.2427 | Val Loss: 1.8357 | Val Gloss Acc: 0.389 | Val Cat Acc: 0.585 | Time: 1.9s
  GPU Memory: 0.06GB allocated, 0.15GB reserved
Epoch 75/300 | Train Loss: 1.8581 | Val Loss: 1.8270 | Val Gloss Acc: 0.386 | Val Cat Acc: 0.593 | Time: 1.9s
  GPU Memory: 0.06GB allocated, 0.15GB reserved
Epoch 76/300 | Train Loss: 1.2428 | Val Loss: 1.8194 | Val Gloss Acc: 0.373 | Val Cat Acc: 0.589 | Time: 1.8s
  GPU Memory: 0.06GB allocated, 0.15GB reserved
Epoch 77/300 | Train Loss: 1.0717 | Val Loss: 1.7802 | Val Gloss Acc: 0.401 | Val Cat Acc: 0.603 | Time: 1.8s
  GPU Memory: 0.06GB allocated, 0.15GB reserved
Epoch 78/300 | Train Loss: 1.5460 | Val Loss: 1.7899 | Val Gloss Acc: 0.412 | Val Cat Acc: 0.607 | Time: 1.9s
  GPU Memory: 0.06GB allocated, 0.15GB reserved
Epoch 79/300 | Train Loss: 1.7358 | Val Loss: 1.7672 | Val Gloss Acc: 0.404 | Val Cat Acc: 0.591 | Time: 1.8s
  GPU Memory: 0.06GB allocated, 0.15GB reserved
Epoch 80/300 | Train Loss: 1.7679 | Val Loss: 1.8581 | Val Gloss Acc: 0.369 | Val Cat Acc: 0.579 | Time: 1.8s
  GPU Memory: 0.06GB allocated, 0.15GB reserved
Epoch 81/300 | Train Loss: 1.3742 | Val Loss: 1.7450 | Val Gloss Acc: 0.410 | Val Cat Acc: 0.605 | Time: 1.7s
  GPU Memory: 0.06GB allocated, 0.15GB reserved
Epoch 82/300 | Train Loss: 1.4988 | Val Loss: 1.9463 | Val Gloss Acc: 0.377 | Val Cat Acc: 0.555 | Time: 1.7s
  GPU Memory: 0.06GB allocated, 0.15GB reserved
Epoch 83/300 | Train Loss: 1.3501 | Val Loss: 1.7162 | Val Gloss Acc: 0.421 | Val Cat Acc: 0.599 | Time: 1.9s
  GPU Memory: 0.06GB allocated, 0.15GB reserved
Epoch 84/300 | Train Loss: 1.7559 | Val Loss: 1.6733 | Val Gloss Acc: 0.423 | Val Cat Acc: 0.614 | Time: 1.7s
  GPU Memory: 0.06GB allocated, 0.15GB reserved
Epoch 85/300 | Train Loss: 1.2785 | Val Loss: 1.7199 | Val Gloss Acc: 0.433 | Val Cat Acc: 0.601 | Time: 1.8s
  GPU Memory: 0.06GB allocated, 0.15GB reserved
Epoch 86/300 | Train Loss: 1.0516 | Val Loss: 1.6833 | Val Gloss Acc: 0.424 | Val Cat Acc: 0.602 | Time: 1.7s
  GPU Memory: 0.06GB allocated, 0.15GB reserved
Epoch 87/300 | Train Loss: 1.8703 | Val Loss: 1.6563 | Val Gloss Acc: 0.429 | Val Cat Acc: 0.612 | Time: 1.9s
  GPU Memory: 0.06GB allocated, 0.15GB reserved
Epoch 88/300 | Train Loss: 1.0842 | Val Loss: 1.6313 | Val Gloss Acc: 0.446 | Val Cat Acc: 0.636 | Time: 1.8s
  GPU Memory: 0.06GB allocated, 0.15GB reserved
Epoch 89/300 | Train Loss: 1.1989 | Val Loss: 1.6409 | Val Gloss Acc: 0.442 | Val Cat Acc: 0.627 | Time: 1.8s
  GPU Memory: 0.06GB allocated, 0.15GB reserved
Epoch 90/300 | Train Loss: 1.1994 | Val Loss: 1.6185 | Val Gloss Acc: 0.448 | Val Cat Acc: 0.618 | Time: 2.0s
  GPU Memory: 0.06GB allocated, 0.15GB reserved
Epoch 91/300 | Train Loss: 1.6878 | Val Loss: 1.6164 | Val Gloss Acc: 0.444 | Val Cat Acc: 0.609 | Time: 1.8s
  GPU Memory: 0.06GB allocated, 0.15GB reserved
Epoch 92/300 | Train Loss: 1.4952 | Val Loss: 1.6049 | Val Gloss Acc: 0.439 | Val Cat Acc: 0.627 | Time: 1.6s
  GPU Memory: 0.06GB allocated, 0.15GB reserved
Epoch 93/300 | Train Loss: 1.5456 | Val Loss: 1.5844 | Val Gloss Acc: 0.453 | Val Cat Acc: 0.621 | Time: 1.8s
  GPU Memory: 0.06GB allocated, 0.15GB reserved
Epoch 94/300 | Train Loss: 1.3174 | Val Loss: 1.5728 | Val Gloss Acc: 0.470 | Val Cat Acc: 0.648 | Time: 1.9s
  GPU Memory: 0.06GB allocated, 0.15GB reserved
Epoch 95/300 | Train Loss: 1.2625 | Val Loss: 1.5754 | Val Gloss Acc: 0.460 | Val Cat Acc: 0.618 | Time: 1.9s
  GPU Memory: 0.06GB allocated, 0.15GB reserved
Epoch 96/300 | Train Loss: 1.1436 | Val Loss: 1.5682 | Val Gloss Acc: 0.487 | Val Cat Acc: 0.636 | Time: 1.8s
  GPU Memory: 0.06GB allocated, 0.15GB reserved
Epoch 97/300 | Train Loss: 1.3599 | Val Loss: 1.5431 | Val Gloss Acc: 0.482 | Val Cat Acc: 0.650 | Time: 1.8s
  GPU Memory: 0.06GB allocated, 0.15GB reserved
Epoch 98/300 | Train Loss: 1.6140 | Val Loss: 1.5177 | Val Gloss Acc: 0.500 | Val Cat Acc: 0.643 | Time: 1.7s
  GPU Memory: 0.06GB allocated, 0.15GB reserved
Epoch 99/300 | Train Loss: 1.2974 | Val Loss: 1.5197 | Val Gloss Acc: 0.490 | Val Cat Acc: 0.630 | Time: 1.9s
  GPU Memory: 0.06GB allocated, 0.15GB reserved
Epoch 100/300 | Train Loss: 1.2753 | Val Loss: 1.5326 | Val Gloss Acc: 0.488 | Val Cat Acc: 0.637 | Time: 1.9s
  GPU Memory: 0.06GB allocated, 0.15GB reserved
Epoch 101/300 | Train Loss: 0.9100 | Val Loss: 1.4789 | Val Gloss Acc: 0.513 | Val Cat Acc: 0.648 | Time: 1.8s
  GPU Memory: 0.06GB allocated, 0.15GB reserved
Epoch 102/300 | Train Loss: 1.3326 | Val Loss: 1.5022 | Val Gloss Acc: 0.502 | Val Cat Acc: 0.649 | Time: 2.0s
  GPU Memory: 0.06GB allocated, 0.15GB reserved
Epoch 103/300 | Train Loss: 0.4778 | Val Loss: 1.4634 | Val Gloss Acc: 0.500 | Val Cat Acc: 0.656 | Time: 1.9s
  GPU Memory: 0.06GB allocated, 0.15GB reserved
Epoch 104/300 | Train Loss: 0.9521 | Val Loss: 1.4438 | Val Gloss Acc: 0.520 | Val Cat Acc: 0.655 | Time: 1.7s
  GPU Memory: 0.06GB allocated, 0.15GB reserved
Epoch 105/300 | Train Loss: 1.3419 | Val Loss: 1.4977 | Val Gloss Acc: 0.492 | Val Cat Acc: 0.647 | Time: 1.7s
  GPU Memory: 0.06GB allocated, 0.15GB reserved
Epoch 106/300 | Train Loss: 1.0221 | Val Loss: 1.4369 | Val Gloss Acc: 0.512 | Val Cat Acc: 0.659 | Time: 1.9s
  GPU Memory: 0.06GB allocated, 0.15GB reserved
Epoch 107/300 | Train Loss: 0.8886 | Val Loss: 1.4298 | Val Gloss Acc: 0.531 | Val Cat Acc: 0.659 | Time: 1.8s
  GPU Memory: 0.06GB allocated, 0.15GB reserved
Epoch 108/300 | Train Loss: 1.3926 | Val Loss: 1.4234 | Val Gloss Acc: 0.524 | Val Cat Acc: 0.661 | Time: 1.9s
  GPU Memory: 0.06GB allocated, 0.15GB reserved
Epoch 109/300 | Train Loss: 1.6060 | Val Loss: 1.4163 | Val Gloss Acc: 0.519 | Val Cat Acc: 0.669 | Time: 1.9s
  GPU Memory: 0.06GB allocated, 0.15GB reserved
Epoch 110/300 | Train Loss: 1.1375 | Val Loss: 1.4203 | Val Gloss Acc: 0.523 | Val Cat Acc: 0.650 | Time: 1.8s
  GPU Memory: 0.06GB allocated, 0.15GB reserved
Epoch 111/300 | Train Loss: 1.0158 | Val Loss: 1.3897 | Val Gloss Acc: 0.528 | Val Cat Acc: 0.673 | Time: 1.9s
  GPU Memory: 0.06GB allocated, 0.15GB reserved
Epoch 112/300 | Train Loss: 1.2631 | Val Loss: 1.3679 | Val Gloss Acc: 0.547 | Val Cat Acc: 0.679 | Time: 2.0s
  GPU Memory: 0.06GB allocated, 0.15GB reserved
Epoch 113/300 | Train Loss: 0.7589 | Val Loss: 1.3960 | Val Gloss Acc: 0.526 | Val Cat Acc: 0.671 | Time: 2.0s
  GPU Memory: 0.06GB allocated, 0.15GB reserved
Epoch 114/300 | Train Loss: 1.0023 | Val Loss: 1.3957 | Val Gloss Acc: 0.524 | Val Cat Acc: 0.666 | Time: 1.9s
  GPU Memory: 0.06GB allocated, 0.15GB reserved
Epoch 115/300 | Train Loss: 1.0500 | Val Loss: 1.3634 | Val Gloss Acc: 0.537 | Val Cat Acc: 0.692 | Time: 1.7s
  GPU Memory: 0.06GB allocated, 0.15GB reserved
Epoch 116/300 | Train Loss: 1.1670 | Val Loss: 1.4689 | Val Gloss Acc: 0.510 | Val Cat Acc: 0.668 | Time: 1.9s
  GPU Memory: 0.06GB allocated, 0.15GB reserved
Epoch 117/300 | Train Loss: 1.0631 | Val Loss: 1.3902 | Val Gloss Acc: 0.519 | Val Cat Acc: 0.686 | Time: 1.7s
  GPU Memory: 0.06GB allocated, 0.15GB reserved
Epoch 118/300 | Train Loss: 0.6862 | Val Loss: 1.3723 | Val Gloss Acc: 0.536 | Val Cat Acc: 0.689 | Time: 1.7s
  GPU Memory: 0.06GB allocated, 0.15GB reserved
Epoch 119/300 | Train Loss: 0.8744 | Val Loss: 1.3778 | Val Gloss Acc: 0.553 | Val Cat Acc: 0.685 | Time: 1.7s
  GPU Memory: 0.06GB allocated, 0.15GB reserved
Epoch 120/300 | Train Loss: 1.1762 | Val Loss: 1.3302 | Val Gloss Acc: 0.555 | Val Cat Acc: 0.700 | Time: 1.7s
  GPU Memory: 0.06GB allocated, 0.15GB reserved
Epoch 121/300 | Train Loss: 0.9446 | Val Loss: 1.3167 | Val Gloss Acc: 0.559 | Val Cat Acc: 0.692 | Time: 1.9s
  GPU Memory: 0.06GB allocated, 0.15GB reserved
Epoch 122/300 | Train Loss: 0.9483 | Val Loss: 1.3330 | Val Gloss Acc: 0.561 | Val Cat Acc: 0.702 | Time: 1.8s
  GPU Memory: 0.06GB allocated, 0.15GB reserved
Epoch 123/300 | Train Loss: 0.9925 | Val Loss: 1.3536 | Val Gloss Acc: 0.542 | Val Cat Acc: 0.680 | Time: 1.8s
  GPU Memory: 0.06GB allocated, 0.15GB reserved
Epoch 124/300 | Train Loss: 0.7011 | Val Loss: 1.3034 | Val Gloss Acc: 0.565 | Val Cat Acc: 0.706 | Time: 1.7s
  GPU Memory: 0.06GB allocated, 0.15GB reserved
Epoch 125/300 | Train Loss: 1.0327 | Val Loss: 1.3213 | Val Gloss Acc: 0.575 | Val Cat Acc: 0.706 | Time: 2.0s
  GPU Memory: 0.06GB allocated, 0.15GB reserved
Epoch 126/300 | Train Loss: 1.3442 | Val Loss: 1.2912 | Val Gloss Acc: 0.567 | Val Cat Acc: 0.702 | Time: 1.8s
  GPU Memory: 0.06GB allocated, 0.15GB reserved
Epoch 127/300 | Train Loss: 1.4894 | Val Loss: 1.3421 | Val Gloss Acc: 0.555 | Val Cat Acc: 0.692 | Time: 1.8s
  GPU Memory: 0.06GB allocated, 0.15GB reserved
Epoch 128/300 | Train Loss: 1.5879 | Val Loss: 1.3414 | Val Gloss Acc: 0.554 | Val Cat Acc: 0.696 | Time: 1.9s
  GPU Memory: 0.06GB allocated, 0.15GB reserved
Epoch 129/300 | Train Loss: 0.8130 | Val Loss: 1.3122 | Val Gloss Acc: 0.561 | Val Cat Acc: 0.704 | Time: 1.7s
  GPU Memory: 0.06GB allocated, 0.15GB reserved
Epoch 130/300 | Train Loss: 1.2586 | Val Loss: 1.2961 | Val Gloss Acc: 0.559 | Val Cat Acc: 0.702 | Time: 1.9s
  GPU Memory: 0.06GB allocated, 0.15GB reserved
Epoch 131/300 | Train Loss: 0.9992 | Val Loss: 1.3292 | Val Gloss Acc: 0.556 | Val Cat Acc: 0.709 | Time: 1.8s
  GPU Memory: 0.06GB allocated, 0.15GB reserved
Epoch 132/300 | Train Loss: 0.9279 | Val Loss: 1.3251 | Val Gloss Acc: 0.553 | Val Cat Acc: 0.700 | Time: 1.8s
  GPU Memory: 0.06GB allocated, 0.15GB reserved
Epoch 133/300 | Train Loss: 0.6251 | Val Loss: 1.3113 | Val Gloss Acc: 0.569 | Val Cat Acc: 0.697 | Time: 1.9s
  GPU Memory: 0.06GB allocated, 0.15GB reserved
Epoch 134/300 | Train Loss: 0.8639 | Val Loss: 1.2914 | Val Gloss Acc: 0.582 | Val Cat Acc: 0.722 | Time: 1.8s
  GPU Memory: 0.06GB allocated, 0.15GB reserved
Epoch 135/300 | Train Loss: 0.9856 | Val Loss: 1.3080 | Val Gloss Acc: 0.555 | Val Cat Acc: 0.696 | Time: 1.8s
  GPU Memory: 0.06GB allocated, 0.15GB reserved
Epoch 136/300 | Train Loss: 1.1889 | Val Loss: 1.3099 | Val Gloss Acc: 0.554 | Val Cat Acc: 0.708 | Time: 1.9s
  GPU Memory: 0.06GB allocated, 0.15GB reserved
Epoch 137/300 | Train Loss: 1.0800 | Val Loss: 1.3129 | Val Gloss Acc: 0.567 | Val Cat Acc: 0.720 | Time: 1.9s
  GPU Memory: 0.06GB allocated, 0.15GB reserved
Epoch 138/300 | Train Loss: 1.0163 | Val Loss: 1.3344 | Val Gloss Acc: 0.546 | Val Cat Acc: 0.700 | Time: 1.9s
  GPU Memory: 0.06GB allocated, 0.15GB reserved
Epoch 139/300 | Train Loss: 0.9186 | Val Loss: 1.2959 | Val Gloss Acc: 0.577 | Val Cat Acc: 0.700 | Time: 1.8s
  GPU Memory: 0.06GB allocated, 0.15GB reserved
Epoch 140/300 | Train Loss: 0.8738 | Val Loss: 1.2803 | Val Gloss Acc: 0.572 | Val Cat Acc: 0.716 | Time: 1.8s
  GPU Memory: 0.06GB allocated, 0.15GB reserved
Epoch 141/300 | Train Loss: 0.6986 | Val Loss: 1.2789 | Val Gloss Acc: 0.566 | Val Cat Acc: 0.712 | Time: 1.8s
  GPU Memory: 0.06GB allocated, 0.15GB reserved
Epoch 142/300 | Train Loss: 1.0092 | Val Loss: 1.2584 | Val Gloss Acc: 0.577 | Val Cat Acc: 0.718 | Time: 1.9s
  GPU Memory: 0.06GB allocated, 0.15GB reserved
Epoch 143/300 | Train Loss: 0.7499 | Val Loss: 1.2523 | Val Gloss Acc: 0.577 | Val Cat Acc: 0.713 | Time: 2.0s
  GPU Memory: 0.06GB allocated, 0.15GB reserved
Epoch 144/300 | Train Loss: 0.8175 | Val Loss: 1.2560 | Val Gloss Acc: 0.582 | Val Cat Acc: 0.716 | Time: 2.0s
  GPU Memory: 0.06GB allocated, 0.15GB reserved
Epoch 145/300 | Train Loss: 1.4052 | Val Loss: 1.2687 | Val Gloss Acc: 0.576 | Val Cat Acc: 0.716 | Time: 1.8s
  GPU Memory: 0.06GB allocated, 0.15GB reserved
Epoch 146/300 | Train Loss: 1.3846 | Val Loss: 1.2551 | Val Gloss Acc: 0.581 | Val Cat Acc: 0.719 | Time: 2.0s
  GPU Memory: 0.06GB allocated, 0.15GB reserved
Epoch 147/300 | Train Loss: 0.4474 | Val Loss: 1.2494 | Val Gloss Acc: 0.583 | Val Cat Acc: 0.734 | Time: 1.9s
  GPU Memory: 0.06GB allocated, 0.15GB reserved
Epoch 148/300 | Train Loss: 0.5452 | Val Loss: 1.2824 | Val Gloss Acc: 0.577 | Val Cat Acc: 0.720 | Time: 1.7s
  GPU Memory: 0.06GB allocated, 0.15GB reserved
Epoch 149/300 | Train Loss: 0.7748 | Val Loss: 1.2396 | Val Gloss Acc: 0.572 | Val Cat Acc: 0.726 | Time: 1.9s
  GPU Memory: 0.06GB allocated, 0.15GB reserved
Epoch 150/300 | Train Loss: 1.2692 | Val Loss: 1.2732 | Val Gloss Acc: 0.566 | Val Cat Acc: 0.715 | Time: 1.8s
  GPU Memory: 0.06GB allocated, 0.15GB reserved
Epoch 151/300 | Train Loss: 1.1195 | Val Loss: 1.2378 | Val Gloss Acc: 0.579 | Val Cat Acc: 0.739 | Time: 1.8s
  GPU Memory: 0.06GB allocated, 0.15GB reserved
Epoch 152/300 | Train Loss: 1.5803 | Val Loss: 1.2422 | Val Gloss Acc: 0.589 | Val Cat Acc: 0.725 | Time: 1.8s
  GPU Memory: 0.06GB allocated, 0.15GB reserved
Epoch 153/300 | Train Loss: 1.2332 | Val Loss: 1.2460 | Val Gloss Acc: 0.564 | Val Cat Acc: 0.722 | Time: 1.7s
  GPU Memory: 0.06GB allocated, 0.15GB reserved
Epoch 154/300 | Train Loss: 0.6814 | Val Loss: 1.2879 | Val Gloss Acc: 0.570 | Val Cat Acc: 0.715 | Time: 1.8s
  GPU Memory: 0.06GB allocated, 0.15GB reserved
Epoch 155/300 | Train Loss: 0.7169 | Val Loss: 1.2681 | Val Gloss Acc: 0.567 | Val Cat Acc: 0.730 | Time: 1.9s
  GPU Memory: 0.06GB allocated, 0.15GB reserved
Epoch 156/300 | Train Loss: 0.4566 | Val Loss: 1.3002 | Val Gloss Acc: 0.560 | Val Cat Acc: 0.719 | Time: 1.9s
  GPU Memory: 0.06GB allocated, 0.15GB reserved
Epoch 157/300 | Train Loss: 1.2358 | Val Loss: 1.2682 | Val Gloss Acc: 0.588 | Val Cat Acc: 0.731 | Time: 1.8s
  GPU Memory: 0.06GB allocated, 0.15GB reserved
Epoch 158/300 | Train Loss: 0.9958 | Val Loss: 1.2529 | Val Gloss Acc: 0.590 | Val Cat Acc: 0.726 | Time: 2.0s
  GPU Memory: 0.06GB allocated, 0.15GB reserved
Epoch 159/300 | Train Loss: 1.0938 | Val Loss: 1.2514 | Val Gloss Acc: 0.608 | Val Cat Acc: 0.743 | Time: 1.8s
  GPU Memory: 0.06GB allocated, 0.15GB reserved
Epoch 160/300 | Train Loss: 0.5834 | Val Loss: 1.2764 | Val Gloss Acc: 0.587 | Val Cat Acc: 0.726 | Time: 1.7s
  GPU Memory: 0.06GB allocated, 0.15GB reserved
Epoch 161/300 | Train Loss: 1.0963 | Val Loss: 1.2281 | Val Gloss Acc: 0.588 | Val Cat Acc: 0.742 | Time: 1.9s
  GPU Memory: 0.06GB allocated, 0.15GB reserved
Epoch 162/300 | Train Loss: 0.7156 | Val Loss: 1.2820 | Val Gloss Acc: 0.569 | Val Cat Acc: 0.726 | Time: 1.9s
  GPU Memory: 0.06GB allocated, 0.15GB reserved
Epoch 163/300 | Train Loss: 0.5998 | Val Loss: 1.2327 | Val Gloss Acc: 0.585 | Val Cat Acc: 0.731 | Time: 1.7s
  GPU Memory: 0.06GB allocated, 0.15GB reserved
Epoch 164/300 | Train Loss: 0.9354 | Val Loss: 1.2455 | Val Gloss Acc: 0.585 | Val Cat Acc: 0.736 | Time: 2.0s
  GPU Memory: 0.06GB allocated, 0.15GB reserved
Epoch 165/300 | Train Loss: 0.9239 | Val Loss: 1.2163 | Val Gloss Acc: 0.588 | Val Cat Acc: 0.730 | Time: 1.9s
  GPU Memory: 0.06GB allocated, 0.15GB reserved
Epoch 166/300 | Train Loss: 0.7701 | Val Loss: 1.2273 | Val Gloss Acc: 0.600 | Val Cat Acc: 0.733 | Time: 1.9s
  GPU Memory: 0.06GB allocated, 0.15GB reserved
Epoch 167/300 | Train Loss: 0.7097 | Val Loss: 1.2055 | Val Gloss Acc: 0.600 | Val Cat Acc: 0.731 | Time: 2.0s
  GPU Memory: 0.06GB allocated, 0.15GB reserved
Epoch 168/300 | Train Loss: 1.1893 | Val Loss: 1.2441 | Val Gloss Acc: 0.595 | Val Cat Acc: 0.749 | Time: 1.8s
  GPU Memory: 0.06GB allocated, 0.15GB reserved
Epoch 169/300 | Train Loss: 0.6279 | Val Loss: 1.2367 | Val Gloss Acc: 0.584 | Val Cat Acc: 0.728 | Time: 1.9s
  GPU Memory: 0.06GB allocated, 0.15GB reserved
Epoch 170/300 | Train Loss: 0.3966 | Val Loss: 1.1873 | Val Gloss Acc: 0.593 | Val Cat Acc: 0.745 | Time: 1.8s
  GPU Memory: 0.06GB allocated, 0.15GB reserved
Epoch 171/300 | Train Loss: 0.4639 | Val Loss: 1.2373 | Val Gloss Acc: 0.590 | Val Cat Acc: 0.731 | Time: 2.1s
  GPU Memory: 0.06GB allocated, 0.15GB reserved
Epoch 172/300 | Train Loss: 1.0334 | Val Loss: 1.2045 | Val Gloss Acc: 0.602 | Val Cat Acc: 0.756 | Time: 1.7s
  GPU Memory: 0.06GB allocated, 0.15GB reserved
Epoch 173/300 | Train Loss: 1.0135 | Val Loss: 1.2078 | Val Gloss Acc: 0.603 | Val Cat Acc: 0.750 | Time: 1.7s
  GPU Memory: 0.06GB allocated, 0.15GB reserved
Epoch 174/300 | Train Loss: 0.5585 | Val Loss: 1.2230 | Val Gloss Acc: 0.582 | Val Cat Acc: 0.744 | Time: 1.7s
  GPU Memory: 0.06GB allocated, 0.15GB reserved
Epoch 175/300 | Train Loss: 0.4112 | Val Loss: 1.2324 | Val Gloss Acc: 0.594 | Val Cat Acc: 0.744 | Time: 1.7s
  GPU Memory: 0.06GB allocated, 0.15GB reserved
Epoch 176/300 | Train Loss: 0.8052 | Val Loss: 1.2192 | Val Gloss Acc: 0.601 | Val Cat Acc: 0.746 | Time: 1.9s
  GPU Memory: 0.06GB allocated, 0.15GB reserved
Epoch 177/300 | Train Loss: 0.2232 | Val Loss: 1.2230 | Val Gloss Acc: 0.591 | Val Cat Acc: 0.739 | Time: 1.7s
  GPU Memory: 0.06GB allocated, 0.15GB reserved
Epoch 178/300 | Train Loss: 0.2657 | Val Loss: 1.2484 | Val Gloss Acc: 0.591 | Val Cat Acc: 0.738 | Time: 1.8s
  GPU Memory: 0.06GB allocated, 0.15GB reserved
Epoch 179/300 | Train Loss: 0.4616 | Val Loss: 1.2046 | Val Gloss Acc: 0.602 | Val Cat Acc: 0.749 | Time: 1.9s
  GPU Memory: 0.06GB allocated, 0.15GB reserved
Early stopping triggered after 179 epochs. Best gloss acc: 0.6082
------------------------------------------------------------
Training completed!

============================================================
Training completed - 2025-10-09 05:22:49
Log saved to: trained_models/transformer/cmb_balanced_strong/training_20251009_051713.log
============================================================
