============================================================
TRAINING LOG - 2025-10-25 04:58:28
============================================================
Console output will be saved to: trained_models/iv3_gru/greetings_ctc_v2/training_20251025_045828.log
Metrics CSV will be saved to: trained_models/iv3_gru/greetings_ctc_v2/training_20251025_045828_metrics.csv

Using device: cuda
CUDA device: NVIDIA GeForce RTX 5070 Ti
CUDA memory: 16.6 GB
CUDA compute capability: 12.0
CUDA multiprocessors: 70
CUDA memory allocated: 0.00 GB
CUDA memory cached: 0.00 GB

============================================================
DATA LOADING
============================================================
✓ Loaded data successfully
  - Dataset type: IV3-GRU Features
  - Training folder: data/processed/greetings_train
  - Validation folder: data/processed/greetings_val
  - Feature key: X2048
  - Gloss classes: 10
  - Category classes: 1

============================================================
DATASET PREPARATION
============================================================
✓ CTC Mode: blank_id=10, num_ctc_classes=11
⚠️  Training on subset: 10/105 glosses (subset training enabled)
✓ Created datasets and data loaders
  - Batch size: 16
  - Training batches: 61
  - Validation batches: 16
  - Data augmentation: Enabled (noise_std=0.001, mask_prob=0.02)
  - Training dataset size: 970 samples
  - Validation dataset size: 246 samples
  - Data format: [T, 2048] features

============================================================
MODEL SELECTION
============================================================
Available models:
Classification models (isolated signs):
  - transformer: Multi-head attention transformer (keypoints)
  - mediapipe_gru: Lightweight GRU (keypoints, mobile-friendly)
  - iv3_gru: InceptionV3 + GRU hybrid (features, offline baseline)
CTC models (continuous recognition):
  - transformer_ctc: Transformer with CTC (keypoints)
  - mediapipe_gru_ctc: Lightweight GRU with CTC (keypoints)
  - iv3_gru_ctc: InceptionV3 + GRU with CTC (features, offline baseline)
✓ Using InceptionV3GRUCtc model (num_ctc_classes=11)

================================================================================
COMPREHENSIVE TRAINING CONFIGURATION
================================================================================
Session Information:
  - Start time: 2025-10-25 04:58:28
  - Working directory: /workspace/fslr-transformer-vs-iv3gru
  - Command: /workspace/fslr-transformer-vs-iv3gru/training/train.py --model iv3_gru_ctc --training-mode ctc --epochs 300 --batch-size 16 --lr 0.0001 --num-gloss 10 --num-cat 1 --alpha 0.7 --beta 0.3 --num-ctc-classes 11 --hidden1 512 --hidden2 256 --dropout 0.3 --pretrained-backbone --freeze-backbone --output-dir trained_models/iv3_gru/greetings_ctc_v2 --ctc-blank-id 10 --features-train data/processed/greetings_train --features-val data/processed/greetings_val --labels-train-csv data/processed/greetings_train.csv --labels-val-csv data/processed/greetings_val.csv --feature-key X2048 --amp --augment --augment-noise-std 0.001 --augment-mask-prob 0.02 --augment-mask-ratio 0.02 --scheduler plateau --scheduler-patience 20 --early-stop 150 --weight-decay 1e-4 --label-smoothing 0.05 --output-dir trained_models/iv3_gru/greetings_ctc_v2

System Information:
  - Platform: Linux-6.8.0-52-generic-x86_64-with-glibc2.39
  - Python version: 3.12.11 | packaged by conda-forge | (main, Jun  4 2025, 14:45:31) [GCC 13.3.0]
  - PyTorch version: 2.9.0+cu128
  - CUDA version: 12.8
  - cuDNN version: 91002
  - NumPy version: 2.2.6

Core Training Parameters:
  - Model: iv3_gru_ctc
  - Epochs: 300
  - Batch size: 16
  - Learning rate: 0.0001
  - Weight decay: 0.0001
  - Gradient clipping: None
  - Loss weights - Alpha: 0.7, Beta: 0.3

Curriculum Training: Disabled

Loss Weighting Parameters:
  - Strategy: static
  - Alpha: 0.7
  - Beta: 0.3

Data Configuration:
  - Gloss classes: 10
  - Category classes: 1
  - Data source: Real data files

Training Control:
  - Scheduler: plateau
  - Scheduler patience: 20
  - Early stopping: 150
  - Resume from: None

Performance Settings:
  - AMP (Mixed Precision): True
  - Model compilation: False
  - Gradient accumulation steps: 1
  - DataLoader workers: 0
  - Auto workers: False
  - Pin memory: False
  - Prefetch factor: None

Reproducibility:
  - Random seed: 42
  - Deterministic mode: False

Output Configuration:
  - Checkpoint directory: trained_models/iv3_gru/greetings_ctc_v2
  - CSV log file: trained_models/iv3_gru/greetings_ctc_v2/training_20251025_045828_metrics.csv

Model Information:
  - Model type: InceptionV3GRUCtc
  - Total parameters: 34,961,108
  - Trainable parameters: 9,848,844
  - Model size: 133.4 MB
================================================================================

============================================================
TRAINING START
============================================================
Training mode: CTC (Continuous Sign Language Recognition)

================================================================================
CTC TRAINING CONFIGURATION
================================================================================
Training Mode: Continuous Sign Language Recognition (CTC)
Model: InceptionV3GRUCtc
Blank Token ID: 10
Epochs: 300
Learning Rate: 0.0001
Batch Size: 16
Gradient Accumulation: 1
AMP Enabled: True
================================================================================

✓ Using CTCLoss (blank=10, zero_infinity=True)
✓ Optimizer: Adam (lr=0.0001, weight_decay=0.0001)
✓ AMP enabled: True
✓ Scheduler: ReduceLROnPlateau (patience=20)
✓ Logging metrics to: trained_models/iv3_gru/greetings_ctc_v2/training_20251025_045828_metrics.csv

================================================================================
STARTING CTC TRAINING - 300 epochs
================================================================================

Epoch   1/300 | Train Loss: 28.6977 | Val Loss: 2.7298 | Val Cat Acc: 1.000 | Time: 6.5s
  GPU Memory: 0.25GB allocated, 0.83GB reserved
  ✓ New best validation loss: 2.7298
Epoch   2/300 | Train Loss: 2.3163 | Val Loss: 2.8710 | Val Cat Acc: 1.000 | Time: 6.1s
  GPU Memory: 0.25GB allocated, 0.83GB reserved
Epoch   3/300 | Train Loss: 2.2977 | Val Loss: 2.8464 | Val Cat Acc: 1.000 | Time: 6.3s
  GPU Memory: 0.25GB allocated, 0.83GB reserved
Epoch   4/300 | Train Loss: 2.2841 | Val Loss: 2.8161 | Val Cat Acc: 1.000 | Time: 6.4s
  GPU Memory: 0.25GB allocated, 0.83GB reserved
Epoch   5/300 | Train Loss: 2.2643 | Val Loss: 2.8192 | Val Cat Acc: 1.000 | Time: 6.5s
  GPU Memory: 0.25GB allocated, 0.83GB reserved
Epoch   6/300 | Train Loss: 2.2451 | Val Loss: 2.7770 | Val Cat Acc: 1.000 | Time: 6.4s
  GPU Memory: 0.25GB allocated, 0.83GB reserved
Epoch   7/300 | Train Loss: 2.2042 | Val Loss: 2.6937 | Val Cat Acc: 1.000 | Time: 6.1s
  GPU Memory: 0.25GB allocated, 0.83GB reserved
  ✓ New best validation loss: 2.6937
Epoch   8/300 | Train Loss: 2.1398 | Val Loss: 2.5086 | Val Cat Acc: 1.000 | Time: 6.4s
  GPU Memory: 0.25GB allocated, 0.83GB reserved
  ✓ New best validation loss: 2.5086
Epoch   9/300 | Train Loss: 2.0355 | Val Loss: 2.4142 | Val Cat Acc: 1.000 | Time: 6.3s
  GPU Memory: 0.25GB allocated, 0.83GB reserved
  ✓ New best validation loss: 2.4142
Epoch  10/300 | Train Loss: 1.8598 | Val Loss: 2.0381 | Val Cat Acc: 1.000 | Time: 6.1s
  GPU Memory: 0.25GB allocated, 0.83GB reserved
  ✓ New best validation loss: 2.0381
Epoch  11/300 | Train Loss: 1.6172 | Val Loss: 1.6081 | Val Cat Acc: 1.000 | Time: 6.1s
  GPU Memory: 0.25GB allocated, 0.83GB reserved
  ✓ New best validation loss: 1.6081
Epoch  12/300 | Train Loss: 1.3631 | Val Loss: 1.4061 | Val Cat Acc: 1.000 | Time: 6.2s
  GPU Memory: 0.25GB allocated, 0.83GB reserved
  ✓ New best validation loss: 1.4061
Epoch  13/300 | Train Loss: 1.1969 | Val Loss: 1.2769 | Val Cat Acc: 1.000 | Time: 6.5s
  GPU Memory: 0.25GB allocated, 0.83GB reserved
  ✓ New best validation loss: 1.2769
Epoch  14/300 | Train Loss: 1.0773 | Val Loss: 1.3857 | Val Cat Acc: 1.000 | Time: 6.2s
  GPU Memory: 0.25GB allocated, 0.83GB reserved
Epoch  15/300 | Train Loss: 1.0274 | Val Loss: 1.1775 | Val Cat Acc: 1.000 | Time: 6.9s
  GPU Memory: 0.25GB allocated, 0.83GB reserved
  ✓ New best validation loss: 1.1775
Epoch  16/300 | Train Loss: 0.9609 | Val Loss: 1.0138 | Val Cat Acc: 1.000 | Time: 6.4s
  GPU Memory: 0.25GB allocated, 0.83GB reserved
  ✓ New best validation loss: 1.0138
Epoch  17/300 | Train Loss: 0.9503 | Val Loss: 1.0913 | Val Cat Acc: 1.000 | Time: 7.0s
  GPU Memory: 0.25GB allocated, 0.83GB reserved
Epoch  18/300 | Train Loss: 0.8855 | Val Loss: 1.1767 | Val Cat Acc: 1.000 | Time: 7.0s
  GPU Memory: 0.25GB allocated, 0.83GB reserved
Epoch  19/300 | Train Loss: 0.8676 | Val Loss: 0.9801 | Val Cat Acc: 1.000 | Time: 6.4s
  GPU Memory: 0.25GB allocated, 0.83GB reserved
  ✓ New best validation loss: 0.9801
Epoch  20/300 | Train Loss: 0.8567 | Val Loss: 1.0909 | Val Cat Acc: 1.000 | Time: 6.3s
  GPU Memory: 0.25GB allocated, 0.83GB reserved
Epoch  21/300 | Train Loss: 0.8371 | Val Loss: 1.0602 | Val Cat Acc: 1.000 | Time: 6.2s
  GPU Memory: 0.25GB allocated, 0.83GB reserved
Epoch  22/300 | Train Loss: 0.8234 | Val Loss: 0.9919 | Val Cat Acc: 1.000 | Time: 6.2s
  GPU Memory: 0.25GB allocated, 0.83GB reserved
Epoch  23/300 | Train Loss: 0.7881 | Val Loss: 1.0164 | Val Cat Acc: 1.000 | Time: 6.4s
  GPU Memory: 0.25GB allocated, 0.83GB reserved
Epoch  24/300 | Train Loss: 0.8239 | Val Loss: 1.0826 | Val Cat Acc: 1.000 | Time: 7.1s
  GPU Memory: 0.25GB allocated, 0.83GB reserved
Epoch  25/300 | Train Loss: 0.7691 | Val Loss: 1.0260 | Val Cat Acc: 1.000 | Time: 6.7s
  GPU Memory: 0.25GB allocated, 0.83GB reserved
Epoch  26/300 | Train Loss: 0.7442 | Val Loss: 1.0690 | Val Cat Acc: 1.000 | Time: 6.3s
  GPU Memory: 0.25GB allocated, 0.83GB reserved
Epoch  27/300 | Train Loss: 0.7263 | Val Loss: 0.9071 | Val Cat Acc: 1.000 | Time: 6.3s
  GPU Memory: 0.25GB allocated, 0.83GB reserved
  ✓ New best validation loss: 0.9071
Epoch  28/300 | Train Loss: 0.6792 | Val Loss: 0.8670 | Val Cat Acc: 1.000 | Time: 6.1s
  GPU Memory: 0.25GB allocated, 0.83GB reserved
  ✓ New best validation loss: 0.8670
Epoch  29/300 | Train Loss: 0.6131 | Val Loss: 0.7876 | Val Cat Acc: 1.000 | Time: 6.1s
  GPU Memory: 0.25GB allocated, 0.83GB reserved
  ✓ New best validation loss: 0.7876
Epoch  30/300 | Train Loss: 0.4162 | Val Loss: 0.3199 | Val Cat Acc: 1.000 | Time: 6.1s
  GPU Memory: 0.25GB allocated, 0.83GB reserved
  ✓ New best validation loss: 0.3199
Epoch  31/300 | Train Loss: 0.2923 | Val Loss: 0.2092 | Val Cat Acc: 1.000 | Time: 6.4s
  GPU Memory: 0.25GB allocated, 0.83GB reserved
  ✓ New best validation loss: 0.2092
Epoch  32/300 | Train Loss: 0.2462 | Val Loss: 0.2000 | Val Cat Acc: 1.000 | Time: 6.2s
  GPU Memory: 0.25GB allocated, 0.83GB reserved
  ✓ New best validation loss: 0.2000
Epoch  33/300 | Train Loss: 0.4688 | Val Loss: 0.4404 | Val Cat Acc: 1.000 | Time: 6.5s
  GPU Memory: 0.25GB allocated, 0.83GB reserved
Epoch  34/300 | Train Loss: 0.5640 | Val Loss: 1.6506 | Val Cat Acc: 1.000 | Time: 6.5s
  GPU Memory: 0.25GB allocated, 0.83GB reserved
Epoch  35/300 | Train Loss: 1.0066 | Val Loss: 1.1639 | Val Cat Acc: 1.000 | Time: 6.6s
  GPU Memory: 0.25GB allocated, 0.83GB reserved
Epoch  36/300 | Train Loss: 0.8801 | Val Loss: 1.3138 | Val Cat Acc: 1.000 | Time: 6.4s
  GPU Memory: 0.25GB allocated, 0.83GB reserved
Epoch  37/300 | Train Loss: 0.7380 | Val Loss: 0.9495 | Val Cat Acc: 1.000 | Time: 6.3s
  GPU Memory: 0.25GB allocated, 0.83GB reserved
Epoch  38/300 | Train Loss: 0.6516 | Val Loss: 0.7760 | Val Cat Acc: 1.000 | Time: 6.1s
  GPU Memory: 0.25GB allocated, 0.83GB reserved
Epoch  39/300 | Train Loss: 0.6265 | Val Loss: 0.9083 | Val Cat Acc: 1.000 | Time: 6.2s
  GPU Memory: 0.25GB allocated, 0.83GB reserved
Epoch  40/300 | Train Loss: 0.5679 | Val Loss: 0.9690 | Val Cat Acc: 1.000 | Time: 6.4s
  GPU Memory: 0.25GB allocated, 0.83GB reserved
Epoch  41/300 | Train Loss: 0.4751 | Val Loss: 0.4343 | Val Cat Acc: 1.000 | Time: 6.4s
  GPU Memory: 0.25GB allocated, 0.83GB reserved
Epoch  42/300 | Train Loss: 0.3763 | Val Loss: 0.7901 | Val Cat Acc: 1.000 | Time: 6.3s
  GPU Memory: 0.25GB allocated, 0.83GB reserved
Epoch  43/300 | Train Loss: 0.2763 | Val Loss: 0.2250 | Val Cat Acc: 1.000 | Time: 6.5s
  GPU Memory: 0.25GB allocated, 0.83GB reserved
Epoch  44/300 | Train Loss: 0.1642 | Val Loss: 0.2296 | Val Cat Acc: 1.000 | Time: 6.2s
  GPU Memory: 0.25GB allocated, 0.83GB reserved
Epoch  45/300 | Train Loss: 0.1158 | Val Loss: 0.2076 | Val Cat Acc: 1.000 | Time: 6.1s
  GPU Memory: 0.25GB allocated, 0.83GB reserved
Epoch  46/300 | Train Loss: 0.0944 | Val Loss: 0.1075 | Val Cat Acc: 1.000 | Time: 6.1s
  GPU Memory: 0.25GB allocated, 0.83GB reserved
  ✓ New best validation loss: 0.1075
Epoch  47/300 | Train Loss: 0.1013 | Val Loss: 0.1422 | Val Cat Acc: 1.000 | Time: 6.1s
  GPU Memory: 0.25GB allocated, 0.83GB reserved
Epoch  48/300 | Train Loss: 0.0789 | Val Loss: 0.2015 | Val Cat Acc: 1.000 | Time: 6.6s
  GPU Memory: 0.25GB allocated, 0.83GB reserved
Epoch  49/300 | Train Loss: 0.0782 | Val Loss: 0.1355 | Val Cat Acc: 1.000 | Time: 6.5s
  GPU Memory: 0.25GB allocated, 0.83GB reserved
Epoch  50/300 | Train Loss: 0.0408 | Val Loss: 0.0990 | Val Cat Acc: 1.000 | Time: 6.3s
  GPU Memory: 0.25GB allocated, 0.83GB reserved
  ✓ New best validation loss: 0.0990
Epoch  51/300 | Train Loss: 0.0258 | Val Loss: 0.1473 | Val Cat Acc: 1.000 | Time: 6.3s
  GPU Memory: 0.25GB allocated, 0.83GB reserved
Epoch  52/300 | Train Loss: 0.0229 | Val Loss: 0.0995 | Val Cat Acc: 1.000 | Time: 6.1s
  GPU Memory: 0.25GB allocated, 0.83GB reserved
Epoch  53/300 | Train Loss: 0.0222 | Val Loss: 0.1384 | Val Cat Acc: 1.000 | Time: 6.1s
  GPU Memory: 0.25GB allocated, 0.83GB reserved
Epoch  54/300 | Train Loss: 0.0509 | Val Loss: 0.1447 | Val Cat Acc: 1.000 | Time: 6.1s
  GPU Memory: 0.25GB allocated, 0.83GB reserved
Epoch  55/300 | Train Loss: 0.0288 | Val Loss: 0.1074 | Val Cat Acc: 1.000 | Time: 6.6s
  GPU Memory: 0.25GB allocated, 0.83GB reserved
Epoch  56/300 | Train Loss: 0.0330 | Val Loss: 0.1238 | Val Cat Acc: 1.000 | Time: 6.7s
  GPU Memory: 0.25GB allocated, 0.83GB reserved
Epoch  57/300 | Train Loss: 0.1488 | Val Loss: 0.4478 | Val Cat Acc: 1.000 | Time: 6.6s
  GPU Memory: 0.25GB allocated, 0.83GB reserved
Epoch  58/300 | Train Loss: 0.1576 | Val Loss: 0.8961 | Val Cat Acc: 1.000 | Time: 6.8s
  GPU Memory: 0.25GB allocated, 0.83GB reserved
Epoch  59/300 | Train Loss: 0.2311 | Val Loss: 0.1388 | Val Cat Acc: 1.000 | Time: 6.7s
  GPU Memory: 0.25GB allocated, 0.83GB reserved
Epoch  60/300 | Train Loss: 0.0518 | Val Loss: 0.1556 | Val Cat Acc: 1.000 | Time: 6.1s
  GPU Memory: 0.25GB allocated, 0.83GB reserved
Epoch  61/300 | Train Loss: 0.0348 | Val Loss: 0.1414 | Val Cat Acc: 1.000 | Time: 6.3s
  GPU Memory: 0.25GB allocated, 0.83GB reserved
Epoch  62/300 | Train Loss: 0.0371 | Val Loss: 0.1128 | Val Cat Acc: 1.000 | Time: 6.2s
  GPU Memory: 0.25GB allocated, 0.83GB reserved
Epoch  63/300 | Train Loss: 0.0171 | Val Loss: 0.2009 | Val Cat Acc: 1.000 | Time: 6.4s
  GPU Memory: 0.25GB allocated, 0.83GB reserved
Epoch  64/300 | Train Loss: 0.0175 | Val Loss: 0.1519 | Val Cat Acc: 1.000 | Time: 6.3s
  GPU Memory: 0.25GB allocated, 0.83GB reserved
Epoch  65/300 | Train Loss: 0.0189 | Val Loss: 0.0648 | Val Cat Acc: 1.000 | Time: 6.4s
  GPU Memory: 0.25GB allocated, 0.83GB reserved
  ✓ New best validation loss: 0.0648
Epoch  66/300 | Train Loss: 0.0798 | Val Loss: 0.1821 | Val Cat Acc: 1.000 | Time: 6.4s
  GPU Memory: 0.25GB allocated, 0.83GB reserved
Epoch  67/300 | Train Loss: 0.0575 | Val Loss: 0.0805 | Val Cat Acc: 1.000 | Time: 6.3s
  GPU Memory: 0.25GB allocated, 0.83GB reserved
Epoch  68/300 | Train Loss: 0.0179 | Val Loss: 0.0962 | Val Cat Acc: 1.000 | Time: 6.1s
  GPU Memory: 0.25GB allocated, 0.83GB reserved
Epoch  69/300 | Train Loss: 0.0110 | Val Loss: 0.1022 | Val Cat Acc: 1.000 | Time: 6.4s
  GPU Memory: 0.25GB allocated, 0.83GB reserved
Epoch  70/300 | Train Loss: 0.0082 | Val Loss: 0.0830 | Val Cat Acc: 1.000 | Time: 6.2s
  GPU Memory: 0.25GB allocated, 0.83GB reserved
Epoch  71/300 | Train Loss: 0.0063 | Val Loss: 0.0990 | Val Cat Acc: 1.000 | Time: 6.1s
  GPU Memory: 0.25GB allocated, 0.83GB reserved
Epoch  72/300 | Train Loss: 0.0057 | Val Loss: 0.0918 | Val Cat Acc: 1.000 | Time: 6.1s
  GPU Memory: 0.25GB allocated, 0.83GB reserved
Epoch  73/300 | Train Loss: 0.0051 | Val Loss: 0.0621 | Val Cat Acc: 1.000 | Time: 6.1s
  GPU Memory: 0.25GB allocated, 0.83GB reserved
  ✓ New best validation loss: 0.0621
Epoch  74/300 | Train Loss: 0.0043 | Val Loss: 0.0655 | Val Cat Acc: 1.000 | Time: 6.3s
  GPU Memory: 0.25GB allocated, 0.83GB reserved
Epoch  75/300 | Train Loss: 0.0038 | Val Loss: 0.0637 | Val Cat Acc: 1.000 | Time: 6.4s
  GPU Memory: 0.25GB allocated, 0.83GB reserved
Epoch  76/300 | Train Loss: 0.0037 | Val Loss: 0.0742 | Val Cat Acc: 1.000 | Time: 6.4s
  GPU Memory: 0.25GB allocated, 0.83GB reserved
Epoch  77/300 | Train Loss: 0.0032 | Val Loss: 0.0668 | Val Cat Acc: 1.000 | Time: 6.3s
  GPU Memory: 0.25GB allocated, 0.83GB reserved
Epoch  78/300 | Train Loss: 0.0031 | Val Loss: 0.0661 | Val Cat Acc: 1.000 | Time: 6.2s
  GPU Memory: 0.25GB allocated, 0.83GB reserved
Epoch  79/300 | Train Loss: 0.0032 | Val Loss: 0.0859 | Val Cat Acc: 1.000 | Time: 6.5s
  GPU Memory: 0.25GB allocated, 0.83GB reserved
Epoch  80/300 | Train Loss: 0.0030 | Val Loss: 0.0827 | Val Cat Acc: 1.000 | Time: 6.1s
  GPU Memory: 0.25GB allocated, 0.83GB reserved
Epoch  81/300 | Train Loss: 0.0028 | Val Loss: 0.0736 | Val Cat Acc: 1.000 | Time: 6.1s
  GPU Memory: 0.25GB allocated, 0.83GB reserved
Epoch  82/300 | Train Loss: 0.0027 | Val Loss: 0.0792 | Val Cat Acc: 1.000 | Time: 6.1s
  GPU Memory: 0.25GB allocated, 0.83GB reserved
Epoch  83/300 | Train Loss: 0.0026 | Val Loss: 0.0604 | Val Cat Acc: 1.000 | Time: 6.1s
  GPU Memory: 0.25GB allocated, 0.83GB reserved
  ✓ New best validation loss: 0.0604
Epoch  84/300 | Train Loss: 0.0025 | Val Loss: 0.0675 | Val Cat Acc: 1.000 | Time: 6.3s
  GPU Memory: 0.25GB allocated, 0.83GB reserved
Epoch  85/300 | Train Loss: 0.0024 | Val Loss: 0.0748 | Val Cat Acc: 1.000 | Time: 6.4s
  GPU Memory: 0.25GB allocated, 0.83GB reserved
Epoch  86/300 | Train Loss: 0.0023 | Val Loss: 0.0707 | Val Cat Acc: 1.000 | Time: 6.4s
  GPU Memory: 0.25GB allocated, 0.83GB reserved
Epoch  87/300 | Train Loss: 0.0025 | Val Loss: 0.0991 | Val Cat Acc: 1.000 | Time: 6.1s
  GPU Memory: 0.25GB allocated, 0.83GB reserved
Epoch  88/300 | Train Loss: 0.0023 | Val Loss: 0.0558 | Val Cat Acc: 1.000 | Time: 6.4s
  GPU Memory: 0.25GB allocated, 0.83GB reserved
  ✓ New best validation loss: 0.0558
Epoch  89/300 | Train Loss: 0.0056 | Val Loss: 0.1187 | Val Cat Acc: 1.000 | Time: 6.2s
  GPU Memory: 0.25GB allocated, 0.83GB reserved
Epoch  90/300 | Train Loss: 0.1108 | Val Loss: 0.2023 | Val Cat Acc: 1.000 | Time: 6.1s
  GPU Memory: 0.25GB allocated, 0.83GB reserved
Epoch  91/300 | Train Loss: 0.3351 | Val Loss: 0.1932 | Val Cat Acc: 1.000 | Time: 6.1s
  GPU Memory: 0.25GB allocated, 0.83GB reserved
Epoch  92/300 | Train Loss: 0.0901 | Val Loss: 0.1376 | Val Cat Acc: 1.000 | Time: 7.2s
  GPU Memory: 0.25GB allocated, 0.83GB reserved
Epoch  93/300 | Train Loss: 0.0662 | Val Loss: 0.0986 | Val Cat Acc: 1.000 | Time: 6.3s
  GPU Memory: 0.25GB allocated, 0.83GB reserved
Epoch  94/300 | Train Loss: 0.1682 | Val Loss: 0.9553 | Val Cat Acc: 1.000 | Time: 6.2s
  GPU Memory: 0.25GB allocated, 0.83GB reserved
Epoch  95/300 | Train Loss: 0.1691 | Val Loss: 0.1649 | Val Cat Acc: 1.000 | Time: 6.9s
  GPU Memory: 0.25GB allocated, 0.83GB reserved
Epoch  96/300 | Train Loss: 0.0356 | Val Loss: 0.1947 | Val Cat Acc: 1.000 | Time: 6.4s
  GPU Memory: 0.25GB allocated, 0.83GB reserved
Epoch  97/300 | Train Loss: 0.0142 | Val Loss: 0.0879 | Val Cat Acc: 1.000 | Time: 6.6s
  GPU Memory: 0.25GB allocated, 0.83GB reserved
Epoch  98/300 | Train Loss: 0.0110 | Val Loss: 0.1209 | Val Cat Acc: 1.000 | Time: 6.4s
  GPU Memory: 0.25GB allocated, 0.83GB reserved
Epoch  99/300 | Train Loss: 0.0070 | Val Loss: 0.1368 | Val Cat Acc: 1.000 | Time: 6.3s
  GPU Memory: 0.25GB allocated, 0.83GB reserved
Epoch 100/300 | Train Loss: 0.0061 | Val Loss: 0.1357 | Val Cat Acc: 1.000 | Time: 6.4s
  GPU Memory: 0.25GB allocated, 0.83GB reserved
Epoch 101/300 | Train Loss: 0.0051 | Val Loss: 0.0431 | Val Cat Acc: 1.000 | Time: 6.5s
  GPU Memory: 0.25GB allocated, 0.83GB reserved
  ✓ New best validation loss: 0.0431
Epoch 102/300 | Train Loss: 0.0034 | Val Loss: 0.0585 | Val Cat Acc: 1.000 | Time: 6.4s
  GPU Memory: 0.25GB allocated, 0.83GB reserved
Epoch 103/300 | Train Loss: 0.0027 | Val Loss: 0.0504 | Val Cat Acc: 1.000 | Time: 6.2s
  GPU Memory: 0.25GB allocated, 0.83GB reserved
Epoch 104/300 | Train Loss: 0.0022 | Val Loss: 0.0566 | Val Cat Acc: 1.000 | Time: 6.3s
  GPU Memory: 0.25GB allocated, 0.83GB reserved
Epoch 105/300 | Train Loss: 0.0020 | Val Loss: 0.0545 | Val Cat Acc: 1.000 | Time: 6.4s
  GPU Memory: 0.25GB allocated, 0.83GB reserved
Epoch 106/300 | Train Loss: 0.0019 | Val Loss: 0.0521 | Val Cat Acc: 1.000 | Time: 6.4s
  GPU Memory: 0.25GB allocated, 0.83GB reserved
Epoch 107/300 | Train Loss: 0.0017 | Val Loss: 0.0510 | Val Cat Acc: 1.000 | Time: 6.4s
  GPU Memory: 0.25GB allocated, 0.83GB reserved
Epoch 108/300 | Train Loss: 0.0035 | Val Loss: 0.0769 | Val Cat Acc: 1.000 | Time: 6.3s
  GPU Memory: 0.25GB allocated, 0.83GB reserved
Epoch 109/300 | Train Loss: 0.0021 | Val Loss: 0.0449 | Val Cat Acc: 1.000 | Time: 6.3s
  GPU Memory: 0.25GB allocated, 0.83GB reserved
Epoch 110/300 | Train Loss: 0.0019 | Val Loss: 0.0518 | Val Cat Acc: 1.000 | Time: 6.4s
  GPU Memory: 0.25GB allocated, 0.83GB reserved
Epoch 111/300 | Train Loss: 0.0017 | Val Loss: 0.0423 | Val Cat Acc: 1.000 | Time: 6.4s
  GPU Memory: 0.25GB allocated, 0.83GB reserved
  ✓ New best validation loss: 0.0423
Epoch 112/300 | Train Loss: 0.0017 | Val Loss: 0.0600 | Val Cat Acc: 1.000 | Time: 6.7s
  GPU Memory: 0.25GB allocated, 0.83GB reserved
Epoch 113/300 | Train Loss: 0.0014 | Val Loss: 0.0562 | Val Cat Acc: 1.000 | Time: 6.4s
  GPU Memory: 0.25GB allocated, 0.83GB reserved
Epoch 114/300 | Train Loss: 0.0479 | Val Loss: 0.3908 | Val Cat Acc: 1.000 | Time: 6.4s
  GPU Memory: 0.25GB allocated, 0.83GB reserved
Epoch 115/300 | Train Loss: 0.2199 | Val Loss: 0.8163 | Val Cat Acc: 1.000 | Time: 6.8s
  GPU Memory: 0.25GB allocated, 0.83GB reserved
Epoch 116/300 | Train Loss: 0.1537 | Val Loss: 0.1737 | Val Cat Acc: 1.000 | Time: 6.4s
  GPU Memory: 0.25GB allocated, 0.83GB reserved
Epoch 117/300 | Train Loss: 0.0817 | Val Loss: 0.1722 | Val Cat Acc: 1.000 | Time: 6.3s
  GPU Memory: 0.25GB allocated, 0.83GB reserved
Epoch 118/300 | Train Loss: 0.1728 | Val Loss: 0.3298 | Val Cat Acc: 1.000 | Time: 6.1s
  GPU Memory: 0.25GB allocated, 0.83GB reserved
Epoch 119/300 | Train Loss: 0.0945 | Val Loss: 0.0756 | Val Cat Acc: 1.000 | Time: 6.1s
  GPU Memory: 0.25GB allocated, 0.83GB reserved
Epoch 120/300 | Train Loss: 0.0160 | Val Loss: 0.0770 | Val Cat Acc: 1.000 | Time: 6.5s
  GPU Memory: 0.25GB allocated, 0.83GB reserved
Epoch 121/300 | Train Loss: 0.0158 | Val Loss: 0.1016 | Val Cat Acc: 1.000 | Time: 6.5s
  GPU Memory: 0.25GB allocated, 0.83GB reserved
Epoch 122/300 | Train Loss: 0.0124 | Val Loss: 0.1400 | Val Cat Acc: 1.000 | Time: 6.3s
  GPU Memory: 0.25GB allocated, 0.83GB reserved
Epoch 123/300 | Train Loss: 0.0110 | Val Loss: 0.0997 | Val Cat Acc: 1.000 | Time: 6.1s
  GPU Memory: 0.25GB allocated, 0.83GB reserved
Epoch 124/300 | Train Loss: 0.0139 | Val Loss: 0.0731 | Val Cat Acc: 1.000 | Time: 6.3s
  GPU Memory: 0.25GB allocated, 0.83GB reserved
Epoch 125/300 | Train Loss: 0.0103 | Val Loss: 0.1045 | Val Cat Acc: 1.000 | Time: 6.1s
  GPU Memory: 0.25GB allocated, 0.83GB reserved
Epoch 126/300 | Train Loss: 0.0088 | Val Loss: 0.1079 | Val Cat Acc: 1.000 | Time: 6.1s
  GPU Memory: 0.25GB allocated, 0.83GB reserved
Epoch 127/300 | Train Loss: 0.0183 | Val Loss: 0.1415 | Val Cat Acc: 1.000 | Time: 6.4s
  GPU Memory: 0.25GB allocated, 0.83GB reserved
Epoch 128/300 | Train Loss: 0.0058 | Val Loss: 0.1446 | Val Cat Acc: 1.000 | Time: 6.3s
  GPU Memory: 0.25GB allocated, 0.83GB reserved
Epoch 129/300 | Train Loss: 0.0315 | Val Loss: 0.2056 | Val Cat Acc: 1.000 | Time: 6.2s
  GPU Memory: 0.25GB allocated, 0.83GB reserved
Epoch 130/300 | Train Loss: 0.0315 | Val Loss: 0.1190 | Val Cat Acc: 1.000 | Time: 6.1s
  GPU Memory: 0.25GB allocated, 0.83GB reserved
Epoch 131/300 | Train Loss: 0.0037 | Val Loss: 0.1712 | Val Cat Acc: 1.000 | Time: 6.3s
  GPU Memory: 0.25GB allocated, 0.83GB reserved
Epoch 132/300 | Train Loss: 0.0121 | Val Loss: 0.1842 | Val Cat Acc: 1.000 | Time: 6.4s
  GPU Memory: 0.25GB allocated, 0.83GB reserved
Epoch 133/300 | Train Loss: 0.0153 | Val Loss: 0.1249 | Val Cat Acc: 1.000 | Time: 6.5s
  GPU Memory: 0.25GB allocated, 0.83GB reserved
Epoch 134/300 | Train Loss: 0.0094 | Val Loss: 0.1423 | Val Cat Acc: 1.000 | Time: 6.1s
  GPU Memory: 0.25GB allocated, 0.83GB reserved
Epoch 135/300 | Train Loss: 0.0062 | Val Loss: 0.1442 | Val Cat Acc: 1.000 | Time: 6.4s
  GPU Memory: 0.25GB allocated, 0.83GB reserved
Epoch 136/300 | Train Loss: 0.0098 | Val Loss: 0.1795 | Val Cat Acc: 1.000 | Time: 6.4s
  GPU Memory: 0.25GB allocated, 0.83GB reserved
Epoch 137/300 | Train Loss: 0.0057 | Val Loss: 0.2261 | Val Cat Acc: 1.000 | Time: 6.4s
  GPU Memory: 0.25GB allocated, 0.83GB reserved
Epoch 138/300 | Train Loss: 0.0067 | Val Loss: 0.1644 | Val Cat Acc: 1.000 | Time: 7.4s
  GPU Memory: 0.25GB allocated, 0.83GB reserved
Epoch 139/300 | Train Loss: 0.0031 | Val Loss: 0.2228 | Val Cat Acc: 1.000 | Time: 6.4s
  GPU Memory: 0.25GB allocated, 0.83GB reserved
Epoch 140/300 | Train Loss: 0.0052 | Val Loss: 0.0844 | Val Cat Acc: 1.000 | Time: 6.4s
  GPU Memory: 0.25GB allocated, 0.83GB reserved
Epoch 141/300 | Train Loss: 0.0071 | Val Loss: 0.0883 | Val Cat Acc: 1.000 | Time: 6.4s
  GPU Memory: 0.25GB allocated, 0.83GB reserved
Epoch 142/300 | Train Loss: 0.0026 | Val Loss: 0.0899 | Val Cat Acc: 1.000 | Time: 6.9s
  GPU Memory: 0.25GB allocated, 0.83GB reserved
Epoch 143/300 | Train Loss: 0.0023 | Val Loss: 0.0996 | Val Cat Acc: 1.000 | Time: 6.5s
  GPU Memory: 0.25GB allocated, 0.83GB reserved
Epoch 144/300 | Train Loss: 0.0015 | Val Loss: 0.1097 | Val Cat Acc: 1.000 | Time: 6.1s
  GPU Memory: 0.25GB allocated, 0.83GB reserved
Epoch 145/300 | Train Loss: 0.0013 | Val Loss: 0.1102 | Val Cat Acc: 1.000 | Time: 6.4s
  GPU Memory: 0.25GB allocated, 0.83GB reserved
Epoch 146/300 | Train Loss: 0.0012 | Val Loss: 0.1137 | Val Cat Acc: 1.000 | Time: 6.1s
  GPU Memory: 0.25GB allocated, 0.83GB reserved
Epoch 147/300 | Train Loss: 0.0012 | Val Loss: 0.1152 | Val Cat Acc: 1.000 | Time: 6.6s
  GPU Memory: 0.25GB allocated, 0.83GB reserved
Epoch 148/300 | Train Loss: 0.0010 | Val Loss: 0.1136 | Val Cat Acc: 1.000 | Time: 6.6s
  GPU Memory: 0.25GB allocated, 0.83GB reserved
Epoch 149/300 | Train Loss: 0.0010 | Val Loss: 0.1146 | Val Cat Acc: 1.000 | Time: 6.5s
  GPU Memory: 0.25GB allocated, 0.83GB reserved
Epoch 150/300 | Train Loss: 0.0009 | Val Loss: 0.1161 | Val Cat Acc: 1.000 | Time: 7.1s
  GPU Memory: 0.25GB allocated, 0.83GB reserved
Epoch 151/300 | Train Loss: 0.0008 | Val Loss: 0.1168 | Val Cat Acc: 1.000 | Time: 6.4s
  GPU Memory: 0.25GB allocated, 0.83GB reserved
Epoch 152/300 | Train Loss: 0.0008 | Val Loss: 0.1195 | Val Cat Acc: 1.000 | Time: 6.2s
  GPU Memory: 0.25GB allocated, 0.83GB reserved
Epoch 153/300 | Train Loss: 0.0008 | Val Loss: 0.1195 | Val Cat Acc: 1.000 | Time: 6.3s
  GPU Memory: 0.25GB allocated, 0.83GB reserved
Epoch 154/300 | Train Loss: 0.0008 | Val Loss: 0.1190 | Val Cat Acc: 1.000 | Time: 6.1s
  GPU Memory: 0.25GB allocated, 0.83GB reserved
Epoch 155/300 | Train Loss: 0.0008 | Val Loss: 0.1170 | Val Cat Acc: 1.000 | Time: 6.4s
  GPU Memory: 0.25GB allocated, 0.83GB reserved
Epoch 156/300 | Train Loss: 0.0010 | Val Loss: 0.1148 | Val Cat Acc: 1.000 | Time: 6.3s
  GPU Memory: 0.25GB allocated, 0.83GB reserved
Epoch 157/300 | Train Loss: 0.0009 | Val Loss: 0.1178 | Val Cat Acc: 1.000 | Time: 6.1s
  GPU Memory: 0.25GB allocated, 0.83GB reserved
Epoch 158/300 | Train Loss: 0.0008 | Val Loss: 0.1189 | Val Cat Acc: 1.000 | Time: 6.2s
  GPU Memory: 0.25GB allocated, 0.83GB reserved
Epoch 159/300 | Train Loss: 0.0008 | Val Loss: 0.1186 | Val Cat Acc: 1.000 | Time: 6.3s
  GPU Memory: 0.25GB allocated, 0.83GB reserved
Epoch 160/300 | Train Loss: 0.0008 | Val Loss: 0.1175 | Val Cat Acc: 1.000 | Time: 6.4s
  GPU Memory: 0.25GB allocated, 0.83GB reserved
Epoch 161/300 | Train Loss: 0.0007 | Val Loss: 0.1200 | Val Cat Acc: 1.000 | Time: 6.3s
  GPU Memory: 0.25GB allocated, 0.83GB reserved
Epoch 162/300 | Train Loss: 0.0008 | Val Loss: 0.1211 | Val Cat Acc: 1.000 | Time: 6.1s
  GPU Memory: 0.25GB allocated, 0.83GB reserved
Epoch 163/300 | Train Loss: 0.0007 | Val Loss: 0.1240 | Val Cat Acc: 1.000 | Time: 6.1s
  GPU Memory: 0.25GB allocated, 0.83GB reserved
Epoch 164/300 | Train Loss: 0.0007 | Val Loss: 0.1229 | Val Cat Acc: 1.000 | Time: 6.3s
  GPU Memory: 0.25GB allocated, 0.83GB reserved
Epoch 165/300 | Train Loss: 0.0007 | Val Loss: 0.1187 | Val Cat Acc: 1.000 | Time: 6.8s
  GPU Memory: 0.25GB allocated, 0.83GB reserved
Epoch 166/300 | Train Loss: 0.0007 | Val Loss: 0.1186 | Val Cat Acc: 1.000 | Time: 7.4s
  GPU Memory: 0.25GB allocated, 0.83GB reserved
Epoch 167/300 | Train Loss: 0.0006 | Val Loss: 0.1194 | Val Cat Acc: 1.000 | Time: 7.0s
  GPU Memory: 0.25GB allocated, 0.83GB reserved
Epoch 168/300 | Train Loss: 0.0006 | Val Loss: 0.1212 | Val Cat Acc: 1.000 | Time: 6.5s
  GPU Memory: 0.25GB allocated, 0.83GB reserved
Epoch 169/300 | Train Loss: 0.0006 | Val Loss: 0.1219 | Val Cat Acc: 1.000 | Time: 6.4s
  GPU Memory: 0.25GB allocated, 0.83GB reserved
Epoch 170/300 | Train Loss: 0.0006 | Val Loss: 0.1218 | Val Cat Acc: 1.000 | Time: 6.2s
  GPU Memory: 0.25GB allocated, 0.83GB reserved
Epoch 171/300 | Train Loss: 0.0007 | Val Loss: 0.1256 | Val Cat Acc: 1.000 | Time: 6.2s
  GPU Memory: 0.25GB allocated, 0.83GB reserved
Epoch 172/300 | Train Loss: 0.0006 | Val Loss: 0.1184 | Val Cat Acc: 1.000 | Time: 6.5s
  GPU Memory: 0.25GB allocated, 0.83GB reserved
Epoch 173/300 | Train Loss: 0.0009 | Val Loss: 0.1229 | Val Cat Acc: 1.000 | Time: 6.3s
  GPU Memory: 0.25GB allocated, 0.83GB reserved
Epoch 174/300 | Train Loss: 0.0008 | Val Loss: 0.1214 | Val Cat Acc: 1.000 | Time: 6.2s
  GPU Memory: 0.25GB allocated, 0.83GB reserved
Epoch 175/300 | Train Loss: 0.0007 | Val Loss: 0.1202 | Val Cat Acc: 1.000 | Time: 6.1s
  GPU Memory: 0.25GB allocated, 0.83GB reserved
Epoch 176/300 | Train Loss: 0.0007 | Val Loss: 0.1186 | Val Cat Acc: 1.000 | Time: 6.1s
  GPU Memory: 0.25GB allocated, 0.83GB reserved
Epoch 177/300 | Train Loss: 0.0025 | Val Loss: 0.1237 | Val Cat Acc: 1.000 | Time: 6.1s
  GPU Memory: 0.25GB allocated, 0.83GB reserved
Epoch 178/300 | Train Loss: 0.0009 | Val Loss: 0.1283 | Val Cat Acc: 1.000 | Time: 6.1s
  GPU Memory: 0.25GB allocated, 0.83GB reserved
Epoch 179/300 | Train Loss: 0.0007 | Val Loss: 0.1215 | Val Cat Acc: 1.000 | Time: 7.1s
  GPU Memory: 0.25GB allocated, 0.83GB reserved
Epoch 180/300 | Train Loss: 0.0006 | Val Loss: 0.1195 | Val Cat Acc: 1.000 | Time: 6.4s
  GPU Memory: 0.25GB allocated, 0.83GB reserved
Epoch 181/300 | Train Loss: 0.0006 | Val Loss: 0.1192 | Val Cat Acc: 1.000 | Time: 6.1s
  GPU Memory: 0.25GB allocated, 0.83GB reserved
Epoch 182/300 | Train Loss: 0.0006 | Val Loss: 0.1206 | Val Cat Acc: 1.000 | Time: 6.7s
  GPU Memory: 0.25GB allocated, 0.83GB reserved
Epoch 183/300 | Train Loss: 0.0006 | Val Loss: 0.1208 | Val Cat Acc: 1.000 | Time: 6.1s
  GPU Memory: 0.25GB allocated, 0.83GB reserved
Epoch 184/300 | Train Loss: 0.0006 | Val Loss: 0.1159 | Val Cat Acc: 1.000 | Time: 6.1s
  GPU Memory: 0.25GB allocated, 0.83GB reserved
Epoch 185/300 | Train Loss: 0.0006 | Val Loss: 0.1185 | Val Cat Acc: 1.000 | Time: 6.3s
  GPU Memory: 0.25GB allocated, 0.83GB reserved
Epoch 186/300 | Train Loss: 0.0006 | Val Loss: 0.1175 | Val Cat Acc: 1.000 | Time: 6.2s
  GPU Memory: 0.25GB allocated, 0.83GB reserved
Epoch 187/300 | Train Loss: 0.0006 | Val Loss: 0.1186 | Val Cat Acc: 1.000 | Time: 7.3s
  GPU Memory: 0.25GB allocated, 0.83GB reserved
Epoch 188/300 | Train Loss: 0.0005 | Val Loss: 0.1213 | Val Cat Acc: 1.000 | Time: 6.3s
  GPU Memory: 0.25GB allocated, 0.83GB reserved
Epoch 189/300 | Train Loss: 0.0006 | Val Loss: 0.1224 | Val Cat Acc: 1.000 | Time: 6.4s
  GPU Memory: 0.25GB allocated, 0.83GB reserved
Epoch 190/300 | Train Loss: 0.0005 | Val Loss: 0.1220 | Val Cat Acc: 1.000 | Time: 6.2s
  GPU Memory: 0.25GB allocated, 0.83GB reserved
Epoch 191/300 | Train Loss: 0.0005 | Val Loss: 0.1248 | Val Cat Acc: 1.000 | Time: 6.5s
  GPU Memory: 0.25GB allocated, 0.83GB reserved
Epoch 192/300 | Train Loss: 0.0014 | Val Loss: 0.1649 | Val Cat Acc: 1.000 | Time: 6.4s
  GPU Memory: 0.25GB allocated, 0.83GB reserved
Epoch 193/300 | Train Loss: 0.0006 | Val Loss: 0.1499 | Val Cat Acc: 1.000 | Time: 6.2s
  GPU Memory: 0.25GB allocated, 0.83GB reserved
Epoch 194/300 | Train Loss: 0.0005 | Val Loss: 0.1447 | Val Cat Acc: 1.000 | Time: 6.1s
  GPU Memory: 0.25GB allocated, 0.83GB reserved
Epoch 195/300 | Train Loss: 0.0005 | Val Loss: 0.1412 | Val Cat Acc: 1.000 | Time: 6.1s
  GPU Memory: 0.25GB allocated, 0.83GB reserved
Epoch 196/300 | Train Loss: 0.0005 | Val Loss: 0.1401 | Val Cat Acc: 1.000 | Time: 6.1s
  GPU Memory: 0.25GB allocated, 0.83GB reserved
Epoch 197/300 | Train Loss: 0.0005 | Val Loss: 0.1397 | Val Cat Acc: 1.000 | Time: 6.1s
  GPU Memory: 0.25GB allocated, 0.83GB reserved
Epoch 198/300 | Train Loss: 0.0007 | Val Loss: 0.1600 | Val Cat Acc: 1.000 | Time: 6.4s
  GPU Memory: 0.25GB allocated, 0.83GB reserved
Epoch 199/300 | Train Loss: 0.0006 | Val Loss: 0.1447 | Val Cat Acc: 1.000 | Time: 6.5s
  GPU Memory: 0.25GB allocated, 0.83GB reserved
Epoch 200/300 | Train Loss: 0.0005 | Val Loss: 0.1412 | Val Cat Acc: 1.000 | Time: 6.5s
  GPU Memory: 0.25GB allocated, 0.83GB reserved
Epoch 201/300 | Train Loss: 0.0005 | Val Loss: 0.1406 | Val Cat Acc: 1.000 | Time: 6.4s
  GPU Memory: 0.25GB allocated, 0.83GB reserved
Epoch 202/300 | Train Loss: 0.0006 | Val Loss: 0.1387 | Val Cat Acc: 1.000 | Time: 6.3s
  GPU Memory: 0.25GB allocated, 0.83GB reserved
Epoch 203/300 | Train Loss: 0.0005 | Val Loss: 0.1387 | Val Cat Acc: 1.000 | Time: 7.3s
  GPU Memory: 0.25GB allocated, 0.83GB reserved
Epoch 204/300 | Train Loss: 0.0005 | Val Loss: 0.1381 | Val Cat Acc: 1.000 | Time: 6.3s
  GPU Memory: 0.25GB allocated, 0.83GB reserved
Epoch 205/300 | Train Loss: 0.0005 | Val Loss: 0.1380 | Val Cat Acc: 1.000 | Time: 6.4s
  GPU Memory: 0.25GB allocated, 0.83GB reserved
Epoch 206/300 | Train Loss: 0.0005 | Val Loss: 0.1367 | Val Cat Acc: 1.000 | Time: 6.5s
  GPU Memory: 0.25GB allocated, 0.83GB reserved
Epoch 207/300 | Train Loss: 0.0005 | Val Loss: 0.1356 | Val Cat Acc: 1.000 | Time: 6.5s
  GPU Memory: 0.25GB allocated, 0.83GB reserved
Epoch 208/300 | Train Loss: 0.0005 | Val Loss: 0.1347 | Val Cat Acc: 1.000 | Time: 6.1s
  GPU Memory: 0.25GB allocated, 0.83GB reserved
Epoch 209/300 | Train Loss: 0.0005 | Val Loss: 0.1344 | Val Cat Acc: 1.000 | Time: 6.2s
  GPU Memory: 0.25GB allocated, 0.83GB reserved
Epoch 210/300 | Train Loss: 0.0004 | Val Loss: 0.1347 | Val Cat Acc: 1.000 | Time: 6.3s
  GPU Memory: 0.25GB allocated, 0.83GB reserved
Epoch 211/300 | Train Loss: 0.0005 | Val Loss: 0.1356 | Val Cat Acc: 1.000 | Time: 7.3s
  GPU Memory: 0.25GB allocated, 0.83GB reserved
Epoch 212/300 | Train Loss: 0.0004 | Val Loss: 0.1366 | Val Cat Acc: 1.000 | Time: 6.4s
  GPU Memory: 0.25GB allocated, 0.83GB reserved
Epoch 213/300 | Train Loss: 0.0004 | Val Loss: 0.1360 | Val Cat Acc: 1.000 | Time: 6.1s
  GPU Memory: 0.25GB allocated, 0.83GB reserved
Epoch 214/300 | Train Loss: 0.0004 | Val Loss: 0.1347 | Val Cat Acc: 1.000 | Time: 6.1s
  GPU Memory: 0.25GB allocated, 0.83GB reserved
Epoch 215/300 | Train Loss: 0.0004 | Val Loss: 0.1345 | Val Cat Acc: 1.000 | Time: 6.1s
  GPU Memory: 0.25GB allocated, 0.83GB reserved
Epoch 216/300 | Train Loss: 0.0004 | Val Loss: 0.1353 | Val Cat Acc: 1.000 | Time: 6.1s
  GPU Memory: 0.25GB allocated, 0.83GB reserved
Epoch 217/300 | Train Loss: 0.0005 | Val Loss: 0.1407 | Val Cat Acc: 1.000 | Time: 6.6s
  GPU Memory: 0.25GB allocated, 0.83GB reserved
Epoch 218/300 | Train Loss: 0.0004 | Val Loss: 0.1400 | Val Cat Acc: 1.000 | Time: 6.4s
  GPU Memory: 0.25GB allocated, 0.83GB reserved
Epoch 219/300 | Train Loss: 0.0005 | Val Loss: 0.1416 | Val Cat Acc: 1.000 | Time: 7.2s
  GPU Memory: 0.25GB allocated, 0.83GB reserved
Epoch 220/300 | Train Loss: 0.0005 | Val Loss: 0.1378 | Val Cat Acc: 1.000 | Time: 6.2s
  GPU Memory: 0.25GB allocated, 0.83GB reserved
Epoch 221/300 | Train Loss: 0.0004 | Val Loss: 0.1379 | Val Cat Acc: 1.000 | Time: 6.1s
  GPU Memory: 0.25GB allocated, 0.83GB reserved
Epoch 222/300 | Train Loss: 0.0004 | Val Loss: 0.1378 | Val Cat Acc: 1.000 | Time: 6.1s
  GPU Memory: 0.25GB allocated, 0.83GB reserved
Epoch 223/300 | Train Loss: 0.0005 | Val Loss: 0.1353 | Val Cat Acc: 1.000 | Time: 6.1s
  GPU Memory: 0.25GB allocated, 0.83GB reserved
Epoch 224/300 | Train Loss: 0.0004 | Val Loss: 0.1364 | Val Cat Acc: 1.000 | Time: 6.1s
  GPU Memory: 0.25GB allocated, 0.83GB reserved
Epoch 225/300 | Train Loss: 0.0005 | Val Loss: 0.1356 | Val Cat Acc: 1.000 | Time: 6.1s
  GPU Memory: 0.25GB allocated, 0.83GB reserved
Epoch 226/300 | Train Loss: 0.0004 | Val Loss: 0.1367 | Val Cat Acc: 1.000 | Time: 6.1s
  GPU Memory: 0.25GB allocated, 0.83GB reserved
Epoch 227/300 | Train Loss: 0.0004 | Val Loss: 0.1378 | Val Cat Acc: 1.000 | Time: 6.4s
  GPU Memory: 0.25GB allocated, 0.83GB reserved
Epoch 228/300 | Train Loss: 0.0005 | Val Loss: 0.1378 | Val Cat Acc: 1.000 | Time: 6.4s
  GPU Memory: 0.25GB allocated, 0.83GB reserved
Epoch 229/300 | Train Loss: 0.0004 | Val Loss: 0.1362 | Val Cat Acc: 1.000 | Time: 6.4s
  GPU Memory: 0.25GB allocated, 0.83GB reserved
Epoch 230/300 | Train Loss: 0.0004 | Val Loss: 0.1366 | Val Cat Acc: 1.000 | Time: 6.1s
  GPU Memory: 0.25GB allocated, 0.83GB reserved
Epoch 231/300 | Train Loss: 0.0004 | Val Loss: 0.1371 | Val Cat Acc: 1.000 | Time: 6.1s
  GPU Memory: 0.25GB allocated, 0.83GB reserved
Epoch 232/300 | Train Loss: 0.0004 | Val Loss: 0.1379 | Val Cat Acc: 1.000 | Time: 6.1s
  GPU Memory: 0.25GB allocated, 0.83GB reserved
Epoch 233/300 | Train Loss: 0.0004 | Val Loss: 0.1381 | Val Cat Acc: 1.000 | Time: 7.0s
  GPU Memory: 0.25GB allocated, 0.83GB reserved
Epoch 234/300 | Train Loss: 0.0004 | Val Loss: 0.1389 | Val Cat Acc: 1.000 | Time: 6.4s
  GPU Memory: 0.25GB allocated, 0.83GB reserved
Epoch 235/300 | Train Loss: 0.0004 | Val Loss: 0.1386 | Val Cat Acc: 1.000 | Time: 6.3s
  GPU Memory: 0.25GB allocated, 0.83GB reserved
Epoch 236/300 | Train Loss: 0.0025 | Val Loss: 0.1337 | Val Cat Acc: 1.000 | Time: 6.7s
  GPU Memory: 0.25GB allocated, 0.83GB reserved
Epoch 237/300 | Train Loss: 0.0007 | Val Loss: 0.1455 | Val Cat Acc: 1.000 | Time: 6.4s
  GPU Memory: 0.25GB allocated, 0.83GB reserved
Epoch 238/300 | Train Loss: 0.0005 | Val Loss: 0.1565 | Val Cat Acc: 1.000 | Time: 6.7s
  GPU Memory: 0.25GB allocated, 0.83GB reserved
Epoch 239/300 | Train Loss: 0.0004 | Val Loss: 0.1534 | Val Cat Acc: 1.000 | Time: 6.7s
  GPU Memory: 0.25GB allocated, 0.83GB reserved
Epoch 240/300 | Train Loss: 0.0012 | Val Loss: 0.1571 | Val Cat Acc: 1.000 | Time: 6.4s
  GPU Memory: 0.25GB allocated, 0.83GB reserved
Epoch 241/300 | Train Loss: 0.0005 | Val Loss: 0.1586 | Val Cat Acc: 1.000 | Time: 6.4s
  GPU Memory: 0.25GB allocated, 0.83GB reserved
Epoch 242/300 | Train Loss: 0.0005 | Val Loss: 0.1565 | Val Cat Acc: 1.000 | Time: 6.5s
  GPU Memory: 0.25GB allocated, 0.83GB reserved
Epoch 243/300 | Train Loss: 0.0004 | Val Loss: 0.1552 | Val Cat Acc: 1.000 | Time: 7.1s
  GPU Memory: 0.25GB allocated, 0.83GB reserved
Epoch 244/300 | Train Loss: 0.0005 | Val Loss: 0.1524 | Val Cat Acc: 1.000 | Time: 6.3s
  GPU Memory: 0.25GB allocated, 0.83GB reserved
Epoch 245/300 | Train Loss: 0.0004 | Val Loss: 0.1515 | Val Cat Acc: 1.000 | Time: 6.4s
  GPU Memory: 0.25GB allocated, 0.83GB reserved
Epoch 246/300 | Train Loss: 0.0004 | Val Loss: 0.1508 | Val Cat Acc: 1.000 | Time: 6.4s
  GPU Memory: 0.25GB allocated, 0.83GB reserved
Epoch 247/300 | Train Loss: 0.0004 | Val Loss: 0.1508 | Val Cat Acc: 1.000 | Time: 6.4s
  GPU Memory: 0.25GB allocated, 0.83GB reserved
Epoch 248/300 | Train Loss: 0.0004 | Val Loss: 0.1498 | Val Cat Acc: 1.000 | Time: 6.4s
  GPU Memory: 0.25GB allocated, 0.83GB reserved
Epoch 249/300 | Train Loss: 0.0006 | Val Loss: 0.1535 | Val Cat Acc: 1.000 | Time: 6.1s
  GPU Memory: 0.25GB allocated, 0.83GB reserved
Epoch 250/300 | Train Loss: 0.0004 | Val Loss: 0.1518 | Val Cat Acc: 1.000 | Time: 6.5s
  GPU Memory: 0.25GB allocated, 0.83GB reserved
Epoch 251/300 | Train Loss: 0.0004 | Val Loss: 0.1523 | Val Cat Acc: 1.000 | Time: 6.4s
  GPU Memory: 0.25GB allocated, 0.83GB reserved
Epoch 252/300 | Train Loss: 0.0005 | Val Loss: 0.1499 | Val Cat Acc: 1.000 | Time: 6.4s
  GPU Memory: 0.25GB allocated, 0.83GB reserved
Epoch 253/300 | Train Loss: 0.0004 | Val Loss: 0.1475 | Val Cat Acc: 1.000 | Time: 6.4s
  GPU Memory: 0.25GB allocated, 0.83GB reserved
Epoch 254/300 | Train Loss: 0.0004 | Val Loss: 0.1449 | Val Cat Acc: 1.000 | Time: 6.1s
  GPU Memory: 0.25GB allocated, 0.83GB reserved
Epoch 255/300 | Train Loss: 0.0004 | Val Loss: 0.1427 | Val Cat Acc: 1.000 | Time: 6.1s
  GPU Memory: 0.25GB allocated, 0.83GB reserved
Epoch 256/300 | Train Loss: 0.0004 | Val Loss: 0.1444 | Val Cat Acc: 1.000 | Time: 6.2s
  GPU Memory: 0.25GB allocated, 0.83GB reserved
Epoch 257/300 | Train Loss: 0.0004 | Val Loss: 0.1455 | Val Cat Acc: 1.000 | Time: 6.1s
  GPU Memory: 0.25GB allocated, 0.83GB reserved
Epoch 258/300 | Train Loss: 0.0004 | Val Loss: 0.1489 | Val Cat Acc: 1.000 | Time: 6.2s
  GPU Memory: 0.25GB allocated, 0.83GB reserved
Epoch 259/300 | Train Loss: 0.0004 | Val Loss: 0.1490 | Val Cat Acc: 1.000 | Time: 6.1s
  GPU Memory: 0.25GB allocated, 0.83GB reserved
Epoch 260/300 | Train Loss: 0.0005 | Val Loss: 0.1493 | Val Cat Acc: 1.000 | Time: 6.1s
  GPU Memory: 0.25GB allocated, 0.83GB reserved
Epoch 261/300 | Train Loss: 0.0004 | Val Loss: 0.1484 | Val Cat Acc: 1.000 | Time: 6.1s
  GPU Memory: 0.25GB allocated, 0.83GB reserved

Early stopping triggered after 261 epochs.
Best validation loss: 0.0423

================================================================================
CTC TRAINING COMPLETED!
Best validation loss: 0.0423
Checkpoints saved to: trained_models/iv3_gru/greetings_ctc_v2
================================================================================


============================================================
Training completed - 2025-10-25 05:26:43
Log saved to: trained_models/iv3_gru/greetings_ctc_v2/training_20251025_045828.log
============================================================
