============================================================
TRAINING LOG - 2025-10-25 06:07:14
============================================================
Console output will be saved to: trained_models/transformer/greetings_ctc_v2/training_20251025_060714.log
Metrics CSV will be saved to: trained_models/transformer/greetings_ctc_v2/training_20251025_060714_metrics.csv

Using device: cuda
CUDA device: NVIDIA GeForce RTX 5070 Ti
CUDA memory: 16.6 GB
CUDA compute capability: 12.0
CUDA multiprocessors: 70
CUDA memory allocated: 0.00 GB
CUDA memory cached: 0.00 GB

============================================================
DATA LOADING
============================================================
✓ Loaded data successfully
  - Dataset type: TRANSFORMER-CTC Keypoints
  - Training folder: data/processed/greetings_train
  - Validation folder: data/processed/greetings_val
  - Keypoint key: X
  - Gloss classes: 10
  - Category classes: 1

============================================================
DATASET PREPARATION
============================================================
✓ CTC Mode: blank_id=10, num_ctc_classes=11
⚠️  Training on subset: 10/105 glosses (subset training enabled)
✓ Created datasets and data loaders
  - Batch size: 16
  - Training batches: 61
  - Validation batches: 16
  - Data augmentation: Enabled (noise_std=0.002, mask_prob=0.03)
  - Training dataset size: 970 samples
  - Validation dataset size: 246 samples
  - Data format: [T, 178] keypoints

============================================================
MODEL SELECTION
============================================================
Available models:
Classification models (isolated signs):
  - transformer: Multi-head attention transformer (keypoints)
  - mediapipe_gru: Lightweight GRU (keypoints, mobile-friendly)
  - iv3_gru: InceptionV3 + GRU hybrid (features, offline baseline)
CTC models (continuous recognition):
  - transformer_ctc: Transformer with CTC (keypoints)
  - mediapipe_gru_ctc: Lightweight GRU with CTC (keypoints)
  - iv3_gru_ctc: InceptionV3 + GRU with CTC (features, offline baseline)
✓ Using SignTransformerCtc model (input_dim=178, num_ctc_classes=11, num_cat=1)

================================================================================
COMPREHENSIVE TRAINING CONFIGURATION
================================================================================
Session Information:
  - Start time: 2025-10-25 06:07:15
  - Working directory: /workspace/fslr-transformer-vs-iv3gru
  - Command: /workspace/fslr-transformer-vs-iv3gru/training/train.py --model transformer_ctc --training-mode ctc --epochs 300 --batch-size 16 --lr 0.0002 --num-gloss 10 --num-cat 1 --alpha 0.8 --beta 0.2 --num-ctc-classes 11 --ctc-blank-id 10 --keypoints-train data/processed/greetings_train --keypoints-val data/processed/greetings_val --labels-train-csv data/processed/greetings_train.csv --labels-val-csv data/processed/greetings_val.csv --kp-key X --dropout 0.05 --amp --augment --augment-noise-std 0.002 --augment-mask-prob 0.03 --augment-mask-ratio 0.03 --scheduler warmup_cosine --warmup-epochs 40 --early-stop 35 --weight-decay 2.5e-4 --grad-clip 1.0 --label-smoothing 0.1 --output-dir trained_models/transformer/greetings_ctc_v2

System Information:
  - Platform: Linux-6.8.0-52-generic-x86_64-with-glibc2.39
  - Python version: 3.12.11 | packaged by conda-forge | (main, Jun  4 2025, 14:45:31) [GCC 13.3.0]
  - PyTorch version: 2.9.0+cu128
  - CUDA version: 12.8
  - cuDNN version: 91002
  - NumPy version: 2.2.6

Core Training Parameters:
  - Model: transformer_ctc
  - Epochs: 300
  - Batch size: 16
  - Learning rate: 0.0002
  - Weight decay: 0.00025
  - Gradient clipping: 1.0
  - Loss weights - Alpha: 0.8, Beta: 0.2

Curriculum Training: Disabled

Loss Weighting Parameters:
  - Strategy: static
  - Alpha: 0.8
  - Beta: 0.2

Data Configuration:
  - Gloss classes: 10
  - Category classes: 1
  - Data source: Real data files
  - Training folder: data/processed/greetings_train
  - Validation folder: data/processed/greetings_val
  - Keypoint key: X

Training Control:
  - Scheduler: warmup_cosine
  - Scheduler patience: 5
  - Early stopping: 35
  - Resume from: None

Performance Settings:
  - AMP (Mixed Precision): True
  - Model compilation: False
  - Gradient accumulation steps: 1
  - DataLoader workers: 0
  - Auto workers: False
  - Pin memory: False
  - Prefetch factor: None

Reproducibility:
  - Random seed: 42
  - Deterministic mode: False

Output Configuration:
  - Checkpoint directory: trained_models/transformer/greetings_ctc_v2
  - CSV log file: trained_models/transformer/greetings_ctc_v2/training_20251025_060714_metrics.csv

Model Information:
  - Model type: SignTransformerCtc
  - Total parameters: 19,014,156
  - Trainable parameters: 19,014,156
  - Model size: 72.5 MB
================================================================================

============================================================
TRAINING START
============================================================
Training mode: CTC (Continuous Sign Language Recognition)

================================================================================
CTC TRAINING CONFIGURATION
================================================================================
Training Mode: Continuous Sign Language Recognition (CTC)
Model: SignTransformerCtc
Blank Token ID: 10
Epochs: 300
Learning Rate: 0.0002
Batch Size: 16
Gradient Accumulation: 1
AMP Enabled: True
================================================================================

✓ Using CTCLoss (blank=10, zero_infinity=True)
✓ Optimizer: Adam (lr=0.0002, weight_decay=0.00025)
✓ AMP enabled: True
✓ Scheduler: WarmupCosineScheduler (warmup=40)
✓ Logging metrics to: trained_models/transformer/greetings_ctc_v2/training_20251025_060714_metrics.csv

================================================================================
STARTING CTC TRAINING - 300 epochs
================================================================================

Epoch   1/300 | Train Loss: 57.8196 | Val Loss: 2.6360 | Val Cat Acc: 1.000 | Time: 2.0s
  GPU Memory: 0.25GB allocated, 0.43GB reserved
  ✓ New best validation loss: 2.6360
Epoch   2/300 | Train Loss: 2.5442 | Val Loss: 2.3151 | Val Cat Acc: 1.000 | Time: 1.5s
  GPU Memory: 0.25GB allocated, 0.43GB reserved
  ✓ New best validation loss: 2.3151
Epoch   3/300 | Train Loss: 2.2620 | Val Loss: 2.1295 | Val Cat Acc: 1.000 | Time: 1.5s
  GPU Memory: 0.25GB allocated, 0.43GB reserved
  ✓ New best validation loss: 2.1295
Epoch   4/300 | Train Loss: 2.1815 | Val Loss: 2.1035 | Val Cat Acc: 1.000 | Time: 1.5s
  GPU Memory: 0.25GB allocated, 0.43GB reserved
  ✓ New best validation loss: 2.1035
Epoch   5/300 | Train Loss: 2.0608 | Val Loss: 1.9807 | Val Cat Acc: 1.000 | Time: 1.5s
  GPU Memory: 0.25GB allocated, 0.43GB reserved
  ✓ New best validation loss: 1.9807
Epoch   6/300 | Train Loss: 1.9455 | Val Loss: 1.6019 | Val Cat Acc: 1.000 | Time: 1.5s
  GPU Memory: 0.25GB allocated, 0.43GB reserved
  ✓ New best validation loss: 1.6019
Epoch   7/300 | Train Loss: 1.5111 | Val Loss: 1.2027 | Val Cat Acc: 1.000 | Time: 1.5s
  GPU Memory: 0.25GB allocated, 0.43GB reserved
  ✓ New best validation loss: 1.2027
Epoch   8/300 | Train Loss: 1.1134 | Val Loss: 1.0282 | Val Cat Acc: 1.000 | Time: 1.8s
  GPU Memory: 0.25GB allocated, 0.43GB reserved
  ✓ New best validation loss: 1.0282
Epoch   9/300 | Train Loss: 0.9455 | Val Loss: 0.7542 | Val Cat Acc: 1.000 | Time: 1.5s
  GPU Memory: 0.25GB allocated, 0.43GB reserved
  ✓ New best validation loss: 0.7542
Epoch  10/300 | Train Loss: 0.8558 | Val Loss: 0.7095 | Val Cat Acc: 1.000 | Time: 1.5s
  GPU Memory: 0.25GB allocated, 0.43GB reserved
  ✓ New best validation loss: 0.7095
Epoch  11/300 | Train Loss: 0.7860 | Val Loss: 0.9691 | Val Cat Acc: 1.000 | Time: 1.5s
  GPU Memory: 0.25GB allocated, 0.43GB reserved
Epoch  12/300 | Train Loss: 0.7370 | Val Loss: 0.9417 | Val Cat Acc: 1.000 | Time: 1.5s
  GPU Memory: 0.25GB allocated, 0.43GB reserved
Epoch  13/300 | Train Loss: 0.7702 | Val Loss: 1.1217 | Val Cat Acc: 1.000 | Time: 1.5s
  GPU Memory: 0.25GB allocated, 0.43GB reserved
Epoch  14/300 | Train Loss: 0.7639 | Val Loss: 0.8654 | Val Cat Acc: 1.000 | Time: 1.5s
  GPU Memory: 0.25GB allocated, 0.43GB reserved
Epoch  15/300 | Train Loss: 0.6737 | Val Loss: 0.7348 | Val Cat Acc: 1.000 | Time: 1.5s
  GPU Memory: 0.25GB allocated, 0.43GB reserved
Epoch  16/300 | Train Loss: 0.6788 | Val Loss: 0.8161 | Val Cat Acc: 1.000 | Time: 1.5s
  GPU Memory: 0.25GB allocated, 0.43GB reserved
Epoch  17/300 | Train Loss: 0.6802 | Val Loss: 0.6711 | Val Cat Acc: 1.000 | Time: 1.9s
  GPU Memory: 0.25GB allocated, 0.43GB reserved
  ✓ New best validation loss: 0.6711
Epoch  18/300 | Train Loss: 0.6901 | Val Loss: 0.7276 | Val Cat Acc: 1.000 | Time: 2.1s
  GPU Memory: 0.25GB allocated, 0.43GB reserved
Epoch  19/300 | Train Loss: 0.6911 | Val Loss: 0.6803 | Val Cat Acc: 1.000 | Time: 2.0s
  GPU Memory: 0.25GB allocated, 0.43GB reserved
Epoch  20/300 | Train Loss: 0.5866 | Val Loss: 0.6424 | Val Cat Acc: 1.000 | Time: 2.0s
  GPU Memory: 0.25GB allocated, 0.43GB reserved
  ✓ New best validation loss: 0.6424
Epoch  21/300 | Train Loss: 0.6191 | Val Loss: 0.5897 | Val Cat Acc: 1.000 | Time: 1.5s
  GPU Memory: 0.25GB allocated, 0.43GB reserved
  ✓ New best validation loss: 0.5897
Epoch  22/300 | Train Loss: 0.5621 | Val Loss: 0.5756 | Val Cat Acc: 1.000 | Time: 2.0s
  GPU Memory: 0.25GB allocated, 0.43GB reserved
  ✓ New best validation loss: 0.5756
Epoch  23/300 | Train Loss: 0.5088 | Val Loss: 0.5372 | Val Cat Acc: 1.000 | Time: 1.9s
  GPU Memory: 0.25GB allocated, 0.43GB reserved
  ✓ New best validation loss: 0.5372
Epoch  24/300 | Train Loss: 0.5787 | Val Loss: 0.6800 | Val Cat Acc: 1.000 | Time: 2.0s
  GPU Memory: 0.25GB allocated, 0.43GB reserved
Epoch  25/300 | Train Loss: 0.4843 | Val Loss: 0.5556 | Val Cat Acc: 1.000 | Time: 1.9s
  GPU Memory: 0.25GB allocated, 0.43GB reserved
Epoch  26/300 | Train Loss: 0.4058 | Val Loss: 0.6918 | Val Cat Acc: 1.000 | Time: 1.6s
  GPU Memory: 0.25GB allocated, 0.43GB reserved
Epoch  27/300 | Train Loss: 0.3876 | Val Loss: 0.4584 | Val Cat Acc: 1.000 | Time: 1.5s
  GPU Memory: 0.25GB allocated, 0.43GB reserved
  ✓ New best validation loss: 0.4584
Epoch  28/300 | Train Loss: 0.3659 | Val Loss: 0.4078 | Val Cat Acc: 1.000 | Time: 1.6s
  GPU Memory: 0.25GB allocated, 0.43GB reserved
  ✓ New best validation loss: 0.4078
Epoch  29/300 | Train Loss: 0.3229 | Val Loss: 0.5528 | Val Cat Acc: 1.000 | Time: 2.1s
  GPU Memory: 0.25GB allocated, 0.43GB reserved
Epoch  30/300 | Train Loss: 0.3585 | Val Loss: 0.4329 | Val Cat Acc: 1.000 | Time: 1.6s
  GPU Memory: 0.25GB allocated, 0.43GB reserved
Epoch  31/300 | Train Loss: 0.2956 | Val Loss: 0.5386 | Val Cat Acc: 1.000 | Time: 1.6s
  GPU Memory: 0.25GB allocated, 0.43GB reserved
Epoch  32/300 | Train Loss: 0.2563 | Val Loss: 0.4170 | Val Cat Acc: 1.000 | Time: 1.8s
  GPU Memory: 0.25GB allocated, 0.43GB reserved
Epoch  33/300 | Train Loss: 0.3090 | Val Loss: 0.3565 | Val Cat Acc: 1.000 | Time: 1.6s
  GPU Memory: 0.25GB allocated, 0.43GB reserved
  ✓ New best validation loss: 0.3565
Epoch  34/300 | Train Loss: 0.2003 | Val Loss: 0.3755 | Val Cat Acc: 1.000 | Time: 1.6s
  GPU Memory: 0.25GB allocated, 0.43GB reserved
Epoch  35/300 | Train Loss: 0.2447 | Val Loss: 0.4003 | Val Cat Acc: 1.000 | Time: 1.9s
  GPU Memory: 0.25GB allocated, 0.43GB reserved
Epoch  36/300 | Train Loss: 0.2148 | Val Loss: 0.4003 | Val Cat Acc: 1.000 | Time: 1.5s
  GPU Memory: 0.25GB allocated, 0.43GB reserved
Epoch  37/300 | Train Loss: 0.2389 | Val Loss: 0.5437 | Val Cat Acc: 1.000 | Time: 1.5s
  GPU Memory: 0.25GB allocated, 0.43GB reserved
Epoch  38/300 | Train Loss: 0.2286 | Val Loss: 0.3126 | Val Cat Acc: 1.000 | Time: 1.5s
  GPU Memory: 0.25GB allocated, 0.43GB reserved
  ✓ New best validation loss: 0.3126
Epoch  39/300 | Train Loss: 0.1951 | Val Loss: 0.4670 | Val Cat Acc: 1.000 | Time: 1.5s
  GPU Memory: 0.25GB allocated, 0.43GB reserved
Epoch  40/300 | Train Loss: 0.1898 | Val Loss: 0.2864 | Val Cat Acc: 1.000 | Time: 1.5s
  GPU Memory: 0.25GB allocated, 0.43GB reserved
  ✓ New best validation loss: 0.2864
Epoch  41/300 | Train Loss: 0.2291 | Val Loss: 0.2733 | Val Cat Acc: 1.000 | Time: 1.5s
  GPU Memory: 0.25GB allocated, 0.43GB reserved
  ✓ New best validation loss: 0.2733
Epoch  42/300 | Train Loss: 0.2007 | Val Loss: 0.3358 | Val Cat Acc: 1.000 | Time: 1.5s
  GPU Memory: 0.25GB allocated, 0.43GB reserved
Epoch  43/300 | Train Loss: 0.1646 | Val Loss: 0.3073 | Val Cat Acc: 1.000 | Time: 1.5s
  GPU Memory: 0.25GB allocated, 0.43GB reserved
Epoch  44/300 | Train Loss: 0.1874 | Val Loss: 0.2710 | Val Cat Acc: 1.000 | Time: 1.5s
  GPU Memory: 0.25GB allocated, 0.43GB reserved
  ✓ New best validation loss: 0.2710
Epoch  45/300 | Train Loss: 0.1515 | Val Loss: 0.3279 | Val Cat Acc: 1.000 | Time: 1.5s
  GPU Memory: 0.25GB allocated, 0.43GB reserved
Epoch  46/300 | Train Loss: 0.1205 | Val Loss: 0.2756 | Val Cat Acc: 1.000 | Time: 1.5s
  GPU Memory: 0.25GB allocated, 0.43GB reserved
Epoch  47/300 | Train Loss: 0.1622 | Val Loss: 0.3144 | Val Cat Acc: 1.000 | Time: 1.5s
  GPU Memory: 0.25GB allocated, 0.43GB reserved
Epoch  48/300 | Train Loss: 0.1674 | Val Loss: 0.4095 | Val Cat Acc: 1.000 | Time: 1.5s
  GPU Memory: 0.25GB allocated, 0.43GB reserved
Epoch  49/300 | Train Loss: 0.1667 | Val Loss: 0.4121 | Val Cat Acc: 1.000 | Time: 1.5s
  GPU Memory: 0.25GB allocated, 0.43GB reserved
Epoch  50/300 | Train Loss: 0.1599 | Val Loss: 0.2726 | Val Cat Acc: 1.000 | Time: 1.5s
  GPU Memory: 0.25GB allocated, 0.43GB reserved
Epoch  51/300 | Train Loss: 0.1136 | Val Loss: 0.2662 | Val Cat Acc: 1.000 | Time: 1.5s
  GPU Memory: 0.25GB allocated, 0.43GB reserved
  ✓ New best validation loss: 0.2662
Epoch  52/300 | Train Loss: 0.1030 | Val Loss: 0.2380 | Val Cat Acc: 1.000 | Time: 1.9s
  GPU Memory: 0.25GB allocated, 0.43GB reserved
  ✓ New best validation loss: 0.2380
Epoch  53/300 | Train Loss: 0.1147 | Val Loss: 0.3639 | Val Cat Acc: 1.000 | Time: 2.1s
  GPU Memory: 0.25GB allocated, 0.43GB reserved
Epoch  54/300 | Train Loss: 0.0960 | Val Loss: 0.3804 | Val Cat Acc: 1.000 | Time: 2.0s
  GPU Memory: 0.25GB allocated, 0.43GB reserved
Epoch  55/300 | Train Loss: 0.0875 | Val Loss: 0.2799 | Val Cat Acc: 1.000 | Time: 2.1s
  GPU Memory: 0.25GB allocated, 0.43GB reserved
Epoch  56/300 | Train Loss: 0.1205 | Val Loss: 0.3348 | Val Cat Acc: 1.000 | Time: 1.8s
  GPU Memory: 0.25GB allocated, 0.43GB reserved
Epoch  57/300 | Train Loss: 0.1289 | Val Loss: 0.3099 | Val Cat Acc: 1.000 | Time: 1.5s
  GPU Memory: 0.25GB allocated, 0.43GB reserved
Epoch  58/300 | Train Loss: 0.1024 | Val Loss: 0.3011 | Val Cat Acc: 1.000 | Time: 1.5s
  GPU Memory: 0.25GB allocated, 0.43GB reserved
Epoch  59/300 | Train Loss: 0.1429 | Val Loss: 0.2456 | Val Cat Acc: 1.000 | Time: 1.5s
  GPU Memory: 0.25GB allocated, 0.43GB reserved
Epoch  60/300 | Train Loss: 0.1034 | Val Loss: 0.4410 | Val Cat Acc: 1.000 | Time: 1.5s
  GPU Memory: 0.25GB allocated, 0.43GB reserved
Epoch  61/300 | Train Loss: 0.1093 | Val Loss: 0.3691 | Val Cat Acc: 1.000 | Time: 1.5s
  GPU Memory: 0.25GB allocated, 0.43GB reserved
Epoch  62/300 | Train Loss: 0.0968 | Val Loss: 0.2529 | Val Cat Acc: 1.000 | Time: 1.5s
  GPU Memory: 0.25GB allocated, 0.43GB reserved
Epoch  63/300 | Train Loss: 0.0680 | Val Loss: 0.2837 | Val Cat Acc: 1.000 | Time: 1.5s
  GPU Memory: 0.25GB allocated, 0.43GB reserved
Epoch  64/300 | Train Loss: 0.0960 | Val Loss: 0.3094 | Val Cat Acc: 1.000 | Time: 1.5s
  GPU Memory: 0.25GB allocated, 0.43GB reserved
Epoch  65/300 | Train Loss: 0.0840 | Val Loss: 0.2799 | Val Cat Acc: 1.000 | Time: 1.5s
  GPU Memory: 0.25GB allocated, 0.43GB reserved
Epoch  66/300 | Train Loss: 0.0674 | Val Loss: 0.2401 | Val Cat Acc: 1.000 | Time: 1.5s
  GPU Memory: 0.25GB allocated, 0.43GB reserved
Epoch  67/300 | Train Loss: 0.0727 | Val Loss: 0.4100 | Val Cat Acc: 1.000 | Time: 1.5s
  GPU Memory: 0.25GB allocated, 0.43GB reserved
Epoch  68/300 | Train Loss: 0.0777 | Val Loss: 0.2675 | Val Cat Acc: 1.000 | Time: 1.5s
  GPU Memory: 0.25GB allocated, 0.43GB reserved
Epoch  69/300 | Train Loss: 0.0688 | Val Loss: 0.2367 | Val Cat Acc: 1.000 | Time: 1.5s
  GPU Memory: 0.25GB allocated, 0.43GB reserved
  ✓ New best validation loss: 0.2367
Epoch  70/300 | Train Loss: 0.0517 | Val Loss: 0.2719 | Val Cat Acc: 1.000 | Time: 1.7s
  GPU Memory: 0.25GB allocated, 0.43GB reserved
Epoch  71/300 | Train Loss: 0.0619 | Val Loss: 0.2900 | Val Cat Acc: 1.000 | Time: 1.6s
  GPU Memory: 0.25GB allocated, 0.43GB reserved
Epoch  72/300 | Train Loss: 0.0610 | Val Loss: 0.3066 | Val Cat Acc: 1.000 | Time: 1.7s
  GPU Memory: 0.25GB allocated, 0.43GB reserved
Epoch  73/300 | Train Loss: 0.0800 | Val Loss: 0.3709 | Val Cat Acc: 1.000 | Time: 1.6s
  GPU Memory: 0.25GB allocated, 0.43GB reserved
Epoch  74/300 | Train Loss: 0.0662 | Val Loss: 0.2965 | Val Cat Acc: 1.000 | Time: 1.5s
  GPU Memory: 0.25GB allocated, 0.43GB reserved
Epoch  75/300 | Train Loss: 0.0684 | Val Loss: 0.2803 | Val Cat Acc: 1.000 | Time: 1.5s
  GPU Memory: 0.25GB allocated, 0.43GB reserved
Epoch  76/300 | Train Loss: 0.1324 | Val Loss: 0.4144 | Val Cat Acc: 1.000 | Time: 1.5s
  GPU Memory: 0.25GB allocated, 0.43GB reserved
Epoch  77/300 | Train Loss: 0.0766 | Val Loss: 0.3326 | Val Cat Acc: 1.000 | Time: 1.7s
  GPU Memory: 0.25GB allocated, 0.43GB reserved
Epoch  78/300 | Train Loss: 0.0457 | Val Loss: 0.2745 | Val Cat Acc: 1.000 | Time: 2.1s
  GPU Memory: 0.25GB allocated, 0.43GB reserved
Epoch  79/300 | Train Loss: 0.0657 | Val Loss: 0.3015 | Val Cat Acc: 1.000 | Time: 2.0s
  GPU Memory: 0.25GB allocated, 0.43GB reserved
Epoch  80/300 | Train Loss: 0.0400 | Val Loss: 0.3138 | Val Cat Acc: 1.000 | Time: 1.5s
  GPU Memory: 0.25GB allocated, 0.43GB reserved
Epoch  81/300 | Train Loss: 0.0711 | Val Loss: 0.3155 | Val Cat Acc: 1.000 | Time: 1.5s
  GPU Memory: 0.25GB allocated, 0.43GB reserved
Epoch  82/300 | Train Loss: 0.0612 | Val Loss: 0.3478 | Val Cat Acc: 1.000 | Time: 1.5s
  GPU Memory: 0.25GB allocated, 0.43GB reserved
Epoch  83/300 | Train Loss: 0.0382 | Val Loss: 0.2822 | Val Cat Acc: 1.000 | Time: 1.6s
  GPU Memory: 0.25GB allocated, 0.43GB reserved
Epoch  84/300 | Train Loss: 0.0507 | Val Loss: 0.2883 | Val Cat Acc: 1.000 | Time: 1.5s
  GPU Memory: 0.25GB allocated, 0.43GB reserved
Epoch  85/300 | Train Loss: 0.0321 | Val Loss: 0.2946 | Val Cat Acc: 1.000 | Time: 1.5s
  GPU Memory: 0.25GB allocated, 0.43GB reserved
Epoch  86/300 | Train Loss: 0.0442 | Val Loss: 0.4098 | Val Cat Acc: 1.000 | Time: 1.5s
  GPU Memory: 0.25GB allocated, 0.43GB reserved
Epoch  87/300 | Train Loss: 0.0514 | Val Loss: 0.3461 | Val Cat Acc: 1.000 | Time: 1.8s
  GPU Memory: 0.25GB allocated, 0.43GB reserved
Epoch  88/300 | Train Loss: 0.0417 | Val Loss: 0.3174 | Val Cat Acc: 1.000 | Time: 1.8s
  GPU Memory: 0.25GB allocated, 0.43GB reserved
Epoch  89/300 | Train Loss: 0.0406 | Val Loss: 0.3933 | Val Cat Acc: 1.000 | Time: 1.5s
  GPU Memory: 0.25GB allocated, 0.43GB reserved
Epoch  90/300 | Train Loss: 0.0533 | Val Loss: 0.3380 | Val Cat Acc: 1.000 | Time: 1.5s
  GPU Memory: 0.25GB allocated, 0.43GB reserved
Epoch  91/300 | Train Loss: 0.0251 | Val Loss: 0.2739 | Val Cat Acc: 1.000 | Time: 1.6s
  GPU Memory: 0.25GB allocated, 0.43GB reserved
Epoch  92/300 | Train Loss: 0.0649 | Val Loss: 0.3231 | Val Cat Acc: 1.000 | Time: 1.5s
  GPU Memory: 0.25GB allocated, 0.43GB reserved
Epoch  93/300 | Train Loss: 0.0476 | Val Loss: 0.3436 | Val Cat Acc: 1.000 | Time: 1.5s
  GPU Memory: 0.25GB allocated, 0.43GB reserved
Epoch  94/300 | Train Loss: 0.0336 | Val Loss: 0.2938 | Val Cat Acc: 1.000 | Time: 1.6s
  GPU Memory: 0.25GB allocated, 0.43GB reserved
Epoch  95/300 | Train Loss: 0.0337 | Val Loss: 0.3520 | Val Cat Acc: 1.000 | Time: 1.5s
  GPU Memory: 0.25GB allocated, 0.43GB reserved
Epoch  96/300 | Train Loss: 0.0205 | Val Loss: 0.3230 | Val Cat Acc: 1.000 | Time: 1.5s
  GPU Memory: 0.25GB allocated, 0.43GB reserved
Epoch  97/300 | Train Loss: 0.0224 | Val Loss: 0.3169 | Val Cat Acc: 1.000 | Time: 1.6s
  GPU Memory: 0.25GB allocated, 0.43GB reserved
Epoch  98/300 | Train Loss: 0.0315 | Val Loss: 0.3882 | Val Cat Acc: 1.000 | Time: 1.6s
  GPU Memory: 0.25GB allocated, 0.43GB reserved
Epoch  99/300 | Train Loss: 0.0544 | Val Loss: 0.3856 | Val Cat Acc: 1.000 | Time: 1.5s
  GPU Memory: 0.25GB allocated, 0.43GB reserved
Epoch 100/300 | Train Loss: 0.0721 | Val Loss: 0.3346 | Val Cat Acc: 1.000 | Time: 1.5s
  GPU Memory: 0.25GB allocated, 0.43GB reserved
Epoch 101/300 | Train Loss: 0.0375 | Val Loss: 0.2739 | Val Cat Acc: 1.000 | Time: 1.5s
  GPU Memory: 0.25GB allocated, 0.43GB reserved
Epoch 102/300 | Train Loss: 0.0275 | Val Loss: 0.4579 | Val Cat Acc: 1.000 | Time: 1.5s
  GPU Memory: 0.25GB allocated, 0.43GB reserved
Epoch 103/300 | Train Loss: 0.0252 | Val Loss: 0.2847 | Val Cat Acc: 1.000 | Time: 1.5s
  GPU Memory: 0.25GB allocated, 0.43GB reserved
Epoch 104/300 | Train Loss: 0.0204 | Val Loss: 0.4230 | Val Cat Acc: 1.000 | Time: 1.5s
  GPU Memory: 0.25GB allocated, 0.43GB reserved

Early stopping triggered after 104 epochs.
Best validation loss: 0.2367

================================================================================
CTC TRAINING COMPLETED!
Best validation loss: 0.2367
Checkpoints saved to: trained_models/transformer/greetings_ctc_v2
================================================================================


============================================================
Training completed - 2025-10-25 06:10:20
Log saved to: trained_models/transformer/greetings_ctc_v2/training_20251025_060714.log
============================================================
