============================================================
TRAINING LOG - 2025-10-09 03:25:27
============================================================
Console output will be saved to: trained_models/transformer/cmb_features_2048/training_20251009_032527.log
Metrics CSV will be saved to: trained_models/transformer/cmb_features_2048/training_20251009_032527_metrics.csv

Using device: cuda
CUDA device: NVIDIA GeForce RTX 5070 Ti
CUDA memory: 16.6 GB
CUDA compute capability: 12.0
CUDA multiprocessors: 70
CUDA memory allocated: 0.00 GB
CUDA memory cached: 0.00 GB

============================================================
DATA LOADING
============================================================
✓ Loaded data successfully
  - Dataset type: Transformer Keypoints
  - Training folder: data/processed/cmb_train
  - Validation folder: data/processed/cmb_val
  - Keypoint key: X2048
  - Gloss classes: 105
  - Category classes: 10

============================================================
DATASET PREPARATION
============================================================
✓ Created datasets and data loaders
  - Batch size: 8
  - Training batches: 422
  - Validation batches: 104
  - Data augmentation: Enabled (noise_std=0.0015, mask_prob=0.04)
  - Training dataset size: 3372 samples
  - Validation dataset size: 832 samples
  - Data format: [T, 156] keypoints

============================================================
MODEL SELECTION
============================================================
Available models:
- transformer: Multi-head attention transformer
- iv3_gru: InceptionV3 + GRU hybrid
✓ Using SignTransformer model (input_dim=2048)

================================================================================
COMPREHENSIVE TRAINING CONFIGURATION
================================================================================
Session Information:
  - Start time: 2025-10-09 03:25:27
  - Working directory: /workspace/fslr-transformer-vs-iv3gru
  - Command: /workspace/fslr-transformer-vs-iv3gru/training/train.py --model transformer --epochs 300 --batch-size 8 --lr 0.00006 --alpha 0.8 --beta 0.2 --num-gloss 105 --num-cat 10 --keypoints-train data/processed/cmb_train --keypoints-val data/processed/cmb_val --labels-train-csv data/processed/cmb_train.csv --labels-val-csv data/processed/cmb_val.csv --kp-key X2048 --amp --augment --augment-noise-std 0.0015 --augment-mask-prob 0.04 --augment-mask-ratio 0.04 --scheduler warmup_cosine --warmup-epochs 20 --early-stop 50 --weight-decay 1.1e-4 --output-dir trained_models/transformer/cmb_features_2048

System Information:
  - Platform: Linux-6.8.0-52-generic-x86_64-with-glibc2.39
  - Python version: 3.12.11 | packaged by conda-forge | (main, Jun  4 2025, 14:45:31) [GCC 13.3.0]
  - PyTorch version: 2.8.0+cu128
  - CUDA version: 12.8
  - cuDNN version: 91002
  - NumPy version: 2.2.6

Core Training Parameters:
  - Model: transformer
  - Epochs: 300
  - Batch size: 8
  - Learning rate: 6e-05
  - Weight decay: 0.00011
  - Gradient clipping: None
  - Loss weights - Alpha: 0.8, Beta: 0.2

Curriculum Training: Disabled

Loss Weighting Parameters:
  - Strategy: static
  - Alpha: 0.8
  - Beta: 0.2

Data Configuration:
  - Gloss classes: 105
  - Category classes: 10
  - Data source: Real data files
  - Training folder: data/processed/cmb_train
  - Validation folder: data/processed/cmb_val
  - Keypoint key: X2048

Training Control:
  - Scheduler: warmup_cosine
  - Scheduler patience: 5
  - Early stopping: 50
  - Resume from: None

Performance Settings:
  - AMP (Mixed Precision): True
  - Model compilation: False
  - Gradient accumulation steps: 1
  - DataLoader workers: 0
  - Auto workers: False
  - Pin memory: False
  - Prefetch factor: None

Reproducibility:
  - Random seed: 42
  - Deterministic mode: False

Output Configuration:
  - Checkpoint directory: trained_models/transformer/cmb_features_2048
  - CSV log file: trained_models/transformer/cmb_features_2048/training_20251009_032527_metrics.csv

Model Information:
  - Model type: SignTransformer
  - Total parameters: 3,764,979
  - Trainable parameters: 3,764,979
  - Model size: 14.4 MB
================================================================================

============================================================
TRAINING START
============================================================
✓ Loss weighting strategy: static
✓ Using standard CrossEntropy Loss
Training Configuration:
  - Gradient accumulation steps: 1
  - AMP enabled: True
  - Model compiled: False
  - CUDA memory before training: 0.02 GB
✓ Using WarmupCosineScheduler (warmup_epochs=20)
Training for 300 epochs...
Loss weights - Gloss: 0.8, Category: 0.2
------------------------------------------------------------
Epoch  1/300 | Train Loss: 4.1470 | Val Loss: 4.1921 | Val Gloss Acc: 0.005 | Val Cat Acc: 0.191 | Time: 6.9s
  GPU Memory: 0.06GB allocated, 0.14GB reserved
Epoch  2/300 | Train Loss: 4.1327 | Val Loss: 4.1731 | Val Gloss Acc: 0.008 | Val Cat Acc: 0.246 | Time: 6.5s
  GPU Memory: 0.06GB allocated, 0.14GB reserved
Epoch  3/300 | Train Loss: 4.1466 | Val Loss: 4.1267 | Val Gloss Acc: 0.013 | Val Cat Acc: 0.275 | Time: 6.4s
  GPU Memory: 0.06GB allocated, 0.14GB reserved
Epoch  4/300 | Train Loss: 4.2743 | Val Loss: 4.0220 | Val Gloss Acc: 0.020 | Val Cat Acc: 0.317 | Time: 6.5s
  GPU Memory: 0.06GB allocated, 0.14GB reserved
Epoch  5/300 | Train Loss: 3.9454 | Val Loss: 3.8032 | Val Gloss Acc: 0.024 | Val Cat Acc: 0.463 | Time: 6.5s
  GPU Memory: 0.06GB allocated, 0.14GB reserved
Epoch  6/300 | Train Loss: 3.2076 | Val Loss: 3.4574 | Val Gloss Acc: 0.050 | Val Cat Acc: 0.550 | Time: 6.5s
  GPU Memory: 0.06GB allocated, 0.14GB reserved
Epoch  7/300 | Train Loss: 2.7203 | Val Loss: 3.1326 | Val Gloss Acc: 0.076 | Val Cat Acc: 0.601 | Time: 6.5s
  GPU Memory: 0.06GB allocated, 0.14GB reserved
Epoch  8/300 | Train Loss: 2.6534 | Val Loss: 2.7922 | Val Gloss Acc: 0.105 | Val Cat Acc: 0.648 | Time: 6.1s
  GPU Memory: 0.06GB allocated, 0.14GB reserved
Epoch  9/300 | Train Loss: 3.5672 | Val Loss: 2.6170 | Val Gloss Acc: 0.181 | Val Cat Acc: 0.645 | Time: 6.6s
  GPU Memory: 0.06GB allocated, 0.14GB reserved
Epoch 10/300 | Train Loss: 2.3476 | Val Loss: 2.1780 | Val Gloss Acc: 0.226 | Val Cat Acc: 0.738 | Time: 6.4s
  GPU Memory: 0.06GB allocated, 0.14GB reserved
Epoch 11/300 | Train Loss: 2.5663 | Val Loss: 2.1057 | Val Gloss Acc: 0.263 | Val Cat Acc: 0.709 | Time: 6.5s
  GPU Memory: 0.06GB allocated, 0.14GB reserved
Epoch 12/300 | Train Loss: 2.1088 | Val Loss: 1.8752 | Val Gloss Acc: 0.338 | Val Cat Acc: 0.748 | Time: 6.5s
  GPU Memory: 0.06GB allocated, 0.14GB reserved
Epoch 13/300 | Train Loss: 1.5761 | Val Loss: 1.6582 | Val Gloss Acc: 0.353 | Val Cat Acc: 0.768 | Time: 6.8s
  GPU Memory: 0.06GB allocated, 0.14GB reserved
Epoch 14/300 | Train Loss: 1.6376 | Val Loss: 1.4911 | Val Gloss Acc: 0.428 | Val Cat Acc: 0.814 | Time: 6.4s
  GPU Memory: 0.06GB allocated, 0.14GB reserved
Epoch 15/300 | Train Loss: 0.8338 | Val Loss: 1.3361 | Val Gloss Acc: 0.454 | Val Cat Acc: 0.840 | Time: 6.5s
  GPU Memory: 0.06GB allocated, 0.14GB reserved
Epoch 16/300 | Train Loss: 1.9933 | Val Loss: 1.2052 | Val Gloss Acc: 0.525 | Val Cat Acc: 0.856 | Time: 7.1s
  GPU Memory: 0.06GB allocated, 0.14GB reserved
Epoch 17/300 | Train Loss: 1.6144 | Val Loss: 1.2183 | Val Gloss Acc: 0.520 | Val Cat Acc: 0.838 | Time: 6.5s
  GPU Memory: 0.06GB allocated, 0.14GB reserved
Epoch 18/300 | Train Loss: 0.9996 | Val Loss: 1.2570 | Val Gloss Acc: 0.518 | Val Cat Acc: 0.809 | Time: 6.4s
  GPU Memory: 0.06GB allocated, 0.14GB reserved
Epoch 19/300 | Train Loss: 1.2037 | Val Loss: 0.9938 | Val Gloss Acc: 0.597 | Val Cat Acc: 0.880 | Time: 6.2s
  GPU Memory: 0.06GB allocated, 0.14GB reserved
Epoch 20/300 | Train Loss: 1.1077 | Val Loss: 1.1991 | Val Gloss Acc: 0.537 | Val Cat Acc: 0.840 | Time: 6.3s
  GPU Memory: 0.06GB allocated, 0.14GB reserved
Epoch 21/300 | Train Loss: 1.0596 | Val Loss: 0.8916 | Val Gloss Acc: 0.633 | Val Cat Acc: 0.894 | Time: 6.5s
  GPU Memory: 0.06GB allocated, 0.14GB reserved
Epoch 22/300 | Train Loss: 0.9073 | Val Loss: 0.8452 | Val Gloss Acc: 0.654 | Val Cat Acc: 0.901 | Time: 6.7s
  GPU Memory: 0.06GB allocated, 0.14GB reserved
Epoch 23/300 | Train Loss: 0.6021 | Val Loss: 0.8261 | Val Gloss Acc: 0.660 | Val Cat Acc: 0.907 | Time: 6.6s
  GPU Memory: 0.06GB allocated, 0.14GB reserved
Epoch 24/300 | Train Loss: 0.8801 | Val Loss: 0.7578 | Val Gloss Acc: 0.688 | Val Cat Acc: 0.928 | Time: 6.4s
  GPU Memory: 0.06GB allocated, 0.14GB reserved
Epoch 25/300 | Train Loss: 1.0570 | Val Loss: 0.7874 | Val Gloss Acc: 0.669 | Val Cat Acc: 0.915 | Time: 6.5s
  GPU Memory: 0.06GB allocated, 0.14GB reserved
Epoch 26/300 | Train Loss: 0.3623 | Val Loss: 0.7136 | Val Gloss Acc: 0.724 | Val Cat Acc: 0.927 | Time: 6.5s
  GPU Memory: 0.06GB allocated, 0.14GB reserved
Epoch 27/300 | Train Loss: 0.7268 | Val Loss: 0.6335 | Val Gloss Acc: 0.739 | Val Cat Acc: 0.929 | Time: 6.4s
  GPU Memory: 0.06GB allocated, 0.14GB reserved
Epoch 28/300 | Train Loss: 0.6791 | Val Loss: 0.8409 | Val Gloss Acc: 0.663 | Val Cat Acc: 0.904 | Time: 6.5s
  GPU Memory: 0.06GB allocated, 0.14GB reserved
Epoch 29/300 | Train Loss: 0.0875 | Val Loss: 0.7107 | Val Gloss Acc: 0.703 | Val Cat Acc: 0.928 | Time: 6.9s
  GPU Memory: 0.06GB allocated, 0.14GB reserved
Epoch 30/300 | Train Loss: 0.5999 | Val Loss: 0.5645 | Val Gloss Acc: 0.754 | Val Cat Acc: 0.950 | Time: 6.5s
  GPU Memory: 0.06GB allocated, 0.14GB reserved
Epoch 31/300 | Train Loss: 0.0696 | Val Loss: 0.5465 | Val Gloss Acc: 0.764 | Val Cat Acc: 0.948 | Time: 6.8s
  GPU Memory: 0.06GB allocated, 0.14GB reserved
Epoch 32/300 | Train Loss: 0.2253 | Val Loss: 0.5651 | Val Gloss Acc: 0.767 | Val Cat Acc: 0.966 | Time: 6.8s
  GPU Memory: 0.06GB allocated, 0.14GB reserved
Epoch 33/300 | Train Loss: 0.3250 | Val Loss: 0.5735 | Val Gloss Acc: 0.757 | Val Cat Acc: 0.966 | Time: 6.7s
  GPU Memory: 0.06GB allocated, 0.14GB reserved
Epoch 34/300 | Train Loss: 0.8157 | Val Loss: 0.6561 | Val Gloss Acc: 0.743 | Val Cat Acc: 0.923 | Time: 6.9s
  GPU Memory: 0.06GB allocated, 0.14GB reserved
Epoch 35/300 | Train Loss: 0.0843 | Val Loss: 0.7466 | Val Gloss Acc: 0.701 | Val Cat Acc: 0.918 | Time: 6.8s
  GPU Memory: 0.06GB allocated, 0.14GB reserved
Epoch 36/300 | Train Loss: 0.7907 | Val Loss: 0.5642 | Val Gloss Acc: 0.764 | Val Cat Acc: 0.951 | Time: 6.6s
  GPU Memory: 0.06GB allocated, 0.14GB reserved
Epoch 37/300 | Train Loss: 0.8689 | Val Loss: 0.6931 | Val Gloss Acc: 0.742 | Val Cat Acc: 0.954 | Time: 6.6s
  GPU Memory: 0.06GB allocated, 0.14GB reserved
Epoch 38/300 | Train Loss: 0.1181 | Val Loss: 0.6515 | Val Gloss Acc: 0.763 | Val Cat Acc: 0.921 | Time: 6.6s
  GPU Memory: 0.06GB allocated, 0.14GB reserved
Epoch 39/300 | Train Loss: 0.2551 | Val Loss: 0.6207 | Val Gloss Acc: 0.736 | Val Cat Acc: 0.951 | Time: 6.4s
  GPU Memory: 0.06GB allocated, 0.14GB reserved
Epoch 40/300 | Train Loss: 0.0325 | Val Loss: 0.5253 | Val Gloss Acc: 0.791 | Val Cat Acc: 0.951 | Time: 6.5s
  GPU Memory: 0.06GB allocated, 0.14GB reserved
Epoch 41/300 | Train Loss: 0.1777 | Val Loss: 0.5640 | Val Gloss Acc: 0.779 | Val Cat Acc: 0.933 | Time: 6.4s
  GPU Memory: 0.06GB allocated, 0.14GB reserved
Epoch 42/300 | Train Loss: 0.6291 | Val Loss: 0.5794 | Val Gloss Acc: 0.785 | Val Cat Acc: 0.951 | Time: 6.5s
  GPU Memory: 0.06GB allocated, 0.14GB reserved
Epoch 43/300 | Train Loss: 0.1861 | Val Loss: 0.4355 | Val Gloss Acc: 0.817 | Val Cat Acc: 0.969 | Time: 6.4s
  GPU Memory: 0.06GB allocated, 0.14GB reserved
Epoch 44/300 | Train Loss: 0.0336 | Val Loss: 0.4225 | Val Gloss Acc: 0.841 | Val Cat Acc: 0.972 | Time: 6.7s
  GPU Memory: 0.06GB allocated, 0.14GB reserved
Epoch 45/300 | Train Loss: 0.2460 | Val Loss: 0.4779 | Val Gloss Acc: 0.816 | Val Cat Acc: 0.958 | Time: 6.8s
  GPU Memory: 0.06GB allocated, 0.14GB reserved
Epoch 46/300 | Train Loss: 0.1116 | Val Loss: 0.4854 | Val Gloss Acc: 0.823 | Val Cat Acc: 0.970 | Time: 6.6s
  GPU Memory: 0.06GB allocated, 0.14GB reserved
Epoch 47/300 | Train Loss: 0.2795 | Val Loss: 0.5052 | Val Gloss Acc: 0.793 | Val Cat Acc: 0.962 | Time: 6.4s
  GPU Memory: 0.06GB allocated, 0.14GB reserved
Epoch 48/300 | Train Loss: 0.1240 | Val Loss: 0.5820 | Val Gloss Acc: 0.772 | Val Cat Acc: 0.957 | Time: 6.7s
  GPU Memory: 0.06GB allocated, 0.14GB reserved
Epoch 49/300 | Train Loss: 0.0961 | Val Loss: 0.4893 | Val Gloss Acc: 0.823 | Val Cat Acc: 0.944 | Time: 6.5s
  GPU Memory: 0.06GB allocated, 0.14GB reserved
Epoch 50/300 | Train Loss: 0.0051 | Val Loss: 0.4345 | Val Gloss Acc: 0.821 | Val Cat Acc: 0.964 | Time: 6.4s
  GPU Memory: 0.06GB allocated, 0.14GB reserved
Epoch 51/300 | Train Loss: 0.7831 | Val Loss: 0.6863 | Val Gloss Acc: 0.758 | Val Cat Acc: 0.935 | Time: 6.3s
  GPU Memory: 0.06GB allocated, 0.14GB reserved
Epoch 52/300 | Train Loss: 0.0260 | Val Loss: 0.4279 | Val Gloss Acc: 0.844 | Val Cat Acc: 0.978 | Time: 6.4s
  GPU Memory: 0.06GB allocated, 0.14GB reserved
Epoch 53/300 | Train Loss: 0.6024 | Val Loss: 0.4782 | Val Gloss Acc: 0.810 | Val Cat Acc: 0.956 | Time: 6.6s
  GPU Memory: 0.06GB allocated, 0.14GB reserved
Epoch 54/300 | Train Loss: 0.0246 | Val Loss: 0.4616 | Val Gloss Acc: 0.821 | Val Cat Acc: 0.954 | Time: 6.7s
  GPU Memory: 0.06GB allocated, 0.14GB reserved
Epoch 55/300 | Train Loss: 0.0381 | Val Loss: 0.4746 | Val Gloss Acc: 0.827 | Val Cat Acc: 0.959 | Time: 6.4s
  GPU Memory: 0.06GB allocated, 0.14GB reserved
Epoch 56/300 | Train Loss: 0.0061 | Val Loss: 0.4775 | Val Gloss Acc: 0.833 | Val Cat Acc: 0.972 | Time: 6.6s
  GPU Memory: 0.06GB allocated, 0.14GB reserved
Epoch 57/300 | Train Loss: 0.0653 | Val Loss: 0.6265 | Val Gloss Acc: 0.792 | Val Cat Acc: 0.959 | Time: 6.4s
  GPU Memory: 0.06GB allocated, 0.14GB reserved
Epoch 58/300 | Train Loss: 0.0328 | Val Loss: 0.4190 | Val Gloss Acc: 0.843 | Val Cat Acc: 0.959 | Time: 6.6s
  GPU Memory: 0.06GB allocated, 0.14GB reserved
Epoch 59/300 | Train Loss: 0.0283 | Val Loss: 0.6688 | Val Gloss Acc: 0.779 | Val Cat Acc: 0.939 | Time: 6.5s
  GPU Memory: 0.06GB allocated, 0.14GB reserved
Epoch 60/300 | Train Loss: 0.2346 | Val Loss: 0.5787 | Val Gloss Acc: 0.800 | Val Cat Acc: 0.958 | Time: 6.7s
  GPU Memory: 0.06GB allocated, 0.14GB reserved
Epoch 61/300 | Train Loss: 0.7974 | Val Loss: 0.7434 | Val Gloss Acc: 0.780 | Val Cat Acc: 0.939 | Time: 6.6s
  GPU Memory: 0.06GB allocated, 0.14GB reserved
Epoch 62/300 | Train Loss: 0.0263 | Val Loss: 0.4065 | Val Gloss Acc: 0.870 | Val Cat Acc: 0.977 | Time: 6.7s
  GPU Memory: 0.06GB allocated, 0.14GB reserved
Epoch 63/300 | Train Loss: 0.0096 | Val Loss: 0.4730 | Val Gloss Acc: 0.831 | Val Cat Acc: 0.964 | Time: 6.5s
  GPU Memory: 0.06GB allocated, 0.14GB reserved
Epoch 64/300 | Train Loss: 0.0013 | Val Loss: 0.4922 | Val Gloss Acc: 0.831 | Val Cat Acc: 0.963 | Time: 6.5s
  GPU Memory: 0.06GB allocated, 0.14GB reserved
Epoch 65/300 | Train Loss: 0.0356 | Val Loss: 0.4470 | Val Gloss Acc: 0.856 | Val Cat Acc: 0.971 | Time: 6.3s
  GPU Memory: 0.06GB allocated, 0.14GB reserved
Epoch 66/300 | Train Loss: 0.0047 | Val Loss: 0.4257 | Val Gloss Acc: 0.853 | Val Cat Acc: 0.969 | Time: 6.4s
  GPU Memory: 0.06GB allocated, 0.14GB reserved
Epoch 67/300 | Train Loss: 0.0829 | Val Loss: 0.3974 | Val Gloss Acc: 0.868 | Val Cat Acc: 0.972 | Time: 6.9s
  GPU Memory: 0.06GB allocated, 0.14GB reserved
Epoch 68/300 | Train Loss: 0.0155 | Val Loss: 0.8119 | Val Gloss Acc: 0.749 | Val Cat Acc: 0.919 | Time: 6.8s
  GPU Memory: 0.06GB allocated, 0.14GB reserved
Epoch 69/300 | Train Loss: 0.0003 | Val Loss: 0.4022 | Val Gloss Acc: 0.852 | Val Cat Acc: 0.968 | Time: 6.6s
  GPU Memory: 0.06GB allocated, 0.14GB reserved
Epoch 70/300 | Train Loss: 0.0128 | Val Loss: 0.4764 | Val Gloss Acc: 0.843 | Val Cat Acc: 0.970 | Time: 6.5s
  GPU Memory: 0.06GB allocated, 0.14GB reserved
Epoch 71/300 | Train Loss: 0.0079 | Val Loss: 0.3985 | Val Gloss Acc: 0.859 | Val Cat Acc: 0.965 | Time: 6.6s
  GPU Memory: 0.06GB allocated, 0.14GB reserved
Epoch 72/300 | Train Loss: 0.0415 | Val Loss: 0.4671 | Val Gloss Acc: 0.838 | Val Cat Acc: 0.963 | Time: 6.4s
  GPU Memory: 0.06GB allocated, 0.14GB reserved
Epoch 73/300 | Train Loss: 0.0532 | Val Loss: 0.5204 | Val Gloss Acc: 0.838 | Val Cat Acc: 0.952 | Time: 6.5s
  GPU Memory: 0.06GB allocated, 0.14GB reserved
Epoch 74/300 | Train Loss: 0.0439 | Val Loss: 0.7043 | Val Gloss Acc: 0.786 | Val Cat Acc: 0.947 | Time: 6.8s
  GPU Memory: 0.06GB allocated, 0.14GB reserved
Epoch 75/300 | Train Loss: 0.0210 | Val Loss: 0.5298 | Val Gloss Acc: 0.832 | Val Cat Acc: 0.974 | Time: 6.3s
  GPU Memory: 0.06GB allocated, 0.14GB reserved
Epoch 76/300 | Train Loss: 0.0027 | Val Loss: 0.4313 | Val Gloss Acc: 0.857 | Val Cat Acc: 0.983 | Time: 6.5s
  GPU Memory: 0.06GB allocated, 0.14GB reserved
Epoch 77/300 | Train Loss: 0.0609 | Val Loss: 0.4555 | Val Gloss Acc: 0.861 | Val Cat Acc: 0.972 | Time: 6.7s
  GPU Memory: 0.06GB allocated, 0.14GB reserved
Epoch 78/300 | Train Loss: 0.0192 | Val Loss: 0.4178 | Val Gloss Acc: 0.861 | Val Cat Acc: 0.962 | Time: 6.8s
  GPU Memory: 0.06GB allocated, 0.14GB reserved
Epoch 79/300 | Train Loss: 0.2227 | Val Loss: 0.4960 | Val Gloss Acc: 0.844 | Val Cat Acc: 0.974 | Time: 6.9s
  GPU Memory: 0.06GB allocated, 0.14GB reserved
Epoch 80/300 | Train Loss: 0.0134 | Val Loss: 0.3592 | Val Gloss Acc: 0.883 | Val Cat Acc: 0.982 | Time: 6.3s
  GPU Memory: 0.06GB allocated, 0.14GB reserved
Epoch 81/300 | Train Loss: 0.0341 | Val Loss: 0.4135 | Val Gloss Acc: 0.877 | Val Cat Acc: 0.970 | Time: 6.4s
  GPU Memory: 0.06GB allocated, 0.14GB reserved
Epoch 82/300 | Train Loss: 0.0060 | Val Loss: 0.3651 | Val Gloss Acc: 0.879 | Val Cat Acc: 0.981 | Time: 6.7s
  GPU Memory: 0.06GB allocated, 0.14GB reserved
Epoch 83/300 | Train Loss: 0.0301 | Val Loss: 0.5154 | Val Gloss Acc: 0.858 | Val Cat Acc: 0.965 | Time: 6.6s
  GPU Memory: 0.06GB allocated, 0.14GB reserved
Epoch 84/300 | Train Loss: 0.0255 | Val Loss: 0.4775 | Val Gloss Acc: 0.851 | Val Cat Acc: 0.968 | Time: 6.6s
  GPU Memory: 0.06GB allocated, 0.14GB reserved
Epoch 85/300 | Train Loss: 0.0003 | Val Loss: 0.5554 | Val Gloss Acc: 0.835 | Val Cat Acc: 0.971 | Time: 6.4s
  GPU Memory: 0.06GB allocated, 0.14GB reserved
Epoch 86/300 | Train Loss: 0.0564 | Val Loss: 0.3816 | Val Gloss Acc: 0.873 | Val Cat Acc: 0.976 | Time: 6.4s
  GPU Memory: 0.06GB allocated, 0.14GB reserved
Epoch 87/300 | Train Loss: 0.0008 | Val Loss: 0.4891 | Val Gloss Acc: 0.853 | Val Cat Acc: 0.966 | Time: 6.6s
  GPU Memory: 0.06GB allocated, 0.14GB reserved
Epoch 88/300 | Train Loss: 0.0145 | Val Loss: 0.3901 | Val Gloss Acc: 0.861 | Val Cat Acc: 0.965 | Time: 6.5s
  GPU Memory: 0.06GB allocated, 0.14GB reserved
Epoch 89/300 | Train Loss: 0.0040 | Val Loss: 0.4453 | Val Gloss Acc: 0.857 | Val Cat Acc: 0.963 | Time: 6.4s
  GPU Memory: 0.06GB allocated, 0.14GB reserved
Epoch 90/300 | Train Loss: 0.1655 | Val Loss: 0.6103 | Val Gloss Acc: 0.815 | Val Cat Acc: 0.964 | Time: 6.6s
  GPU Memory: 0.06GB allocated, 0.14GB reserved
Epoch 91/300 | Train Loss: 0.0117 | Val Loss: 0.3606 | Val Gloss Acc: 0.875 | Val Cat Acc: 0.975 | Time: 6.3s
  GPU Memory: 0.06GB allocated, 0.14GB reserved
Epoch 92/300 | Train Loss: 0.0135 | Val Loss: 0.6447 | Val Gloss Acc: 0.808 | Val Cat Acc: 0.930 | Time: 6.4s
  GPU Memory: 0.06GB allocated, 0.14GB reserved
Epoch 93/300 | Train Loss: 0.0084 | Val Loss: 0.3682 | Val Gloss Acc: 0.887 | Val Cat Acc: 0.981 | Time: 6.3s
  GPU Memory: 0.06GB allocated, 0.14GB reserved
Epoch 94/300 | Train Loss: 0.0008 | Val Loss: 0.5691 | Val Gloss Acc: 0.834 | Val Cat Acc: 0.956 | Time: 7.0s
  GPU Memory: 0.06GB allocated, 0.14GB reserved
Epoch 95/300 | Train Loss: 0.0010 | Val Loss: 0.3878 | Val Gloss Acc: 0.880 | Val Cat Acc: 0.981 | Time: 6.5s
  GPU Memory: 0.06GB allocated, 0.14GB reserved
Epoch 96/300 | Train Loss: 0.0017 | Val Loss: 0.3757 | Val Gloss Acc: 0.880 | Val Cat Acc: 0.980 | Time: 6.5s
  GPU Memory: 0.06GB allocated, 0.14GB reserved
Epoch 97/300 | Train Loss: 0.0099 | Val Loss: 0.5710 | Val Gloss Acc: 0.825 | Val Cat Acc: 0.965 | Time: 6.7s
  GPU Memory: 0.06GB allocated, 0.14GB reserved
Epoch 98/300 | Train Loss: 0.0031 | Val Loss: 0.5315 | Val Gloss Acc: 0.837 | Val Cat Acc: 0.968 | Time: 6.5s
  GPU Memory: 0.06GB allocated, 0.14GB reserved
Epoch 99/300 | Train Loss: 0.2923 | Val Loss: 0.5295 | Val Gloss Acc: 0.839 | Val Cat Acc: 0.975 | Time: 6.8s
  GPU Memory: 0.06GB allocated, 0.14GB reserved
Epoch 100/300 | Train Loss: 0.0330 | Val Loss: 0.4601 | Val Gloss Acc: 0.858 | Val Cat Acc: 0.980 | Time: 6.2s
  GPU Memory: 0.06GB allocated, 0.14GB reserved
Epoch 101/300 | Train Loss: 0.0026 | Val Loss: 0.4602 | Val Gloss Acc: 0.858 | Val Cat Acc: 0.972 | Time: 6.6s
  GPU Memory: 0.06GB allocated, 0.14GB reserved
Epoch 102/300 | Train Loss: 0.0001 | Val Loss: 0.4761 | Val Gloss Acc: 0.852 | Val Cat Acc: 0.974 | Time: 6.7s
  GPU Memory: 0.06GB allocated, 0.14GB reserved
Epoch 103/300 | Train Loss: 0.0089 | Val Loss: 0.6019 | Val Gloss Acc: 0.831 | Val Cat Acc: 0.977 | Time: 6.8s
  GPU Memory: 0.06GB allocated, 0.14GB reserved
Epoch 104/300 | Train Loss: 0.1127 | Val Loss: 0.4261 | Val Gloss Acc: 0.861 | Val Cat Acc: 0.970 | Time: 6.5s
  GPU Memory: 0.06GB allocated, 0.14GB reserved
Epoch 105/300 | Train Loss: 0.0013 | Val Loss: 0.4145 | Val Gloss Acc: 0.887 | Val Cat Acc: 0.972 | Time: 6.8s
  GPU Memory: 0.06GB allocated, 0.14GB reserved
Epoch 106/300 | Train Loss: 0.0273 | Val Loss: 0.5255 | Val Gloss Acc: 0.849 | Val Cat Acc: 0.966 | Time: 6.4s
  GPU Memory: 0.06GB allocated, 0.14GB reserved
Epoch 107/300 | Train Loss: 0.0043 | Val Loss: 0.6913 | Val Gloss Acc: 0.832 | Val Cat Acc: 0.950 | Time: 6.8s
  GPU Memory: 0.06GB allocated, 0.14GB reserved
Epoch 108/300 | Train Loss: 0.0013 | Val Loss: 0.4255 | Val Gloss Acc: 0.874 | Val Cat Acc: 0.977 | Time: 6.3s
  GPU Memory: 0.06GB allocated, 0.14GB reserved
Epoch 109/300 | Train Loss: 0.0096 | Val Loss: 0.4045 | Val Gloss Acc: 0.877 | Val Cat Acc: 0.965 | Time: 6.4s
  GPU Memory: 0.06GB allocated, 0.14GB reserved
Epoch 110/300 | Train Loss: 0.0799 | Val Loss: 0.4800 | Val Gloss Acc: 0.846 | Val Cat Acc: 0.964 | Time: 6.6s
  GPU Memory: 0.06GB allocated, 0.14GB reserved
Epoch 111/300 | Train Loss: 0.0035 | Val Loss: 0.4190 | Val Gloss Acc: 0.875 | Val Cat Acc: 0.970 | Time: 6.5s
  GPU Memory: 0.06GB allocated, 0.14GB reserved
Epoch 112/300 | Train Loss: 0.0003 | Val Loss: 0.3755 | Val Gloss Acc: 0.893 | Val Cat Acc: 0.978 | Time: 6.5s
  GPU Memory: 0.06GB allocated, 0.14GB reserved
Epoch 113/300 | Train Loss: 0.3900 | Val Loss: 0.9387 | Val Gloss Acc: 0.768 | Val Cat Acc: 0.933 | Time: 6.7s
  GPU Memory: 0.06GB allocated, 0.14GB reserved
Epoch 114/300 | Train Loss: 0.0164 | Val Loss: 0.4811 | Val Gloss Acc: 0.856 | Val Cat Acc: 0.972 | Time: 6.5s
  GPU Memory: 0.06GB allocated, 0.14GB reserved
Epoch 115/300 | Train Loss: 0.0242 | Val Loss: 0.4148 | Val Gloss Acc: 0.887 | Val Cat Acc: 0.969 | Time: 6.5s
  GPU Memory: 0.06GB allocated, 0.14GB reserved
Epoch 116/300 | Train Loss: 0.0003 | Val Loss: 0.3605 | Val Gloss Acc: 0.892 | Val Cat Acc: 0.983 | Time: 6.4s
  GPU Memory: 0.06GB allocated, 0.14GB reserved
Epoch 117/300 | Train Loss: 0.0029 | Val Loss: 0.3582 | Val Gloss Acc: 0.898 | Val Cat Acc: 0.983 | Time: 6.3s
  GPU Memory: 0.06GB allocated, 0.14GB reserved
Epoch 118/300 | Train Loss: 0.1565 | Val Loss: 0.5872 | Val Gloss Acc: 0.844 | Val Cat Acc: 0.965 | Time: 6.7s
  GPU Memory: 0.06GB allocated, 0.14GB reserved
Epoch 119/300 | Train Loss: 0.0830 | Val Loss: 0.5082 | Val Gloss Acc: 0.846 | Val Cat Acc: 0.980 | Time: 6.8s
  GPU Memory: 0.06GB allocated, 0.14GB reserved
Epoch 120/300 | Train Loss: 0.0298 | Val Loss: 0.4932 | Val Gloss Acc: 0.852 | Val Cat Acc: 0.972 | Time: 6.5s
  GPU Memory: 0.06GB allocated, 0.14GB reserved
Epoch 121/300 | Train Loss: 0.0012 | Val Loss: 0.4150 | Val Gloss Acc: 0.875 | Val Cat Acc: 0.982 | Time: 6.6s
  GPU Memory: 0.06GB allocated, 0.14GB reserved
Epoch 122/300 | Train Loss: 0.0008 | Val Loss: 0.4589 | Val Gloss Acc: 0.873 | Val Cat Acc: 0.986 | Time: 6.5s
  GPU Memory: 0.06GB allocated, 0.14GB reserved
Epoch 123/300 | Train Loss: 0.1739 | Val Loss: 0.6126 | Val Gloss Acc: 0.832 | Val Cat Acc: 0.951 | Time: 6.9s
  GPU Memory: 0.06GB allocated, 0.14GB reserved
Epoch 124/300 | Train Loss: 0.0046 | Val Loss: 0.5090 | Val Gloss Acc: 0.857 | Val Cat Acc: 0.976 | Time: 6.8s
  GPU Memory: 0.06GB allocated, 0.14GB reserved
Epoch 125/300 | Train Loss: 0.0001 | Val Loss: 0.3897 | Val Gloss Acc: 0.877 | Val Cat Acc: 0.977 | Time: 6.3s
  GPU Memory: 0.06GB allocated, 0.14GB reserved
Epoch 126/300 | Train Loss: 0.0007 | Val Loss: 0.3586 | Val Gloss Acc: 0.889 | Val Cat Acc: 0.986 | Time: 6.5s
  GPU Memory: 0.06GB allocated, 0.14GB reserved
Epoch 127/300 | Train Loss: 0.0196 | Val Loss: 0.6067 | Val Gloss Acc: 0.831 | Val Cat Acc: 0.958 | Time: 6.5s
  GPU Memory: 0.06GB allocated, 0.14GB reserved
Epoch 128/300 | Train Loss: 0.0049 | Val Loss: 0.4147 | Val Gloss Acc: 0.870 | Val Cat Acc: 0.980 | Time: 6.5s
  GPU Memory: 0.06GB allocated, 0.14GB reserved
Epoch 129/300 | Train Loss: 0.0001 | Val Loss: 0.3396 | Val Gloss Acc: 0.892 | Val Cat Acc: 0.987 | Time: 6.4s
  GPU Memory: 0.06GB allocated, 0.14GB reserved
Epoch 130/300 | Train Loss: 0.0044 | Val Loss: 0.5548 | Val Gloss Acc: 0.850 | Val Cat Acc: 0.963 | Time: 6.6s
  GPU Memory: 0.06GB allocated, 0.14GB reserved
Epoch 131/300 | Train Loss: 0.0483 | Val Loss: 0.3932 | Val Gloss Acc: 0.881 | Val Cat Acc: 0.983 | Time: 6.5s
  GPU Memory: 0.06GB allocated, 0.14GB reserved
Epoch 132/300 | Train Loss: 0.0344 | Val Loss: 0.4408 | Val Gloss Acc: 0.871 | Val Cat Acc: 0.953 | Time: 6.1s
  GPU Memory: 0.06GB allocated, 0.14GB reserved
Epoch 133/300 | Train Loss: 0.0024 | Val Loss: 0.3295 | Val Gloss Acc: 0.893 | Val Cat Acc: 0.978 | Time: 6.8s
  GPU Memory: 0.06GB allocated, 0.14GB reserved
Epoch 134/300 | Train Loss: 0.0002 | Val Loss: 0.3093 | Val Gloss Acc: 0.895 | Val Cat Acc: 0.984 | Time: 6.6s
  GPU Memory: 0.06GB allocated, 0.14GB reserved
Epoch 135/300 | Train Loss: 0.0003 | Val Loss: 0.3138 | Val Gloss Acc: 0.899 | Val Cat Acc: 0.987 | Time: 6.8s
  GPU Memory: 0.06GB allocated, 0.14GB reserved
Epoch 136/300 | Train Loss: 0.0003 | Val Loss: 0.3497 | Val Gloss Acc: 0.882 | Val Cat Acc: 0.982 | Time: 6.5s
  GPU Memory: 0.06GB allocated, 0.14GB reserved
Epoch 137/300 | Train Loss: 0.0003 | Val Loss: 0.3208 | Val Gloss Acc: 0.893 | Val Cat Acc: 0.987 | Time: 6.6s
  GPU Memory: 0.06GB allocated, 0.14GB reserved
Epoch 138/300 | Train Loss: 0.0291 | Val Loss: 0.4812 | Val Gloss Acc: 0.852 | Val Cat Acc: 0.974 | Time: 6.5s
  GPU Memory: 0.06GB allocated, 0.14GB reserved
Epoch 139/300 | Train Loss: 0.0092 | Val Loss: 0.4152 | Val Gloss Acc: 0.875 | Val Cat Acc: 0.988 | Time: 6.4s
  GPU Memory: 0.06GB allocated, 0.14GB reserved
Epoch 140/300 | Train Loss: 0.0004 | Val Loss: 0.3689 | Val Gloss Acc: 0.893 | Val Cat Acc: 0.983 | Time: 6.2s
  GPU Memory: 0.06GB allocated, 0.14GB reserved
Epoch 141/300 | Train Loss: 0.0010 | Val Loss: 0.4165 | Val Gloss Acc: 0.861 | Val Cat Acc: 0.984 | Time: 6.6s
  GPU Memory: 0.06GB allocated, 0.14GB reserved
Epoch 142/300 | Train Loss: 0.0001 | Val Loss: 0.3460 | Val Gloss Acc: 0.893 | Val Cat Acc: 0.974 | Time: 6.7s
  GPU Memory: 0.06GB allocated, 0.14GB reserved
Epoch 143/300 | Train Loss: 0.0001 | Val Loss: 0.3923 | Val Gloss Acc: 0.882 | Val Cat Acc: 0.983 | Time: 6.5s
  GPU Memory: 0.06GB allocated, 0.14GB reserved
Epoch 144/300 | Train Loss: 0.0156 | Val Loss: 0.3821 | Val Gloss Acc: 0.875 | Val Cat Acc: 0.978 | Time: 6.8s
  GPU Memory: 0.06GB allocated, 0.14GB reserved
Epoch 145/300 | Train Loss: 0.0037 | Val Loss: 0.3498 | Val Gloss Acc: 0.893 | Val Cat Acc: 0.982 | Time: 6.4s
  GPU Memory: 0.06GB allocated, 0.14GB reserved
Epoch 146/300 | Train Loss: 0.0012 | Val Loss: 0.3522 | Val Gloss Acc: 0.903 | Val Cat Acc: 0.976 | Time: 6.4s
  GPU Memory: 0.06GB allocated, 0.14GB reserved
Epoch 147/300 | Train Loss: 0.0001 | Val Loss: 0.3879 | Val Gloss Acc: 0.882 | Val Cat Acc: 0.978 | Time: 6.7s
  GPU Memory: 0.06GB allocated, 0.14GB reserved
Epoch 148/300 | Train Loss: 0.0002 | Val Loss: 0.3591 | Val Gloss Acc: 0.887 | Val Cat Acc: 0.983 | Time: 6.3s
  GPU Memory: 0.06GB allocated, 0.14GB reserved
Epoch 149/300 | Train Loss: 0.0027 | Val Loss: 0.7785 | Val Gloss Acc: 0.782 | Val Cat Acc: 0.931 | Time: 6.4s
  GPU Memory: 0.06GB allocated, 0.14GB reserved
Epoch 150/300 | Train Loss: 0.0001 | Val Loss: 0.3208 | Val Gloss Acc: 0.901 | Val Cat Acc: 0.988 | Time: 6.3s
  GPU Memory: 0.06GB allocated, 0.14GB reserved
Epoch 151/300 | Train Loss: 0.0079 | Val Loss: 0.3741 | Val Gloss Acc: 0.888 | Val Cat Acc: 0.982 | Time: 6.6s
  GPU Memory: 0.06GB allocated, 0.14GB reserved
Epoch 152/300 | Train Loss: 0.0001 | Val Loss: 0.3507 | Val Gloss Acc: 0.891 | Val Cat Acc: 0.982 | Time: 6.6s
  GPU Memory: 0.06GB allocated, 0.14GB reserved
Epoch 153/300 | Train Loss: 0.0133 | Val Loss: 0.7258 | Val Gloss Acc: 0.819 | Val Cat Acc: 0.944 | Time: 6.7s
  GPU Memory: 0.06GB allocated, 0.14GB reserved
Epoch 154/300 | Train Loss: 0.0144 | Val Loss: 0.4096 | Val Gloss Acc: 0.875 | Val Cat Acc: 0.986 | Time: 6.6s
  GPU Memory: 0.06GB allocated, 0.14GB reserved
Epoch 155/300 | Train Loss: 0.0006 | Val Loss: 0.3602 | Val Gloss Acc: 0.889 | Val Cat Acc: 0.987 | Time: 6.7s
  GPU Memory: 0.06GB allocated, 0.14GB reserved
Epoch 156/300 | Train Loss: 0.0680 | Val Loss: 0.5405 | Val Gloss Acc: 0.849 | Val Cat Acc: 0.983 | Time: 6.6s
  GPU Memory: 0.06GB allocated, 0.14GB reserved
Epoch 157/300 | Train Loss: 0.0249 | Val Loss: 0.4662 | Val Gloss Acc: 0.858 | Val Cat Acc: 0.977 | Time: 8.8s
  GPU Memory: 0.06GB allocated, 0.14GB reserved
Epoch 158/300 | Train Loss: 0.0020 | Val Loss: 0.3519 | Val Gloss Acc: 0.881 | Val Cat Acc: 0.978 | Time: 10.8s
  GPU Memory: 0.06GB allocated, 0.14GB reserved
Epoch 159/300 | Train Loss: 0.0003 | Val Loss: 0.3687 | Val Gloss Acc: 0.880 | Val Cat Acc: 0.981 | Time: 10.3s
  GPU Memory: 0.06GB allocated, 0.14GB reserved
Epoch 160/300 | Train Loss: 0.0000 | Val Loss: 0.3404 | Val Gloss Acc: 0.900 | Val Cat Acc: 0.986 | Time: 11.0s
  GPU Memory: 0.06GB allocated, 0.14GB reserved
Epoch 161/300 | Train Loss: 0.0012 | Val Loss: 0.3136 | Val Gloss Acc: 0.895 | Val Cat Acc: 0.984 | Time: 10.6s
  GPU Memory: 0.06GB allocated, 0.14GB reserved
Epoch 162/300 | Train Loss: 0.0006 | Val Loss: 0.3295 | Val Gloss Acc: 0.899 | Val Cat Acc: 0.984 | Time: 11.1s
  GPU Memory: 0.06GB allocated, 0.14GB reserved
Epoch 163/300 | Train Loss: 0.0031 | Val Loss: 0.3882 | Val Gloss Acc: 0.883 | Val Cat Acc: 0.986 | Time: 10.3s
  GPU Memory: 0.06GB allocated, 0.14GB reserved
Epoch 164/300 | Train Loss: 0.0003 | Val Loss: 0.4089 | Val Gloss Acc: 0.881 | Val Cat Acc: 0.983 | Time: 11.2s
  GPU Memory: 0.06GB allocated, 0.14GB reserved
Epoch 165/300 | Train Loss: 0.0044 | Val Loss: 0.6551 | Val Gloss Acc: 0.828 | Val Cat Acc: 0.958 | Time: 11.5s
  GPU Memory: 0.06GB allocated, 0.14GB reserved
Epoch 166/300 | Train Loss: 0.0009 | Val Loss: 0.3894 | Val Gloss Acc: 0.885 | Val Cat Acc: 0.986 | Time: 11.6s
  GPU Memory: 0.06GB allocated, 0.14GB reserved
Epoch 167/300 | Train Loss: 0.0096 | Val Loss: 0.4200 | Val Gloss Acc: 0.882 | Val Cat Acc: 0.980 | Time: 10.7s
  GPU Memory: 0.06GB allocated, 0.14GB reserved
Epoch 168/300 | Train Loss: 0.0005 | Val Loss: 0.3450 | Val Gloss Acc: 0.891 | Val Cat Acc: 0.981 | Time: 11.7s
  GPU Memory: 0.06GB allocated, 0.14GB reserved
Epoch 169/300 | Train Loss: 0.0003 | Val Loss: 0.3375 | Val Gloss Acc: 0.897 | Val Cat Acc: 0.984 | Time: 10.2s
  GPU Memory: 0.06GB allocated, 0.14GB reserved
Epoch 170/300 | Train Loss: 0.0002 | Val Loss: 0.3316 | Val Gloss Acc: 0.905 | Val Cat Acc: 0.983 | Time: 10.4s
  GPU Memory: 0.06GB allocated, 0.14GB reserved
Epoch 171/300 | Train Loss: 0.0006 | Val Loss: 0.3078 | Val Gloss Acc: 0.904 | Val Cat Acc: 0.986 | Time: 11.1s
  GPU Memory: 0.06GB allocated, 0.14GB reserved
Epoch 172/300 | Train Loss: 0.0005 | Val Loss: 0.3113 | Val Gloss Acc: 0.903 | Val Cat Acc: 0.990 | Time: 11.2s
  GPU Memory: 0.06GB allocated, 0.14GB reserved
Epoch 173/300 | Train Loss: 0.0002 | Val Loss: 0.3149 | Val Gloss Acc: 0.898 | Val Cat Acc: 0.989 | Time: 11.8s
  GPU Memory: 0.06GB allocated, 0.14GB reserved
Epoch 174/300 | Train Loss: 0.0001 | Val Loss: 0.3341 | Val Gloss Acc: 0.888 | Val Cat Acc: 0.989 | Time: 10.8s
  GPU Memory: 0.06GB allocated, 0.14GB reserved
Epoch 175/300 | Train Loss: 0.0100 | Val Loss: 0.3874 | Val Gloss Acc: 0.885 | Val Cat Acc: 0.980 | Time: 10.1s
  GPU Memory: 0.06GB allocated, 0.14GB reserved
Epoch 176/300 | Train Loss: 0.0217 | Val Loss: 0.3971 | Val Gloss Acc: 0.886 | Val Cat Acc: 0.980 | Time: 11.0s
  GPU Memory: 0.06GB allocated, 0.14GB reserved
Epoch 177/300 | Train Loss: 0.0002 | Val Loss: 0.3328 | Val Gloss Acc: 0.899 | Val Cat Acc: 0.981 | Time: 10.8s
  GPU Memory: 0.06GB allocated, 0.14GB reserved
Epoch 178/300 | Train Loss: 0.0004 | Val Loss: 0.3354 | Val Gloss Acc: 0.897 | Val Cat Acc: 0.980 | Time: 11.2s
  GPU Memory: 0.06GB allocated, 0.14GB reserved
Epoch 179/300 | Train Loss: 0.0003 | Val Loss: 0.4220 | Val Gloss Acc: 0.881 | Val Cat Acc: 0.983 | Time: 10.2s
  GPU Memory: 0.06GB allocated, 0.14GB reserved
Epoch 180/300 | Train Loss: 0.0004 | Val Loss: 0.3357 | Val Gloss Acc: 0.892 | Val Cat Acc: 0.980 | Time: 11.3s
  GPU Memory: 0.06GB allocated, 0.14GB reserved
Epoch 181/300 | Train Loss: 0.0003 | Val Loss: 0.3319 | Val Gloss Acc: 0.900 | Val Cat Acc: 0.990 | Time: 11.0s
  GPU Memory: 0.06GB allocated, 0.14GB reserved
Epoch 182/300 | Train Loss: 0.0007 | Val Loss: 0.5059 | Val Gloss Acc: 0.855 | Val Cat Acc: 0.976 | Time: 11.0s
  GPU Memory: 0.06GB allocated, 0.14GB reserved
Epoch 183/300 | Train Loss: 0.0008 | Val Loss: 0.3654 | Val Gloss Acc: 0.885 | Val Cat Acc: 0.986 | Time: 11.2s
  GPU Memory: 0.06GB allocated, 0.14GB reserved
Epoch 184/300 | Train Loss: 0.0008 | Val Loss: 0.3551 | Val Gloss Acc: 0.888 | Val Cat Acc: 0.983 | Time: 11.3s
  GPU Memory: 0.06GB allocated, 0.14GB reserved
Epoch 185/300 | Train Loss: 0.0015 | Val Loss: 0.3314 | Val Gloss Acc: 0.892 | Val Cat Acc: 0.978 | Time: 10.7s
  GPU Memory: 0.06GB allocated, 0.14GB reserved
Epoch 186/300 | Train Loss: 0.0004 | Val Loss: 0.3400 | Val Gloss Acc: 0.900 | Val Cat Acc: 0.988 | Time: 9.8s
  GPU Memory: 0.06GB allocated, 0.14GB reserved
Epoch 187/300 | Train Loss: 0.0006 | Val Loss: 0.3195 | Val Gloss Acc: 0.894 | Val Cat Acc: 0.980 | Time: 11.7s
  GPU Memory: 0.06GB allocated, 0.14GB reserved
Epoch 188/300 | Train Loss: 0.0019 | Val Loss: 0.3073 | Val Gloss Acc: 0.898 | Val Cat Acc: 0.977 | Time: 11.1s
  GPU Memory: 0.06GB allocated, 0.14GB reserved
Epoch 189/300 | Train Loss: 0.0016 | Val Loss: 0.3579 | Val Gloss Acc: 0.881 | Val Cat Acc: 0.977 | Time: 10.7s
  GPU Memory: 0.06GB allocated, 0.14GB reserved
Epoch 190/300 | Train Loss: 0.0007 | Val Loss: 0.3114 | Val Gloss Acc: 0.897 | Val Cat Acc: 0.981 | Time: 11.3s
  GPU Memory: 0.06GB allocated, 0.14GB reserved
Epoch 191/300 | Train Loss: 0.0007 | Val Loss: 0.3072 | Val Gloss Acc: 0.898 | Val Cat Acc: 0.983 | Time: 11.0s
  GPU Memory: 0.06GB allocated, 0.14GB reserved
Epoch 192/300 | Train Loss: 0.0032 | Val Loss: 0.3157 | Val Gloss Acc: 0.892 | Val Cat Acc: 0.982 | Time: 11.0s
  GPU Memory: 0.06GB allocated, 0.14GB reserved
Epoch 193/300 | Train Loss: 0.0015 | Val Loss: 0.3382 | Val Gloss Acc: 0.887 | Val Cat Acc: 0.983 | Time: 10.2s
  GPU Memory: 0.06GB allocated, 0.14GB reserved
Epoch 194/300 | Train Loss: 0.0006 | Val Loss: 0.3258 | Val Gloss Acc: 0.900 | Val Cat Acc: 0.982 | Time: 10.1s
  GPU Memory: 0.06GB allocated, 0.14GB reserved
Epoch 195/300 | Train Loss: 0.0100 | Val Loss: 0.4031 | Val Gloss Acc: 0.883 | Val Cat Acc: 0.975 | Time: 11.0s
  GPU Memory: 0.06GB allocated, 0.14GB reserved
Epoch 196/300 | Train Loss: 0.0194 | Val Loss: 0.4641 | Val Gloss Acc: 0.871 | Val Cat Acc: 0.982 | Time: 10.4s
  GPU Memory: 0.06GB allocated, 0.14GB reserved
Epoch 197/300 | Train Loss: 0.0020 | Val Loss: 0.3212 | Val Gloss Acc: 0.897 | Val Cat Acc: 0.987 | Time: 10.6s
  GPU Memory: 0.06GB allocated, 0.14GB reserved
Epoch 198/300 | Train Loss: 0.0087 | Val Loss: 0.3224 | Val Gloss Acc: 0.894 | Val Cat Acc: 0.980 | Time: 10.6s
  GPU Memory: 0.06GB allocated, 0.14GB reserved
Epoch 199/300 | Train Loss: 0.0159 | Val Loss: 0.3183 | Val Gloss Acc: 0.892 | Val Cat Acc: 0.983 | Time: 10.6s
  GPU Memory: 0.06GB allocated, 0.14GB reserved
Epoch 200/300 | Train Loss: 0.0013 | Val Loss: 0.3254 | Val Gloss Acc: 0.894 | Val Cat Acc: 0.983 | Time: 11.3s
  GPU Memory: 0.06GB allocated, 0.14GB reserved
Epoch 201/300 | Train Loss: 0.0122 | Val Loss: 0.3638 | Val Gloss Acc: 0.880 | Val Cat Acc: 0.981 | Time: 11.1s
  GPU Memory: 0.06GB allocated, 0.14GB reserved
Epoch 202/300 | Train Loss: 0.0501 | Val Loss: 0.3751 | Val Gloss Acc: 0.889 | Val Cat Acc: 0.980 | Time: 10.7s
  GPU Memory: 0.06GB allocated, 0.14GB reserved
Epoch 203/300 | Train Loss: 0.0023 | Val Loss: 0.3095 | Val Gloss Acc: 0.903 | Val Cat Acc: 0.983 | Time: 10.4s
  GPU Memory: 0.06GB allocated, 0.14GB reserved
Epoch 204/300 | Train Loss: 0.0012 | Val Loss: 0.3724 | Val Gloss Acc: 0.886 | Val Cat Acc: 0.978 | Time: 10.8s
  GPU Memory: 0.06GB allocated, 0.14GB reserved
Epoch 205/300 | Train Loss: 0.0003 | Val Loss: 0.3301 | Val Gloss Acc: 0.893 | Val Cat Acc: 0.986 | Time: 10.4s
  GPU Memory: 0.06GB allocated, 0.14GB reserved
Epoch 206/300 | Train Loss: 0.0059 | Val Loss: 0.3424 | Val Gloss Acc: 0.887 | Val Cat Acc: 0.983 | Time: 11.1s
  GPU Memory: 0.06GB allocated, 0.14GB reserved
Epoch 207/300 | Train Loss: 0.0006 | Val Loss: 0.3120 | Val Gloss Acc: 0.888 | Val Cat Acc: 0.978 | Time: 11.5s
  GPU Memory: 0.06GB allocated, 0.14GB reserved
Epoch 208/300 | Train Loss: 0.0098 | Val Loss: 0.3193 | Val Gloss Acc: 0.900 | Val Cat Acc: 0.987 | Time: 11.5s
  GPU Memory: 0.06GB allocated, 0.14GB reserved
Epoch 209/300 | Train Loss: 0.0041 | Val Loss: 0.3054 | Val Gloss Acc: 0.897 | Val Cat Acc: 0.986 | Time: 10.9s
  GPU Memory: 0.06GB allocated, 0.14GB reserved
Epoch 210/300 | Train Loss: 0.0011 | Val Loss: 0.2923 | Val Gloss Acc: 0.901 | Val Cat Acc: 0.988 | Time: 10.9s
  GPU Memory: 0.06GB allocated, 0.14GB reserved
Epoch 211/300 | Train Loss: 0.0030 | Val Loss: 0.3517 | Val Gloss Acc: 0.881 | Val Cat Acc: 0.977 | Time: 11.7s
  GPU Memory: 0.06GB allocated, 0.14GB reserved
Epoch 212/300 | Train Loss: 0.0020 | Val Loss: 0.3077 | Val Gloss Acc: 0.904 | Val Cat Acc: 0.981 | Time: 10.6s
  GPU Memory: 0.06GB allocated, 0.14GB reserved
Epoch 213/300 | Train Loss: 0.0023 | Val Loss: 0.3040 | Val Gloss Acc: 0.911 | Val Cat Acc: 0.984 | Time: 11.3s
  GPU Memory: 0.06GB allocated, 0.14GB reserved
Epoch 214/300 | Train Loss: 0.0032 | Val Loss: 0.3358 | Val Gloss Acc: 0.898 | Val Cat Acc: 0.987 | Time: 10.0s
  GPU Memory: 0.06GB allocated, 0.14GB reserved
Epoch 215/300 | Train Loss: 0.0025 | Val Loss: 0.3126 | Val Gloss Acc: 0.911 | Val Cat Acc: 0.989 | Time: 10.2s
  GPU Memory: 0.06GB allocated, 0.14GB reserved
Epoch 216/300 | Train Loss: 0.0044 | Val Loss: 0.3029 | Val Gloss Acc: 0.901 | Val Cat Acc: 0.986 | Time: 10.8s
  GPU Memory: 0.06GB allocated, 0.14GB reserved
Epoch 217/300 | Train Loss: 0.0009 | Val Loss: 0.3128 | Val Gloss Acc: 0.899 | Val Cat Acc: 0.983 | Time: 10.0s
  GPU Memory: 0.06GB allocated, 0.14GB reserved
Epoch 218/300 | Train Loss: 0.0003 | Val Loss: 0.2921 | Val Gloss Acc: 0.904 | Val Cat Acc: 0.984 | Time: 10.9s
  GPU Memory: 0.06GB allocated, 0.14GB reserved
Epoch 219/300 | Train Loss: 0.0006 | Val Loss: 0.2995 | Val Gloss Acc: 0.895 | Val Cat Acc: 0.982 | Time: 10.6s
  GPU Memory: 0.06GB allocated, 0.14GB reserved
Epoch 220/300 | Train Loss: 0.0040 | Val Loss: 0.3057 | Val Gloss Acc: 0.910 | Val Cat Acc: 0.986 | Time: 10.1s
  GPU Memory: 0.06GB allocated, 0.14GB reserved
Epoch 221/300 | Train Loss: 0.0044 | Val Loss: 0.3337 | Val Gloss Acc: 0.897 | Val Cat Acc: 0.986 | Time: 12.1s
  GPU Memory: 0.06GB allocated, 0.14GB reserved
Epoch 222/300 | Train Loss: 0.0011 | Val Loss: 0.3476 | Val Gloss Acc: 0.892 | Val Cat Acc: 0.975 | Time: 11.8s
  GPU Memory: 0.06GB allocated, 0.14GB reserved
Epoch 223/300 | Train Loss: 0.0003 | Val Loss: 0.3115 | Val Gloss Acc: 0.895 | Val Cat Acc: 0.984 | Time: 12.3s
  GPU Memory: 0.06GB allocated, 0.14GB reserved
Epoch 224/300 | Train Loss: 0.0008 | Val Loss: 0.3001 | Val Gloss Acc: 0.899 | Val Cat Acc: 0.986 | Time: 10.8s
  GPU Memory: 0.06GB allocated, 0.14GB reserved
Epoch 225/300 | Train Loss: 0.0041 | Val Loss: 0.3010 | Val Gloss Acc: 0.906 | Val Cat Acc: 0.986 | Time: 11.0s
  GPU Memory: 0.06GB allocated, 0.14GB reserved
Epoch 226/300 | Train Loss: 0.0007 | Val Loss: 0.3080 | Val Gloss Acc: 0.905 | Val Cat Acc: 0.983 | Time: 11.1s
  GPU Memory: 0.06GB allocated, 0.14GB reserved
Epoch 227/300 | Train Loss: 0.0036 | Val Loss: 0.2974 | Val Gloss Acc: 0.907 | Val Cat Acc: 0.984 | Time: 10.7s
  GPU Memory: 0.06GB allocated, 0.14GB reserved
Epoch 228/300 | Train Loss: 0.0163 | Val Loss: 0.3035 | Val Gloss Acc: 0.898 | Val Cat Acc: 0.984 | Time: 11.5s
  GPU Memory: 0.06GB allocated, 0.14GB reserved
Epoch 229/300 | Train Loss: 0.0019 | Val Loss: 0.2803 | Val Gloss Acc: 0.900 | Val Cat Acc: 0.987 | Time: 11.7s
  GPU Memory: 0.06GB allocated, 0.14GB reserved
Epoch 230/300 | Train Loss: 0.0007 | Val Loss: 0.2987 | Val Gloss Acc: 0.909 | Val Cat Acc: 0.984 | Time: 10.7s
  GPU Memory: 0.06GB allocated, 0.14GB reserved
Epoch 231/300 | Train Loss: 0.0022 | Val Loss: 0.3309 | Val Gloss Acc: 0.898 | Val Cat Acc: 0.982 | Time: 11.1s
  GPU Memory: 0.06GB allocated, 0.14GB reserved
Epoch 232/300 | Train Loss: 0.0007 | Val Loss: 0.3111 | Val Gloss Acc: 0.898 | Val Cat Acc: 0.987 | Time: 10.3s
  GPU Memory: 0.06GB allocated, 0.14GB reserved
Epoch 233/300 | Train Loss: 0.0033 | Val Loss: 0.3059 | Val Gloss Acc: 0.907 | Val Cat Acc: 0.981 | Time: 11.2s
  GPU Memory: 0.06GB allocated, 0.14GB reserved
Epoch 234/300 | Train Loss: 0.0006 | Val Loss: 0.3210 | Val Gloss Acc: 0.904 | Val Cat Acc: 0.983 | Time: 10.6s
  GPU Memory: 0.06GB allocated, 0.14GB reserved
Epoch 235/300 | Train Loss: 0.0022 | Val Loss: 0.2954 | Val Gloss Acc: 0.906 | Val Cat Acc: 0.981 | Time: 10.6s
  GPU Memory: 0.06GB allocated, 0.14GB reserved
Epoch 236/300 | Train Loss: 0.0125 | Val Loss: 0.3015 | Val Gloss Acc: 0.903 | Val Cat Acc: 0.980 | Time: 11.2s
  GPU Memory: 0.06GB allocated, 0.14GB reserved
Epoch 237/300 | Train Loss: 0.0008 | Val Loss: 0.2992 | Val Gloss Acc: 0.905 | Val Cat Acc: 0.986 | Time: 10.5s
  GPU Memory: 0.06GB allocated, 0.14GB reserved
Epoch 238/300 | Train Loss: 0.0007 | Val Loss: 0.3035 | Val Gloss Acc: 0.905 | Val Cat Acc: 0.986 | Time: 11.2s
  GPU Memory: 0.06GB allocated, 0.14GB reserved
Epoch 239/300 | Train Loss: 0.0003 | Val Loss: 0.3005 | Val Gloss Acc: 0.906 | Val Cat Acc: 0.987 | Time: 11.6s
  GPU Memory: 0.06GB allocated, 0.14GB reserved
Epoch 240/300 | Train Loss: 0.0047 | Val Loss: 0.2867 | Val Gloss Acc: 0.907 | Val Cat Acc: 0.988 | Time: 12.3s
  GPU Memory: 0.06GB allocated, 0.14GB reserved
Epoch 241/300 | Train Loss: 0.0005 | Val Loss: 0.3027 | Val Gloss Acc: 0.905 | Val Cat Acc: 0.982 | Time: 12.1s
  GPU Memory: 0.06GB allocated, 0.14GB reserved
Epoch 242/300 | Train Loss: 0.0016 | Val Loss: 0.2981 | Val Gloss Acc: 0.906 | Val Cat Acc: 0.982 | Time: 11.1s
  GPU Memory: 0.06GB allocated, 0.14GB reserved
Epoch 243/300 | Train Loss: 0.0012 | Val Loss: 0.2932 | Val Gloss Acc: 0.904 | Val Cat Acc: 0.980 | Time: 11.0s
  GPU Memory: 0.06GB allocated, 0.14GB reserved
Epoch 244/300 | Train Loss: 0.0013 | Val Loss: 0.2990 | Val Gloss Acc: 0.904 | Val Cat Acc: 0.978 | Time: 11.6s
  GPU Memory: 0.06GB allocated, 0.14GB reserved
Epoch 245/300 | Train Loss: 0.0037 | Val Loss: 0.2911 | Val Gloss Acc: 0.904 | Val Cat Acc: 0.981 | Time: 11.3s
  GPU Memory: 0.06GB allocated, 0.14GB reserved
Epoch 246/300 | Train Loss: 0.0073 | Val Loss: 0.2950 | Val Gloss Acc: 0.906 | Val Cat Acc: 0.984 | Time: 11.2s
  GPU Memory: 0.06GB allocated, 0.14GB reserved
Epoch 247/300 | Train Loss: 0.0002 | Val Loss: 0.2943 | Val Gloss Acc: 0.903 | Val Cat Acc: 0.986 | Time: 11.0s
  GPU Memory: 0.06GB allocated, 0.14GB reserved
Epoch 248/300 | Train Loss: 0.0002 | Val Loss: 0.2938 | Val Gloss Acc: 0.906 | Val Cat Acc: 0.984 | Time: 11.1s
  GPU Memory: 0.06GB allocated, 0.14GB reserved
Epoch 249/300 | Train Loss: 0.0007 | Val Loss: 0.2958 | Val Gloss Acc: 0.905 | Val Cat Acc: 0.984 | Time: 10.8s
  GPU Memory: 0.06GB allocated, 0.14GB reserved
Epoch 250/300 | Train Loss: 0.0035 | Val Loss: 0.2852 | Val Gloss Acc: 0.904 | Val Cat Acc: 0.986 | Time: 11.0s
  GPU Memory: 0.06GB allocated, 0.14GB reserved
Epoch 251/300 | Train Loss: 0.0044 | Val Loss: 0.2883 | Val Gloss Acc: 0.905 | Val Cat Acc: 0.987 | Time: 10.3s
  GPU Memory: 0.06GB allocated, 0.14GB reserved
Epoch 252/300 | Train Loss: 0.0006 | Val Loss: 0.2871 | Val Gloss Acc: 0.907 | Val Cat Acc: 0.988 | Time: 10.6s
  GPU Memory: 0.06GB allocated, 0.14GB reserved
Epoch 253/300 | Train Loss: 0.0004 | Val Loss: 0.3083 | Val Gloss Acc: 0.894 | Val Cat Acc: 0.983 | Time: 10.5s
  GPU Memory: 0.06GB allocated, 0.14GB reserved
Epoch 254/300 | Train Loss: 0.0024 | Val Loss: 0.2957 | Val Gloss Acc: 0.901 | Val Cat Acc: 0.984 | Time: 9.7s
  GPU Memory: 0.06GB allocated, 0.14GB reserved
Epoch 255/300 | Train Loss: 0.0003 | Val Loss: 0.2912 | Val Gloss Acc: 0.904 | Val Cat Acc: 0.989 | Time: 10.8s
  GPU Memory: 0.06GB allocated, 0.14GB reserved
Epoch 256/300 | Train Loss: 0.0004 | Val Loss: 0.2882 | Val Gloss Acc: 0.910 | Val Cat Acc: 0.989 | Time: 10.3s
  GPU Memory: 0.06GB allocated, 0.14GB reserved
Epoch 257/300 | Train Loss: 0.0006 | Val Loss: 0.2888 | Val Gloss Acc: 0.904 | Val Cat Acc: 0.983 | Time: 10.6s
  GPU Memory: 0.06GB allocated, 0.14GB reserved
Epoch 258/300 | Train Loss: 0.0005 | Val Loss: 0.2790 | Val Gloss Acc: 0.909 | Val Cat Acc: 0.987 | Time: 10.8s
  GPU Memory: 0.06GB allocated, 0.14GB reserved
Epoch 259/300 | Train Loss: 0.0023 | Val Loss: 0.2957 | Val Gloss Acc: 0.899 | Val Cat Acc: 0.988 | Time: 10.6s
  GPU Memory: 0.06GB allocated, 0.14GB reserved
Epoch 260/300 | Train Loss: 0.0003 | Val Loss: 0.2796 | Val Gloss Acc: 0.910 | Val Cat Acc: 0.984 | Time: 11.1s
  GPU Memory: 0.06GB allocated, 0.14GB reserved
Epoch 261/300 | Train Loss: 0.0003 | Val Loss: 0.2842 | Val Gloss Acc: 0.910 | Val Cat Acc: 0.988 | Time: 11.3s
  GPU Memory: 0.06GB allocated, 0.14GB reserved
Epoch 262/300 | Train Loss: 0.0009 | Val Loss: 0.2902 | Val Gloss Acc: 0.905 | Val Cat Acc: 0.982 | Time: 11.6s
  GPU Memory: 0.06GB allocated, 0.14GB reserved
Epoch 263/300 | Train Loss: 0.0077 | Val Loss: 0.2836 | Val Gloss Acc: 0.909 | Val Cat Acc: 0.988 | Time: 11.3s
  GPU Memory: 0.06GB allocated, 0.14GB reserved
Early stopping triggered after 263 epochs. Best gloss acc: 0.9111
------------------------------------------------------------
Training completed!

============================================================
Training completed - 2025-10-09 04:02:09
Log saved to: trained_models/transformer/cmb_features_2048/training_20251009_032527.log
============================================================
