============================================================
TRAINING LOG - 2025-10-31 10:53:50
============================================================
Console output will be saved to: trained_models/transformer/FSL105_ctc/training_20251031_105350.log
Metrics CSV will be saved to: trained_models/transformer/FSL105_ctc/training_20251031_105350_metrics.csv

Using device: cuda
CUDA device: NVIDIA GeForce RTX 5070 Ti
CUDA memory: 16.6 GB
CUDA compute capability: 12.0
CUDA multiprocessors: 70
CUDA memory allocated: 0.00 GB
CUDA memory cached: 0.00 GB

============================================================
DATA LOADING
============================================================
✓ Loaded data successfully
  - Dataset type: TRANSFORMER-CTC Keypoints
  - Training folder: data/processed/FSL105_train
  - Validation folder: data/processed/FSL105_val
  - Keypoint key: X
  - Gloss classes: 105
  - Category classes: 10

============================================================
DATASET PREPARATION
============================================================
✓ CTC Mode: blank_id=105, num_ctc_classes=106
✓ Created datasets and data loaders
  - Batch size: 32
  - Training batches: 319
  - Validation batches: 80
  - Data augmentation: Enabled (noise_std=0.006, mask_prob=0.1)
  - Training dataset size: 10192 samples
  - Validation dataset size: 2546 samples
  - Data format: [T, 178] keypoints

============================================================
MODEL SELECTION
============================================================
Available models:
Classification models (isolated signs):
  - transformer: Multi-head attention transformer (keypoints)
  - mediapipe_gru: Lightweight GRU (keypoints, mobile-friendly)
  - iv3_gru: InceptionV3 + GRU hybrid (features, offline baseline)
CTC models (continuous recognition):
  - transformer_ctc: Transformer with CTC (keypoints)
  - mediapipe_gru_ctc: Lightweight GRU with CTC (keypoints)
  - iv3_gru_ctc: InceptionV3 + GRU with CTC (features, offline baseline)
✓ Using SignTransformerCtc model (input_dim=178, num_ctc_classes=106, num_cat=10)

================================================================================
COMPREHENSIVE TRAINING CONFIGURATION
================================================================================
Session Information:
  - Start time: 2025-10-31 10:53:51
  - Working directory: /workspace/fslr-transformer-vs-iv3gru
  - Command: /workspace/fslr-transformer-vs-iv3gru/training/train.py --model transformer_ctc --training-mode ctc --epochs 400 --batch-size 32 --lr 0.001 --num-gloss 105 --num-cat 10 --alpha 0.8 --beta 0.2 --num-ctc-classes 106 --ctc-blank-id 105 --keypoints-train data/processed/FSL105_train --keypoints-val data/processed/FSL105_val --labels-train-csv data/processed/FSL105_train.csv --labels-val-csv data/processed/FSL105_val.csv --kp-key X --amp --augment --augment-noise-std 0.006 --augment-mask-prob 0.10 --augment-mask-ratio 0.10 --scheduler warmup_cosine --warmup-epochs 50 --early-stop 50 --weight-decay 0.001 --dropout 0.2 --label-smoothing 0.1 --output-dir trained_models/transformer/FSL105_ctc --grad-clip 1.0

System Information:
  - Platform: Linux-6.8.0-79-generic-x86_64-with-glibc2.39
  - Python version: 3.12.11 | packaged by conda-forge | (main, Jun  4 2025, 14:45:31) [GCC 13.3.0]
  - PyTorch version: 2.9.0+cu128
  - CUDA version: 12.8
  - cuDNN version: 91002
  - NumPy version: 2.2.6

Core Training Parameters:
  - Model: transformer_ctc
  - Epochs: 400
  - Batch size: 32
  - Learning rate: 0.001
  - Weight decay: 0.001
  - Gradient clipping: 1.0
  - Loss weights - Alpha: 0.8, Beta: 0.2

Curriculum Training: Disabled

Loss Weighting Parameters:
  - Strategy: static
  - Alpha: 0.8
  - Beta: 0.2

Data Configuration:
  - Gloss classes: 105
  - Category classes: 10
  - Data source: Real data files
  - Training folder: data/processed/FSL105_train
  - Validation folder: data/processed/FSL105_val
  - Keypoint key: X

Training Control:
  - Scheduler: warmup_cosine
  - Scheduler patience: 5
  - Early stopping: 50
  - Resume from: None

Performance Settings:
  - AMP (Mixed Precision): True
  - Model compilation: False
  - Gradient accumulation steps: 1
  - DataLoader workers: 0
  - Auto workers: False
  - Pin memory: False
  - Prefetch factor: None

Reproducibility:
  - Random seed: 42
  - Deterministic mode: False

Output Configuration:
  - Checkpoint directory: trained_models/transformer/FSL105_ctc
  - CSV log file: trained_models/transformer/FSL105_ctc/training_20251031_105350_metrics.csv

Model Information:
  - Model type: SignTransformerCtc
  - Total parameters: 19,067,508
  - Trainable parameters: 19,067,508
  - Model size: 72.7 MB
================================================================================

============================================================
TRAINING START
============================================================
Training mode: CTC (Continuous Sign Language Recognition)

================================================================================
CTC TRAINING CONFIGURATION
================================================================================
Training Mode: Continuous Sign Language Recognition (CTC)
Model: SignTransformerCtc
Blank Token ID: 105
Epochs: 400
Learning Rate: 0.001
Batch Size: 32
Gradient Accumulation: 1
AMP Enabled: True
================================================================================

✓ Using CTCLoss (blank=105, zero_infinity=True)
✓ Optimizer: Adam (lr=0.001, weight_decay=0.001)
✓ AMP enabled: True
✓ Scheduler: WarmupCosineScheduler (warmup=50)
✓ Logging metrics to: trained_models/transformer/FSL105_ctc/training_20251031_105350_metrics.csv

================================================================================
STARTING CTC TRAINING - 400 epochs
================================================================================

Epoch   1/400 | Train Loss: 17.7250 | Val Loss: 4.5820 | Val Cat Acc: 0.206 | Time: 46.6s
  GPU Memory: 0.25GB allocated, 0.85GB reserved
  ✓ New best validation loss: 4.5820
Epoch   2/400 | Train Loss: 4.5141 | Val Loss: 4.4435 | Val Cat Acc: 0.231 | Time: 24.4s
  GPU Memory: 0.25GB allocated, 0.85GB reserved
  ✓ New best validation loss: 4.4435
Epoch   3/400 | Train Loss: 4.3033 | Val Loss: 4.1239 | Val Cat Acc: 0.301 | Time: 26.1s
  GPU Memory: 0.25GB allocated, 0.85GB reserved
  ✓ New best validation loss: 4.1239
Epoch   4/400 | Train Loss: 4.0192 | Val Loss: 3.9035 | Val Cat Acc: 0.305 | Time: 21.7s
  GPU Memory: 0.25GB allocated, 0.85GB reserved
  ✓ New best validation loss: 3.9035
Epoch   5/400 | Train Loss: 3.6145 | Val Loss: 2.9406 | Val Cat Acc: 0.319 | Time: 25.6s
  GPU Memory: 0.25GB allocated, 0.85GB reserved
  ✓ New best validation loss: 2.9406
Epoch   6/400 | Train Loss: 2.8637 | Val Loss: 2.7013 | Val Cat Acc: 0.372 | Time: 23.6s
  GPU Memory: 0.25GB allocated, 0.86GB reserved
  ✓ New best validation loss: 2.7013
Epoch   7/400 | Train Loss: 2.6022 | Val Loss: 2.4807 | Val Cat Acc: 0.402 | Time: 24.7s
  GPU Memory: 0.25GB allocated, 0.85GB reserved
  ✓ New best validation loss: 2.4807
Epoch   8/400 | Train Loss: 2.4139 | Val Loss: 2.2636 | Val Cat Acc: 0.421 | Time: 22.4s
  GPU Memory: 0.25GB allocated, 0.85GB reserved
  ✓ New best validation loss: 2.2636
Epoch   9/400 | Train Loss: 2.2442 | Val Loss: 2.1436 | Val Cat Acc: 0.434 | Time: 26.0s
  GPU Memory: 0.25GB allocated, 0.85GB reserved
  ✓ New best validation loss: 2.1436
Epoch  10/400 | Train Loss: 2.1283 | Val Loss: 2.0465 | Val Cat Acc: 0.462 | Time: 26.3s
  GPU Memory: 0.25GB allocated, 0.85GB reserved
  ✓ New best validation loss: 2.0465
Epoch  11/400 | Train Loss: 2.0570 | Val Loss: 1.9661 | Val Cat Acc: 0.465 | Time: 23.7s
  GPU Memory: 0.25GB allocated, 0.85GB reserved
  ✓ New best validation loss: 1.9661
Epoch  12/400 | Train Loss: 1.9957 | Val Loss: 1.9180 | Val Cat Acc: 0.463 | Time: 21.8s
  GPU Memory: 0.25GB allocated, 0.85GB reserved
  ✓ New best validation loss: 1.9180
Epoch  13/400 | Train Loss: 1.9294 | Val Loss: 1.9112 | Val Cat Acc: 0.434 | Time: 23.3s
  GPU Memory: 0.25GB allocated, 0.85GB reserved
  ✓ New best validation loss: 1.9112
Epoch  14/400 | Train Loss: 1.9004 | Val Loss: 1.8115 | Val Cat Acc: 0.480 | Time: 23.6s
  GPU Memory: 0.25GB allocated, 0.85GB reserved
  ✓ New best validation loss: 1.8115
Epoch  15/400 | Train Loss: 1.8587 | Val Loss: 1.7934 | Val Cat Acc: 0.454 | Time: 25.7s
  GPU Memory: 0.25GB allocated, 0.85GB reserved
  ✓ New best validation loss: 1.7934
Epoch  16/400 | Train Loss: 1.8256 | Val Loss: 1.7234 | Val Cat Acc: 0.464 | Time: 24.3s
  GPU Memory: 0.25GB allocated, 0.85GB reserved
  ✓ New best validation loss: 1.7234
Epoch  17/400 | Train Loss: 1.8147 | Val Loss: 1.7309 | Val Cat Acc: 0.483 | Time: 25.7s
  GPU Memory: 0.25GB allocated, 0.85GB reserved
Epoch  18/400 | Train Loss: 1.7801 | Val Loss: 1.7259 | Val Cat Acc: 0.474 | Time: 20.8s
  GPU Memory: 0.25GB allocated, 0.85GB reserved
Epoch  19/400 | Train Loss: 1.7561 | Val Loss: 1.9168 | Val Cat Acc: 0.444 | Time: 24.8s
  GPU Memory: 0.25GB allocated, 0.85GB reserved
Epoch  20/400 | Train Loss: 1.7420 | Val Loss: 1.6969 | Val Cat Acc: 0.478 | Time: 23.2s
  GPU Memory: 0.25GB allocated, 0.85GB reserved
  ✓ New best validation loss: 1.6969
Epoch  21/400 | Train Loss: 1.6944 | Val Loss: 1.6802 | Val Cat Acc: 0.451 | Time: 21.1s
  GPU Memory: 0.25GB allocated, 0.85GB reserved
  ✓ New best validation loss: 1.6802
Epoch  22/400 | Train Loss: 1.6786 | Val Loss: 1.7756 | Val Cat Acc: 0.493 | Time: 25.0s
  GPU Memory: 0.25GB allocated, 0.85GB reserved
Epoch  23/400 | Train Loss: 1.6437 | Val Loss: 1.5618 | Val Cat Acc: 0.520 | Time: 23.2s
  GPU Memory: 0.25GB allocated, 0.85GB reserved
  ✓ New best validation loss: 1.5618
Epoch  24/400 | Train Loss: 1.5926 | Val Loss: 1.6038 | Val Cat Acc: 0.499 | Time: 23.2s
  GPU Memory: 0.25GB allocated, 0.85GB reserved
Epoch  25/400 | Train Loss: 1.5825 | Val Loss: 1.4930 | Val Cat Acc: 0.517 | Time: 25.9s
  GPU Memory: 0.25GB allocated, 0.85GB reserved
  ✓ New best validation loss: 1.4930
Epoch  26/400 | Train Loss: 1.5543 | Val Loss: 1.4687 | Val Cat Acc: 0.525 | Time: 25.8s
  GPU Memory: 0.25GB allocated, 0.85GB reserved
  ✓ New best validation loss: 1.4687
Epoch  27/400 | Train Loss: 1.5182 | Val Loss: 1.4630 | Val Cat Acc: 0.529 | Time: 25.1s
  GPU Memory: 0.25GB allocated, 0.85GB reserved
  ✓ New best validation loss: 1.4630
Epoch  28/400 | Train Loss: 1.5185 | Val Loss: 1.4561 | Val Cat Acc: 0.509 | Time: 23.6s
  GPU Memory: 0.25GB allocated, 0.85GB reserved
  ✓ New best validation loss: 1.4561
Epoch  29/400 | Train Loss: 1.5323 | Val Loss: 1.3919 | Val Cat Acc: 0.512 | Time: 23.1s
  GPU Memory: 0.25GB allocated, 0.85GB reserved
  ✓ New best validation loss: 1.3919
Epoch  30/400 | Train Loss: 1.5821 | Val Loss: 1.4315 | Val Cat Acc: 0.525 | Time: 23.6s
  GPU Memory: 0.25GB allocated, 0.85GB reserved
Epoch  31/400 | Train Loss: 1.4832 | Val Loss: 1.3805 | Val Cat Acc: 0.520 | Time: 24.7s
  GPU Memory: 0.25GB allocated, 0.85GB reserved
  ✓ New best validation loss: 1.3805
Epoch  32/400 | Train Loss: 1.4950 | Val Loss: 1.4765 | Val Cat Acc: 0.516 | Time: 25.7s
  GPU Memory: 0.25GB allocated, 0.85GB reserved
Epoch  33/400 | Train Loss: 1.5340 | Val Loss: 1.5422 | Val Cat Acc: 0.496 | Time: 25.1s
  GPU Memory: 0.25GB allocated, 0.85GB reserved
Epoch  34/400 | Train Loss: 1.5024 | Val Loss: 1.3277 | Val Cat Acc: 0.535 | Time: 25.1s
  GPU Memory: 0.25GB allocated, 0.85GB reserved
  ✓ New best validation loss: 1.3277
Epoch  35/400 | Train Loss: 1.5226 | Val Loss: 1.4353 | Val Cat Acc: 0.537 | Time: 23.7s
  GPU Memory: 0.25GB allocated, 0.85GB reserved
Epoch  36/400 | Train Loss: 1.5188 | Val Loss: 1.3992 | Val Cat Acc: 0.535 | Time: 22.4s
  GPU Memory: 0.25GB allocated, 0.85GB reserved
Epoch  37/400 | Train Loss: 1.5133 | Val Loss: 1.5537 | Val Cat Acc: 0.549 | Time: 26.4s
  GPU Memory: 0.25GB allocated, 0.85GB reserved
Epoch  38/400 | Train Loss: 1.5156 | Val Loss: 1.5402 | Val Cat Acc: 0.540 | Time: 21.4s
  GPU Memory: 0.25GB allocated, 0.85GB reserved
Epoch  39/400 | Train Loss: 1.5152 | Val Loss: 1.3148 | Val Cat Acc: 0.561 | Time: 24.3s
  GPU Memory: 0.25GB allocated, 0.85GB reserved
  ✓ New best validation loss: 1.3148
Epoch  40/400 | Train Loss: 1.5147 | Val Loss: 1.5397 | Val Cat Acc: 0.537 | Time: 20.5s
  GPU Memory: 0.25GB allocated, 0.85GB reserved
Epoch  41/400 | Train Loss: 1.5157 | Val Loss: 1.4722 | Val Cat Acc: 0.511 | Time: 22.6s
  GPU Memory: 0.25GB allocated, 0.85GB reserved
Epoch  42/400 | Train Loss: 1.5183 | Val Loss: 1.3443 | Val Cat Acc: 0.560 | Time: 20.2s
  GPU Memory: 0.25GB allocated, 0.85GB reserved
Epoch  43/400 | Train Loss: 1.5408 | Val Loss: 2.0071 | Val Cat Acc: 0.517 | Time: 24.1s
  GPU Memory: 0.25GB allocated, 0.85GB reserved
Epoch  44/400 | Train Loss: 1.5152 | Val Loss: 1.5595 | Val Cat Acc: 0.513 | Time: 23.2s
  GPU Memory: 0.25GB allocated, 0.87GB reserved
Epoch  45/400 | Train Loss: 1.5237 | Val Loss: 1.2965 | Val Cat Acc: 0.562 | Time: 26.2s
  GPU Memory: 0.25GB allocated, 0.85GB reserved
  ✓ New best validation loss: 1.2965
Epoch  46/400 | Train Loss: 1.5247 | Val Loss: 1.4266 | Val Cat Acc: 0.544 | Time: 26.0s
  GPU Memory: 0.25GB allocated, 0.85GB reserved
Epoch  47/400 | Train Loss: 1.5408 | Val Loss: 1.3357 | Val Cat Acc: 0.566 | Time: 25.5s
  GPU Memory: 0.25GB allocated, 0.85GB reserved
Epoch  48/400 | Train Loss: 1.5189 | Val Loss: 1.4199 | Val Cat Acc: 0.538 | Time: 25.5s
  GPU Memory: 0.25GB allocated, 0.85GB reserved
Epoch  49/400 | Train Loss: 1.5635 | Val Loss: 1.4173 | Val Cat Acc: 0.558 | Time: 26.1s
  GPU Memory: 0.25GB allocated, 0.85GB reserved
Epoch  50/400 | Train Loss: 1.5479 | Val Loss: 1.4064 | Val Cat Acc: 0.542 | Time: 25.3s
  GPU Memory: 0.25GB allocated, 0.85GB reserved
Epoch  51/400 | Train Loss: 1.5483 | Val Loss: 1.4449 | Val Cat Acc: 0.525 | Time: 23.8s
  GPU Memory: 0.25GB allocated, 0.85GB reserved
Epoch  52/400 | Train Loss: 1.5386 | Val Loss: 1.4354 | Val Cat Acc: 0.542 | Time: 23.5s
  GPU Memory: 0.25GB allocated, 0.87GB reserved
Epoch  53/400 | Train Loss: 1.5184 | Val Loss: 1.5811 | Val Cat Acc: 0.522 | Time: 26.3s
  GPU Memory: 0.25GB allocated, 0.82GB reserved
Epoch  54/400 | Train Loss: 1.5321 | Val Loss: 1.5409 | Val Cat Acc: 0.549 | Time: 26.1s
  GPU Memory: 0.25GB allocated, 0.85GB reserved
Epoch  55/400 | Train Loss: 1.5208 | Val Loss: 1.4591 | Val Cat Acc: 0.541 | Time: 23.5s
  GPU Memory: 0.25GB allocated, 0.85GB reserved
Epoch  56/400 | Train Loss: 1.4761 | Val Loss: 1.3727 | Val Cat Acc: 0.557 | Time: 20.0s
  GPU Memory: 0.25GB allocated, 0.85GB reserved
Epoch  57/400 | Train Loss: 1.4779 | Val Loss: 1.3767 | Val Cat Acc: 0.568 | Time: 20.4s
  GPU Memory: 0.25GB allocated, 0.82GB reserved
Epoch  58/400 | Train Loss: 1.4672 | Val Loss: 1.4891 | Val Cat Acc: 0.569 | Time: 25.5s
  GPU Memory: 0.25GB allocated, 0.85GB reserved
Epoch  59/400 | Train Loss: 1.4618 | Val Loss: 1.4067 | Val Cat Acc: 0.559 | Time: 22.4s
  GPU Memory: 0.25GB allocated, 0.85GB reserved
Epoch  60/400 | Train Loss: 1.4705 | Val Loss: 1.5014 | Val Cat Acc: 0.557 | Time: 23.9s
  GPU Memory: 0.25GB allocated, 0.85GB reserved
Epoch  61/400 | Train Loss: 1.4602 | Val Loss: 1.2743 | Val Cat Acc: 0.579 | Time: 26.1s
  GPU Memory: 0.25GB allocated, 0.87GB reserved
  ✓ New best validation loss: 1.2743
Epoch  62/400 | Train Loss: 1.4459 | Val Loss: 1.3269 | Val Cat Acc: 0.549 | Time: 26.0s
  GPU Memory: 0.25GB allocated, 0.85GB reserved
Epoch  63/400 | Train Loss: 1.4614 | Val Loss: 1.3456 | Val Cat Acc: 0.567 | Time: 25.4s
  GPU Memory: 0.25GB allocated, 0.85GB reserved
Epoch  64/400 | Train Loss: 1.4604 | Val Loss: 1.4611 | Val Cat Acc: 0.527 | Time: 26.0s
  GPU Memory: 0.25GB allocated, 0.85GB reserved
Epoch  65/400 | Train Loss: 1.4264 | Val Loss: 1.2611 | Val Cat Acc: 0.589 | Time: 25.8s
  GPU Memory: 0.25GB allocated, 0.85GB reserved
  ✓ New best validation loss: 1.2611
Epoch  66/400 | Train Loss: 1.4406 | Val Loss: 1.4363 | Val Cat Acc: 0.557 | Time: 25.5s
  GPU Memory: 0.25GB allocated, 0.85GB reserved
Epoch  67/400 | Train Loss: 1.4507 | Val Loss: 1.2871 | Val Cat Acc: 0.579 | Time: 25.1s
  GPU Memory: 0.25GB allocated, 0.85GB reserved
Epoch  68/400 | Train Loss: 1.4090 | Val Loss: 1.2653 | Val Cat Acc: 0.585 | Time: 23.8s
  GPU Memory: 0.25GB allocated, 0.85GB reserved
Epoch  69/400 | Train Loss: 1.4110 | Val Loss: 1.2374 | Val Cat Acc: 0.605 | Time: 24.4s
  GPU Memory: 0.25GB allocated, 0.85GB reserved
  ✓ New best validation loss: 1.2374
Epoch  70/400 | Train Loss: 1.3997 | Val Loss: 1.3366 | Val Cat Acc: 0.562 | Time: 25.6s
  GPU Memory: 0.25GB allocated, 0.85GB reserved
Epoch  71/400 | Train Loss: 1.3773 | Val Loss: 1.4345 | Val Cat Acc: 0.581 | Time: 22.0s
  GPU Memory: 0.25GB allocated, 0.85GB reserved
Epoch  72/400 | Train Loss: 1.3959 | Val Loss: 1.3158 | Val Cat Acc: 0.523 | Time: 22.1s
  GPU Memory: 0.25GB allocated, 0.85GB reserved
Epoch  73/400 | Train Loss: 1.3700 | Val Loss: 1.2610 | Val Cat Acc: 0.569 | Time: 25.8s
  GPU Memory: 0.25GB allocated, 0.85GB reserved
Epoch  74/400 | Train Loss: 1.3494 | Val Loss: 1.3157 | Val Cat Acc: 0.577 | Time: 22.8s
  GPU Memory: 0.25GB allocated, 0.85GB reserved
Epoch  75/400 | Train Loss: 1.3623 | Val Loss: 1.2105 | Val Cat Acc: 0.581 | Time: 22.5s
  GPU Memory: 0.25GB allocated, 0.85GB reserved
  ✓ New best validation loss: 1.2105
Epoch  76/400 | Train Loss: 1.3630 | Val Loss: 1.1651 | Val Cat Acc: 0.598 | Time: 25.1s
  GPU Memory: 0.25GB allocated, 0.85GB reserved
  ✓ New best validation loss: 1.1651
Epoch  77/400 | Train Loss: 1.3458 | Val Loss: 1.2871 | Val Cat Acc: 0.593 | Time: 23.0s
  GPU Memory: 0.25GB allocated, 0.85GB reserved
Epoch  78/400 | Train Loss: 1.3639 | Val Loss: 1.3035 | Val Cat Acc: 0.566 | Time: 25.2s
  GPU Memory: 0.25GB allocated, 0.85GB reserved
Epoch  79/400 | Train Loss: 1.3956 | Val Loss: 1.1498 | Val Cat Acc: 0.623 | Time: 24.0s
  GPU Memory: 0.25GB allocated, 0.85GB reserved
  ✓ New best validation loss: 1.1498
Epoch  80/400 | Train Loss: 1.3395 | Val Loss: 1.1578 | Val Cat Acc: 0.616 | Time: 23.9s
  GPU Memory: 0.25GB allocated, 0.85GB reserved
Epoch  81/400 | Train Loss: 1.3134 | Val Loss: 1.1120 | Val Cat Acc: 0.636 | Time: 25.3s
  GPU Memory: 0.25GB allocated, 0.85GB reserved
  ✓ New best validation loss: 1.1120
Epoch  82/400 | Train Loss: 1.3122 | Val Loss: 1.3828 | Val Cat Acc: 0.596 | Time: 23.7s
  GPU Memory: 0.25GB allocated, 0.85GB reserved
Epoch  83/400 | Train Loss: 1.3018 | Val Loss: 1.2138 | Val Cat Acc: 0.602 | Time: 24.4s
  GPU Memory: 0.25GB allocated, 0.85GB reserved
Epoch  84/400 | Train Loss: 1.3087 | Val Loss: 1.1677 | Val Cat Acc: 0.599 | Time: 25.8s
  GPU Memory: 0.25GB allocated, 0.85GB reserved
Epoch  85/400 | Train Loss: 1.3032 | Val Loss: 1.1992 | Val Cat Acc: 0.614 | Time: 23.3s
  GPU Memory: 0.25GB allocated, 0.85GB reserved
Epoch  86/400 | Train Loss: 1.3059 | Val Loss: 1.1171 | Val Cat Acc: 0.577 | Time: 25.4s
  GPU Memory: 0.25GB allocated, 0.85GB reserved
Epoch  87/400 | Train Loss: 1.3362 | Val Loss: 1.2779 | Val Cat Acc: 0.552 | Time: 25.2s
  GPU Memory: 0.25GB allocated, 0.85GB reserved
Epoch  88/400 | Train Loss: 1.3126 | Val Loss: 1.3247 | Val Cat Acc: 0.563 | Time: 26.1s
  GPU Memory: 0.25GB allocated, 0.85GB reserved
Epoch  89/400 | Train Loss: 1.2756 | Val Loss: 1.2293 | Val Cat Acc: 0.618 | Time: 26.1s
  GPU Memory: 0.25GB allocated, 0.85GB reserved
Epoch  90/400 | Train Loss: 1.3034 | Val Loss: 1.1928 | Val Cat Acc: 0.555 | Time: 23.2s
  GPU Memory: 0.25GB allocated, 0.85GB reserved
Epoch  91/400 | Train Loss: 1.2932 | Val Loss: 1.2295 | Val Cat Acc: 0.570 | Time: 25.5s
  GPU Memory: 0.25GB allocated, 0.85GB reserved
Epoch  92/400 | Train Loss: 1.2784 | Val Loss: 1.1579 | Val Cat Acc: 0.612 | Time: 21.5s
  GPU Memory: 0.25GB allocated, 0.85GB reserved
Epoch  93/400 | Train Loss: 1.2614 | Val Loss: 1.2729 | Val Cat Acc: 0.576 | Time: 20.5s
  GPU Memory: 0.25GB allocated, 0.85GB reserved
Epoch  94/400 | Train Loss: 1.3051 | Val Loss: 1.1449 | Val Cat Acc: 0.624 | Time: 22.5s
  GPU Memory: 0.25GB allocated, 0.85GB reserved
Epoch  95/400 | Train Loss: 1.2881 | Val Loss: 1.3271 | Val Cat Acc: 0.562 | Time: 21.3s
  GPU Memory: 0.25GB allocated, 0.85GB reserved
Epoch  96/400 | Train Loss: 1.3115 | Val Loss: 1.2365 | Val Cat Acc: 0.610 | Time: 23.6s
  GPU Memory: 0.25GB allocated, 0.85GB reserved
Epoch  97/400 | Train Loss: 1.2763 | Val Loss: 1.2426 | Val Cat Acc: 0.592 | Time: 26.1s
  GPU Memory: 0.25GB allocated, 0.85GB reserved
Epoch  98/400 | Train Loss: 1.2519 | Val Loss: 1.1653 | Val Cat Acc: 0.616 | Time: 24.8s
  GPU Memory: 0.25GB allocated, 0.85GB reserved
Epoch  99/400 | Train Loss: 1.2779 | Val Loss: 1.1781 | Val Cat Acc: 0.588 | Time: 26.4s
  GPU Memory: 0.25GB allocated, 0.85GB reserved
Epoch 100/400 | Train Loss: 1.2343 | Val Loss: 1.0500 | Val Cat Acc: 0.615 | Time: 22.2s
  GPU Memory: 0.25GB allocated, 0.85GB reserved
  ✓ New best validation loss: 1.0500
Epoch 101/400 | Train Loss: 1.2367 | Val Loss: 1.1292 | Val Cat Acc: 0.587 | Time: 23.9s
  GPU Memory: 0.25GB allocated, 0.85GB reserved
Epoch 102/400 | Train Loss: 1.2855 | Val Loss: 1.2307 | Val Cat Acc: 0.605 | Time: 26.1s
  GPU Memory: 0.25GB allocated, 0.85GB reserved
Epoch 103/400 | Train Loss: 1.2427 | Val Loss: 1.2362 | Val Cat Acc: 0.609 | Time: 25.1s
  GPU Memory: 0.25GB allocated, 0.85GB reserved
Epoch 104/400 | Train Loss: 1.2279 | Val Loss: 1.2427 | Val Cat Acc: 0.596 | Time: 26.2s
  GPU Memory: 0.25GB allocated, 0.85GB reserved
Epoch 105/400 | Train Loss: 1.2388 | Val Loss: 1.0549 | Val Cat Acc: 0.621 | Time: 25.1s
  GPU Memory: 0.25GB allocated, 0.85GB reserved
Epoch 106/400 | Train Loss: 1.2023 | Val Loss: 1.1447 | Val Cat Acc: 0.602 | Time: 24.5s
  GPU Memory: 0.25GB allocated, 0.85GB reserved
Epoch 107/400 | Train Loss: 1.2606 | Val Loss: 1.0565 | Val Cat Acc: 0.636 | Time: 25.4s
  GPU Memory: 0.25GB allocated, 0.85GB reserved
Epoch 108/400 | Train Loss: 1.2547 | Val Loss: 1.1204 | Val Cat Acc: 0.591 | Time: 20.0s
  GPU Memory: 0.25GB allocated, 0.85GB reserved
Epoch 109/400 | Train Loss: 1.2409 | Val Loss: 1.0811 | Val Cat Acc: 0.637 | Time: 22.5s
  GPU Memory: 0.25GB allocated, 0.85GB reserved
Epoch 110/400 | Train Loss: 1.2078 | Val Loss: 1.0297 | Val Cat Acc: 0.622 | Time: 24.7s
  GPU Memory: 0.25GB allocated, 0.85GB reserved
  ✓ New best validation loss: 1.0297
Epoch 111/400 | Train Loss: 1.2212 | Val Loss: 1.0738 | Val Cat Acc: 0.608 | Time: 24.1s
  GPU Memory: 0.25GB allocated, 0.85GB reserved
Epoch 112/400 | Train Loss: 1.2013 | Val Loss: 1.1444 | Val Cat Acc: 0.556 | Time: 23.9s
  GPU Memory: 0.25GB allocated, 0.85GB reserved
Epoch 113/400 | Train Loss: 1.2058 | Val Loss: 1.1218 | Val Cat Acc: 0.599 | Time: 25.8s
  GPU Memory: 0.25GB allocated, 0.85GB reserved
Epoch 114/400 | Train Loss: 1.2688 | Val Loss: 1.0634 | Val Cat Acc: 0.645 | Time: 23.0s
  GPU Memory: 0.25GB allocated, 0.85GB reserved
Epoch 115/400 | Train Loss: 1.2117 | Val Loss: 1.1687 | Val Cat Acc: 0.582 | Time: 21.5s
  GPU Memory: 0.25GB allocated, 0.85GB reserved
Epoch 116/400 | Train Loss: 1.2143 | Val Loss: 1.0504 | Val Cat Acc: 0.632 | Time: 23.2s
  GPU Memory: 0.25GB allocated, 0.85GB reserved
Epoch 117/400 | Train Loss: 1.2240 | Val Loss: 1.1123 | Val Cat Acc: 0.637 | Time: 20.8s
  GPU Memory: 0.25GB allocated, 0.85GB reserved
Epoch 118/400 | Train Loss: 1.2089 | Val Loss: 1.0567 | Val Cat Acc: 0.605 | Time: 24.0s
  GPU Memory: 0.25GB allocated, 0.85GB reserved
Epoch 119/400 | Train Loss: 1.2193 | Val Loss: 1.1434 | Val Cat Acc: 0.615 | Time: 25.0s
  GPU Memory: 0.25GB allocated, 0.85GB reserved
Epoch 120/400 | Train Loss: 1.1842 | Val Loss: 1.0699 | Val Cat Acc: 0.637 | Time: 25.8s
  GPU Memory: 0.25GB allocated, 0.85GB reserved
Epoch 121/400 | Train Loss: 1.1959 | Val Loss: 1.1078 | Val Cat Acc: 0.608 | Time: 25.9s
  GPU Memory: 0.25GB allocated, 0.85GB reserved
Epoch 122/400 | Train Loss: 1.1786 | Val Loss: 1.0969 | Val Cat Acc: 0.629 | Time: 25.0s
  GPU Memory: 0.25GB allocated, 0.85GB reserved
Epoch 123/400 | Train Loss: 1.1617 | Val Loss: 1.1312 | Val Cat Acc: 0.606 | Time: 25.0s
  GPU Memory: 0.25GB allocated, 0.85GB reserved
Epoch 124/400 | Train Loss: 1.1877 | Val Loss: 1.3689 | Val Cat Acc: 0.612 | Time: 26.0s
  GPU Memory: 0.25GB allocated, 0.85GB reserved
Epoch 125/400 | Train Loss: 1.1815 | Val Loss: 1.1282 | Val Cat Acc: 0.622 | Time: 23.5s
  GPU Memory: 0.25GB allocated, 0.85GB reserved
Epoch 126/400 | Train Loss: 1.1502 | Val Loss: 1.1327 | Val Cat Acc: 0.603 | Time: 23.7s
  GPU Memory: 0.25GB allocated, 0.85GB reserved
Epoch 127/400 | Train Loss: 1.2014 | Val Loss: 1.1591 | Val Cat Acc: 0.607 | Time: 25.9s
  GPU Memory: 0.25GB allocated, 0.85GB reserved
Epoch 128/400 | Train Loss: 1.1800 | Val Loss: 1.0959 | Val Cat Acc: 0.635 | Time: 23.3s
  GPU Memory: 0.25GB allocated, 0.85GB reserved
Epoch 129/400 | Train Loss: 1.1651 | Val Loss: 0.9340 | Val Cat Acc: 0.630 | Time: 21.1s
  GPU Memory: 0.25GB allocated, 0.85GB reserved
  ✓ New best validation loss: 0.9340
Epoch 130/400 | Train Loss: 1.1566 | Val Loss: 1.0090 | Val Cat Acc: 0.657 | Time: 23.9s
  GPU Memory: 0.25GB allocated, 0.85GB reserved
Epoch 131/400 | Train Loss: 1.1755 | Val Loss: 1.0677 | Val Cat Acc: 0.637 | Time: 23.6s
  GPU Memory: 0.25GB allocated, 0.85GB reserved
Epoch 132/400 | Train Loss: 1.1669 | Val Loss: 1.0873 | Val Cat Acc: 0.639 | Time: 21.4s
  GPU Memory: 0.25GB allocated, 0.85GB reserved
Epoch 133/400 | Train Loss: 1.1929 | Val Loss: 1.0072 | Val Cat Acc: 0.625 | Time: 23.4s
  GPU Memory: 0.25GB allocated, 0.85GB reserved
Epoch 134/400 | Train Loss: 1.1887 | Val Loss: 1.0588 | Val Cat Acc: 0.616 | Time: 25.5s
  GPU Memory: 0.25GB allocated, 0.85GB reserved
Epoch 135/400 | Train Loss: 1.1785 | Val Loss: 1.1237 | Val Cat Acc: 0.619 | Time: 24.5s
  GPU Memory: 0.25GB allocated, 0.85GB reserved
Epoch 136/400 | Train Loss: 1.1534 | Val Loss: 1.0147 | Val Cat Acc: 0.618 | Time: 25.3s
  GPU Memory: 0.25GB allocated, 0.85GB reserved
Epoch 137/400 | Train Loss: 1.1518 | Val Loss: 1.1158 | Val Cat Acc: 0.639 | Time: 25.7s
  GPU Memory: 0.25GB allocated, 0.85GB reserved
Epoch 138/400 | Train Loss: 1.1585 | Val Loss: 1.0604 | Val Cat Acc: 0.652 | Time: 25.7s
  GPU Memory: 0.25GB allocated, 0.87GB reserved
Epoch 139/400 | Train Loss: 1.1445 | Val Loss: 1.0530 | Val Cat Acc: 0.611 | Time: 23.4s
  GPU Memory: 0.25GB allocated, 0.85GB reserved
Epoch 140/400 | Train Loss: 1.1836 | Val Loss: 0.9715 | Val Cat Acc: 0.632 | Time: 26.6s
  GPU Memory: 0.25GB allocated, 0.85GB reserved
Epoch 141/400 | Train Loss: 1.1614 | Val Loss: 1.2393 | Val Cat Acc: 0.621 | Time: 23.6s
  GPU Memory: 0.25GB allocated, 0.85GB reserved
Epoch 142/400 | Train Loss: 1.1505 | Val Loss: 0.9707 | Val Cat Acc: 0.636 | Time: 22.9s
  GPU Memory: 0.25GB allocated, 0.85GB reserved
Epoch 143/400 | Train Loss: 1.1541 | Val Loss: 1.0670 | Val Cat Acc: 0.618 | Time: 25.6s
  GPU Memory: 0.25GB allocated, 0.85GB reserved
Epoch 144/400 | Train Loss: 1.1416 | Val Loss: 1.0265 | Val Cat Acc: 0.615 | Time: 25.5s
  GPU Memory: 0.25GB allocated, 0.85GB reserved
Epoch 145/400 | Train Loss: 1.1176 | Val Loss: 1.0442 | Val Cat Acc: 0.622 | Time: 21.7s
  GPU Memory: 0.25GB allocated, 0.85GB reserved
Epoch 146/400 | Train Loss: 1.1512 | Val Loss: 0.9626 | Val Cat Acc: 0.643 | Time: 23.2s
  GPU Memory: 0.25GB allocated, 0.85GB reserved
Epoch 147/400 | Train Loss: 1.1302 | Val Loss: 0.9940 | Val Cat Acc: 0.614 | Time: 26.0s
  GPU Memory: 0.25GB allocated, 0.85GB reserved
Epoch 148/400 | Train Loss: 1.1231 | Val Loss: 1.0461 | Val Cat Acc: 0.623 | Time: 26.6s
  GPU Memory: 0.25GB allocated, 0.85GB reserved
Epoch 149/400 | Train Loss: 1.1497 | Val Loss: 1.0577 | Val Cat Acc: 0.639 | Time: 24.4s
  GPU Memory: 0.25GB allocated, 0.85GB reserved
Epoch 150/400 | Train Loss: 1.1202 | Val Loss: 1.0059 | Val Cat Acc: 0.636 | Time: 26.1s
  GPU Memory: 0.25GB allocated, 0.85GB reserved
Epoch 151/400 | Train Loss: 1.1340 | Val Loss: 0.9967 | Val Cat Acc: 0.633 | Time: 25.1s
  GPU Memory: 0.25GB allocated, 0.85GB reserved
Epoch 152/400 | Train Loss: 1.1318 | Val Loss: 0.9695 | Val Cat Acc: 0.634 | Time: 24.9s
  GPU Memory: 0.25GB allocated, 0.85GB reserved
Epoch 153/400 | Train Loss: 1.1091 | Val Loss: 0.9615 | Val Cat Acc: 0.658 | Time: 24.3s
  GPU Memory: 0.25GB allocated, 0.85GB reserved
Epoch 154/400 | Train Loss: 1.1125 | Val Loss: 1.0306 | Val Cat Acc: 0.626 | Time: 23.9s
  GPU Memory: 0.25GB allocated, 0.85GB reserved
Epoch 155/400 | Train Loss: 1.1191 | Val Loss: 1.0113 | Val Cat Acc: 0.631 | Time: 25.6s
  GPU Memory: 0.25GB allocated, 0.85GB reserved
Epoch 156/400 | Train Loss: 1.1017 | Val Loss: 0.9731 | Val Cat Acc: 0.636 | Time: 24.5s
  GPU Memory: 0.25GB allocated, 0.85GB reserved
Epoch 157/400 | Train Loss: 1.1508 | Val Loss: 1.2038 | Val Cat Acc: 0.604 | Time: 23.2s
  GPU Memory: 0.25GB allocated, 0.85GB reserved
Epoch 158/400 | Train Loss: 1.1136 | Val Loss: 1.0546 | Val Cat Acc: 0.636 | Time: 23.4s
  GPU Memory: 0.25GB allocated, 0.85GB reserved
Epoch 159/400 | Train Loss: 1.0883 | Val Loss: 0.9455 | Val Cat Acc: 0.672 | Time: 24.1s
  GPU Memory: 0.25GB allocated, 0.85GB reserved
Epoch 160/400 | Train Loss: 1.1266 | Val Loss: 0.9889 | Val Cat Acc: 0.652 | Time: 20.8s
  GPU Memory: 0.25GB allocated, 0.85GB reserved
Epoch 161/400 | Train Loss: 1.1000 | Val Loss: 1.0540 | Val Cat Acc: 0.628 | Time: 23.1s
  GPU Memory: 0.25GB allocated, 0.85GB reserved
Epoch 162/400 | Train Loss: 1.1040 | Val Loss: 1.0925 | Val Cat Acc: 0.621 | Time: 25.7s
  GPU Memory: 0.25GB allocated, 0.85GB reserved
Epoch 163/400 | Train Loss: 1.0966 | Val Loss: 0.9878 | Val Cat Acc: 0.656 | Time: 26.0s
  GPU Memory: 0.25GB allocated, 0.85GB reserved
Epoch 164/400 | Train Loss: 1.1173 | Val Loss: 0.9842 | Val Cat Acc: 0.661 | Time: 26.1s
  GPU Memory: 0.25GB allocated, 0.85GB reserved
Epoch 165/400 | Train Loss: 1.0793 | Val Loss: 0.9840 | Val Cat Acc: 0.680 | Time: 24.0s
  GPU Memory: 0.25GB allocated, 0.85GB reserved
Epoch 166/400 | Train Loss: 1.1107 | Val Loss: 1.1641 | Val Cat Acc: 0.661 | Time: 25.1s
  GPU Memory: 0.25GB allocated, 0.85GB reserved
Epoch 167/400 | Train Loss: 1.1116 | Val Loss: 0.9838 | Val Cat Acc: 0.634 | Time: 24.9s
  GPU Memory: 0.25GB allocated, 0.85GB reserved
Epoch 168/400 | Train Loss: 1.0963 | Val Loss: 1.0605 | Val Cat Acc: 0.603 | Time: 25.9s
  GPU Memory: 0.25GB allocated, 0.85GB reserved
Epoch 169/400 | Train Loss: 1.0961 | Val Loss: 0.9543 | Val Cat Acc: 0.647 | Time: 25.9s
  GPU Memory: 0.25GB allocated, 0.85GB reserved
Epoch 170/400 | Train Loss: 1.0860 | Val Loss: 0.9944 | Val Cat Acc: 0.655 | Time: 24.0s
  GPU Memory: 0.25GB allocated, 0.85GB reserved
Epoch 171/400 | Train Loss: 1.1007 | Val Loss: 0.9339 | Val Cat Acc: 0.663 | Time: 26.3s
  GPU Memory: 0.25GB allocated, 0.87GB reserved
  ✓ New best validation loss: 0.9339
Epoch 172/400 | Train Loss: 1.0706 | Val Loss: 1.0220 | Val Cat Acc: 0.617 | Time: 24.7s
  GPU Memory: 0.25GB allocated, 0.85GB reserved
Epoch 173/400 | Train Loss: 1.0893 | Val Loss: 0.9809 | Val Cat Acc: 0.651 | Time: 25.7s
  GPU Memory: 0.25GB allocated, 0.85GB reserved
Epoch 174/400 | Train Loss: 1.0929 | Val Loss: 1.0979 | Val Cat Acc: 0.633 | Time: 25.6s
  GPU Memory: 0.25GB allocated, 0.85GB reserved
Epoch 175/400 | Train Loss: 1.1039 | Val Loss: 0.9320 | Val Cat Acc: 0.684 | Time: 21.4s
  GPU Memory: 0.25GB allocated, 0.85GB reserved
  ✓ New best validation loss: 0.9320
Epoch 176/400 | Train Loss: 1.0776 | Val Loss: 0.9374 | Val Cat Acc: 0.672 | Time: 21.2s
  GPU Memory: 0.25GB allocated, 0.85GB reserved
Epoch 177/400 | Train Loss: 1.1016 | Val Loss: 0.9093 | Val Cat Acc: 0.680 | Time: 21.8s
  GPU Memory: 0.25GB allocated, 0.85GB reserved
  ✓ New best validation loss: 0.9093
Epoch 178/400 | Train Loss: 1.0820 | Val Loss: 0.9049 | Val Cat Acc: 0.685 | Time: 26.1s
  GPU Memory: 0.25GB allocated, 0.85GB reserved
  ✓ New best validation loss: 0.9049
Epoch 179/400 | Train Loss: 1.0764 | Val Loss: 0.8754 | Val Cat Acc: 0.703 | Time: 24.5s
  GPU Memory: 0.25GB allocated, 0.85GB reserved
  ✓ New best validation loss: 0.8754
Epoch 180/400 | Train Loss: 1.0842 | Val Loss: 0.9089 | Val Cat Acc: 0.698 | Time: 26.3s
  GPU Memory: 0.25GB allocated, 0.85GB reserved
Epoch 181/400 | Train Loss: 1.0966 | Val Loss: 1.1119 | Val Cat Acc: 0.639 | Time: 20.9s
  GPU Memory: 0.25GB allocated, 0.85GB reserved
Epoch 182/400 | Train Loss: 1.0596 | Val Loss: 1.0127 | Val Cat Acc: 0.663 | Time: 22.6s
  GPU Memory: 0.25GB allocated, 0.87GB reserved
Epoch 183/400 | Train Loss: 1.1136 | Val Loss: 1.0111 | Val Cat Acc: 0.650 | Time: 24.1s
  GPU Memory: 0.25GB allocated, 0.85GB reserved
Epoch 184/400 | Train Loss: 1.0614 | Val Loss: 0.9184 | Val Cat Acc: 0.677 | Time: 26.4s
  GPU Memory: 0.25GB allocated, 0.85GB reserved
Epoch 185/400 | Train Loss: 1.0643 | Val Loss: 0.9143 | Val Cat Acc: 0.681 | Time: 22.8s
  GPU Memory: 0.25GB allocated, 0.85GB reserved
Epoch 186/400 | Train Loss: 1.0768 | Val Loss: 0.9966 | Val Cat Acc: 0.644 | Time: 22.0s
  GPU Memory: 0.25GB allocated, 0.85GB reserved
Epoch 187/400 | Train Loss: 1.0648 | Val Loss: 0.9496 | Val Cat Acc: 0.674 | Time: 23.3s
  GPU Memory: 0.25GB allocated, 0.85GB reserved
Epoch 188/400 | Train Loss: 1.0495 | Val Loss: 0.9388 | Val Cat Acc: 0.677 | Time: 25.7s
  GPU Memory: 0.25GB allocated, 0.82GB reserved
Epoch 189/400 | Train Loss: 1.0394 | Val Loss: 1.0051 | Val Cat Acc: 0.660 | Time: 22.5s
  GPU Memory: 0.25GB allocated, 0.85GB reserved
Epoch 190/400 | Train Loss: 1.0740 | Val Loss: 0.9598 | Val Cat Acc: 0.683 | Time: 22.1s
  GPU Memory: 0.25GB allocated, 0.85GB reserved
Epoch 191/400 | Train Loss: 1.0336 | Val Loss: 0.9696 | Val Cat Acc: 0.665 | Time: 23.5s
  GPU Memory: 0.25GB allocated, 0.85GB reserved
Epoch 192/400 | Train Loss: 1.0881 | Val Loss: 0.9089 | Val Cat Acc: 0.694 | Time: 24.7s
  GPU Memory: 0.25GB allocated, 0.85GB reserved
Epoch 193/400 | Train Loss: 1.0719 | Val Loss: 1.0549 | Val Cat Acc: 0.651 | Time: 22.7s
  GPU Memory: 0.25GB allocated, 0.85GB reserved
Epoch 194/400 | Train Loss: 1.0632 | Val Loss: 1.0102 | Val Cat Acc: 0.672 | Time: 24.2s
  GPU Memory: 0.25GB allocated, 0.85GB reserved
Epoch 195/400 | Train Loss: 1.0575 | Val Loss: 0.9361 | Val Cat Acc: 0.678 | Time: 26.0s
  GPU Memory: 0.25GB allocated, 0.85GB reserved
Epoch 196/400 | Train Loss: 1.0633 | Val Loss: 0.8977 | Val Cat Acc: 0.684 | Time: 25.5s
  GPU Memory: 0.25GB allocated, 0.85GB reserved
Epoch 197/400 | Train Loss: 1.0564 | Val Loss: 1.0379 | Val Cat Acc: 0.674 | Time: 23.5s
  GPU Memory: 0.25GB allocated, 0.85GB reserved
Epoch 198/400 | Train Loss: 1.0473 | Val Loss: 0.9269 | Val Cat Acc: 0.701 | Time: 22.1s
  GPU Memory: 0.25GB allocated, 0.85GB reserved
Epoch 199/400 | Train Loss: 1.0568 | Val Loss: 1.1025 | Val Cat Acc: 0.630 | Time: 25.6s
  GPU Memory: 0.25GB allocated, 0.85GB reserved
Epoch 200/400 | Train Loss: 1.0707 | Val Loss: 1.0518 | Val Cat Acc: 0.668 | Time: 23.3s
  GPU Memory: 0.25GB allocated, 0.85GB reserved
Epoch 201/400 | Train Loss: 1.0556 | Val Loss: 0.8917 | Val Cat Acc: 0.694 | Time: 24.9s
  GPU Memory: 0.25GB allocated, 0.85GB reserved
Epoch 202/400 | Train Loss: 1.0325 | Val Loss: 0.8966 | Val Cat Acc: 0.698 | Time: 22.1s
  GPU Memory: 0.25GB allocated, 0.85GB reserved
Epoch 203/400 | Train Loss: 1.0437 | Val Loss: 0.8952 | Val Cat Acc: 0.669 | Time: 22.2s
  GPU Memory: 0.25GB allocated, 0.82GB reserved
Epoch 204/400 | Train Loss: 1.0398 | Val Loss: 0.8659 | Val Cat Acc: 0.722 | Time: 24.5s
  GPU Memory: 0.25GB allocated, 0.85GB reserved
  ✓ New best validation loss: 0.8659
Epoch 205/400 | Train Loss: 1.0418 | Val Loss: 0.9166 | Val Cat Acc: 0.704 | Time: 26.2s
  GPU Memory: 0.25GB allocated, 0.85GB reserved
Epoch 206/400 | Train Loss: 1.0472 | Val Loss: 0.9142 | Val Cat Acc: 0.719 | Time: 26.2s
  GPU Memory: 0.25GB allocated, 0.85GB reserved
Epoch 207/400 | Train Loss: 1.0315 | Val Loss: 0.8548 | Val Cat Acc: 0.706 | Time: 20.6s
  GPU Memory: 0.25GB allocated, 0.85GB reserved
  ✓ New best validation loss: 0.8548
Epoch 208/400 | Train Loss: 1.0219 | Val Loss: 0.9397 | Val Cat Acc: 0.699 | Time: 21.7s
  GPU Memory: 0.25GB allocated, 0.85GB reserved
Epoch 209/400 | Train Loss: 1.0392 | Val Loss: 0.9374 | Val Cat Acc: 0.694 | Time: 22.3s
  GPU Memory: 0.25GB allocated, 0.85GB reserved
Epoch 210/400 | Train Loss: 1.0295 | Val Loss: 0.8845 | Val Cat Acc: 0.705 | Time: 26.0s
  GPU Memory: 0.25GB allocated, 0.85GB reserved
Epoch 211/400 | Train Loss: 1.0259 | Val Loss: 0.8837 | Val Cat Acc: 0.720 | Time: 26.0s
  GPU Memory: 0.25GB allocated, 0.85GB reserved
Epoch 212/400 | Train Loss: 1.0353 | Val Loss: 0.9869 | Val Cat Acc: 0.680 | Time: 22.0s
  GPU Memory: 0.25GB allocated, 0.85GB reserved
Epoch 213/400 | Train Loss: 1.0265 | Val Loss: 0.8982 | Val Cat Acc: 0.707 | Time: 21.1s
  GPU Memory: 0.25GB allocated, 0.85GB reserved
Epoch 214/400 | Train Loss: 1.0288 | Val Loss: 0.9269 | Val Cat Acc: 0.669 | Time: 26.8s
  GPU Memory: 0.25GB allocated, 0.85GB reserved
Epoch 215/400 | Train Loss: 1.0220 | Val Loss: 0.8743 | Val Cat Acc: 0.706 | Time: 25.6s
  GPU Memory: 0.25GB allocated, 0.85GB reserved
Epoch 216/400 | Train Loss: 1.0188 | Val Loss: 0.8649 | Val Cat Acc: 0.715 | Time: 22.9s
  GPU Memory: 0.25GB allocated, 0.85GB reserved
Epoch 217/400 | Train Loss: 1.0283 | Val Loss: 0.8929 | Val Cat Acc: 0.697 | Time: 22.2s
  GPU Memory: 0.25GB allocated, 0.85GB reserved
Epoch 218/400 | Train Loss: 1.0393 | Val Loss: 0.9958 | Val Cat Acc: 0.709 | Time: 21.3s
  GPU Memory: 0.25GB allocated, 0.85GB reserved
Epoch 219/400 | Train Loss: 1.0248 | Val Loss: 0.9743 | Val Cat Acc: 0.663 | Time: 23.0s
  GPU Memory: 0.25GB allocated, 0.85GB reserved
Epoch 220/400 | Train Loss: 1.0051 | Val Loss: 0.8710 | Val Cat Acc: 0.733 | Time: 23.3s
  GPU Memory: 0.25GB allocated, 0.85GB reserved
Epoch 221/400 | Train Loss: 1.0370 | Val Loss: 0.9532 | Val Cat Acc: 0.712 | Time: 24.5s
  GPU Memory: 0.25GB allocated, 0.85GB reserved
Epoch 222/400 | Train Loss: 1.0252 | Val Loss: 0.8919 | Val Cat Acc: 0.727 | Time: 22.9s
  GPU Memory: 0.25GB allocated, 0.85GB reserved
Epoch 223/400 | Train Loss: 1.0325 | Val Loss: 0.8828 | Val Cat Acc: 0.743 | Time: 21.6s
  GPU Memory: 0.25GB allocated, 0.85GB reserved
Epoch 224/400 | Train Loss: 1.0316 | Val Loss: 0.8952 | Val Cat Acc: 0.728 | Time: 25.4s
  GPU Memory: 0.25GB allocated, 0.85GB reserved
Epoch 225/400 | Train Loss: 1.0425 | Val Loss: 0.9402 | Val Cat Acc: 0.698 | Time: 25.9s
  GPU Memory: 0.25GB allocated, 0.85GB reserved
Epoch 226/400 | Train Loss: 1.0269 | Val Loss: 0.8893 | Val Cat Acc: 0.724 | Time: 20.3s
  GPU Memory: 0.25GB allocated, 0.85GB reserved
Epoch 227/400 | Train Loss: 1.0418 | Val Loss: 0.9116 | Val Cat Acc: 0.705 | Time: 25.3s
  GPU Memory: 0.25GB allocated, 0.85GB reserved
Epoch 228/400 | Train Loss: 1.0372 | Val Loss: 0.8882 | Val Cat Acc: 0.734 | Time: 23.5s
  GPU Memory: 0.25GB allocated, 0.85GB reserved
Epoch 229/400 | Train Loss: 1.0400 | Val Loss: 0.9229 | Val Cat Acc: 0.737 | Time: 22.0s
  GPU Memory: 0.25GB allocated, 0.85GB reserved
Epoch 230/400 | Train Loss: 1.0291 | Val Loss: 0.8474 | Val Cat Acc: 0.746 | Time: 19.9s
  GPU Memory: 0.25GB allocated, 0.85GB reserved
  ✓ New best validation loss: 0.8474
Epoch 231/400 | Train Loss: 1.0167 | Val Loss: 0.9631 | Val Cat Acc: 0.707 | Time: 25.2s
  GPU Memory: 0.25GB allocated, 0.85GB reserved
Epoch 232/400 | Train Loss: 1.0308 | Val Loss: 0.9867 | Val Cat Acc: 0.736 | Time: 25.0s
  GPU Memory: 0.25GB allocated, 0.85GB reserved
Epoch 233/400 | Train Loss: 1.0352 | Val Loss: 0.8832 | Val Cat Acc: 0.729 | Time: 23.7s
  GPU Memory: 0.25GB allocated, 0.85GB reserved
Epoch 234/400 | Train Loss: 1.0258 | Val Loss: 0.8378 | Val Cat Acc: 0.754 | Time: 25.3s
  GPU Memory: 0.25GB allocated, 0.85GB reserved
  ✓ New best validation loss: 0.8378
Epoch 235/400 | Train Loss: 1.0115 | Val Loss: 0.8648 | Val Cat Acc: 0.733 | Time: 25.2s
  GPU Memory: 0.25GB allocated, 0.85GB reserved
Epoch 236/400 | Train Loss: 1.0151 | Val Loss: 0.9458 | Val Cat Acc: 0.740 | Time: 22.2s
  GPU Memory: 0.25GB allocated, 0.85GB reserved
Epoch 237/400 | Train Loss: 1.0053 | Val Loss: 1.0121 | Val Cat Acc: 0.707 | Time: 21.6s
  GPU Memory: 0.25GB allocated, 0.85GB reserved
Epoch 238/400 | Train Loss: 1.0176 | Val Loss: 0.9491 | Val Cat Acc: 0.731 | Time: 19.9s
  GPU Memory: 0.25GB allocated, 0.85GB reserved
Epoch 239/400 | Train Loss: 1.0080 | Val Loss: 0.9207 | Val Cat Acc: 0.725 | Time: 22.6s
  GPU Memory: 0.25GB allocated, 0.85GB reserved
Epoch 240/400 | Train Loss: 0.9965 | Val Loss: 0.8533 | Val Cat Acc: 0.746 | Time: 26.5s
  GPU Memory: 0.25GB allocated, 0.85GB reserved
Epoch 241/400 | Train Loss: 1.0107 | Val Loss: 0.9038 | Val Cat Acc: 0.736 | Time: 24.2s
  GPU Memory: 0.25GB allocated, 0.85GB reserved
Epoch 242/400 | Train Loss: 1.0129 | Val Loss: 0.9308 | Val Cat Acc: 0.717 | Time: 26.0s
  GPU Memory: 0.25GB allocated, 0.85GB reserved
Epoch 243/400 | Train Loss: 0.9852 | Val Loss: 0.8765 | Val Cat Acc: 0.737 | Time: 26.3s
  GPU Memory: 0.25GB allocated, 0.85GB reserved
Epoch 244/400 | Train Loss: 1.0094 | Val Loss: 0.8810 | Val Cat Acc: 0.737 | Time: 24.6s
  GPU Memory: 0.25GB allocated, 0.85GB reserved
Epoch 245/400 | Train Loss: 1.0060 | Val Loss: 0.8608 | Val Cat Acc: 0.763 | Time: 21.9s
  GPU Memory: 0.25GB allocated, 0.85GB reserved
Epoch 246/400 | Train Loss: 1.0163 | Val Loss: 0.9061 | Val Cat Acc: 0.753 | Time: 25.2s
  GPU Memory: 0.25GB allocated, 0.85GB reserved
Epoch 247/400 | Train Loss: 1.0142 | Val Loss: 0.7825 | Val Cat Acc: 0.783 | Time: 26.0s
  GPU Memory: 0.25GB allocated, 0.85GB reserved
  ✓ New best validation loss: 0.7825
Epoch 248/400 | Train Loss: 0.9838 | Val Loss: 0.8788 | Val Cat Acc: 0.736 | Time: 24.8s
  GPU Memory: 0.25GB allocated, 0.85GB reserved
Epoch 249/400 | Train Loss: 1.0041 | Val Loss: 1.0435 | Val Cat Acc: 0.708 | Time: 26.0s
  GPU Memory: 0.25GB allocated, 0.85GB reserved
Epoch 250/400 | Train Loss: 1.0283 | Val Loss: 0.9276 | Val Cat Acc: 0.754 | Time: 21.4s
  GPU Memory: 0.25GB allocated, 0.85GB reserved
Epoch 251/400 | Train Loss: 0.9960 | Val Loss: 0.8483 | Val Cat Acc: 0.743 | Time: 22.7s
  GPU Memory: 0.25GB allocated, 0.85GB reserved
Epoch 252/400 | Train Loss: 1.0111 | Val Loss: 0.9776 | Val Cat Acc: 0.715 | Time: 24.3s
  GPU Memory: 0.25GB allocated, 0.85GB reserved
Epoch 253/400 | Train Loss: 1.0279 | Val Loss: 0.8945 | Val Cat Acc: 0.759 | Time: 24.8s
  GPU Memory: 0.25GB allocated, 0.85GB reserved
Epoch 254/400 | Train Loss: 1.0014 | Val Loss: 0.8995 | Val Cat Acc: 0.742 | Time: 25.9s
  GPU Memory: 0.25GB allocated, 0.85GB reserved
Epoch 255/400 | Train Loss: 0.9991 | Val Loss: 0.8795 | Val Cat Acc: 0.758 | Time: 24.1s
  GPU Memory: 0.25GB allocated, 0.85GB reserved
Epoch 256/400 | Train Loss: 1.0112 | Val Loss: 0.8906 | Val Cat Acc: 0.764 | Time: 24.4s
  GPU Memory: 0.25GB allocated, 0.85GB reserved
Epoch 257/400 | Train Loss: 0.9730 | Val Loss: 0.8126 | Val Cat Acc: 0.774 | Time: 23.9s
  GPU Memory: 0.25GB allocated, 0.85GB reserved
Epoch 258/400 | Train Loss: 0.9759 | Val Loss: 0.8511 | Val Cat Acc: 0.733 | Time: 26.0s
  GPU Memory: 0.25GB allocated, 0.85GB reserved
Epoch 259/400 | Train Loss: 1.0024 | Val Loss: 0.9692 | Val Cat Acc: 0.751 | Time: 20.8s
  GPU Memory: 0.25GB allocated, 0.85GB reserved
Epoch 260/400 | Train Loss: 1.0018 | Val Loss: 0.9153 | Val Cat Acc: 0.762 | Time: 23.7s
  GPU Memory: 0.25GB allocated, 0.85GB reserved
Epoch 261/400 | Train Loss: 0.9967 | Val Loss: 0.8523 | Val Cat Acc: 0.774 | Time: 24.5s
  GPU Memory: 0.25GB allocated, 0.85GB reserved
Epoch 262/400 | Train Loss: 1.0023 | Val Loss: 0.9054 | Val Cat Acc: 0.762 | Time: 24.2s
  GPU Memory: 0.25GB allocated, 0.85GB reserved
Epoch 263/400 | Train Loss: 0.9998 | Val Loss: 0.8551 | Val Cat Acc: 0.768 | Time: 24.9s
  GPU Memory: 0.25GB allocated, 0.85GB reserved
Epoch 264/400 | Train Loss: 0.9923 | Val Loss: 0.8612 | Val Cat Acc: 0.768 | Time: 26.0s
  GPU Memory: 0.25GB allocated, 0.85GB reserved
Epoch 265/400 | Train Loss: 1.0013 | Val Loss: 0.9801 | Val Cat Acc: 0.721 | Time: 23.4s
  GPU Memory: 0.25GB allocated, 0.85GB reserved
Epoch 266/400 | Train Loss: 0.9897 | Val Loss: 0.9262 | Val Cat Acc: 0.729 | Time: 22.0s
  GPU Memory: 0.25GB allocated, 0.85GB reserved
Epoch 267/400 | Train Loss: 0.9782 | Val Loss: 0.9190 | Val Cat Acc: 0.742 | Time: 20.4s
  GPU Memory: 0.25GB allocated, 0.85GB reserved
Epoch 268/400 | Train Loss: 0.9807 | Val Loss: 0.8373 | Val Cat Acc: 0.780 | Time: 21.6s
  GPU Memory: 0.25GB allocated, 0.85GB reserved
Epoch 269/400 | Train Loss: 0.9760 | Val Loss: 0.8708 | Val Cat Acc: 0.785 | Time: 23.5s
  GPU Memory: 0.25GB allocated, 0.85GB reserved
Epoch 270/400 | Train Loss: 0.9878 | Val Loss: 0.8005 | Val Cat Acc: 0.808 | Time: 25.9s
  GPU Memory: 0.25GB allocated, 0.85GB reserved
Epoch 271/400 | Train Loss: 0.9857 | Val Loss: 0.8843 | Val Cat Acc: 0.779 | Time: 25.9s
  GPU Memory: 0.25GB allocated, 0.85GB reserved
Epoch 272/400 | Train Loss: 0.9878 | Val Loss: 0.9947 | Val Cat Acc: 0.723 | Time: 26.0s
  GPU Memory: 0.25GB allocated, 0.85GB reserved
Epoch 273/400 | Train Loss: 0.9901 | Val Loss: 0.8425 | Val Cat Acc: 0.784 | Time: 23.5s
  GPU Memory: 0.25GB allocated, 0.85GB reserved
Epoch 274/400 | Train Loss: 0.9720 | Val Loss: 0.8784 | Val Cat Acc: 0.739 | Time: 20.9s
  GPU Memory: 0.25GB allocated, 0.82GB reserved
Epoch 275/400 | Train Loss: 0.9669 | Val Loss: 0.8566 | Val Cat Acc: 0.777 | Time: 23.9s
  GPU Memory: 0.25GB allocated, 0.85GB reserved
Epoch 276/400 | Train Loss: 0.9810 | Val Loss: 0.8176 | Val Cat Acc: 0.788 | Time: 24.5s
  GPU Memory: 0.25GB allocated, 0.85GB reserved
Epoch 277/400 | Train Loss: 0.9801 | Val Loss: 0.8734 | Val Cat Acc: 0.777 | Time: 24.0s
  GPU Memory: 0.25GB allocated, 0.85GB reserved
Epoch 278/400 | Train Loss: 0.9716 | Val Loss: 0.8443 | Val Cat Acc: 0.786 | Time: 21.9s
  GPU Memory: 0.25GB allocated, 0.85GB reserved
Epoch 279/400 | Train Loss: 0.9589 | Val Loss: 0.8082 | Val Cat Acc: 0.794 | Time: 23.7s
  GPU Memory: 0.25GB allocated, 0.85GB reserved
Epoch 280/400 | Train Loss: 0.9793 | Val Loss: 0.8429 | Val Cat Acc: 0.792 | Time: 26.2s
  GPU Memory: 0.25GB allocated, 0.85GB reserved
Epoch 281/400 | Train Loss: 0.9737 | Val Loss: 0.8233 | Val Cat Acc: 0.778 | Time: 24.0s
  GPU Memory: 0.25GB allocated, 0.85GB reserved
Epoch 282/400 | Train Loss: 0.9901 | Val Loss: 0.8422 | Val Cat Acc: 0.786 | Time: 23.7s
  GPU Memory: 0.25GB allocated, 0.85GB reserved
Epoch 283/400 | Train Loss: 0.9893 | Val Loss: 0.8270 | Val Cat Acc: 0.797 | Time: 20.7s
  GPU Memory: 0.25GB allocated, 0.85GB reserved
Epoch 284/400 | Train Loss: 0.9836 | Val Loss: 0.8289 | Val Cat Acc: 0.800 | Time: 21.8s
  GPU Memory: 0.25GB allocated, 0.87GB reserved
Epoch 285/400 | Train Loss: 0.9721 | Val Loss: 0.8445 | Val Cat Acc: 0.798 | Time: 21.8s
  GPU Memory: 0.25GB allocated, 0.86GB reserved
Epoch 286/400 | Train Loss: 0.9635 | Val Loss: 0.8039 | Val Cat Acc: 0.806 | Time: 24.8s
  GPU Memory: 0.25GB allocated, 0.85GB reserved
Epoch 287/400 | Train Loss: 0.9575 | Val Loss: 0.8737 | Val Cat Acc: 0.774 | Time: 21.0s
  GPU Memory: 0.25GB allocated, 0.85GB reserved
Epoch 288/400 | Train Loss: 0.9664 | Val Loss: 0.8330 | Val Cat Acc: 0.788 | Time: 21.6s
  GPU Memory: 0.25GB allocated, 0.85GB reserved
Epoch 289/400 | Train Loss: 0.9433 | Val Loss: 0.8261 | Val Cat Acc: 0.775 | Time: 22.4s
  GPU Memory: 0.25GB allocated, 0.85GB reserved
Epoch 290/400 | Train Loss: 0.9525 | Val Loss: 0.8617 | Val Cat Acc: 0.768 | Time: 21.4s
  GPU Memory: 0.25GB allocated, 0.85GB reserved
Epoch 291/400 | Train Loss: 0.9479 | Val Loss: 0.8599 | Val Cat Acc: 0.779 | Time: 20.1s
  GPU Memory: 0.25GB allocated, 0.82GB reserved
Epoch 292/400 | Train Loss: 0.9666 | Val Loss: 0.8741 | Val Cat Acc: 0.775 | Time: 24.2s
  GPU Memory: 0.25GB allocated, 0.85GB reserved
Epoch 293/400 | Train Loss: 0.9535 | Val Loss: 0.8528 | Val Cat Acc: 0.796 | Time: 26.2s
  GPU Memory: 0.25GB allocated, 0.85GB reserved
Epoch 294/400 | Train Loss: 0.9495 | Val Loss: 0.8531 | Val Cat Acc: 0.806 | Time: 23.9s
  GPU Memory: 0.25GB allocated, 0.85GB reserved
Epoch 295/400 | Train Loss: 0.9560 | Val Loss: 0.8142 | Val Cat Acc: 0.777 | Time: 25.9s
  GPU Memory: 0.25GB allocated, 0.85GB reserved
Epoch 296/400 | Train Loss: 0.9583 | Val Loss: 0.8516 | Val Cat Acc: 0.785 | Time: 23.8s
  GPU Memory: 0.25GB allocated, 0.85GB reserved
Epoch 297/400 | Train Loss: 0.9577 | Val Loss: 0.7977 | Val Cat Acc: 0.791 | Time: 22.2s
  GPU Memory: 0.25GB allocated, 0.85GB reserved

Early stopping triggered after 297 epochs.
Best validation loss: 0.7825

================================================================================
CTC TRAINING COMPLETED!
Best validation loss: 0.7825
Checkpoints saved to: trained_models/transformer/FSL105_ctc
================================================================================


============================================================
Training completed - 2025-10-31 12:54:46
Log saved to: trained_models/transformer/FSL105_ctc/training_20251031_105350.log
============================================================
