============================================================
TRAINING LOG - 2025-10-31 00:38:16
============================================================
Console output will be saved to: trained_models/transformer/FSL105_ctc/training_20251031_003816.log
Metrics CSV will be saved to: trained_models/transformer/FSL105_ctc/training_20251031_003816_metrics.csv

Using device: cuda
CUDA device: NVIDIA GeForce RTX 5070 Ti
CUDA memory: 16.6 GB
CUDA compute capability: 12.0
CUDA multiprocessors: 70
CUDA memory allocated: 0.00 GB
CUDA memory cached: 0.00 GB

============================================================
DATA LOADING
============================================================
✓ Loaded data successfully
  - Dataset type: TRANSFORMER-CTC Keypoints
  - Training folder: data/processed/FSL105_train
  - Validation folder: data/processed/FSL105_val
  - Keypoint key: X
  - Gloss classes: 105
  - Category classes: 10

============================================================
DATASET PREPARATION
============================================================
✓ CTC Mode: blank_id=105, num_ctc_classes=106
✓ Created datasets and data loaders
  - Batch size: 16
  - Training batches: 637
  - Validation batches: 160
  - Data augmentation: Enabled (noise_std=0.004, mask_prob=0.07)
  - Training dataset size: 10192 samples
  - Validation dataset size: 2546 samples
  - Data format: [T, 178] keypoints

============================================================
MODEL SELECTION
============================================================
Available models:
Classification models (isolated signs):
  - transformer: Multi-head attention transformer (keypoints)
  - mediapipe_gru: Lightweight GRU (keypoints, mobile-friendly)
  - iv3_gru: InceptionV3 + GRU hybrid (features, offline baseline)
CTC models (continuous recognition):
  - transformer_ctc: Transformer with CTC (keypoints)
  - mediapipe_gru_ctc: Lightweight GRU with CTC (keypoints)
  - iv3_gru_ctc: InceptionV3 + GRU with CTC (features, offline baseline)
✓ Using SignTransformerCtc model (input_dim=178, num_ctc_classes=106, num_cat=10)

================================================================================
COMPREHENSIVE TRAINING CONFIGURATION
================================================================================
Session Information:
  - Start time: 2025-10-31 00:38:17
  - Working directory: /workspace/fslr-transformer-vs-iv3gru
  - Command: /workspace/fslr-transformer-vs-iv3gru/training/train.py --model transformer_ctc --training-mode ctc --epochs 300 --batch-size 16 --lr 0.0002 --num-gloss 105 --num-cat 10 --alpha 0.8 --beta 0.2 --num-ctc-classes 106 --ctc-blank-id 105 --keypoints-train data/processed/FSL105_train --keypoints-val data/processed/FSL105_val --labels-train-csv data/processed/FSL105_train.csv --labels-val-csv data/processed/FSL105_val.csv --kp-key X --amp --augment --augment-noise-std 0.004 --augment-mask-prob 0.07 --augment-mask-ratio 0.07 --scheduler warmup_cosine --warmup-epochs 40 --early-stop 35 --weight-decay 2.5e-4 --dropout 0.05 --label-smoothing 0.1 --output-dir trained_models/transformer/FSL105_ctc --grad-clip 1.0 --export-mobile --export-output android_artifacts/transformer_FSL105_ctc --window-hint 120 --stride-hint 40

System Information:
  - Platform: Linux-6.8.0-52-generic-x86_64-with-glibc2.39
  - Python version: 3.12.11 | packaged by conda-forge | (main, Jun  4 2025, 14:45:31) [GCC 13.3.0]
  - PyTorch version: 2.9.0+cu128
  - CUDA version: 12.8
  - cuDNN version: 91002
  - NumPy version: 2.2.6

Core Training Parameters:
  - Model: transformer_ctc
  - Epochs: 300
  - Batch size: 16
  - Learning rate: 0.0002
  - Weight decay: 0.00025
  - Gradient clipping: 1.0
  - Loss weights - Alpha: 0.8, Beta: 0.2

Curriculum Training: Disabled

Loss Weighting Parameters:
  - Strategy: static
  - Alpha: 0.8
  - Beta: 0.2

Data Configuration:
  - Gloss classes: 105
  - Category classes: 10
  - Data source: Real data files
  - Training folder: data/processed/FSL105_train
  - Validation folder: data/processed/FSL105_val
  - Keypoint key: X

Training Control:
  - Scheduler: warmup_cosine
  - Scheduler patience: 5
  - Early stopping: 35
  - Resume from: None

Performance Settings:
  - AMP (Mixed Precision): True
  - Model compilation: False
  - Gradient accumulation steps: 1
  - DataLoader workers: 0
  - Auto workers: False
  - Pin memory: False
  - Prefetch factor: None

Reproducibility:
  - Random seed: 42
  - Deterministic mode: False

Output Configuration:
  - Checkpoint directory: trained_models/transformer/FSL105_ctc
  - CSV log file: trained_models/transformer/FSL105_ctc/training_20251031_003816_metrics.csv

Model Information:
  - Model type: SignTransformerCtc
  - Total parameters: 19,067,508
  - Trainable parameters: 19,067,508
  - Model size: 72.7 MB
================================================================================

============================================================
TRAINING START
============================================================
Training mode: CTC (Continuous Sign Language Recognition)

================================================================================
CTC TRAINING CONFIGURATION
================================================================================
Training Mode: Continuous Sign Language Recognition (CTC)
Model: SignTransformerCtc
Blank Token ID: 105
Epochs: 300
Learning Rate: 0.0002
Batch Size: 16
Gradient Accumulation: 1
AMP Enabled: True
================================================================================

✓ Using CTCLoss (blank=105, zero_infinity=True)
✓ Optimizer: Adam (lr=0.0002, weight_decay=0.00025)
✓ AMP enabled: True
✓ Scheduler: WarmupCosineScheduler (warmup=40)
✓ Logging metrics to: trained_models/transformer/FSL105_ctc/training_20251031_003816_metrics.csv

================================================================================
STARTING CTC TRAINING - 300 epochs
================================================================================

Epoch   1/300 | Train Loss: 14.6810 | Val Loss: 4.5822 | Val Cat Acc: 0.208 | Time: 18.6s
  GPU Memory: 0.25GB allocated, 0.49GB reserved
  ✓ New best validation loss: 4.5822
Epoch   2/300 | Train Loss: 4.4829 | Val Loss: 4.3740 | Val Cat Acc: 0.266 | Time: 15.6s
  GPU Memory: 0.25GB allocated, 0.49GB reserved
  ✓ New best validation loss: 4.3740
Epoch   3/300 | Train Loss: 3.9879 | Val Loss: 3.1814 | Val Cat Acc: 0.322 | Time: 15.6s
  GPU Memory: 0.25GB allocated, 0.49GB reserved
  ✓ New best validation loss: 3.1814
Epoch   4/300 | Train Loss: 3.0678 | Val Loss: 2.8086 | Val Cat Acc: 0.356 | Time: 15.6s
  GPU Memory: 0.25GB allocated, 0.49GB reserved
  ✓ New best validation loss: 2.8086
Epoch   5/300 | Train Loss: 2.7739 | Val Loss: 2.6544 | Val Cat Acc: 0.395 | Time: 15.6s
  GPU Memory: 0.25GB allocated, 0.50GB reserved
  ✓ New best validation loss: 2.6544
Epoch   6/300 | Train Loss: 2.6182 | Val Loss: 2.7042 | Val Cat Acc: 0.375 | Time: 15.6s
  GPU Memory: 0.25GB allocated, 0.49GB reserved
Epoch   7/300 | Train Loss: 2.4434 | Val Loss: 2.2994 | Val Cat Acc: 0.419 | Time: 18.3s
  GPU Memory: 0.25GB allocated, 0.49GB reserved
  ✓ New best validation loss: 2.2994
Epoch   8/300 | Train Loss: 2.3052 | Val Loss: 2.1437 | Val Cat Acc: 0.474 | Time: 16.5s
  GPU Memory: 0.25GB allocated, 0.49GB reserved
  ✓ New best validation loss: 2.1437
Epoch   9/300 | Train Loss: 2.1566 | Val Loss: 2.0477 | Val Cat Acc: 0.483 | Time: 18.2s
  GPU Memory: 0.25GB allocated, 0.49GB reserved
  ✓ New best validation loss: 2.0477
Epoch  10/300 | Train Loss: 2.0039 | Val Loss: 1.8817 | Val Cat Acc: 0.484 | Time: 15.8s
  GPU Memory: 0.25GB allocated, 0.49GB reserved
  ✓ New best validation loss: 1.8817
Epoch  11/300 | Train Loss: 1.8766 | Val Loss: 1.7606 | Val Cat Acc: 0.516 | Time: 17.0s
  GPU Memory: 0.25GB allocated, 0.49GB reserved
  ✓ New best validation loss: 1.7606
Epoch  12/300 | Train Loss: 1.7417 | Val Loss: 1.6570 | Val Cat Acc: 0.548 | Time: 15.7s
  GPU Memory: 0.25GB allocated, 0.49GB reserved
  ✓ New best validation loss: 1.6570
Epoch  13/300 | Train Loss: 1.6466 | Val Loss: 1.5869 | Val Cat Acc: 0.560 | Time: 17.0s
  GPU Memory: 0.25GB allocated, 0.49GB reserved
  ✓ New best validation loss: 1.5869
Epoch  14/300 | Train Loss: 1.5490 | Val Loss: 1.4524 | Val Cat Acc: 0.590 | Time: 16.2s
  GPU Memory: 0.25GB allocated, 0.49GB reserved
  ✓ New best validation loss: 1.4524
Epoch  15/300 | Train Loss: 1.4610 | Val Loss: 1.3382 | Val Cat Acc: 0.625 | Time: 15.6s
  GPU Memory: 0.25GB allocated, 0.49GB reserved
  ✓ New best validation loss: 1.3382
Epoch  16/300 | Train Loss: 1.3798 | Val Loss: 1.4453 | Val Cat Acc: 0.615 | Time: 17.0s
  GPU Memory: 0.25GB allocated, 0.49GB reserved
Epoch  17/300 | Train Loss: 1.3224 | Val Loss: 1.3063 | Val Cat Acc: 0.657 | Time: 16.5s
  GPU Memory: 0.25GB allocated, 0.49GB reserved
  ✓ New best validation loss: 1.3063
Epoch  18/300 | Train Loss: 1.2622 | Val Loss: 1.1817 | Val Cat Acc: 0.665 | Time: 16.2s
  GPU Memory: 0.25GB allocated, 0.49GB reserved
  ✓ New best validation loss: 1.1817
Epoch  19/300 | Train Loss: 1.2091 | Val Loss: 1.1889 | Val Cat Acc: 0.684 | Time: 17.6s
  GPU Memory: 0.25GB allocated, 0.49GB reserved
Epoch  20/300 | Train Loss: 1.1735 | Val Loss: 1.1343 | Val Cat Acc: 0.695 | Time: 17.6s
  GPU Memory: 0.25GB allocated, 0.49GB reserved
  ✓ New best validation loss: 1.1343
Epoch  21/300 | Train Loss: 1.1468 | Val Loss: 1.2099 | Val Cat Acc: 0.696 | Time: 16.0s
  GPU Memory: 0.25GB allocated, 0.49GB reserved
Epoch  22/300 | Train Loss: 1.1089 | Val Loss: 1.0970 | Val Cat Acc: 0.705 | Time: 15.6s
  GPU Memory: 0.25GB allocated, 0.49GB reserved
  ✓ New best validation loss: 1.0970
Epoch  23/300 | Train Loss: 1.0845 | Val Loss: 1.2303 | Val Cat Acc: 0.694 | Time: 15.8s
  GPU Memory: 0.25GB allocated, 0.49GB reserved
Epoch  24/300 | Train Loss: 1.0576 | Val Loss: 1.2089 | Val Cat Acc: 0.692 | Time: 18.3s
  GPU Memory: 0.25GB allocated, 0.49GB reserved
Epoch  25/300 | Train Loss: 1.0491 | Val Loss: 0.9975 | Val Cat Acc: 0.744 | Time: 16.5s
  GPU Memory: 0.25GB allocated, 0.49GB reserved
  ✓ New best validation loss: 0.9975
Epoch  26/300 | Train Loss: 1.0179 | Val Loss: 0.9739 | Val Cat Acc: 0.735 | Time: 20.3s
  GPU Memory: 0.25GB allocated, 0.49GB reserved
  ✓ New best validation loss: 0.9739
Epoch  27/300 | Train Loss: 0.9943 | Val Loss: 0.9228 | Val Cat Acc: 0.760 | Time: 18.6s
  GPU Memory: 0.25GB allocated, 0.49GB reserved
  ✓ New best validation loss: 0.9228
Epoch  28/300 | Train Loss: 0.9619 | Val Loss: 0.9466 | Val Cat Acc: 0.776 | Time: 16.7s
  GPU Memory: 0.25GB allocated, 0.49GB reserved
Epoch  29/300 | Train Loss: 0.9436 | Val Loss: 0.9572 | Val Cat Acc: 0.775 | Time: 18.0s
  GPU Memory: 0.25GB allocated, 0.49GB reserved
Epoch  30/300 | Train Loss: 0.9066 | Val Loss: 0.9969 | Val Cat Acc: 0.730 | Time: 16.6s
  GPU Memory: 0.25GB allocated, 0.49GB reserved
Epoch  31/300 | Train Loss: 0.8629 | Val Loss: 0.9021 | Val Cat Acc: 0.783 | Time: 19.6s
  GPU Memory: 0.25GB allocated, 0.49GB reserved
  ✓ New best validation loss: 0.9021
Epoch  32/300 | Train Loss: 0.8334 | Val Loss: 0.7694 | Val Cat Acc: 0.794 | Time: 16.3s
  GPU Memory: 0.25GB allocated, 0.51GB reserved
  ✓ New best validation loss: 0.7694
Epoch  33/300 | Train Loss: 0.8211 | Val Loss: 0.8029 | Val Cat Acc: 0.804 | Time: 16.7s
  GPU Memory: 0.25GB allocated, 0.49GB reserved
Epoch  34/300 | Train Loss: 0.7997 | Val Loss: 0.8964 | Val Cat Acc: 0.802 | Time: 15.9s
  GPU Memory: 0.25GB allocated, 0.49GB reserved
Epoch  35/300 | Train Loss: 0.7622 | Val Loss: 0.7515 | Val Cat Acc: 0.826 | Time: 15.9s
  GPU Memory: 0.25GB allocated, 0.49GB reserved
  ✓ New best validation loss: 0.7515
Epoch  36/300 | Train Loss: 0.7409 | Val Loss: 0.7977 | Val Cat Acc: 0.828 | Time: 15.8s
  GPU Memory: 0.25GB allocated, 0.49GB reserved
Epoch  37/300 | Train Loss: 0.7387 | Val Loss: 0.7060 | Val Cat Acc: 0.839 | Time: 17.5s
  GPU Memory: 0.25GB allocated, 0.49GB reserved
  ✓ New best validation loss: 0.7060
Epoch  38/300 | Train Loss: 0.7148 | Val Loss: 0.7069 | Val Cat Acc: 0.840 | Time: 16.2s
  GPU Memory: 0.25GB allocated, 0.49GB reserved
Epoch  39/300 | Train Loss: 0.7146 | Val Loss: 0.7806 | Val Cat Acc: 0.818 | Time: 15.7s
  GPU Memory: 0.25GB allocated, 0.49GB reserved
Epoch  40/300 | Train Loss: 0.6869 | Val Loss: 0.8677 | Val Cat Acc: 0.791 | Time: 15.7s
  GPU Memory: 0.25GB allocated, 0.49GB reserved
Epoch  41/300 | Train Loss: 0.6861 | Val Loss: 0.6463 | Val Cat Acc: 0.839 | Time: 15.8s
  GPU Memory: 0.25GB allocated, 0.49GB reserved
  ✓ New best validation loss: 0.6463
Epoch  42/300 | Train Loss: 0.6735 | Val Loss: 0.7127 | Val Cat Acc: 0.844 | Time: 16.1s
  GPU Memory: 0.25GB allocated, 0.49GB reserved
Epoch  43/300 | Train Loss: 0.6583 | Val Loss: 0.6291 | Val Cat Acc: 0.864 | Time: 16.7s
  GPU Memory: 0.25GB allocated, 0.49GB reserved
  ✓ New best validation loss: 0.6291
Epoch  44/300 | Train Loss: 0.6314 | Val Loss: 0.5577 | Val Cat Acc: 0.880 | Time: 17.7s
  GPU Memory: 0.25GB allocated, 0.49GB reserved
  ✓ New best validation loss: 0.5577
Epoch  45/300 | Train Loss: 0.6204 | Val Loss: 0.6933 | Val Cat Acc: 0.846 | Time: 16.3s
  GPU Memory: 0.25GB allocated, 0.49GB reserved
Epoch  46/300 | Train Loss: 0.6107 | Val Loss: 0.6688 | Val Cat Acc: 0.858 | Time: 16.6s
  GPU Memory: 0.25GB allocated, 0.49GB reserved
Epoch  47/300 | Train Loss: 0.5952 | Val Loss: 0.5075 | Val Cat Acc: 0.898 | Time: 16.0s
  GPU Memory: 0.25GB allocated, 0.49GB reserved
  ✓ New best validation loss: 0.5075
Epoch  48/300 | Train Loss: 0.5740 | Val Loss: 0.6619 | Val Cat Acc: 0.862 | Time: 15.7s
  GPU Memory: 0.25GB allocated, 0.49GB reserved
Epoch  49/300 | Train Loss: 0.5687 | Val Loss: 0.6567 | Val Cat Acc: 0.877 | Time: 15.8s
  GPU Memory: 0.25GB allocated, 0.49GB reserved
Epoch  50/300 | Train Loss: 0.5530 | Val Loss: 0.5704 | Val Cat Acc: 0.879 | Time: 18.1s
  GPU Memory: 0.25GB allocated, 0.49GB reserved
Epoch  51/300 | Train Loss: 0.5452 | Val Loss: 0.5132 | Val Cat Acc: 0.908 | Time: 16.3s
  GPU Memory: 0.25GB allocated, 0.49GB reserved
Epoch  52/300 | Train Loss: 0.5322 | Val Loss: 0.4741 | Val Cat Acc: 0.903 | Time: 20.3s
  GPU Memory: 0.25GB allocated, 0.49GB reserved
  ✓ New best validation loss: 0.4741
Epoch  53/300 | Train Loss: 0.5166 | Val Loss: 0.5947 | Val Cat Acc: 0.888 | Time: 16.8s
  GPU Memory: 0.25GB allocated, 0.49GB reserved
Epoch  54/300 | Train Loss: 0.4973 | Val Loss: 0.8481 | Val Cat Acc: 0.835 | Time: 17.4s
  GPU Memory: 0.25GB allocated, 0.49GB reserved
Epoch  55/300 | Train Loss: 0.5112 | Val Loss: 0.5635 | Val Cat Acc: 0.894 | Time: 19.2s
  GPU Memory: 0.25GB allocated, 0.49GB reserved
Epoch  56/300 | Train Loss: 0.4946 | Val Loss: 0.4577 | Val Cat Acc: 0.897 | Time: 16.5s
  GPU Memory: 0.25GB allocated, 0.49GB reserved
  ✓ New best validation loss: 0.4577
Epoch  57/300 | Train Loss: 0.4774 | Val Loss: 0.4602 | Val Cat Acc: 0.913 | Time: 15.8s
  GPU Memory: 0.25GB allocated, 0.49GB reserved
Epoch  58/300 | Train Loss: 0.4760 | Val Loss: 0.4718 | Val Cat Acc: 0.904 | Time: 20.1s
  GPU Memory: 0.25GB allocated, 0.49GB reserved
Epoch  59/300 | Train Loss: 0.4754 | Val Loss: 0.4290 | Val Cat Acc: 0.911 | Time: 17.1s
  GPU Memory: 0.25GB allocated, 0.49GB reserved
  ✓ New best validation loss: 0.4290
Epoch  60/300 | Train Loss: 0.4708 | Val Loss: 0.4169 | Val Cat Acc: 0.921 | Time: 16.0s
  GPU Memory: 0.25GB allocated, 0.49GB reserved
  ✓ New best validation loss: 0.4169
Epoch  61/300 | Train Loss: 0.4449 | Val Loss: 0.6860 | Val Cat Acc: 0.882 | Time: 15.7s
  GPU Memory: 0.25GB allocated, 0.49GB reserved
Epoch  62/300 | Train Loss: 0.4491 | Val Loss: 0.4574 | Val Cat Acc: 0.907 | Time: 17.7s
  GPU Memory: 0.25GB allocated, 0.49GB reserved
Epoch  63/300 | Train Loss: 0.4492 | Val Loss: 0.5077 | Val Cat Acc: 0.896 | Time: 16.9s
  GPU Memory: 0.25GB allocated, 0.49GB reserved
Epoch  64/300 | Train Loss: 0.4337 | Val Loss: 0.4344 | Val Cat Acc: 0.919 | Time: 15.8s
  GPU Memory: 0.25GB allocated, 0.49GB reserved
Epoch  65/300 | Train Loss: 0.4344 | Val Loss: 0.3960 | Val Cat Acc: 0.929 | Time: 17.9s
  GPU Memory: 0.25GB allocated, 0.49GB reserved
  ✓ New best validation loss: 0.3960
Epoch  66/300 | Train Loss: 0.4255 | Val Loss: 0.3880 | Val Cat Acc: 0.929 | Time: 16.2s
  GPU Memory: 0.25GB allocated, 0.49GB reserved
  ✓ New best validation loss: 0.3880
Epoch  67/300 | Train Loss: 0.4161 | Val Loss: 0.3765 | Val Cat Acc: 0.935 | Time: 15.7s
  GPU Memory: 0.25GB allocated, 0.49GB reserved
  ✓ New best validation loss: 0.3765
Epoch  68/300 | Train Loss: 0.4145 | Val Loss: 0.3842 | Val Cat Acc: 0.930 | Time: 15.7s
  GPU Memory: 0.25GB allocated, 0.49GB reserved
Epoch  69/300 | Train Loss: 0.4007 | Val Loss: 0.3992 | Val Cat Acc: 0.928 | Time: 16.0s
  GPU Memory: 0.25GB allocated, 0.49GB reserved
Epoch  70/300 | Train Loss: 0.3940 | Val Loss: 0.3969 | Val Cat Acc: 0.925 | Time: 20.1s
  GPU Memory: 0.25GB allocated, 0.49GB reserved
Epoch  71/300 | Train Loss: 0.3838 | Val Loss: 0.3760 | Val Cat Acc: 0.919 | Time: 15.8s
  GPU Memory: 0.25GB allocated, 0.49GB reserved
  ✓ New best validation loss: 0.3760
Epoch  72/300 | Train Loss: 0.3770 | Val Loss: 0.4223 | Val Cat Acc: 0.923 | Time: 17.3s
  GPU Memory: 0.25GB allocated, 0.49GB reserved
Epoch  73/300 | Train Loss: 0.3797 | Val Loss: 0.3460 | Val Cat Acc: 0.938 | Time: 16.9s
  GPU Memory: 0.25GB allocated, 0.49GB reserved
  ✓ New best validation loss: 0.3460
Epoch  74/300 | Train Loss: 0.3766 | Val Loss: 0.4604 | Val Cat Acc: 0.925 | Time: 17.3s
  GPU Memory: 0.25GB allocated, 0.49GB reserved
Epoch  75/300 | Train Loss: 0.3667 | Val Loss: 0.4033 | Val Cat Acc: 0.919 | Time: 15.9s
  GPU Memory: 0.25GB allocated, 0.49GB reserved
Epoch  76/300 | Train Loss: 0.3635 | Val Loss: 0.4372 | Val Cat Acc: 0.924 | Time: 18.7s
  GPU Memory: 0.25GB allocated, 0.49GB reserved
Epoch  77/300 | Train Loss: 0.3543 | Val Loss: 0.3786 | Val Cat Acc: 0.915 | Time: 15.8s
  GPU Memory: 0.25GB allocated, 0.49GB reserved
Epoch  78/300 | Train Loss: 0.3556 | Val Loss: 0.4025 | Val Cat Acc: 0.936 | Time: 17.5s
  GPU Memory: 0.25GB allocated, 0.49GB reserved
Epoch  79/300 | Train Loss: 0.3434 | Val Loss: 0.3995 | Val Cat Acc: 0.941 | Time: 18.2s
  GPU Memory: 0.25GB allocated, 0.49GB reserved
Epoch  80/300 | Train Loss: 0.3453 | Val Loss: 0.4536 | Val Cat Acc: 0.914 | Time: 16.9s
  GPU Memory: 0.25GB allocated, 0.49GB reserved
Epoch  81/300 | Train Loss: 0.3416 | Val Loss: 0.3226 | Val Cat Acc: 0.945 | Time: 17.0s
  GPU Memory: 0.25GB allocated, 0.51GB reserved
  ✓ New best validation loss: 0.3226
Epoch  82/300 | Train Loss: 0.3379 | Val Loss: 0.4272 | Val Cat Acc: 0.925 | Time: 15.7s
  GPU Memory: 0.25GB allocated, 0.49GB reserved
Epoch  83/300 | Train Loss: 0.3262 | Val Loss: 0.3183 | Val Cat Acc: 0.948 | Time: 16.4s
  GPU Memory: 0.25GB allocated, 0.49GB reserved
  ✓ New best validation loss: 0.3183
Epoch  84/300 | Train Loss: 0.3209 | Val Loss: 0.4127 | Val Cat Acc: 0.927 | Time: 19.3s
  GPU Memory: 0.25GB allocated, 0.49GB reserved
Epoch  85/300 | Train Loss: 0.3265 | Val Loss: 0.3046 | Val Cat Acc: 0.953 | Time: 17.1s
  GPU Memory: 0.25GB allocated, 0.49GB reserved
  ✓ New best validation loss: 0.3046
Epoch  86/300 | Train Loss: 0.3370 | Val Loss: 0.3355 | Val Cat Acc: 0.957 | Time: 15.8s
  GPU Memory: 0.25GB allocated, 0.49GB reserved
Epoch  87/300 | Train Loss: 0.3185 | Val Loss: 0.3332 | Val Cat Acc: 0.940 | Time: 15.9s
  GPU Memory: 0.25GB allocated, 0.49GB reserved
Epoch  88/300 | Train Loss: 0.2982 | Val Loss: 0.3002 | Val Cat Acc: 0.947 | Time: 16.3s
  GPU Memory: 0.25GB allocated, 0.49GB reserved
  ✓ New best validation loss: 0.3002
Epoch  89/300 | Train Loss: 0.2941 | Val Loss: 0.2894 | Val Cat Acc: 0.956 | Time: 16.4s
  GPU Memory: 0.25GB allocated, 0.49GB reserved
  ✓ New best validation loss: 0.2894
Epoch  90/300 | Train Loss: 0.3021 | Val Loss: 0.2807 | Val Cat Acc: 0.953 | Time: 16.2s
  GPU Memory: 0.25GB allocated, 0.49GB reserved
  ✓ New best validation loss: 0.2807
Epoch  91/300 | Train Loss: 0.2980 | Val Loss: 0.2872 | Val Cat Acc: 0.956 | Time: 16.0s
  GPU Memory: 0.25GB allocated, 0.49GB reserved
Epoch  92/300 | Train Loss: 0.2887 | Val Loss: 0.3441 | Val Cat Acc: 0.944 | Time: 15.8s
  GPU Memory: 0.25GB allocated, 0.49GB reserved
Epoch  93/300 | Train Loss: 0.2853 | Val Loss: 0.3505 | Val Cat Acc: 0.941 | Time: 17.2s
  GPU Memory: 0.25GB allocated, 0.49GB reserved
Epoch  94/300 | Train Loss: 0.2840 | Val Loss: 0.2982 | Val Cat Acc: 0.949 | Time: 17.0s
  GPU Memory: 0.25GB allocated, 0.49GB reserved
Epoch  95/300 | Train Loss: 0.2750 | Val Loss: 0.2821 | Val Cat Acc: 0.956 | Time: 17.9s
  GPU Memory: 0.25GB allocated, 0.49GB reserved
Epoch  96/300 | Train Loss: 0.2736 | Val Loss: 0.3924 | Val Cat Acc: 0.947 | Time: 15.7s
  GPU Memory: 0.25GB allocated, 0.49GB reserved
Epoch  97/300 | Train Loss: 0.2686 | Val Loss: 0.2322 | Val Cat Acc: 0.970 | Time: 17.5s
  GPU Memory: 0.25GB allocated, 0.51GB reserved
  ✓ New best validation loss: 0.2322
Epoch  98/300 | Train Loss: 0.2520 | Val Loss: 0.2721 | Val Cat Acc: 0.957 | Time: 16.5s
  GPU Memory: 0.25GB allocated, 0.49GB reserved
Epoch  99/300 | Train Loss: 0.2504 | Val Loss: 0.4006 | Val Cat Acc: 0.938 | Time: 16.3s
  GPU Memory: 0.25GB allocated, 0.49GB reserved
Epoch 100/300 | Train Loss: 0.2558 | Val Loss: 0.4043 | Val Cat Acc: 0.941 | Time: 15.7s
  GPU Memory: 0.25GB allocated, 0.49GB reserved
Epoch 101/300 | Train Loss: 0.2434 | Val Loss: 0.2829 | Val Cat Acc: 0.949 | Time: 16.1s
  GPU Memory: 0.25GB allocated, 0.49GB reserved
Epoch 102/300 | Train Loss: 0.2517 | Val Loss: 0.3148 | Val Cat Acc: 0.951 | Time: 16.4s
  GPU Memory: 0.25GB allocated, 0.49GB reserved
Epoch 103/300 | Train Loss: 0.2443 | Val Loss: 0.2653 | Val Cat Acc: 0.955 | Time: 16.4s
  GPU Memory: 0.25GB allocated, 0.49GB reserved
Epoch 104/300 | Train Loss: 0.2408 | Val Loss: 0.2730 | Val Cat Acc: 0.959 | Time: 19.0s
  GPU Memory: 0.25GB allocated, 0.49GB reserved
Epoch 105/300 | Train Loss: 0.2283 | Val Loss: 0.2907 | Val Cat Acc: 0.956 | Time: 17.5s
  GPU Memory: 0.25GB allocated, 0.49GB reserved
Epoch 106/300 | Train Loss: 0.2260 | Val Loss: 0.2259 | Val Cat Acc: 0.962 | Time: 16.0s
  GPU Memory: 0.25GB allocated, 0.49GB reserved
  ✓ New best validation loss: 0.2259
Epoch 107/300 | Train Loss: 0.2209 | Val Loss: 0.2599 | Val Cat Acc: 0.956 | Time: 15.7s
  GPU Memory: 0.25GB allocated, 0.49GB reserved
Epoch 108/300 | Train Loss: 0.2190 | Val Loss: 0.2392 | Val Cat Acc: 0.968 | Time: 16.9s
  GPU Memory: 0.25GB allocated, 0.49GB reserved
Epoch 109/300 | Train Loss: 0.2269 | Val Loss: 0.3023 | Val Cat Acc: 0.939 | Time: 18.1s
  GPU Memory: 0.25GB allocated, 0.49GB reserved
Epoch 110/300 | Train Loss: 0.2198 | Val Loss: 0.2537 | Val Cat Acc: 0.961 | Time: 17.5s
  GPU Memory: 0.25GB allocated, 0.49GB reserved
Epoch 111/300 | Train Loss: 0.2160 | Val Loss: 0.2398 | Val Cat Acc: 0.958 | Time: 15.7s
  GPU Memory: 0.25GB allocated, 0.49GB reserved
Epoch 112/300 | Train Loss: 0.2075 | Val Loss: 0.2452 | Val Cat Acc: 0.962 | Time: 15.7s
  GPU Memory: 0.25GB allocated, 0.49GB reserved
Epoch 113/300 | Train Loss: 0.1991 | Val Loss: 0.2032 | Val Cat Acc: 0.974 | Time: 15.9s
  GPU Memory: 0.25GB allocated, 0.49GB reserved
  ✓ New best validation loss: 0.2032
Epoch 114/300 | Train Loss: 0.2091 | Val Loss: 0.3306 | Val Cat Acc: 0.942 | Time: 16.6s
  GPU Memory: 0.25GB allocated, 0.49GB reserved
Epoch 115/300 | Train Loss: 0.2003 | Val Loss: 0.2243 | Val Cat Acc: 0.967 | Time: 16.2s
  GPU Memory: 0.25GB allocated, 0.49GB reserved
Epoch 116/300 | Train Loss: 0.1996 | Val Loss: 0.2338 | Val Cat Acc: 0.969 | Time: 15.9s
  GPU Memory: 0.25GB allocated, 0.49GB reserved
Epoch 117/300 | Train Loss: 0.1956 | Val Loss: 0.2459 | Val Cat Acc: 0.962 | Time: 15.8s
  GPU Memory: 0.25GB allocated, 0.49GB reserved
Epoch 118/300 | Train Loss: 0.1901 | Val Loss: 0.2548 | Val Cat Acc: 0.956 | Time: 17.8s
  GPU Memory: 0.25GB allocated, 0.49GB reserved
Epoch 119/300 | Train Loss: 0.1902 | Val Loss: 0.2745 | Val Cat Acc: 0.952 | Time: 18.3s
  GPU Memory: 0.25GB allocated, 0.49GB reserved
Epoch 120/300 | Train Loss: 0.1838 | Val Loss: 0.2566 | Val Cat Acc: 0.955 | Time: 15.7s
  GPU Memory: 0.25GB allocated, 0.49GB reserved
Epoch 121/300 | Train Loss: 0.1767 | Val Loss: 0.2476 | Val Cat Acc: 0.968 | Time: 15.9s
  GPU Memory: 0.25GB allocated, 0.49GB reserved
Epoch 122/300 | Train Loss: 0.1753 | Val Loss: 0.2064 | Val Cat Acc: 0.969 | Time: 15.7s
  GPU Memory: 0.25GB allocated, 0.49GB reserved
Epoch 123/300 | Train Loss: 0.1814 | Val Loss: 0.2349 | Val Cat Acc: 0.960 | Time: 15.7s
  GPU Memory: 0.25GB allocated, 0.49GB reserved
Epoch 124/300 | Train Loss: 0.1806 | Val Loss: 0.2136 | Val Cat Acc: 0.969 | Time: 15.7s
  GPU Memory: 0.25GB allocated, 0.49GB reserved
Epoch 125/300 | Train Loss: 0.1780 | Val Loss: 0.2337 | Val Cat Acc: 0.961 | Time: 15.7s
  GPU Memory: 0.25GB allocated, 0.49GB reserved
Epoch 126/300 | Train Loss: 0.1666 | Val Loss: 0.1934 | Val Cat Acc: 0.975 | Time: 15.8s
  GPU Memory: 0.25GB allocated, 0.49GB reserved
  ✓ New best validation loss: 0.1934
Epoch 127/300 | Train Loss: 0.1702 | Val Loss: 0.2054 | Val Cat Acc: 0.976 | Time: 18.4s
  GPU Memory: 0.25GB allocated, 0.49GB reserved
Epoch 128/300 | Train Loss: 0.1588 | Val Loss: 0.2326 | Val Cat Acc: 0.967 | Time: 16.0s
  GPU Memory: 0.25GB allocated, 0.49GB reserved
Epoch 129/300 | Train Loss: 0.1603 | Val Loss: 0.1845 | Val Cat Acc: 0.978 | Time: 15.9s
  GPU Memory: 0.25GB allocated, 0.49GB reserved
  ✓ New best validation loss: 0.1845
Epoch 130/300 | Train Loss: 0.1557 | Val Loss: 0.2122 | Val Cat Acc: 0.970 | Time: 15.7s
  GPU Memory: 0.25GB allocated, 0.49GB reserved
Epoch 131/300 | Train Loss: 0.1434 | Val Loss: 0.1865 | Val Cat Acc: 0.967 | Time: 16.8s
  GPU Memory: 0.25GB allocated, 0.49GB reserved
Epoch 132/300 | Train Loss: 0.1403 | Val Loss: 0.1903 | Val Cat Acc: 0.970 | Time: 16.3s
  GPU Memory: 0.25GB allocated, 0.49GB reserved
Epoch 133/300 | Train Loss: 0.1472 | Val Loss: 0.2161 | Val Cat Acc: 0.968 | Time: 15.9s
  GPU Memory: 0.25GB allocated, 0.49GB reserved
Epoch 134/300 | Train Loss: 0.1470 | Val Loss: 0.1817 | Val Cat Acc: 0.975 | Time: 15.7s
  GPU Memory: 0.25GB allocated, 0.49GB reserved
  ✓ New best validation loss: 0.1817
Epoch 135/300 | Train Loss: 0.1431 | Val Loss: 0.1686 | Val Cat Acc: 0.974 | Time: 17.9s
  GPU Memory: 0.25GB allocated, 0.49GB reserved
  ✓ New best validation loss: 0.1686
Epoch 136/300 | Train Loss: 0.1371 | Val Loss: 0.1571 | Val Cat Acc: 0.974 | Time: 15.7s
  GPU Memory: 0.25GB allocated, 0.49GB reserved
  ✓ New best validation loss: 0.1571
Epoch 137/300 | Train Loss: 0.1301 | Val Loss: 0.2142 | Val Cat Acc: 0.962 | Time: 15.9s
  GPU Memory: 0.25GB allocated, 0.49GB reserved
Epoch 138/300 | Train Loss: 0.1307 | Val Loss: 0.1676 | Val Cat Acc: 0.971 | Time: 17.0s
  GPU Memory: 0.25GB allocated, 0.49GB reserved
Epoch 139/300 | Train Loss: 0.1284 | Val Loss: 0.2146 | Val Cat Acc: 0.967 | Time: 15.7s
  GPU Memory: 0.25GB allocated, 0.49GB reserved
Epoch 140/300 | Train Loss: 0.1304 | Val Loss: 0.1541 | Val Cat Acc: 0.982 | Time: 15.7s
  GPU Memory: 0.25GB allocated, 0.49GB reserved
  ✓ New best validation loss: 0.1541
Epoch 141/300 | Train Loss: 0.1299 | Val Loss: 0.1836 | Val Cat Acc: 0.969 | Time: 15.7s
  GPU Memory: 0.25GB allocated, 0.49GB reserved
Epoch 142/300 | Train Loss: 0.1222 | Val Loss: 0.1965 | Val Cat Acc: 0.968 | Time: 18.6s
  GPU Memory: 0.25GB allocated, 0.49GB reserved
Epoch 143/300 | Train Loss: 0.1235 | Val Loss: 0.1882 | Val Cat Acc: 0.971 | Time: 15.9s
  GPU Memory: 0.25GB allocated, 0.49GB reserved
Epoch 144/300 | Train Loss: 0.1216 | Val Loss: 0.1858 | Val Cat Acc: 0.971 | Time: 17.8s
  GPU Memory: 0.25GB allocated, 0.49GB reserved
Epoch 145/300 | Train Loss: 0.1198 | Val Loss: 0.1619 | Val Cat Acc: 0.978 | Time: 19.0s
  GPU Memory: 0.25GB allocated, 0.49GB reserved
Epoch 146/300 | Train Loss: 0.1133 | Val Loss: 0.1729 | Val Cat Acc: 0.973 | Time: 16.0s
  GPU Memory: 0.25GB allocated, 0.49GB reserved
Epoch 147/300 | Train Loss: 0.1155 | Val Loss: 0.1776 | Val Cat Acc: 0.976 | Time: 16.4s
  GPU Memory: 0.25GB allocated, 0.49GB reserved
Epoch 148/300 | Train Loss: 0.1147 | Val Loss: 0.1665 | Val Cat Acc: 0.975 | Time: 16.9s
  GPU Memory: 0.25GB allocated, 0.49GB reserved
Epoch 149/300 | Train Loss: 0.1079 | Val Loss: 0.1972 | Val Cat Acc: 0.976 | Time: 15.8s
  GPU Memory: 0.25GB allocated, 0.49GB reserved
Epoch 150/300 | Train Loss: 0.1129 | Val Loss: 0.1831 | Val Cat Acc: 0.971 | Time: 16.4s
  GPU Memory: 0.25GB allocated, 0.49GB reserved
Epoch 151/300 | Train Loss: 0.1045 | Val Loss: 0.1480 | Val Cat Acc: 0.980 | Time: 16.8s
  GPU Memory: 0.25GB allocated, 0.49GB reserved
  ✓ New best validation loss: 0.1480
Epoch 152/300 | Train Loss: 0.1043 | Val Loss: 0.1969 | Val Cat Acc: 0.971 | Time: 17.2s
  GPU Memory: 0.25GB allocated, 0.49GB reserved
Epoch 153/300 | Train Loss: 0.1046 | Val Loss: 0.1727 | Val Cat Acc: 0.981 | Time: 16.6s
  GPU Memory: 0.25GB allocated, 0.49GB reserved
Epoch 154/300 | Train Loss: 0.0985 | Val Loss: 0.1640 | Val Cat Acc: 0.974 | Time: 16.0s
  GPU Memory: 0.25GB allocated, 0.49GB reserved
Epoch 155/300 | Train Loss: 0.0996 | Val Loss: 0.1594 | Val Cat Acc: 0.978 | Time: 15.9s
  GPU Memory: 0.25GB allocated, 0.49GB reserved
Epoch 156/300 | Train Loss: 0.0978 | Val Loss: 0.1781 | Val Cat Acc: 0.971 | Time: 16.1s
  GPU Memory: 0.25GB allocated, 0.49GB reserved
Epoch 157/300 | Train Loss: 0.0897 | Val Loss: 0.1759 | Val Cat Acc: 0.979 | Time: 17.2s
  GPU Memory: 0.25GB allocated, 0.49GB reserved
Epoch 158/300 | Train Loss: 0.0953 | Val Loss: 0.1919 | Val Cat Acc: 0.971 | Time: 15.7s
  GPU Memory: 0.25GB allocated, 0.49GB reserved
Epoch 159/300 | Train Loss: 0.0906 | Val Loss: 0.1681 | Val Cat Acc: 0.974 | Time: 17.0s
  GPU Memory: 0.25GB allocated, 0.49GB reserved
Epoch 160/300 | Train Loss: 0.0879 | Val Loss: 0.1983 | Val Cat Acc: 0.973 | Time: 15.8s
  GPU Memory: 0.25GB allocated, 0.49GB reserved
Epoch 161/300 | Train Loss: 0.0881 | Val Loss: 0.1267 | Val Cat Acc: 0.983 | Time: 15.7s
  GPU Memory: 0.25GB allocated, 0.49GB reserved
  ✓ New best validation loss: 0.1267
Epoch 162/300 | Train Loss: 0.0865 | Val Loss: 0.1591 | Val Cat Acc: 0.979 | Time: 15.8s
  GPU Memory: 0.25GB allocated, 0.49GB reserved
Epoch 163/300 | Train Loss: 0.0814 | Val Loss: 0.1710 | Val Cat Acc: 0.974 | Time: 17.2s
  GPU Memory: 0.25GB allocated, 0.49GB reserved
Epoch 164/300 | Train Loss: 0.0811 | Val Loss: 0.1446 | Val Cat Acc: 0.980 | Time: 17.1s
  GPU Memory: 0.25GB allocated, 0.49GB reserved
Epoch 165/300 | Train Loss: 0.0784 | Val Loss: 0.1493 | Val Cat Acc: 0.976 | Time: 15.7s
  GPU Memory: 0.25GB allocated, 0.49GB reserved
Epoch 166/300 | Train Loss: 0.0829 | Val Loss: 0.1657 | Val Cat Acc: 0.979 | Time: 15.7s
  GPU Memory: 0.25GB allocated, 0.49GB reserved
Epoch 167/300 | Train Loss: 0.0832 | Val Loss: 0.1451 | Val Cat Acc: 0.978 | Time: 18.7s
  GPU Memory: 0.25GB allocated, 0.49GB reserved
Epoch 168/300 | Train Loss: 0.0755 | Val Loss: 0.1534 | Val Cat Acc: 0.977 | Time: 18.7s
  GPU Memory: 0.25GB allocated, 0.49GB reserved
Epoch 169/300 | Train Loss: 0.0719 | Val Loss: 0.1286 | Val Cat Acc: 0.984 | Time: 17.0s
  GPU Memory: 0.25GB allocated, 0.49GB reserved
Epoch 170/300 | Train Loss: 0.0700 | Val Loss: 0.1266 | Val Cat Acc: 0.984 | Time: 15.7s
  GPU Memory: 0.25GB allocated, 0.49GB reserved
  ✓ New best validation loss: 0.1266
Epoch 171/300 | Train Loss: 0.0679 | Val Loss: 0.1315 | Val Cat Acc: 0.979 | Time: 20.0s
  GPU Memory: 0.25GB allocated, 0.49GB reserved
Epoch 172/300 | Train Loss: 0.0716 | Val Loss: 0.1408 | Val Cat Acc: 0.983 | Time: 17.4s
  GPU Memory: 0.25GB allocated, 0.49GB reserved
Epoch 173/300 | Train Loss: 0.0654 | Val Loss: 0.1380 | Val Cat Acc: 0.982 | Time: 15.8s
  GPU Memory: 0.25GB allocated, 0.49GB reserved
Epoch 174/300 | Train Loss: 0.0625 | Val Loss: 0.1511 | Val Cat Acc: 0.980 | Time: 16.3s
  GPU Memory: 0.25GB allocated, 0.49GB reserved
Epoch 175/300 | Train Loss: 0.0650 | Val Loss: 0.1371 | Val Cat Acc: 0.983 | Time: 15.8s
  GPU Memory: 0.25GB allocated, 0.49GB reserved
Epoch 176/300 | Train Loss: 0.0650 | Val Loss: 0.1464 | Val Cat Acc: 0.981 | Time: 16.4s
  GPU Memory: 0.25GB allocated, 0.49GB reserved
Epoch 177/300 | Train Loss: 0.0593 | Val Loss: 0.1439 | Val Cat Acc: 0.982 | Time: 15.9s
  GPU Memory: 0.25GB allocated, 0.49GB reserved
Epoch 178/300 | Train Loss: 0.0604 | Val Loss: 0.1676 | Val Cat Acc: 0.976 | Time: 16.2s
  GPU Memory: 0.25GB allocated, 0.49GB reserved
Epoch 179/300 | Train Loss: 0.0566 | Val Loss: 0.1241 | Val Cat Acc: 0.982 | Time: 16.6s
  GPU Memory: 0.25GB allocated, 0.49GB reserved
  ✓ New best validation loss: 0.1241
Epoch 180/300 | Train Loss: 0.0532 | Val Loss: 0.1637 | Val Cat Acc: 0.978 | Time: 20.5s
  GPU Memory: 0.25GB allocated, 0.49GB reserved
Epoch 181/300 | Train Loss: 0.0565 | Val Loss: 0.1547 | Val Cat Acc: 0.976 | Time: 19.7s
  GPU Memory: 0.25GB allocated, 0.49GB reserved
Epoch 182/300 | Train Loss: 0.0550 | Val Loss: 0.1335 | Val Cat Acc: 0.981 | Time: 17.4s
  GPU Memory: 0.25GB allocated, 0.49GB reserved
Epoch 183/300 | Train Loss: 0.0509 | Val Loss: 0.1354 | Val Cat Acc: 0.983 | Time: 17.4s
  GPU Memory: 0.25GB allocated, 0.49GB reserved
Epoch 184/300 | Train Loss: 0.0507 | Val Loss: 0.1197 | Val Cat Acc: 0.982 | Time: 16.2s
  GPU Memory: 0.25GB allocated, 0.49GB reserved
  ✓ New best validation loss: 0.1197
Epoch 185/300 | Train Loss: 0.0508 | Val Loss: 0.1195 | Val Cat Acc: 0.985 | Time: 16.4s
  GPU Memory: 0.25GB allocated, 0.49GB reserved
  ✓ New best validation loss: 0.1195
Epoch 186/300 | Train Loss: 0.0496 | Val Loss: 0.1276 | Val Cat Acc: 0.983 | Time: 16.7s
  GPU Memory: 0.25GB allocated, 0.49GB reserved
Epoch 187/300 | Train Loss: 0.0456 | Val Loss: 0.1282 | Val Cat Acc: 0.980 | Time: 16.9s
  GPU Memory: 0.25GB allocated, 0.49GB reserved
Epoch 188/300 | Train Loss: 0.0429 | Val Loss: 0.1278 | Val Cat Acc: 0.982 | Time: 17.0s
  GPU Memory: 0.25GB allocated, 0.49GB reserved
Epoch 189/300 | Train Loss: 0.0441 | Val Loss: 0.1101 | Val Cat Acc: 0.984 | Time: 17.0s
  GPU Memory: 0.25GB allocated, 0.49GB reserved
  ✓ New best validation loss: 0.1101
Epoch 190/300 | Train Loss: 0.0440 | Val Loss: 0.1314 | Val Cat Acc: 0.985 | Time: 16.5s
  GPU Memory: 0.25GB allocated, 0.49GB reserved
Epoch 191/300 | Train Loss: 0.0426 | Val Loss: 0.1382 | Val Cat Acc: 0.975 | Time: 16.3s
  GPU Memory: 0.25GB allocated, 0.49GB reserved
Epoch 192/300 | Train Loss: 0.0404 | Val Loss: 0.1235 | Val Cat Acc: 0.985 | Time: 17.5s
  GPU Memory: 0.25GB allocated, 0.49GB reserved
Epoch 193/300 | Train Loss: 0.0396 | Val Loss: 0.1254 | Val Cat Acc: 0.986 | Time: 15.9s
  GPU Memory: 0.25GB allocated, 0.49GB reserved
Epoch 194/300 | Train Loss: 0.0365 | Val Loss: 0.1414 | Val Cat Acc: 0.978 | Time: 17.1s
  GPU Memory: 0.25GB allocated, 0.49GB reserved
Epoch 195/300 | Train Loss: 0.0416 | Val Loss: 0.1507 | Val Cat Acc: 0.983 | Time: 18.5s
  GPU Memory: 0.25GB allocated, 0.49GB reserved
Epoch 196/300 | Train Loss: 0.0354 | Val Loss: 0.1000 | Val Cat Acc: 0.988 | Time: 17.7s
  GPU Memory: 0.25GB allocated, 0.49GB reserved
  ✓ New best validation loss: 0.1000
Epoch 197/300 | Train Loss: 0.0375 | Val Loss: 0.1429 | Val Cat Acc: 0.984 | Time: 16.1s
  GPU Memory: 0.25GB allocated, 0.49GB reserved
Epoch 198/300 | Train Loss: 0.0362 | Val Loss: 0.1145 | Val Cat Acc: 0.985 | Time: 16.1s
  GPU Memory: 0.25GB allocated, 0.49GB reserved
Epoch 199/300 | Train Loss: 0.0322 | Val Loss: 0.1062 | Val Cat Acc: 0.986 | Time: 16.4s
  GPU Memory: 0.25GB allocated, 0.49GB reserved
Epoch 200/300 | Train Loss: 0.0314 | Val Loss: 0.1210 | Val Cat Acc: 0.987 | Time: 17.5s
  GPU Memory: 0.25GB allocated, 0.49GB reserved
Epoch 201/300 | Train Loss: 0.0282 | Val Loss: 0.1117 | Val Cat Acc: 0.988 | Time: 15.7s
  GPU Memory: 0.25GB allocated, 0.49GB reserved
Epoch 202/300 | Train Loss: 0.0314 | Val Loss: 0.1099 | Val Cat Acc: 0.985 | Time: 16.0s
  GPU Memory: 0.25GB allocated, 0.49GB reserved
Epoch 203/300 | Train Loss: 0.0304 | Val Loss: 0.1223 | Val Cat Acc: 0.981 | Time: 15.8s
  GPU Memory: 0.25GB allocated, 0.49GB reserved
Epoch 204/300 | Train Loss: 0.0270 | Val Loss: 0.1110 | Val Cat Acc: 0.986 | Time: 15.7s
  GPU Memory: 0.25GB allocated, 0.49GB reserved
Epoch 205/300 | Train Loss: 0.0259 | Val Loss: 0.1055 | Val Cat Acc: 0.987 | Time: 16.0s
  GPU Memory: 0.25GB allocated, 0.49GB reserved
Epoch 206/300 | Train Loss: 0.0266 | Val Loss: 0.0995 | Val Cat Acc: 0.989 | Time: 15.7s
  GPU Memory: 0.25GB allocated, 0.49GB reserved
  ✓ New best validation loss: 0.0995
Epoch 207/300 | Train Loss: 0.0271 | Val Loss: 0.1049 | Val Cat Acc: 0.989 | Time: 17.1s
  GPU Memory: 0.25GB allocated, 0.49GB reserved
Epoch 208/300 | Train Loss: 0.0260 | Val Loss: 0.0964 | Val Cat Acc: 0.988 | Time: 15.8s
  GPU Memory: 0.25GB allocated, 0.49GB reserved
  ✓ New best validation loss: 0.0964
Epoch 209/300 | Train Loss: 0.0268 | Val Loss: 0.1059 | Val Cat Acc: 0.987 | Time: 16.0s
  GPU Memory: 0.25GB allocated, 0.49GB reserved
Epoch 210/300 | Train Loss: 0.0250 | Val Loss: 0.1020 | Val Cat Acc: 0.986 | Time: 16.3s
  GPU Memory: 0.25GB allocated, 0.49GB reserved
Epoch 211/300 | Train Loss: 0.0236 | Val Loss: 0.1196 | Val Cat Acc: 0.982 | Time: 16.8s
  GPU Memory: 0.25GB allocated, 0.49GB reserved
Epoch 212/300 | Train Loss: 0.0234 | Val Loss: 0.1164 | Val Cat Acc: 0.986 | Time: 15.7s
  GPU Memory: 0.25GB allocated, 0.49GB reserved
Epoch 213/300 | Train Loss: 0.0216 | Val Loss: 0.0901 | Val Cat Acc: 0.992 | Time: 15.7s
  GPU Memory: 0.25GB allocated, 0.49GB reserved
  ✓ New best validation loss: 0.0901
Epoch 214/300 | Train Loss: 0.0232 | Val Loss: 0.1075 | Val Cat Acc: 0.987 | Time: 15.7s
  GPU Memory: 0.25GB allocated, 0.49GB reserved
Epoch 215/300 | Train Loss: 0.0224 | Val Loss: 0.1242 | Val Cat Acc: 0.985 | Time: 15.8s
  GPU Memory: 0.25GB allocated, 0.49GB reserved
Epoch 216/300 | Train Loss: 0.0193 | Val Loss: 0.1015 | Val Cat Acc: 0.989 | Time: 19.1s
  GPU Memory: 0.25GB allocated, 0.49GB reserved
Epoch 217/300 | Train Loss: 0.0219 | Val Loss: 0.0887 | Val Cat Acc: 0.990 | Time: 16.0s
  GPU Memory: 0.25GB allocated, 0.51GB reserved
  ✓ New best validation loss: 0.0887
Epoch 218/300 | Train Loss: 0.0201 | Val Loss: 0.0953 | Val Cat Acc: 0.989 | Time: 15.7s
  GPU Memory: 0.25GB allocated, 0.49GB reserved
Epoch 219/300 | Train Loss: 0.0175 | Val Loss: 0.0985 | Val Cat Acc: 0.985 | Time: 17.6s
  GPU Memory: 0.25GB allocated, 0.49GB reserved
Epoch 220/300 | Train Loss: 0.0167 | Val Loss: 0.1075 | Val Cat Acc: 0.987 | Time: 15.7s
  GPU Memory: 0.25GB allocated, 0.49GB reserved
Epoch 221/300 | Train Loss: 0.0195 | Val Loss: 0.0949 | Val Cat Acc: 0.991 | Time: 16.4s
  GPU Memory: 0.25GB allocated, 0.49GB reserved
Epoch 222/300 | Train Loss: 0.0170 | Val Loss: 0.1035 | Val Cat Acc: 0.987 | Time: 15.7s
  GPU Memory: 0.25GB allocated, 0.49GB reserved
Epoch 223/300 | Train Loss: 0.0176 | Val Loss: 0.1048 | Val Cat Acc: 0.989 | Time: 18.9s
  GPU Memory: 0.25GB allocated, 0.49GB reserved
Epoch 224/300 | Train Loss: 0.0158 | Val Loss: 0.1029 | Val Cat Acc: 0.990 | Time: 15.8s
  GPU Memory: 0.25GB allocated, 0.49GB reserved
Epoch 225/300 | Train Loss: 0.0157 | Val Loss: 0.0944 | Val Cat Acc: 0.990 | Time: 17.0s
  GPU Memory: 0.25GB allocated, 0.49GB reserved
Epoch 226/300 | Train Loss: 0.0166 | Val Loss: 0.0909 | Val Cat Acc: 0.989 | Time: 18.9s
  GPU Memory: 0.25GB allocated, 0.49GB reserved
Epoch 227/300 | Train Loss: 0.0147 | Val Loss: 0.1017 | Val Cat Acc: 0.990 | Time: 16.1s
  GPU Memory: 0.25GB allocated, 0.49GB reserved
Epoch 228/300 | Train Loss: 0.0120 | Val Loss: 0.1186 | Val Cat Acc: 0.986 | Time: 15.9s
  GPU Memory: 0.25GB allocated, 0.49GB reserved
Epoch 229/300 | Train Loss: 0.0131 | Val Loss: 0.0979 | Val Cat Acc: 0.991 | Time: 15.7s
  GPU Memory: 0.25GB allocated, 0.49GB reserved
Epoch 230/300 | Train Loss: 0.0135 | Val Loss: 0.0825 | Val Cat Acc: 0.991 | Time: 15.7s
  GPU Memory: 0.25GB allocated, 0.49GB reserved
  ✓ New best validation loss: 0.0825
Epoch 231/300 | Train Loss: 0.0144 | Val Loss: 0.0934 | Val Cat Acc: 0.991 | Time: 15.7s
  GPU Memory: 0.25GB allocated, 0.49GB reserved
Epoch 232/300 | Train Loss: 0.0151 | Val Loss: 0.0922 | Val Cat Acc: 0.990 | Time: 15.7s
  GPU Memory: 0.25GB allocated, 0.49GB reserved
Epoch 233/300 | Train Loss: 0.0117 | Val Loss: 0.0901 | Val Cat Acc: 0.989 | Time: 15.8s
  GPU Memory: 0.25GB allocated, 0.49GB reserved
Epoch 234/300 | Train Loss: 0.0137 | Val Loss: 0.0933 | Val Cat Acc: 0.991 | Time: 16.7s
  GPU Memory: 0.25GB allocated, 0.49GB reserved
Epoch 235/300 | Train Loss: 0.0106 | Val Loss: 0.0911 | Val Cat Acc: 0.992 | Time: 15.8s
  GPU Memory: 0.25GB allocated, 0.49GB reserved
Epoch 236/300 | Train Loss: 0.0129 | Val Loss: 0.0872 | Val Cat Acc: 0.990 | Time: 16.8s
  GPU Memory: 0.25GB allocated, 0.49GB reserved
Epoch 237/300 | Train Loss: 0.0105 | Val Loss: 0.0917 | Val Cat Acc: 0.991 | Time: 16.7s
  GPU Memory: 0.25GB allocated, 0.49GB reserved
Epoch 238/300 | Train Loss: 0.0109 | Val Loss: 0.0827 | Val Cat Acc: 0.993 | Time: 16.3s
  GPU Memory: 0.25GB allocated, 0.49GB reserved
Epoch 239/300 | Train Loss: 0.0110 | Val Loss: 0.0787 | Val Cat Acc: 0.992 | Time: 17.1s
  GPU Memory: 0.25GB allocated, 0.49GB reserved
  ✓ New best validation loss: 0.0787
Epoch 240/300 | Train Loss: 0.0119 | Val Loss: 0.0841 | Val Cat Acc: 0.993 | Time: 16.2s
  GPU Memory: 0.25GB allocated, 0.49GB reserved
Epoch 241/300 | Train Loss: 0.0082 | Val Loss: 0.0841 | Val Cat Acc: 0.993 | Time: 17.1s
  GPU Memory: 0.25GB allocated, 0.49GB reserved
Epoch 242/300 | Train Loss: 0.0117 | Val Loss: 0.0902 | Val Cat Acc: 0.990 | Time: 15.7s
  GPU Memory: 0.25GB allocated, 0.49GB reserved
Epoch 243/300 | Train Loss: 0.0115 | Val Loss: 0.0942 | Val Cat Acc: 0.989 | Time: 15.7s
  GPU Memory: 0.25GB allocated, 0.49GB reserved
Epoch 244/300 | Train Loss: 0.0106 | Val Loss: 0.0887 | Val Cat Acc: 0.990 | Time: 15.8s
  GPU Memory: 0.25GB allocated, 0.49GB reserved
Epoch 245/300 | Train Loss: 0.0101 | Val Loss: 0.0940 | Val Cat Acc: 0.990 | Time: 16.3s
  GPU Memory: 0.25GB allocated, 0.49GB reserved
Epoch 246/300 | Train Loss: 0.0083 | Val Loss: 0.0840 | Val Cat Acc: 0.991 | Time: 17.1s
  GPU Memory: 0.25GB allocated, 0.49GB reserved
Epoch 247/300 | Train Loss: 0.0086 | Val Loss: 0.0878 | Val Cat Acc: 0.990 | Time: 17.4s
  GPU Memory: 0.25GB allocated, 0.49GB reserved
Epoch 248/300 | Train Loss: 0.0081 | Val Loss: 0.0842 | Val Cat Acc: 0.992 | Time: 16.0s
  GPU Memory: 0.25GB allocated, 0.49GB reserved
Epoch 249/300 | Train Loss: 0.0070 | Val Loss: 0.0854 | Val Cat Acc: 0.991 | Time: 17.7s
  GPU Memory: 0.25GB allocated, 0.49GB reserved
Epoch 250/300 | Train Loss: 0.0080 | Val Loss: 0.0901 | Val Cat Acc: 0.990 | Time: 19.2s
  GPU Memory: 0.25GB allocated, 0.49GB reserved
Epoch 251/300 | Train Loss: 0.0067 | Val Loss: 0.0939 | Val Cat Acc: 0.991 | Time: 16.9s
  GPU Memory: 0.25GB allocated, 0.49GB reserved
Epoch 252/300 | Train Loss: 0.0073 | Val Loss: 0.0787 | Val Cat Acc: 0.991 | Time: 17.3s
  GPU Memory: 0.25GB allocated, 0.49GB reserved
Epoch 253/300 | Train Loss: 0.0073 | Val Loss: 0.0812 | Val Cat Acc: 0.992 | Time: 16.8s
  GPU Memory: 0.25GB allocated, 0.49GB reserved
Epoch 254/300 | Train Loss: 0.0077 | Val Loss: 0.0841 | Val Cat Acc: 0.992 | Time: 15.8s
  GPU Memory: 0.25GB allocated, 0.49GB reserved
Epoch 255/300 | Train Loss: 0.0079 | Val Loss: 0.0805 | Val Cat Acc: 0.992 | Time: 18.0s
  GPU Memory: 0.25GB allocated, 0.49GB reserved
Epoch 256/300 | Train Loss: 0.0068 | Val Loss: 0.0793 | Val Cat Acc: 0.993 | Time: 17.4s
  GPU Memory: 0.25GB allocated, 0.49GB reserved
Epoch 257/300 | Train Loss: 0.0062 | Val Loss: 0.0861 | Val Cat Acc: 0.991 | Time: 17.9s
  GPU Memory: 0.25GB allocated, 0.49GB reserved
Epoch 258/300 | Train Loss: 0.0079 | Val Loss: 0.0834 | Val Cat Acc: 0.992 | Time: 16.0s
  GPU Memory: 0.25GB allocated, 0.49GB reserved
Epoch 259/300 | Train Loss: 0.0065 | Val Loss: 0.0783 | Val Cat Acc: 0.992 | Time: 15.9s
  GPU Memory: 0.25GB allocated, 0.49GB reserved
  ✓ New best validation loss: 0.0783
Epoch 260/300 | Train Loss: 0.0065 | Val Loss: 0.0852 | Val Cat Acc: 0.991 | Time: 15.8s
  GPU Memory: 0.25GB allocated, 0.49GB reserved
Epoch 261/300 | Train Loss: 0.0054 | Val Loss: 0.0795 | Val Cat Acc: 0.992 | Time: 17.7s
  GPU Memory: 0.25GB allocated, 0.49GB reserved
Epoch 262/300 | Train Loss: 0.0070 | Val Loss: 0.0773 | Val Cat Acc: 0.990 | Time: 17.5s
  GPU Memory: 0.25GB allocated, 0.49GB reserved
  ✓ New best validation loss: 0.0773
Epoch 263/300 | Train Loss: 0.0055 | Val Loss: 0.0835 | Val Cat Acc: 0.992 | Time: 15.7s
  GPU Memory: 0.25GB allocated, 0.49GB reserved
Epoch 264/300 | Train Loss: 0.0063 | Val Loss: 0.0828 | Val Cat Acc: 0.992 | Time: 17.8s
  GPU Memory: 0.25GB allocated, 0.49GB reserved
Epoch 265/300 | Train Loss: 0.0059 | Val Loss: 0.0819 | Val Cat Acc: 0.993 | Time: 15.8s
  GPU Memory: 0.25GB allocated, 0.49GB reserved
Epoch 266/300 | Train Loss: 0.0061 | Val Loss: 0.0833 | Val Cat Acc: 0.990 | Time: 15.7s
  GPU Memory: 0.25GB allocated, 0.49GB reserved
Epoch 267/300 | Train Loss: 0.0067 | Val Loss: 0.0775 | Val Cat Acc: 0.993 | Time: 19.2s
  GPU Memory: 0.25GB allocated, 0.49GB reserved
Epoch 268/300 | Train Loss: 0.0057 | Val Loss: 0.0784 | Val Cat Acc: 0.992 | Time: 15.9s
  GPU Memory: 0.25GB allocated, 0.49GB reserved
Epoch 269/300 | Train Loss: 0.0060 | Val Loss: 0.0759 | Val Cat Acc: 0.993 | Time: 15.7s
  GPU Memory: 0.25GB allocated, 0.49GB reserved
  ✓ New best validation loss: 0.0759
Epoch 270/300 | Train Loss: 0.0055 | Val Loss: 0.0804 | Val Cat Acc: 0.991 | Time: 21.1s
  GPU Memory: 0.25GB allocated, 0.49GB reserved
Epoch 271/300 | Train Loss: 0.0058 | Val Loss: 0.0792 | Val Cat Acc: 0.992 | Time: 16.8s
  GPU Memory: 0.25GB allocated, 0.49GB reserved
Epoch 272/300 | Train Loss: 0.0052 | Val Loss: 0.0774 | Val Cat Acc: 0.993 | Time: 16.6s
  GPU Memory: 0.25GB allocated, 0.49GB reserved
Epoch 273/300 | Train Loss: 0.0058 | Val Loss: 0.0769 | Val Cat Acc: 0.993 | Time: 17.1s
  GPU Memory: 0.25GB allocated, 0.49GB reserved
Epoch 274/300 | Train Loss: 0.0050 | Val Loss: 0.0759 | Val Cat Acc: 0.994 | Time: 15.8s
  GPU Memory: 0.25GB allocated, 0.49GB reserved
  ✓ New best validation loss: 0.0759
Epoch 275/300 | Train Loss: 0.0066 | Val Loss: 0.0779 | Val Cat Acc: 0.993 | Time: 15.8s
  GPU Memory: 0.25GB allocated, 0.49GB reserved
Epoch 276/300 | Train Loss: 0.0039 | Val Loss: 0.0826 | Val Cat Acc: 0.992 | Time: 15.7s
  GPU Memory: 0.25GB allocated, 0.49GB reserved
Epoch 277/300 | Train Loss: 0.0050 | Val Loss: 0.0822 | Val Cat Acc: 0.992 | Time: 18.2s
  GPU Memory: 0.25GB allocated, 0.49GB reserved
Epoch 278/300 | Train Loss: 0.0060 | Val Loss: 0.0796 | Val Cat Acc: 0.993 | Time: 16.3s
  GPU Memory: 0.25GB allocated, 0.49GB reserved
Epoch 279/300 | Train Loss: 0.0050 | Val Loss: 0.0766 | Val Cat Acc: 0.994 | Time: 17.6s
  GPU Memory: 0.25GB allocated, 0.49GB reserved
Epoch 280/300 | Train Loss: 0.0047 | Val Loss: 0.0818 | Val Cat Acc: 0.991 | Time: 16.7s
  GPU Memory: 0.25GB allocated, 0.49GB reserved
Epoch 281/300 | Train Loss: 0.0048 | Val Loss: 0.0774 | Val Cat Acc: 0.991 | Time: 20.8s
  GPU Memory: 0.25GB allocated, 0.49GB reserved
Epoch 282/300 | Train Loss: 0.0042 | Val Loss: 0.0766 | Val Cat Acc: 0.993 | Time: 15.7s
  GPU Memory: 0.25GB allocated, 0.49GB reserved
Epoch 283/300 | Train Loss: 0.0050 | Val Loss: 0.0793 | Val Cat Acc: 0.992 | Time: 15.7s
  GPU Memory: 0.25GB allocated, 0.49GB reserved
Epoch 284/300 | Train Loss: 0.0052 | Val Loss: 0.0787 | Val Cat Acc: 0.993 | Time: 15.7s
  GPU Memory: 0.25GB allocated, 0.49GB reserved
Epoch 285/300 | Train Loss: 0.0041 | Val Loss: 0.0777 | Val Cat Acc: 0.993 | Time: 16.3s
  GPU Memory: 0.25GB allocated, 0.49GB reserved
Epoch 286/300 | Train Loss: 0.0042 | Val Loss: 0.0777 | Val Cat Acc: 0.993 | Time: 15.9s
  GPU Memory: 0.25GB allocated, 0.49GB reserved
Epoch 287/300 | Train Loss: 0.0046 | Val Loss: 0.0769 | Val Cat Acc: 0.993 | Time: 15.8s
  GPU Memory: 0.25GB allocated, 0.49GB reserved
Epoch 288/300 | Train Loss: 0.0041 | Val Loss: 0.0771 | Val Cat Acc: 0.993 | Time: 15.8s
  GPU Memory: 0.25GB allocated, 0.49GB reserved
Epoch 289/300 | Train Loss: 0.0044 | Val Loss: 0.0781 | Val Cat Acc: 0.992 | Time: 15.7s
  GPU Memory: 0.25GB allocated, 0.49GB reserved
Epoch 290/300 | Train Loss: 0.0043 | Val Loss: 0.0781 | Val Cat Acc: 0.993 | Time: 15.9s
  GPU Memory: 0.25GB allocated, 0.49GB reserved
Epoch 291/300 | Train Loss: 0.0051 | Val Loss: 0.0753 | Val Cat Acc: 0.994 | Time: 15.7s
  GPU Memory: 0.25GB allocated, 0.49GB reserved
  ✓ New best validation loss: 0.0753
Epoch 292/300 | Train Loss: 0.0054 | Val Loss: 0.0745 | Val Cat Acc: 0.994 | Time: 17.0s
  GPU Memory: 0.25GB allocated, 0.49GB reserved
  ✓ New best validation loss: 0.0745
Epoch 293/300 | Train Loss: 0.0044 | Val Loss: 0.0753 | Val Cat Acc: 0.993 | Time: 15.8s
  GPU Memory: 0.25GB allocated, 0.49GB reserved
Epoch 294/300 | Train Loss: 0.0049 | Val Loss: 0.0772 | Val Cat Acc: 0.992 | Time: 16.6s
  GPU Memory: 0.25GB allocated, 0.49GB reserved
Epoch 295/300 | Train Loss: 0.0061 | Val Loss: 0.0748 | Val Cat Acc: 0.993 | Time: 15.8s
  GPU Memory: 0.25GB allocated, 0.49GB reserved
Epoch 296/300 | Train Loss: 0.0038 | Val Loss: 0.0760 | Val Cat Acc: 0.993 | Time: 19.5s
  GPU Memory: 0.25GB allocated, 0.49GB reserved
Epoch 297/300 | Train Loss: 0.0054 | Val Loss: 0.0774 | Val Cat Acc: 0.994 | Time: 16.6s
  GPU Memory: 0.25GB allocated, 0.49GB reserved
Epoch 298/300 | Train Loss: 0.0040 | Val Loss: 0.0772 | Val Cat Acc: 0.993 | Time: 15.8s
  GPU Memory: 0.25GB allocated, 0.49GB reserved
Epoch 299/300 | Train Loss: 0.0047 | Val Loss: 0.0762 | Val Cat Acc: 0.993 | Time: 16.1s
  GPU Memory: 0.25GB allocated, 0.49GB reserved
Epoch 300/300 | Train Loss: 0.0048 | Val Loss: 0.0754 | Val Cat Acc: 0.994 | Time: 19.8s
  GPU Memory: 0.25GB allocated, 0.49GB reserved

================================================================================
CTC TRAINING COMPLETED!
Best validation loss: 0.0745
Checkpoints saved to: trained_models/transformer/FSL105_ctc
================================================================================

ctc_log_probs shape: (1, 120, 106)  category_logits shape: (1, 120, 10)
Optimizing model for mobile...
Optimized model outputs - ctc: (1, 120, 106), cat: (1, 120, 10)
Saved optimized mobile model: android_artifacts/transformer_FSL105_ctc/SignTransformerCtc_best.ptl
Wrote metadata: android_artifacts/transformer_FSL105_ctc/SignTransformerCtc_best.model.json
Wrote labels:   android_artifacts/transformer_FSL105_ctc/label_mapping.json
Wrote report: docs/export/pytorch_mobile_export_report.md

============================================================
Training completed - 2025-10-31 02:02:45
Log saved to: trained_models/transformer/FSL105_ctc/training_20251031_003816.log
============================================================
