============================================================
TRAINING LOG - 2025-10-09 07:15:59
============================================================
Console output will be saved to: trained_models/transformer/cmb_combined_stable/training_20251009_071559.log
Metrics CSV will be saved to: trained_models/transformer/cmb_combined_stable/training_20251009_071559_metrics.csv

Using device: cuda
CUDA device: NVIDIA GeForce RTX 5070 Ti
CUDA memory: 16.6 GB
CUDA compute capability: 12.0
CUDA multiprocessors: 70
CUDA memory allocated: 0.00 GB
CUDA memory cached: 0.00 GB

============================================================
DATA LOADING
============================================================
✓ Loaded data successfully
  - Dataset type: Transformer Combined (Keypoints + Features)
  - Training folder: data/processed/cmb_train
  - Validation folder: data/processed/cmb_val
  - Keypoint key: X (156-dim)
  - Feature key: X2048 (2048-dim)
  - Combined dimension: 2204 (156 + 2048)
  - Gloss classes: 105
  - Category classes: 10

============================================================
DATASET PREPARATION
============================================================
✓ Created datasets and data loaders
  - Batch size: 16
  - Training batches: 211
  - Validation batches: 52
  - Data augmentation: Enabled (noise_std=0.004, mask_prob=0.07)
  - Training dataset size: 3372 samples
  - Validation dataset size: 832 samples
  - Data format: [T, 2204] combined (156 keypoints + 2048 features)

============================================================
MODEL SELECTION
============================================================
Available models:
- transformer: Multi-head attention transformer
- iv3_gru: InceptionV3 + GRU hybrid
✓ Using SignTransformer model (input_dim=2204)

================================================================================
COMPREHENSIVE TRAINING CONFIGURATION
================================================================================
Session Information:
  - Start time: 2025-10-09 07:15:59
  - Working directory: /workspace/fslr-transformer-vs-iv3gru
  - Command: /workspace/fslr-transformer-vs-iv3gru/training/train.py --model transformer --epochs 300 --batch-size 16 --lr 0.0001 --alpha 0.8 --beta 0.2 --num-gloss 105 --num-cat 10 --keypoints-train data/processed/cmb_train --keypoints-val data/processed/cmb_val --labels-train-csv data/processed/cmb_train.csv --labels-val-csv data/processed/cmb_val.csv --combine-features --amp --augment --augment-noise-std 0.004 --augment-mask-prob 0.07 --augment-mask-ratio 0.07 --scheduler warmup_cosine --warmup-epochs 25 --early-stop 35 --weight-decay 2.5e-4 --dropout 0.20 --label-smoothing 0.1 --output-dir trained_models/transformer/cmb_combined_stable

System Information:
  - Platform: Linux-6.8.0-52-generic-x86_64-with-glibc2.39
  - Python version: 3.12.11 | packaged by conda-forge | (main, Jun  4 2025, 14:45:31) [GCC 13.3.0]
  - PyTorch version: 2.8.0+cu128
  - CUDA version: 12.8
  - cuDNN version: 91002
  - NumPy version: 2.2.6

Core Training Parameters:
  - Model: transformer
  - Epochs: 300
  - Batch size: 16
  - Learning rate: 0.0001
  - Weight decay: 0.00025
  - Gradient clipping: None
  - Loss weights - Alpha: 0.8, Beta: 0.2

Curriculum Training: Disabled

Loss Weighting Parameters:
  - Strategy: static
  - Alpha: 0.8
  - Beta: 0.2

Data Configuration:
  - Gloss classes: 105
  - Category classes: 10
  - Data source: Real data files
  - Training folder: data/processed/cmb_train
  - Validation folder: data/processed/cmb_val
  - Mode: Combined (Keypoints + Features)
  - Keypoint key: X (156-dim)
  - Feature key: X2048 (2048-dim)
  - Combined input: 2204-dim

Training Control:
  - Scheduler: warmup_cosine
  - Scheduler patience: 5
  - Early stopping: 35
  - Resume from: None

Performance Settings:
  - AMP (Mixed Precision): True
  - Model compilation: False
  - Gradient accumulation steps: 1
  - DataLoader workers: 0
  - Auto workers: False
  - Pin memory: False
  - Prefetch factor: None

Reproducibility:
  - Random seed: 42
  - Deterministic mode: False

Output Configuration:
  - Checkpoint directory: trained_models/transformer/cmb_combined_stable
  - CSV log file: trained_models/transformer/cmb_combined_stable/training_20251009_071559_metrics.csv

Model Information:
  - Model type: SignTransformer
  - Total parameters: 3,804,915
  - Trainable parameters: 3,804,915
  - Model size: 14.5 MB
================================================================================

============================================================
TRAINING START
============================================================
✓ Loss weighting strategy: static
✓ Using standard CrossEntropy Loss
Training Configuration:
  - Gradient accumulation steps: 1
  - AMP enabled: True
  - Model compiled: False
  - CUDA memory before training: 0.02 GB
✓ Using WarmupCosineScheduler (warmup_epochs=25)
Training for 300 epochs...
Loss weights - Gloss: 0.8, Category: 0.2
------------------------------------------------------------
Epoch  1/300 | Train Loss: 4.2145 | Val Loss: 4.1777 | Val Gloss Acc: 0.017 | Val Cat Acc: 0.179 | Time: 6.0s
  GPU Memory: 0.06GB allocated, 0.21GB reserved
Epoch  2/300 | Train Loss: 4.1708 | Val Loss: 4.1466 | Val Gloss Acc: 0.014 | Val Cat Acc: 0.225 | Time: 5.3s
  GPU Memory: 0.06GB allocated, 0.21GB reserved
Epoch  3/300 | Train Loss: 4.0601 | Val Loss: 4.0696 | Val Gloss Acc: 0.028 | Val Cat Acc: 0.282 | Time: 5.5s
  GPU Memory: 0.06GB allocated, 0.21GB reserved
Epoch  4/300 | Train Loss: 4.0105 | Val Loss: 3.8804 | Val Gloss Acc: 0.024 | Val Cat Acc: 0.381 | Time: 5.8s
  GPU Memory: 0.06GB allocated, 0.21GB reserved
Epoch  5/300 | Train Loss: 3.3963 | Val Loss: 3.5233 | Val Gloss Acc: 0.034 | Val Cat Acc: 0.484 | Time: 5.6s
  GPU Memory: 0.06GB allocated, 0.21GB reserved
Epoch  6/300 | Train Loss: 3.0997 | Val Loss: 3.2119 | Val Gloss Acc: 0.060 | Val Cat Acc: 0.556 | Time: 5.6s
  GPU Memory: 0.06GB allocated, 0.21GB reserved
Epoch  7/300 | Train Loss: 2.9476 | Val Loss: 2.8662 | Val Gloss Acc: 0.099 | Val Cat Acc: 0.639 | Time: 5.3s
  GPU Memory: 0.06GB allocated, 0.21GB reserved
Epoch  8/300 | Train Loss: 2.9282 | Val Loss: 2.6602 | Val Gloss Acc: 0.143 | Val Cat Acc: 0.672 | Time: 5.5s
  GPU Memory: 0.06GB allocated, 0.21GB reserved
Epoch  9/300 | Train Loss: 2.5022 | Val Loss: 2.3586 | Val Gloss Acc: 0.186 | Val Cat Acc: 0.709 | Time: 5.6s
  GPU Memory: 0.06GB allocated, 0.21GB reserved
Epoch 10/300 | Train Loss: 2.1394 | Val Loss: 2.1993 | Val Gloss Acc: 0.226 | Val Cat Acc: 0.740 | Time: 5.4s
  GPU Memory: 0.06GB allocated, 0.21GB reserved
Epoch 11/300 | Train Loss: 2.1595 | Val Loss: 1.9274 | Val Gloss Acc: 0.288 | Val Cat Acc: 0.793 | Time: 5.1s
  GPU Memory: 0.06GB allocated, 0.21GB reserved
Epoch 12/300 | Train Loss: 1.9192 | Val Loss: 1.8142 | Val Gloss Acc: 0.327 | Val Cat Acc: 0.780 | Time: 5.5s
  GPU Memory: 0.06GB allocated, 0.21GB reserved
Epoch 13/300 | Train Loss: 1.5902 | Val Loss: 1.6065 | Val Gloss Acc: 0.392 | Val Cat Acc: 0.834 | Time: 5.7s
  GPU Memory: 0.06GB allocated, 0.21GB reserved
Epoch 14/300 | Train Loss: 0.9341 | Val Loss: 1.4723 | Val Gloss Acc: 0.434 | Val Cat Acc: 0.856 | Time: 5.6s
  GPU Memory: 0.06GB allocated, 0.21GB reserved
Epoch 15/300 | Train Loss: 1.5514 | Val Loss: 1.3931 | Val Gloss Acc: 0.446 | Val Cat Acc: 0.853 | Time: 5.3s
  GPU Memory: 0.06GB allocated, 0.21GB reserved
Epoch 16/300 | Train Loss: 1.7460 | Val Loss: 1.2997 | Val Gloss Acc: 0.487 | Val Cat Acc: 0.861 | Time: 5.5s
  GPU Memory: 0.06GB allocated, 0.21GB reserved
Epoch 17/300 | Train Loss: 1.2780 | Val Loss: 1.3146 | Val Gloss Acc: 0.475 | Val Cat Acc: 0.851 | Time: 5.4s
  GPU Memory: 0.06GB allocated, 0.21GB reserved
Epoch 18/300 | Train Loss: 0.8077 | Val Loss: 1.0131 | Val Gloss Acc: 0.579 | Val Cat Acc: 0.900 | Time: 5.5s
  GPU Memory: 0.06GB allocated, 0.21GB reserved
Epoch 19/300 | Train Loss: 1.0578 | Val Loss: 1.0085 | Val Gloss Acc: 0.584 | Val Cat Acc: 0.889 | Time: 5.4s
  GPU Memory: 0.06GB allocated, 0.21GB reserved
Epoch 20/300 | Train Loss: 1.1231 | Val Loss: 1.0357 | Val Gloss Acc: 0.569 | Val Cat Acc: 0.879 | Time: 5.4s
  GPU Memory: 0.06GB allocated, 0.21GB reserved
Epoch 21/300 | Train Loss: 1.0484 | Val Loss: 0.9106 | Val Gloss Acc: 0.644 | Val Cat Acc: 0.931 | Time: 5.6s
  GPU Memory: 0.06GB allocated, 0.21GB reserved
Epoch 22/300 | Train Loss: 0.9884 | Val Loss: 0.8771 | Val Gloss Acc: 0.647 | Val Cat Acc: 0.935 | Time: 5.3s
  GPU Memory: 0.06GB allocated, 0.21GB reserved
Epoch 23/300 | Train Loss: 0.6637 | Val Loss: 0.8516 | Val Gloss Acc: 0.647 | Val Cat Acc: 0.921 | Time: 5.6s
  GPU Memory: 0.06GB allocated, 0.21GB reserved
Epoch 24/300 | Train Loss: 0.4288 | Val Loss: 0.7187 | Val Gloss Acc: 0.714 | Val Cat Acc: 0.940 | Time: 5.7s
  GPU Memory: 0.06GB allocated, 0.21GB reserved
Epoch 25/300 | Train Loss: 0.6981 | Val Loss: 0.8212 | Val Gloss Acc: 0.668 | Val Cat Acc: 0.936 | Time: 5.6s
  GPU Memory: 0.06GB allocated, 0.21GB reserved
Epoch 26/300 | Train Loss: 0.4745 | Val Loss: 0.8946 | Val Gloss Acc: 0.675 | Val Cat Acc: 0.891 | Time: 5.3s
  GPU Memory: 0.06GB allocated, 0.21GB reserved
Epoch 27/300 | Train Loss: 0.3397 | Val Loss: 0.6923 | Val Gloss Acc: 0.707 | Val Cat Acc: 0.918 | Time: 5.2s
  GPU Memory: 0.06GB allocated, 0.21GB reserved
Epoch 28/300 | Train Loss: 0.3802 | Val Loss: 0.7601 | Val Gloss Acc: 0.688 | Val Cat Acc: 0.906 | Time: 6.0s
  GPU Memory: 0.06GB allocated, 0.21GB reserved
Epoch 29/300 | Train Loss: 0.5626 | Val Loss: 0.6372 | Val Gloss Acc: 0.730 | Val Cat Acc: 0.938 | Time: 5.2s
  GPU Memory: 0.06GB allocated, 0.21GB reserved
Epoch 30/300 | Train Loss: 0.4053 | Val Loss: 0.5248 | Val Gloss Acc: 0.770 | Val Cat Acc: 0.952 | Time: 5.5s
  GPU Memory: 0.06GB allocated, 0.21GB reserved
Epoch 31/300 | Train Loss: 0.6063 | Val Loss: 0.5557 | Val Gloss Acc: 0.769 | Val Cat Acc: 0.951 | Time: 5.6s
  GPU Memory: 0.06GB allocated, 0.21GB reserved
Epoch 32/300 | Train Loss: 0.2341 | Val Loss: 0.5287 | Val Gloss Acc: 0.770 | Val Cat Acc: 0.945 | Time: 5.7s
  GPU Memory: 0.06GB allocated, 0.21GB reserved
Epoch 33/300 | Train Loss: 0.4389 | Val Loss: 0.6189 | Val Gloss Acc: 0.745 | Val Cat Acc: 0.936 | Time: 5.6s
  GPU Memory: 0.06GB allocated, 0.21GB reserved
Epoch 34/300 | Train Loss: 0.0405 | Val Loss: 0.5319 | Val Gloss Acc: 0.785 | Val Cat Acc: 0.938 | Time: 5.7s
  GPU Memory: 0.06GB allocated, 0.21GB reserved
Epoch 35/300 | Train Loss: 0.4016 | Val Loss: 0.5835 | Val Gloss Acc: 0.764 | Val Cat Acc: 0.950 | Time: 5.4s
  GPU Memory: 0.06GB allocated, 0.21GB reserved
Epoch 36/300 | Train Loss: 0.3098 | Val Loss: 0.6215 | Val Gloss Acc: 0.750 | Val Cat Acc: 0.936 | Time: 5.5s
  GPU Memory: 0.06GB allocated, 0.21GB reserved
Epoch 37/300 | Train Loss: 0.2376 | Val Loss: 0.5965 | Val Gloss Acc: 0.766 | Val Cat Acc: 0.946 | Time: 5.6s
  GPU Memory: 0.06GB allocated, 0.21GB reserved
Epoch 38/300 | Train Loss: 0.2584 | Val Loss: 0.4692 | Val Gloss Acc: 0.805 | Val Cat Acc: 0.942 | Time: 5.1s
  GPU Memory: 0.06GB allocated, 0.21GB reserved
Epoch 39/300 | Train Loss: 0.3664 | Val Loss: 0.6807 | Val Gloss Acc: 0.739 | Val Cat Acc: 0.947 | Time: 5.3s
  GPU Memory: 0.06GB allocated, 0.21GB reserved
Epoch 40/300 | Train Loss: 0.3718 | Val Loss: 0.5073 | Val Gloss Acc: 0.797 | Val Cat Acc: 0.954 | Time: 5.5s
  GPU Memory: 0.06GB allocated, 0.21GB reserved
Epoch 41/300 | Train Loss: 0.7082 | Val Loss: 0.5303 | Val Gloss Acc: 0.792 | Val Cat Acc: 0.950 | Time: 5.7s
  GPU Memory: 0.06GB allocated, 0.21GB reserved
Epoch 42/300 | Train Loss: 0.1527 | Val Loss: 0.5091 | Val Gloss Acc: 0.805 | Val Cat Acc: 0.951 | Time: 5.5s
  GPU Memory: 0.06GB allocated, 0.21GB reserved
Epoch 43/300 | Train Loss: 0.0640 | Val Loss: 0.4151 | Val Gloss Acc: 0.829 | Val Cat Acc: 0.953 | Time: 5.3s
  GPU Memory: 0.06GB allocated, 0.21GB reserved
Epoch 44/300 | Train Loss: 0.1930 | Val Loss: 0.5475 | Val Gloss Acc: 0.790 | Val Cat Acc: 0.934 | Time: 5.4s
  GPU Memory: 0.06GB allocated, 0.21GB reserved
Epoch 45/300 | Train Loss: 0.2729 | Val Loss: 0.6000 | Val Gloss Acc: 0.772 | Val Cat Acc: 0.939 | Time: 5.4s
  GPU Memory: 0.06GB allocated, 0.21GB reserved
Epoch 46/300 | Train Loss: 0.0801 | Val Loss: 0.4456 | Val Gloss Acc: 0.831 | Val Cat Acc: 0.962 | Time: 5.5s
  GPU Memory: 0.06GB allocated, 0.21GB reserved
Epoch 47/300 | Train Loss: 0.2758 | Val Loss: 0.4511 | Val Gloss Acc: 0.817 | Val Cat Acc: 0.968 | Time: 5.6s
  GPU Memory: 0.06GB allocated, 0.21GB reserved
Epoch 48/300 | Train Loss: 0.0409 | Val Loss: 0.4972 | Val Gloss Acc: 0.828 | Val Cat Acc: 0.963 | Time: 5.4s
  GPU Memory: 0.06GB allocated, 0.21GB reserved
Epoch 49/300 | Train Loss: 0.1592 | Val Loss: 0.4480 | Val Gloss Acc: 0.828 | Val Cat Acc: 0.966 | Time: 5.4s
  GPU Memory: 0.06GB allocated, 0.21GB reserved
Epoch 50/300 | Train Loss: 0.1271 | Val Loss: 0.4399 | Val Gloss Acc: 0.838 | Val Cat Acc: 0.957 | Time: 5.4s
  GPU Memory: 0.06GB allocated, 0.21GB reserved
Epoch 51/300 | Train Loss: 0.1530 | Val Loss: 0.5282 | Val Gloss Acc: 0.829 | Val Cat Acc: 0.941 | Time: 5.4s
  GPU Memory: 0.06GB allocated, 0.21GB reserved
Epoch 52/300 | Train Loss: 0.2489 | Val Loss: 0.4032 | Val Gloss Acc: 0.845 | Val Cat Acc: 0.960 | Time: 5.5s
  GPU Memory: 0.06GB allocated, 0.21GB reserved
Epoch 53/300 | Train Loss: 0.0220 | Val Loss: 0.3896 | Val Gloss Acc: 0.858 | Val Cat Acc: 0.964 | Time: 5.3s
  GPU Memory: 0.06GB allocated, 0.21GB reserved
Epoch 54/300 | Train Loss: 0.4067 | Val Loss: 0.5117 | Val Gloss Acc: 0.829 | Val Cat Acc: 0.953 | Time: 5.2s
  GPU Memory: 0.06GB allocated, 0.21GB reserved
Epoch 55/300 | Train Loss: 0.0502 | Val Loss: 0.3880 | Val Gloss Acc: 0.846 | Val Cat Acc: 0.960 | Time: 5.5s
  GPU Memory: 0.06GB allocated, 0.21GB reserved
Epoch 56/300 | Train Loss: 0.1110 | Val Loss: 0.4133 | Val Gloss Acc: 0.845 | Val Cat Acc: 0.956 | Time: 5.5s
  GPU Memory: 0.06GB allocated, 0.21GB reserved
Epoch 57/300 | Train Loss: 0.1794 | Val Loss: 0.4651 | Val Gloss Acc: 0.827 | Val Cat Acc: 0.944 | Time: 5.7s
  GPU Memory: 0.06GB allocated, 0.21GB reserved
Epoch 58/300 | Train Loss: 0.0969 | Val Loss: 0.5617 | Val Gloss Acc: 0.798 | Val Cat Acc: 0.942 | Time: 5.3s
  GPU Memory: 0.06GB allocated, 0.21GB reserved
Epoch 59/300 | Train Loss: 0.2154 | Val Loss: 0.5514 | Val Gloss Acc: 0.808 | Val Cat Acc: 0.911 | Time: 5.6s
  GPU Memory: 0.06GB allocated, 0.21GB reserved
Epoch 60/300 | Train Loss: 0.3347 | Val Loss: 0.4685 | Val Gloss Acc: 0.829 | Val Cat Acc: 0.946 | Time: 5.3s
  GPU Memory: 0.06GB allocated, 0.21GB reserved
Epoch 61/300 | Train Loss: 0.0691 | Val Loss: 0.4609 | Val Gloss Acc: 0.851 | Val Cat Acc: 0.954 | Time: 5.5s
  GPU Memory: 0.06GB allocated, 0.21GB reserved
Epoch 62/300 | Train Loss: 0.0984 | Val Loss: 0.3401 | Val Gloss Acc: 0.881 | Val Cat Acc: 0.980 | Time: 5.4s
  GPU Memory: 0.06GB allocated, 0.21GB reserved
Epoch 63/300 | Train Loss: 0.0071 | Val Loss: 0.5439 | Val Gloss Acc: 0.826 | Val Cat Acc: 0.963 | Time: 5.5s
  GPU Memory: 0.06GB allocated, 0.21GB reserved
Epoch 64/300 | Train Loss: 0.2848 | Val Loss: 0.4371 | Val Gloss Acc: 0.847 | Val Cat Acc: 0.976 | Time: 5.4s
  GPU Memory: 0.06GB allocated, 0.21GB reserved
Epoch 65/300 | Train Loss: 0.0052 | Val Loss: 0.4932 | Val Gloss Acc: 0.833 | Val Cat Acc: 0.960 | Time: 5.7s
  GPU Memory: 0.06GB allocated, 0.21GB reserved
Epoch 66/300 | Train Loss: 0.1780 | Val Loss: 0.7561 | Val Gloss Acc: 0.776 | Val Cat Acc: 0.925 | Time: 5.4s
  GPU Memory: 0.06GB allocated, 0.21GB reserved
Epoch 67/300 | Train Loss: 0.0107 | Val Loss: 0.3853 | Val Gloss Acc: 0.853 | Val Cat Acc: 0.971 | Time: 5.4s
  GPU Memory: 0.06GB allocated, 0.21GB reserved
Epoch 68/300 | Train Loss: 0.0952 | Val Loss: 0.4210 | Val Gloss Acc: 0.861 | Val Cat Acc: 0.950 | Time: 5.3s
  GPU Memory: 0.06GB allocated, 0.21GB reserved
Epoch 69/300 | Train Loss: 0.0455 | Val Loss: 0.3403 | Val Gloss Acc: 0.882 | Val Cat Acc: 0.980 | Time: 5.5s
  GPU Memory: 0.06GB allocated, 0.21GB reserved
Epoch 70/300 | Train Loss: 0.0581 | Val Loss: 0.4330 | Val Gloss Acc: 0.863 | Val Cat Acc: 0.965 | Time: 5.6s
  GPU Memory: 0.06GB allocated, 0.21GB reserved
Epoch 71/300 | Train Loss: 0.0225 | Val Loss: 0.4060 | Val Gloss Acc: 0.857 | Val Cat Acc: 0.954 | Time: 5.6s
  GPU Memory: 0.06GB allocated, 0.21GB reserved
Epoch 72/300 | Train Loss: 0.0056 | Val Loss: 0.4322 | Val Gloss Acc: 0.868 | Val Cat Acc: 0.971 | Time: 5.5s
  GPU Memory: 0.06GB allocated, 0.21GB reserved
Epoch 73/300 | Train Loss: 0.0291 | Val Loss: 0.6571 | Val Gloss Acc: 0.814 | Val Cat Acc: 0.930 | Time: 5.3s
  GPU Memory: 0.06GB allocated, 0.21GB reserved
Epoch 74/300 | Train Loss: 0.0259 | Val Loss: 0.3997 | Val Gloss Acc: 0.857 | Val Cat Acc: 0.960 | Time: 5.3s
  GPU Memory: 0.06GB allocated, 0.21GB reserved
Epoch 75/300 | Train Loss: 0.0490 | Val Loss: 0.6051 | Val Gloss Acc: 0.838 | Val Cat Acc: 0.952 | Time: 5.5s
  GPU Memory: 0.06GB allocated, 0.21GB reserved
Epoch 76/300 | Train Loss: 0.0456 | Val Loss: 0.4480 | Val Gloss Acc: 0.852 | Val Cat Acc: 0.969 | Time: 5.6s
  GPU Memory: 0.06GB allocated, 0.21GB reserved
Epoch 77/300 | Train Loss: 0.0810 | Val Loss: 0.5530 | Val Gloss Acc: 0.826 | Val Cat Acc: 0.959 | Time: 5.5s
  GPU Memory: 0.06GB allocated, 0.21GB reserved
Epoch 78/300 | Train Loss: 0.0324 | Val Loss: 0.4790 | Val Gloss Acc: 0.857 | Val Cat Acc: 0.965 | Time: 5.5s
  GPU Memory: 0.06GB allocated, 0.21GB reserved
Epoch 79/300 | Train Loss: 0.0734 | Val Loss: 0.3865 | Val Gloss Acc: 0.885 | Val Cat Acc: 0.968 | Time: 5.4s
  GPU Memory: 0.06GB allocated, 0.21GB reserved
Epoch 80/300 | Train Loss: 0.1599 | Val Loss: 0.4790 | Val Gloss Acc: 0.868 | Val Cat Acc: 0.970 | Time: 5.2s
  GPU Memory: 0.06GB allocated, 0.21GB reserved
Epoch 81/300 | Train Loss: 0.0642 | Val Loss: 0.4801 | Val Gloss Acc: 0.863 | Val Cat Acc: 0.974 | Time: 4.9s
  GPU Memory: 0.06GB allocated, 0.21GB reserved
Epoch 82/300 | Train Loss: 0.1338 | Val Loss: 0.4939 | Val Gloss Acc: 0.849 | Val Cat Acc: 0.962 | Time: 5.3s
  GPU Memory: 0.06GB allocated, 0.21GB reserved
Epoch 83/300 | Train Loss: 0.0810 | Val Loss: 0.4056 | Val Gloss Acc: 0.868 | Val Cat Acc: 0.974 | Time: 5.5s
  GPU Memory: 0.06GB allocated, 0.21GB reserved
Epoch 84/300 | Train Loss: 0.0123 | Val Loss: 0.3657 | Val Gloss Acc: 0.892 | Val Cat Acc: 0.978 | Time: 5.6s
  GPU Memory: 0.06GB allocated, 0.21GB reserved
Epoch 85/300 | Train Loss: 0.0026 | Val Loss: 0.3443 | Val Gloss Acc: 0.887 | Val Cat Acc: 0.984 | Time: 5.6s
  GPU Memory: 0.06GB allocated, 0.21GB reserved
Epoch 86/300 | Train Loss: 0.0136 | Val Loss: 0.4553 | Val Gloss Acc: 0.869 | Val Cat Acc: 0.965 | Time: 5.6s
  GPU Memory: 0.06GB allocated, 0.21GB reserved
Epoch 87/300 | Train Loss: 0.1463 | Val Loss: 0.3933 | Val Gloss Acc: 0.874 | Val Cat Acc: 0.976 | Time: 5.5s
  GPU Memory: 0.06GB allocated, 0.21GB reserved
Epoch 88/300 | Train Loss: 0.2001 | Val Loss: 0.6537 | Val Gloss Acc: 0.821 | Val Cat Acc: 0.954 | Time: 5.2s
  GPU Memory: 0.06GB allocated, 0.21GB reserved
Epoch 89/300 | Train Loss: 0.0112 | Val Loss: 0.4045 | Val Gloss Acc: 0.876 | Val Cat Acc: 0.977 | Time: 5.3s
  GPU Memory: 0.06GB allocated, 0.21GB reserved
Epoch 90/300 | Train Loss: 0.0164 | Val Loss: 0.4525 | Val Gloss Acc: 0.869 | Val Cat Acc: 0.963 | Time: 5.3s
  GPU Memory: 0.06GB allocated, 0.21GB reserved
Epoch 91/300 | Train Loss: 0.0054 | Val Loss: 0.3377 | Val Gloss Acc: 0.899 | Val Cat Acc: 0.980 | Time: 5.4s
  GPU Memory: 0.06GB allocated, 0.21GB reserved
Epoch 92/300 | Train Loss: 0.0041 | Val Loss: 0.4174 | Val Gloss Acc: 0.877 | Val Cat Acc: 0.971 | Time: 5.6s
  GPU Memory: 0.06GB allocated, 0.21GB reserved
Epoch 93/300 | Train Loss: 0.0086 | Val Loss: 0.3822 | Val Gloss Acc: 0.888 | Val Cat Acc: 0.977 | Time: 5.6s
  GPU Memory: 0.06GB allocated, 0.21GB reserved
Epoch 94/300 | Train Loss: 0.0092 | Val Loss: 0.3704 | Val Gloss Acc: 0.879 | Val Cat Acc: 0.970 | Time: 5.6s
  GPU Memory: 0.06GB allocated, 0.21GB reserved
Epoch 95/300 | Train Loss: 0.1017 | Val Loss: 0.4731 | Val Gloss Acc: 0.851 | Val Cat Acc: 0.963 | Time: 5.4s
  GPU Memory: 0.06GB allocated, 0.21GB reserved
Epoch 96/300 | Train Loss: 0.0099 | Val Loss: 0.4166 | Val Gloss Acc: 0.868 | Val Cat Acc: 0.966 | Time: 5.5s
  GPU Memory: 0.06GB allocated, 0.21GB reserved
Epoch 97/300 | Train Loss: 0.1776 | Val Loss: 0.5409 | Val Gloss Acc: 0.846 | Val Cat Acc: 0.945 | Time: 5.5s
  GPU Memory: 0.06GB allocated, 0.21GB reserved
Epoch 98/300 | Train Loss: 0.0076 | Val Loss: 0.4044 | Val Gloss Acc: 0.868 | Val Cat Acc: 0.970 | Time: 5.2s
  GPU Memory: 0.06GB allocated, 0.21GB reserved
Epoch 99/300 | Train Loss: 0.0026 | Val Loss: 0.3045 | Val Gloss Acc: 0.897 | Val Cat Acc: 0.988 | Time: 5.4s
  GPU Memory: 0.06GB allocated, 0.21GB reserved
Epoch 100/300 | Train Loss: 0.0059 | Val Loss: 0.4101 | Val Gloss Acc: 0.875 | Val Cat Acc: 0.980 | Time: 5.4s
  GPU Memory: 0.06GB allocated, 0.21GB reserved
Epoch 101/300 | Train Loss: 0.0261 | Val Loss: 0.4590 | Val Gloss Acc: 0.869 | Val Cat Acc: 0.953 | Time: 5.1s
  GPU Memory: 0.06GB allocated, 0.21GB reserved
Epoch 102/300 | Train Loss: 0.0061 | Val Loss: 0.5294 | Val Gloss Acc: 0.844 | Val Cat Acc: 0.950 | Time: 5.7s
  GPU Memory: 0.06GB allocated, 0.21GB reserved
Epoch 103/300 | Train Loss: 0.0066 | Val Loss: 0.3829 | Val Gloss Acc: 0.882 | Val Cat Acc: 0.970 | Time: 5.7s
  GPU Memory: 0.06GB allocated, 0.21GB reserved
Epoch 104/300 | Train Loss: 0.0027 | Val Loss: 0.2955 | Val Gloss Acc: 0.905 | Val Cat Acc: 0.981 | Time: 5.5s
  GPU Memory: 0.06GB allocated, 0.21GB reserved
Epoch 105/300 | Train Loss: 0.0402 | Val Loss: 0.6044 | Val Gloss Acc: 0.826 | Val Cat Acc: 0.962 | Time: 5.6s
  GPU Memory: 0.06GB allocated, 0.21GB reserved
Epoch 106/300 | Train Loss: 0.0092 | Val Loss: 0.4440 | Val Gloss Acc: 0.875 | Val Cat Acc: 0.970 | Time: 5.6s
  GPU Memory: 0.06GB allocated, 0.21GB reserved
Epoch 107/300 | Train Loss: 0.0054 | Val Loss: 0.5163 | Val Gloss Acc: 0.846 | Val Cat Acc: 0.968 | Time: 5.6s
  GPU Memory: 0.06GB allocated, 0.21GB reserved
Epoch 108/300 | Train Loss: 0.0013 | Val Loss: 0.3202 | Val Gloss Acc: 0.899 | Val Cat Acc: 0.980 | Time: 5.7s
  GPU Memory: 0.06GB allocated, 0.21GB reserved
Epoch 109/300 | Train Loss: 0.0040 | Val Loss: 0.3876 | Val Gloss Acc: 0.893 | Val Cat Acc: 0.978 | Time: 5.3s
  GPU Memory: 0.06GB allocated, 0.21GB reserved
Epoch 110/300 | Train Loss: 0.0093 | Val Loss: 0.3757 | Val Gloss Acc: 0.895 | Val Cat Acc: 0.982 | Time: 5.6s
  GPU Memory: 0.06GB allocated, 0.21GB reserved
Epoch 111/300 | Train Loss: 0.3715 | Val Loss: 0.4458 | Val Gloss Acc: 0.869 | Val Cat Acc: 0.945 | Time: 5.6s
  GPU Memory: 0.06GB allocated, 0.21GB reserved
Epoch 112/300 | Train Loss: 0.0046 | Val Loss: 0.3457 | Val Gloss Acc: 0.888 | Val Cat Acc: 0.984 | Time: 5.4s
  GPU Memory: 0.06GB allocated, 0.21GB reserved
Epoch 113/300 | Train Loss: 0.1946 | Val Loss: 0.3346 | Val Gloss Acc: 0.882 | Val Cat Acc: 0.965 | Time: 5.5s
  GPU Memory: 0.06GB allocated, 0.21GB reserved
Epoch 114/300 | Train Loss: 0.0030 | Val Loss: 0.3023 | Val Gloss Acc: 0.895 | Val Cat Acc: 0.982 | Time: 5.6s
  GPU Memory: 0.06GB allocated, 0.21GB reserved
Epoch 115/300 | Train Loss: 0.0027 | Val Loss: 0.2997 | Val Gloss Acc: 0.905 | Val Cat Acc: 0.982 | Time: 5.3s
  GPU Memory: 0.06GB allocated, 0.21GB reserved
Epoch 116/300 | Train Loss: 0.0050 | Val Loss: 0.3129 | Val Gloss Acc: 0.905 | Val Cat Acc: 0.980 | Time: 5.5s
  GPU Memory: 0.06GB allocated, 0.21GB reserved
Epoch 117/300 | Train Loss: 0.0026 | Val Loss: 0.2771 | Val Gloss Acc: 0.918 | Val Cat Acc: 0.978 | Time: 5.5s
  GPU Memory: 0.06GB allocated, 0.21GB reserved
Epoch 118/300 | Train Loss: 0.0104 | Val Loss: 0.5205 | Val Gloss Acc: 0.865 | Val Cat Acc: 0.969 | Time: 5.4s
  GPU Memory: 0.06GB allocated, 0.21GB reserved
Epoch 119/300 | Train Loss: 0.0280 | Val Loss: 0.6202 | Val Gloss Acc: 0.811 | Val Cat Acc: 0.924 | Time: 5.1s
  GPU Memory: 0.06GB allocated, 0.21GB reserved
Epoch 120/300 | Train Loss: 0.0066 | Val Loss: 0.4279 | Val Gloss Acc: 0.869 | Val Cat Acc: 0.971 | Time: 5.7s
  GPU Memory: 0.06GB allocated, 0.21GB reserved
Epoch 121/300 | Train Loss: 0.0059 | Val Loss: 0.4764 | Val Gloss Acc: 0.869 | Val Cat Acc: 0.976 | Time: 5.6s
  GPU Memory: 0.06GB allocated, 0.21GB reserved
Epoch 122/300 | Train Loss: 0.0194 | Val Loss: 0.3433 | Val Gloss Acc: 0.888 | Val Cat Acc: 0.980 | Time: 5.8s
  GPU Memory: 0.06GB allocated, 0.21GB reserved
Epoch 123/300 | Train Loss: 0.0037 | Val Loss: 0.3958 | Val Gloss Acc: 0.885 | Val Cat Acc: 0.976 | Time: 5.6s
  GPU Memory: 0.06GB allocated, 0.21GB reserved
Epoch 124/300 | Train Loss: 0.0025 | Val Loss: 0.3274 | Val Gloss Acc: 0.888 | Val Cat Acc: 0.969 | Time: 5.4s
  GPU Memory: 0.06GB allocated, 0.21GB reserved
Epoch 125/300 | Train Loss: 0.0351 | Val Loss: 0.4260 | Val Gloss Acc: 0.865 | Val Cat Acc: 0.966 | Time: 5.3s
  GPU Memory: 0.06GB allocated, 0.21GB reserved
Epoch 126/300 | Train Loss: 0.0123 | Val Loss: 0.3752 | Val Gloss Acc: 0.888 | Val Cat Acc: 0.981 | Time: 5.5s
  GPU Memory: 0.06GB allocated, 0.21GB reserved
Epoch 127/300 | Train Loss: 0.0024 | Val Loss: 0.3132 | Val Gloss Acc: 0.906 | Val Cat Acc: 0.980 | Time: 5.5s
  GPU Memory: 0.06GB allocated, 0.21GB reserved
Epoch 128/300 | Train Loss: 0.0036 | Val Loss: 0.3707 | Val Gloss Acc: 0.892 | Val Cat Acc: 0.977 | Time: 5.5s
  GPU Memory: 0.06GB allocated, 0.21GB reserved
Epoch 129/300 | Train Loss: 0.0048 | Val Loss: 0.3687 | Val Gloss Acc: 0.885 | Val Cat Acc: 0.976 | Time: 5.6s
  GPU Memory: 0.06GB allocated, 0.21GB reserved
Epoch 130/300 | Train Loss: 0.0378 | Val Loss: 0.4266 | Val Gloss Acc: 0.871 | Val Cat Acc: 0.965 | Time: 5.5s
  GPU Memory: 0.06GB allocated, 0.21GB reserved
Epoch 131/300 | Train Loss: 0.2524 | Val Loss: 0.3286 | Val Gloss Acc: 0.906 | Val Cat Acc: 0.981 | Time: 5.2s
  GPU Memory: 0.06GB allocated, 0.21GB reserved
Epoch 132/300 | Train Loss: 0.0102 | Val Loss: 0.3204 | Val Gloss Acc: 0.900 | Val Cat Acc: 0.972 | Time: 5.5s
  GPU Memory: 0.06GB allocated, 0.21GB reserved
Epoch 133/300 | Train Loss: 0.0030 | Val Loss: 0.2887 | Val Gloss Acc: 0.912 | Val Cat Acc: 0.982 | Time: 5.6s
  GPU Memory: 0.06GB allocated, 0.21GB reserved
Epoch 134/300 | Train Loss: 0.0121 | Val Loss: 0.2899 | Val Gloss Acc: 0.904 | Val Cat Acc: 0.977 | Time: 5.4s
  GPU Memory: 0.06GB allocated, 0.21GB reserved
Epoch 135/300 | Train Loss: 0.0454 | Val Loss: 0.3904 | Val Gloss Acc: 0.868 | Val Cat Acc: 0.981 | Time: 5.6s
  GPU Memory: 0.06GB allocated, 0.21GB reserved
Epoch 136/300 | Train Loss: 0.0528 | Val Loss: 0.4355 | Val Gloss Acc: 0.852 | Val Cat Acc: 0.960 | Time: 5.5s
  GPU Memory: 0.06GB allocated, 0.21GB reserved
Epoch 137/300 | Train Loss: 0.0023 | Val Loss: 0.2974 | Val Gloss Acc: 0.913 | Val Cat Acc: 0.984 | Time: 5.5s
  GPU Memory: 0.06GB allocated, 0.21GB reserved
Epoch 138/300 | Train Loss: 0.0718 | Val Loss: 0.2814 | Val Gloss Acc: 0.903 | Val Cat Acc: 0.980 | Time: 5.1s
  GPU Memory: 0.06GB allocated, 0.21GB reserved
Epoch 139/300 | Train Loss: 0.0162 | Val Loss: 0.2720 | Val Gloss Acc: 0.911 | Val Cat Acc: 0.982 | Time: 5.5s
  GPU Memory: 0.06GB allocated, 0.21GB reserved
Epoch 140/300 | Train Loss: 0.0014 | Val Loss: 0.2640 | Val Gloss Acc: 0.919 | Val Cat Acc: 0.980 | Time: 5.8s
  GPU Memory: 0.06GB allocated, 0.21GB reserved
Epoch 141/300 | Train Loss: 0.0026 | Val Loss: 0.2923 | Val Gloss Acc: 0.904 | Val Cat Acc: 0.977 | Time: 5.7s
  GPU Memory: 0.06GB allocated, 0.21GB reserved
Epoch 142/300 | Train Loss: 0.4058 | Val Loss: 0.4414 | Val Gloss Acc: 0.853 | Val Cat Acc: 0.969 | Time: 4.7s
  GPU Memory: 0.06GB allocated, 0.21GB reserved
Epoch 143/300 | Train Loss: 0.0170 | Val Loss: 0.4884 | Val Gloss Acc: 0.855 | Val Cat Acc: 0.957 | Time: 5.5s
  GPU Memory: 0.06GB allocated, 0.21GB reserved
Epoch 144/300 | Train Loss: 0.0048 | Val Loss: 0.2947 | Val Gloss Acc: 0.909 | Val Cat Acc: 0.978 | Time: 5.6s
  GPU Memory: 0.06GB allocated, 0.21GB reserved
Epoch 145/300 | Train Loss: 0.0013 | Val Loss: 0.3079 | Val Gloss Acc: 0.910 | Val Cat Acc: 0.986 | Time: 5.3s
  GPU Memory: 0.06GB allocated, 0.21GB reserved
Epoch 146/300 | Train Loss: 0.0044 | Val Loss: 0.3427 | Val Gloss Acc: 0.889 | Val Cat Acc: 0.977 | Time: 5.5s
  GPU Memory: 0.06GB allocated, 0.21GB reserved
Epoch 147/300 | Train Loss: 0.0062 | Val Loss: 0.3394 | Val Gloss Acc: 0.892 | Val Cat Acc: 0.976 | Time: 5.7s
  GPU Memory: 0.06GB allocated, 0.21GB reserved
Epoch 148/300 | Train Loss: 0.0023 | Val Loss: 0.3243 | Val Gloss Acc: 0.888 | Val Cat Acc: 0.966 | Time: 5.4s
  GPU Memory: 0.06GB allocated, 0.21GB reserved
Epoch 149/300 | Train Loss: 0.0024 | Val Loss: 0.3790 | Val Gloss Acc: 0.885 | Val Cat Acc: 0.984 | Time: 5.4s
  GPU Memory: 0.06GB allocated, 0.21GB reserved
Epoch 150/300 | Train Loss: 0.0016 | Val Loss: 0.3136 | Val Gloss Acc: 0.904 | Val Cat Acc: 0.981 | Time: 5.5s
  GPU Memory: 0.06GB allocated, 0.21GB reserved
Epoch 151/300 | Train Loss: 0.0052 | Val Loss: 0.3339 | Val Gloss Acc: 0.891 | Val Cat Acc: 0.977 | Time: 5.5s
  GPU Memory: 0.06GB allocated, 0.21GB reserved
Epoch 152/300 | Train Loss: 0.0134 | Val Loss: 0.4028 | Val Gloss Acc: 0.879 | Val Cat Acc: 0.975 | Time: 5.7s
  GPU Memory: 0.06GB allocated, 0.21GB reserved
Epoch 153/300 | Train Loss: 0.0055 | Val Loss: 0.3060 | Val Gloss Acc: 0.900 | Val Cat Acc: 0.983 | Time: 5.5s
  GPU Memory: 0.06GB allocated, 0.21GB reserved
Epoch 154/300 | Train Loss: 0.0030 | Val Loss: 0.3094 | Val Gloss Acc: 0.905 | Val Cat Acc: 0.987 | Time: 5.3s
  GPU Memory: 0.06GB allocated, 0.21GB reserved
Epoch 155/300 | Train Loss: 0.0067 | Val Loss: 0.3859 | Val Gloss Acc: 0.895 | Val Cat Acc: 0.980 | Time: 5.3s
  GPU Memory: 0.06GB allocated, 0.21GB reserved
Epoch 156/300 | Train Loss: 0.0847 | Val Loss: 0.4497 | Val Gloss Acc: 0.874 | Val Cat Acc: 0.962 | Time: 5.5s
  GPU Memory: 0.06GB allocated, 0.21GB reserved
Epoch 157/300 | Train Loss: 0.0032 | Val Loss: 0.3618 | Val Gloss Acc: 0.898 | Val Cat Acc: 0.980 | Time: 5.7s
  GPU Memory: 0.06GB allocated, 0.21GB reserved
Epoch 158/300 | Train Loss: 0.0025 | Val Loss: 0.2942 | Val Gloss Acc: 0.916 | Val Cat Acc: 0.987 | Time: 5.4s
  GPU Memory: 0.06GB allocated, 0.21GB reserved
Epoch 159/300 | Train Loss: 0.0021 | Val Loss: 0.2744 | Val Gloss Acc: 0.917 | Val Cat Acc: 0.984 | Time: 5.3s
  GPU Memory: 0.06GB allocated, 0.21GB reserved
Epoch 160/300 | Train Loss: 0.0020 | Val Loss: 0.3267 | Val Gloss Acc: 0.909 | Val Cat Acc: 0.977 | Time: 5.6s
  GPU Memory: 0.06GB allocated, 0.21GB reserved
Epoch 161/300 | Train Loss: 0.0029 | Val Loss: 0.3225 | Val Gloss Acc: 0.906 | Val Cat Acc: 0.977 | Time: 5.2s
  GPU Memory: 0.06GB allocated, 0.21GB reserved
Epoch 162/300 | Train Loss: 0.0095 | Val Loss: 0.3609 | Val Gloss Acc: 0.894 | Val Cat Acc: 0.983 | Time: 5.3s
  GPU Memory: 0.06GB allocated, 0.21GB reserved
Epoch 163/300 | Train Loss: 0.0015 | Val Loss: 0.3047 | Val Gloss Acc: 0.910 | Val Cat Acc: 0.981 | Time: 5.5s
  GPU Memory: 0.06GB allocated, 0.21GB reserved
Epoch 164/300 | Train Loss: 0.0311 | Val Loss: 0.3534 | Val Gloss Acc: 0.892 | Val Cat Acc: 0.978 | Time: 5.3s
  GPU Memory: 0.06GB allocated, 0.21GB reserved
Epoch 165/300 | Train Loss: 0.0141 | Val Loss: 0.4350 | Val Gloss Acc: 0.869 | Val Cat Acc: 0.966 | Time: 5.6s
  GPU Memory: 0.06GB allocated, 0.21GB reserved
Epoch 166/300 | Train Loss: 0.0033 | Val Loss: 0.2928 | Val Gloss Acc: 0.911 | Val Cat Acc: 0.982 | Time: 5.6s
  GPU Memory: 0.06GB allocated, 0.21GB reserved
Epoch 167/300 | Train Loss: 0.0032 | Val Loss: 0.3034 | Val Gloss Acc: 0.897 | Val Cat Acc: 0.981 | Time: 5.3s
  GPU Memory: 0.06GB allocated, 0.21GB reserved
Epoch 168/300 | Train Loss: 0.0112 | Val Loss: 0.3525 | Val Gloss Acc: 0.899 | Val Cat Acc: 0.969 | Time: 5.4s
  GPU Memory: 0.06GB allocated, 0.21GB reserved
Epoch 169/300 | Train Loss: 0.0141 | Val Loss: 0.3077 | Val Gloss Acc: 0.898 | Val Cat Acc: 0.983 | Time: 5.3s
  GPU Memory: 0.06GB allocated, 0.21GB reserved
Epoch 170/300 | Train Loss: 0.0075 | Val Loss: 0.2908 | Val Gloss Acc: 0.911 | Val Cat Acc: 0.986 | Time: 5.6s
  GPU Memory: 0.06GB allocated, 0.21GB reserved
Epoch 171/300 | Train Loss: 0.0035 | Val Loss: 0.2806 | Val Gloss Acc: 0.915 | Val Cat Acc: 0.987 | Time: 5.5s
  GPU Memory: 0.06GB allocated, 0.21GB reserved
Epoch 172/300 | Train Loss: 0.0015 | Val Loss: 0.2723 | Val Gloss Acc: 0.911 | Val Cat Acc: 0.988 | Time: 5.6s
  GPU Memory: 0.06GB allocated, 0.21GB reserved
Epoch 173/300 | Train Loss: 0.0100 | Val Loss: 0.2859 | Val Gloss Acc: 0.907 | Val Cat Acc: 0.982 | Time: 5.4s
  GPU Memory: 0.06GB allocated, 0.21GB reserved
Epoch 174/300 | Train Loss: 0.0049 | Val Loss: 0.2750 | Val Gloss Acc: 0.913 | Val Cat Acc: 0.984 | Time: 5.4s
  GPU Memory: 0.06GB allocated, 0.21GB reserved
Epoch 175/300 | Train Loss: 0.0037 | Val Loss: 0.2737 | Val Gloss Acc: 0.901 | Val Cat Acc: 0.984 | Time: 5.6s
  GPU Memory: 0.06GB allocated, 0.21GB reserved
Early stopping triggered after 175 epochs. Best gloss acc: 0.9195
------------------------------------------------------------
Training completed!

============================================================
Training completed - 2025-10-09 07:32:04
Log saved to: trained_models/transformer/cmb_combined_stable/training_20251009_071559.log
============================================================
