============================================================
TRAINING LOG - 2025-10-09 06:30:51
============================================================
Console output will be saved to: trained_models/transformer/cmb_combined_features/training_20251009_063051.log
Metrics CSV will be saved to: trained_models/transformer/cmb_combined_features/training_20251009_063051_metrics.csv

Using device: cuda
CUDA device: NVIDIA GeForce RTX 5070 Ti
CUDA memory: 16.6 GB
CUDA compute capability: 12.0
CUDA multiprocessors: 70
CUDA memory allocated: 0.00 GB
CUDA memory cached: 0.00 GB

============================================================
DATA LOADING
============================================================
✓ Loaded data successfully
  - Dataset type: Transformer Combined (Keypoints + Features)
  - Training folder: data/processed/cmb_train
  - Validation folder: data/processed/cmb_val
  - Keypoint key: X (156-dim)
  - Feature key: X2048 (2048-dim)
  - Combined dimension: 2204 (156 + 2048)
  - Gloss classes: 105
  - Category classes: 10

============================================================
DATASET PREPARATION
============================================================
✓ Created datasets and data loaders
  - Batch size: 16
  - Training batches: 211
  - Validation batches: 52
  - Data augmentation: Enabled (noise_std=0.002, mask_prob=0.05)
  - Training dataset size: 3372 samples
  - Validation dataset size: 832 samples
  - Data format: [T, 2204] combined (156 keypoints + 2048 features)

============================================================
MODEL SELECTION
============================================================
Available models:
- transformer: Multi-head attention transformer
- iv3_gru: InceptionV3 + GRU hybrid
✓ Using SignTransformer model (input_dim=2204)

================================================================================
COMPREHENSIVE TRAINING CONFIGURATION
================================================================================
Session Information:
  - Start time: 2025-10-09 06:30:51
  - Working directory: /workspace/fslr-transformer-vs-iv3gru
  - Command: /workspace/fslr-transformer-vs-iv3gru/training/train.py --model transformer --epochs 300 --batch-size 16 --lr 0.00015 --alpha 0.8 --beta 0.2 --num-gloss 105 --num-cat 10 --keypoints-train data/processed/cmb_train --keypoints-val data/processed/cmb_val --labels-train-csv data/processed/cmb_train.csv --labels-val-csv data/processed/cmb_val.csv --combine-features --amp --augment --augment-noise-std 0.002 --augment-mask-prob 0.05 --augment-mask-ratio 0.05 --scheduler warmup_cosine --warmup-epochs 25 --early-stop 50 --weight-decay 1e-4 --dropout 0.15 --output-dir trained_models/transformer/cmb_combined_features

System Information:
  - Platform: Linux-6.8.0-52-generic-x86_64-with-glibc2.39
  - Python version: 3.12.11 | packaged by conda-forge | (main, Jun  4 2025, 14:45:31) [GCC 13.3.0]
  - PyTorch version: 2.8.0+cu128
  - CUDA version: 12.8
  - cuDNN version: 91002
  - NumPy version: 2.2.6

Core Training Parameters:
  - Model: transformer
  - Epochs: 300
  - Batch size: 16
  - Learning rate: 0.00015
  - Weight decay: 0.0001
  - Gradient clipping: None
  - Loss weights - Alpha: 0.8, Beta: 0.2

Curriculum Training: Disabled

Loss Weighting Parameters:
  - Strategy: static
  - Alpha: 0.8
  - Beta: 0.2

Data Configuration:
  - Gloss classes: 105
  - Category classes: 10
  - Data source: Real data files
  - Training folder: data/processed/cmb_train
  - Validation folder: data/processed/cmb_val
  - Mode: Combined (Keypoints + Features)
  - Keypoint key: X (156-dim)
  - Feature key: X2048 (2048-dim)
  - Combined input: 2204-dim

Training Control:
  - Scheduler: warmup_cosine
  - Scheduler patience: 5
  - Early stopping: 50
  - Resume from: None

Performance Settings:
  - AMP (Mixed Precision): True
  - Model compilation: False
  - Gradient accumulation steps: 1
  - DataLoader workers: 0
  - Auto workers: False
  - Pin memory: False
  - Prefetch factor: None

Reproducibility:
  - Random seed: 42
  - Deterministic mode: False

Output Configuration:
  - Checkpoint directory: trained_models/transformer/cmb_combined_features
  - CSV log file: trained_models/transformer/cmb_combined_features/training_20251009_063051_metrics.csv

Model Information:
  - Model type: SignTransformer
  - Total parameters: 3,804,915
  - Trainable parameters: 3,804,915
  - Model size: 14.5 MB
================================================================================

============================================================
TRAINING START
============================================================
✓ Loss weighting strategy: static
✓ Using standard CrossEntropy Loss
Training Configuration:
  - Gradient accumulation steps: 1
  - AMP enabled: True
  - Model compiled: False
  - CUDA memory before training: 0.02 GB
✓ Using WarmupCosineScheduler (warmup_epochs=25)
Training for 300 epochs...
Loss weights - Gloss: 0.8, Category: 0.2
------------------------------------------------------------
Epoch  1/300 | Train Loss: 4.1899 | Val Loss: 4.1727 | Val Gloss Acc: 0.014 | Val Cat Acc: 0.179 | Time: 5.5s
  GPU Memory: 0.06GB allocated, 0.21GB reserved
Epoch  2/300 | Train Loss: 4.1687 | Val Loss: 4.1131 | Val Gloss Acc: 0.016 | Val Cat Acc: 0.311 | Time: 5.3s
  GPU Memory: 0.06GB allocated, 0.21GB reserved
Epoch  3/300 | Train Loss: 4.0234 | Val Loss: 3.9303 | Val Gloss Acc: 0.034 | Val Cat Acc: 0.326 | Time: 5.3s
  GPU Memory: 0.06GB allocated, 0.21GB reserved
Epoch  4/300 | Train Loss: 3.5065 | Val Loss: 3.5046 | Val Gloss Acc: 0.037 | Val Cat Acc: 0.450 | Time: 5.3s
  GPU Memory: 0.06GB allocated, 0.21GB reserved
Epoch  5/300 | Train Loss: 2.9131 | Val Loss: 3.1361 | Val Gloss Acc: 0.061 | Val Cat Acc: 0.537 | Time: 5.5s
  GPU Memory: 0.06GB allocated, 0.21GB reserved
Epoch  6/300 | Train Loss: 3.0021 | Val Loss: 2.8673 | Val Gloss Acc: 0.106 | Val Cat Acc: 0.526 | Time: 5.4s
  GPU Memory: 0.06GB allocated, 0.21GB reserved
Epoch  7/300 | Train Loss: 2.6412 | Val Loss: 2.3982 | Val Gloss Acc: 0.186 | Val Cat Acc: 0.698 | Time: 5.3s
  GPU Memory: 0.06GB allocated, 0.21GB reserved
Epoch  8/300 | Train Loss: 2.5526 | Val Loss: 2.1198 | Val Gloss Acc: 0.252 | Val Cat Acc: 0.739 | Time: 5.3s
  GPU Memory: 0.06GB allocated, 0.21GB reserved
Epoch  9/300 | Train Loss: 2.0201 | Val Loss: 1.8705 | Val Gloss Acc: 0.311 | Val Cat Acc: 0.785 | Time: 5.6s
  GPU Memory: 0.06GB allocated, 0.21GB reserved
Epoch 10/300 | Train Loss: 1.5327 | Val Loss: 1.7439 | Val Gloss Acc: 0.340 | Val Cat Acc: 0.794 | Time: 5.2s
  GPU Memory: 0.06GB allocated, 0.21GB reserved
Epoch 11/300 | Train Loss: 1.7648 | Val Loss: 1.4518 | Val Gloss Acc: 0.440 | Val Cat Acc: 0.841 | Time: 5.4s
  GPU Memory: 0.06GB allocated, 0.21GB reserved
Epoch 12/300 | Train Loss: 1.6393 | Val Loss: 1.3772 | Val Gloss Acc: 0.469 | Val Cat Acc: 0.852 | Time: 5.6s
  GPU Memory: 0.06GB allocated, 0.21GB reserved
Epoch 13/300 | Train Loss: 1.7622 | Val Loss: 1.2358 | Val Gloss Acc: 0.492 | Val Cat Acc: 0.891 | Time: 5.6s
  GPU Memory: 0.06GB allocated, 0.21GB reserved
Epoch 14/300 | Train Loss: 0.6698 | Val Loss: 1.2168 | Val Gloss Acc: 0.528 | Val Cat Acc: 0.851 | Time: 5.3s
  GPU Memory: 0.06GB allocated, 0.21GB reserved
Epoch 15/300 | Train Loss: 1.1335 | Val Loss: 1.0563 | Val Gloss Acc: 0.559 | Val Cat Acc: 0.910 | Time: 5.6s
  GPU Memory: 0.06GB allocated, 0.21GB reserved
Epoch 16/300 | Train Loss: 1.3973 | Val Loss: 1.0230 | Val Gloss Acc: 0.578 | Val Cat Acc: 0.898 | Time: 5.5s
  GPU Memory: 0.06GB allocated, 0.21GB reserved
Epoch 17/300 | Train Loss: 0.8583 | Val Loss: 1.1902 | Val Gloss Acc: 0.517 | Val Cat Acc: 0.850 | Time: 5.7s
  GPU Memory: 0.06GB allocated, 0.21GB reserved
Epoch 18/300 | Train Loss: 0.6482 | Val Loss: 0.7838 | Val Gloss Acc: 0.657 | Val Cat Acc: 0.909 | Time: 5.4s
  GPU Memory: 0.06GB allocated, 0.21GB reserved
Epoch 19/300 | Train Loss: 0.8056 | Val Loss: 0.7646 | Val Gloss Acc: 0.701 | Val Cat Acc: 0.934 | Time: 5.8s
  GPU Memory: 0.06GB allocated, 0.21GB reserved
Epoch 20/300 | Train Loss: 0.7235 | Val Loss: 0.8026 | Val Gloss Acc: 0.669 | Val Cat Acc: 0.906 | Time: 5.6s
  GPU Memory: 0.06GB allocated, 0.21GB reserved
Epoch 21/300 | Train Loss: 1.0245 | Val Loss: 0.8703 | Val Gloss Acc: 0.677 | Val Cat Acc: 0.895 | Time: 5.3s
  GPU Memory: 0.06GB allocated, 0.21GB reserved
Epoch 22/300 | Train Loss: 0.9117 | Val Loss: 0.6592 | Val Gloss Acc: 0.727 | Val Cat Acc: 0.928 | Time: 5.4s
  GPU Memory: 0.06GB allocated, 0.21GB reserved
Epoch 23/300 | Train Loss: 0.7496 | Val Loss: 0.7411 | Val Gloss Acc: 0.698 | Val Cat Acc: 0.935 | Time: 5.7s
  GPU Memory: 0.06GB allocated, 0.21GB reserved
Epoch 24/300 | Train Loss: 0.7275 | Val Loss: 0.6800 | Val Gloss Acc: 0.719 | Val Cat Acc: 0.934 | Time: 5.4s
  GPU Memory: 0.06GB allocated, 0.21GB reserved
Epoch 25/300 | Train Loss: 0.5334 | Val Loss: 0.6497 | Val Gloss Acc: 0.739 | Val Cat Acc: 0.946 | Time: 5.6s
  GPU Memory: 0.06GB allocated, 0.21GB reserved
Epoch 26/300 | Train Loss: 0.6119 | Val Loss: 0.7506 | Val Gloss Acc: 0.724 | Val Cat Acc: 0.918 | Time: 5.5s
  GPU Memory: 0.06GB allocated, 0.21GB reserved
Epoch 27/300 | Train Loss: 0.0616 | Val Loss: 0.6777 | Val Gloss Acc: 0.719 | Val Cat Acc: 0.940 | Time: 5.4s
  GPU Memory: 0.06GB allocated, 0.21GB reserved
Epoch 28/300 | Train Loss: 0.1882 | Val Loss: 0.6692 | Val Gloss Acc: 0.730 | Val Cat Acc: 0.924 | Time: 5.5s
  GPU Memory: 0.06GB allocated, 0.21GB reserved
Epoch 29/300 | Train Loss: 0.6555 | Val Loss: 0.6772 | Val Gloss Acc: 0.721 | Val Cat Acc: 0.951 | Time: 5.7s
  GPU Memory: 0.06GB allocated, 0.21GB reserved
Epoch 30/300 | Train Loss: 0.3835 | Val Loss: 0.5243 | Val Gloss Acc: 0.794 | Val Cat Acc: 0.946 | Time: 5.7s
  GPU Memory: 0.06GB allocated, 0.21GB reserved
Epoch 31/300 | Train Loss: 0.5913 | Val Loss: 0.5274 | Val Gloss Acc: 0.787 | Val Cat Acc: 0.951 | Time: 5.0s
  GPU Memory: 0.06GB allocated, 0.21GB reserved
Epoch 32/300 | Train Loss: 0.3770 | Val Loss: 0.5603 | Val Gloss Acc: 0.793 | Val Cat Acc: 0.950 | Time: 5.1s
  GPU Memory: 0.06GB allocated, 0.21GB reserved
Epoch 33/300 | Train Loss: 0.0855 | Val Loss: 0.5810 | Val Gloss Acc: 0.779 | Val Cat Acc: 0.950 | Time: 5.6s
  GPU Memory: 0.06GB allocated, 0.21GB reserved
Epoch 34/300 | Train Loss: 0.0751 | Val Loss: 0.5198 | Val Gloss Acc: 0.805 | Val Cat Acc: 0.936 | Time: 5.5s
  GPU Memory: 0.06GB allocated, 0.21GB reserved
Epoch 35/300 | Train Loss: 0.2748 | Val Loss: 0.5824 | Val Gloss Acc: 0.800 | Val Cat Acc: 0.912 | Time: 5.5s
  GPU Memory: 0.06GB allocated, 0.21GB reserved
Epoch 36/300 | Train Loss: 0.1186 | Val Loss: 0.4766 | Val Gloss Acc: 0.828 | Val Cat Acc: 0.962 | Time: 5.6s
  GPU Memory: 0.06GB allocated, 0.21GB reserved
Epoch 37/300 | Train Loss: 0.0515 | Val Loss: 0.4628 | Val Gloss Acc: 0.817 | Val Cat Acc: 0.968 | Time: 5.4s
  GPU Memory: 0.06GB allocated, 0.21GB reserved
Epoch 38/300 | Train Loss: 0.1528 | Val Loss: 0.5280 | Val Gloss Acc: 0.815 | Val Cat Acc: 0.938 | Time: 5.5s
  GPU Memory: 0.06GB allocated, 0.21GB reserved
Epoch 39/300 | Train Loss: 0.1407 | Val Loss: 0.5246 | Val Gloss Acc: 0.798 | Val Cat Acc: 0.925 | Time: 5.5s
  GPU Memory: 0.06GB allocated, 0.21GB reserved
Epoch 40/300 | Train Loss: 0.3546 | Val Loss: 0.4664 | Val Gloss Acc: 0.837 | Val Cat Acc: 0.940 | Time: 5.6s
  GPU Memory: 0.06GB allocated, 0.21GB reserved
Epoch 41/300 | Train Loss: 0.5736 | Val Loss: 0.4397 | Val Gloss Acc: 0.838 | Val Cat Acc: 0.965 | Time: 5.3s
  GPU Memory: 0.06GB allocated, 0.21GB reserved
Epoch 42/300 | Train Loss: 0.0381 | Val Loss: 0.4572 | Val Gloss Acc: 0.828 | Val Cat Acc: 0.954 | Time: 5.2s
  GPU Memory: 0.06GB allocated, 0.21GB reserved
Epoch 43/300 | Train Loss: 0.2053 | Val Loss: 0.4626 | Val Gloss Acc: 0.843 | Val Cat Acc: 0.968 | Time: 5.5s
  GPU Memory: 0.06GB allocated, 0.21GB reserved
Epoch 44/300 | Train Loss: 0.2011 | Val Loss: 0.4400 | Val Gloss Acc: 0.855 | Val Cat Acc: 0.962 | Time: 5.5s
  GPU Memory: 0.06GB allocated, 0.21GB reserved
Epoch 45/300 | Train Loss: 0.3338 | Val Loss: 0.6400 | Val Gloss Acc: 0.762 | Val Cat Acc: 0.925 | Time: 5.6s
  GPU Memory: 0.06GB allocated, 0.21GB reserved
Epoch 46/300 | Train Loss: 0.0235 | Val Loss: 0.3655 | Val Gloss Acc: 0.868 | Val Cat Acc: 0.969 | Time: 5.6s
  GPU Memory: 0.06GB allocated, 0.21GB reserved
Epoch 47/300 | Train Loss: 0.0489 | Val Loss: 0.5016 | Val Gloss Acc: 0.815 | Val Cat Acc: 0.946 | Time: 5.5s
  GPU Memory: 0.06GB allocated, 0.21GB reserved
Epoch 48/300 | Train Loss: 0.0876 | Val Loss: 0.4909 | Val Gloss Acc: 0.843 | Val Cat Acc: 0.975 | Time: 5.5s
  GPU Memory: 0.06GB allocated, 0.21GB reserved
Epoch 49/300 | Train Loss: 0.0288 | Val Loss: 0.5346 | Val Gloss Acc: 0.819 | Val Cat Acc: 0.952 | Time: 5.6s
  GPU Memory: 0.06GB allocated, 0.21GB reserved
Epoch 50/300 | Train Loss: 0.0332 | Val Loss: 0.4552 | Val Gloss Acc: 0.841 | Val Cat Acc: 0.977 | Time: 5.6s
  GPU Memory: 0.06GB allocated, 0.21GB reserved
Epoch 51/300 | Train Loss: 0.1478 | Val Loss: 0.4345 | Val Gloss Acc: 0.861 | Val Cat Acc: 0.965 | Time: 5.8s
  GPU Memory: 0.06GB allocated, 0.21GB reserved
Epoch 52/300 | Train Loss: 0.0384 | Val Loss: 0.4646 | Val Gloss Acc: 0.853 | Val Cat Acc: 0.963 | Time: 5.7s
  GPU Memory: 0.06GB allocated, 0.21GB reserved
Epoch 53/300 | Train Loss: 0.0084 | Val Loss: 0.4694 | Val Gloss Acc: 0.861 | Val Cat Acc: 0.951 | Time: 5.9s
  GPU Memory: 0.06GB allocated, 0.21GB reserved
Epoch 54/300 | Train Loss: 0.3901 | Val Loss: 0.6094 | Val Gloss Acc: 0.816 | Val Cat Acc: 0.945 | Time: 5.4s
  GPU Memory: 0.06GB allocated, 0.21GB reserved
Epoch 55/300 | Train Loss: 0.1386 | Val Loss: 0.5616 | Val Gloss Acc: 0.823 | Val Cat Acc: 0.938 | Time: 5.6s
  GPU Memory: 0.06GB allocated, 0.21GB reserved
Epoch 56/300 | Train Loss: 0.0696 | Val Loss: 0.4266 | Val Gloss Acc: 0.862 | Val Cat Acc: 0.958 | Time: 5.4s
  GPU Memory: 0.06GB allocated, 0.21GB reserved
Epoch 57/300 | Train Loss: 0.0428 | Val Loss: 0.4860 | Val Gloss Acc: 0.864 | Val Cat Acc: 0.953 | Time: 5.5s
  GPU Memory: 0.06GB allocated, 0.21GB reserved
Epoch 58/300 | Train Loss: 0.2517 | Val Loss: 0.5484 | Val Gloss Acc: 0.837 | Val Cat Acc: 0.965 | Time: 5.6s
  GPU Memory: 0.06GB allocated, 0.21GB reserved
Epoch 59/300 | Train Loss: 0.0709 | Val Loss: 0.4624 | Val Gloss Acc: 0.863 | Val Cat Acc: 0.956 | Time: 5.0s
  GPU Memory: 0.06GB allocated, 0.21GB reserved
Epoch 60/300 | Train Loss: 0.1233 | Val Loss: 0.4595 | Val Gloss Acc: 0.841 | Val Cat Acc: 0.959 | Time: 5.6s
  GPU Memory: 0.06GB allocated, 0.21GB reserved
Epoch 61/300 | Train Loss: 0.1104 | Val Loss: 0.7335 | Val Gloss Acc: 0.792 | Val Cat Acc: 0.947 | Time: 5.2s
  GPU Memory: 0.06GB allocated, 0.21GB reserved
Epoch 62/300 | Train Loss: 0.1419 | Val Loss: 0.4885 | Val Gloss Acc: 0.849 | Val Cat Acc: 0.965 | Time: 5.3s
  GPU Memory: 0.06GB allocated, 0.21GB reserved
Epoch 63/300 | Train Loss: 0.0036 | Val Loss: 0.4330 | Val Gloss Acc: 0.875 | Val Cat Acc: 0.974 | Time: 5.6s
  GPU Memory: 0.06GB allocated, 0.21GB reserved
Epoch 64/300 | Train Loss: 0.3237 | Val Loss: 0.3803 | Val Gloss Acc: 0.889 | Val Cat Acc: 0.981 | Time: 5.4s
  GPU Memory: 0.06GB allocated, 0.21GB reserved
Epoch 65/300 | Train Loss: 0.0285 | Val Loss: 0.6733 | Val Gloss Acc: 0.808 | Val Cat Acc: 0.944 | Time: 5.0s
  GPU Memory: 0.06GB allocated, 0.21GB reserved
Epoch 66/300 | Train Loss: 0.0740 | Val Loss: 0.4583 | Val Gloss Acc: 0.859 | Val Cat Acc: 0.974 | Time: 5.5s
  GPU Memory: 0.06GB allocated, 0.21GB reserved
Epoch 67/300 | Train Loss: 0.3748 | Val Loss: 0.3767 | Val Gloss Acc: 0.880 | Val Cat Acc: 0.971 | Time: 5.8s
  GPU Memory: 0.06GB allocated, 0.21GB reserved
Epoch 68/300 | Train Loss: 0.0445 | Val Loss: 0.4455 | Val Gloss Acc: 0.867 | Val Cat Acc: 0.975 | Time: 5.2s
  GPU Memory: 0.06GB allocated, 0.21GB reserved
Epoch 69/300 | Train Loss: 0.0878 | Val Loss: 0.4647 | Val Gloss Acc: 0.849 | Val Cat Acc: 0.959 | Time: 5.4s
  GPU Memory: 0.06GB allocated, 0.21GB reserved
Epoch 70/300 | Train Loss: 0.0061 | Val Loss: 0.3963 | Val Gloss Acc: 0.874 | Val Cat Acc: 0.971 | Time: 5.6s
  GPU Memory: 0.06GB allocated, 0.21GB reserved
Epoch 71/300 | Train Loss: 0.0054 | Val Loss: 0.3918 | Val Gloss Acc: 0.877 | Val Cat Acc: 0.983 | Time: 5.3s
  GPU Memory: 0.06GB allocated, 0.21GB reserved
Epoch 72/300 | Train Loss: 0.0232 | Val Loss: 0.3373 | Val Gloss Acc: 0.901 | Val Cat Acc: 0.965 | Time: 5.5s
  GPU Memory: 0.06GB allocated, 0.21GB reserved
Epoch 73/300 | Train Loss: 0.0213 | Val Loss: 0.6331 | Val Gloss Acc: 0.833 | Val Cat Acc: 0.975 | Time: 5.4s
  GPU Memory: 0.06GB allocated, 0.21GB reserved
Epoch 74/300 | Train Loss: 0.0184 | Val Loss: 0.4918 | Val Gloss Acc: 0.858 | Val Cat Acc: 0.952 | Time: 5.2s
  GPU Memory: 0.06GB allocated, 0.21GB reserved
Epoch 75/300 | Train Loss: 0.1001 | Val Loss: 0.4472 | Val Gloss Acc: 0.864 | Val Cat Acc: 0.968 | Time: 5.6s
  GPU Memory: 0.06GB allocated, 0.21GB reserved
Epoch 76/300 | Train Loss: 0.0016 | Val Loss: 0.3973 | Val Gloss Acc: 0.877 | Val Cat Acc: 0.978 | Time: 5.4s
  GPU Memory: 0.06GB allocated, 0.21GB reserved
Epoch 77/300 | Train Loss: 0.0217 | Val Loss: 0.3914 | Val Gloss Acc: 0.880 | Val Cat Acc: 0.975 | Time: 5.6s
  GPU Memory: 0.06GB allocated, 0.21GB reserved
Epoch 78/300 | Train Loss: 0.0896 | Val Loss: 0.4981 | Val Gloss Acc: 0.857 | Val Cat Acc: 0.970 | Time: 5.2s
  GPU Memory: 0.06GB allocated, 0.21GB reserved
Epoch 79/300 | Train Loss: 0.0868 | Val Loss: 0.6374 | Val Gloss Acc: 0.828 | Val Cat Acc: 0.925 | Time: 5.5s
  GPU Memory: 0.06GB allocated, 0.21GB reserved
Epoch 80/300 | Train Loss: 0.0912 | Val Loss: 0.4802 | Val Gloss Acc: 0.868 | Val Cat Acc: 0.953 | Time: 5.4s
  GPU Memory: 0.06GB allocated, 0.21GB reserved
Epoch 81/300 | Train Loss: 0.0079 | Val Loss: 0.5267 | Val Gloss Acc: 0.861 | Val Cat Acc: 0.971 | Time: 5.4s
  GPU Memory: 0.06GB allocated, 0.21GB reserved
Epoch 82/300 | Train Loss: 0.0077 | Val Loss: 0.3595 | Val Gloss Acc: 0.899 | Val Cat Acc: 0.977 | Time: 5.6s
  GPU Memory: 0.06GB allocated, 0.21GB reserved
Epoch 83/300 | Train Loss: 0.0064 | Val Loss: 0.4187 | Val Gloss Acc: 0.889 | Val Cat Acc: 0.978 | Time: 5.4s
  GPU Memory: 0.06GB allocated, 0.21GB reserved
Epoch 84/300 | Train Loss: 0.0266 | Val Loss: 0.3543 | Val Gloss Acc: 0.900 | Val Cat Acc: 0.984 | Time: 5.3s
  GPU Memory: 0.06GB allocated, 0.21GB reserved
Epoch 85/300 | Train Loss: 0.0388 | Val Loss: 0.6430 | Val Gloss Acc: 0.827 | Val Cat Acc: 0.942 | Time: 5.5s
  GPU Memory: 0.06GB allocated, 0.21GB reserved
Epoch 86/300 | Train Loss: 0.0815 | Val Loss: 0.4294 | Val Gloss Acc: 0.864 | Val Cat Acc: 0.978 | Time: 5.2s
  GPU Memory: 0.06GB allocated, 0.21GB reserved
Epoch 87/300 | Train Loss: 0.0080 | Val Loss: 0.3719 | Val Gloss Acc: 0.883 | Val Cat Acc: 0.982 | Time: 5.5s
  GPU Memory: 0.06GB allocated, 0.21GB reserved
Epoch 88/300 | Train Loss: 0.0152 | Val Loss: 0.3718 | Val Gloss Acc: 0.891 | Val Cat Acc: 0.986 | Time: 5.6s
  GPU Memory: 0.06GB allocated, 0.21GB reserved
Epoch 89/300 | Train Loss: 0.0181 | Val Loss: 0.4427 | Val Gloss Acc: 0.862 | Val Cat Acc: 0.971 | Time: 5.5s
  GPU Memory: 0.06GB allocated, 0.21GB reserved
Epoch 90/300 | Train Loss: 0.0177 | Val Loss: 0.6021 | Val Gloss Acc: 0.837 | Val Cat Acc: 0.962 | Time: 5.3s
  GPU Memory: 0.06GB allocated, 0.21GB reserved
Epoch 91/300 | Train Loss: 0.0190 | Val Loss: 0.4007 | Val Gloss Acc: 0.886 | Val Cat Acc: 0.983 | Time: 5.5s
  GPU Memory: 0.06GB allocated, 0.21GB reserved
Epoch 92/300 | Train Loss: 0.1837 | Val Loss: 0.7308 | Val Gloss Acc: 0.802 | Val Cat Acc: 0.930 | Time: 5.5s
  GPU Memory: 0.06GB allocated, 0.21GB reserved
Epoch 93/300 | Train Loss: 0.1281 | Val Loss: 0.4918 | Val Gloss Acc: 0.863 | Val Cat Acc: 0.971 | Time: 5.5s
  GPU Memory: 0.06GB allocated, 0.21GB reserved
Epoch 94/300 | Train Loss: 0.0180 | Val Loss: 0.3313 | Val Gloss Acc: 0.916 | Val Cat Acc: 0.983 | Time: 5.3s
  GPU Memory: 0.06GB allocated, 0.21GB reserved
Epoch 95/300 | Train Loss: 0.0689 | Val Loss: 0.4653 | Val Gloss Acc: 0.877 | Val Cat Acc: 0.975 | Time: 5.5s
  GPU Memory: 0.06GB allocated, 0.21GB reserved
Epoch 96/300 | Train Loss: 0.0065 | Val Loss: 0.4741 | Val Gloss Acc: 0.867 | Val Cat Acc: 0.959 | Time: 5.5s
  GPU Memory: 0.06GB allocated, 0.21GB reserved
Epoch 97/300 | Train Loss: 0.0085 | Val Loss: 0.4984 | Val Gloss Acc: 0.874 | Val Cat Acc: 0.965 | Time: 5.8s
  GPU Memory: 0.06GB allocated, 0.21GB reserved
Epoch 98/300 | Train Loss: 0.0021 | Val Loss: 0.4221 | Val Gloss Acc: 0.883 | Val Cat Acc: 0.976 | Time: 5.8s
  GPU Memory: 0.06GB allocated, 0.21GB reserved
Epoch 99/300 | Train Loss: 0.0208 | Val Loss: 0.6190 | Val Gloss Acc: 0.855 | Val Cat Acc: 0.960 | Time: 5.5s
  GPU Memory: 0.06GB allocated, 0.21GB reserved
Epoch 100/300 | Train Loss: 0.0053 | Val Loss: 0.3340 | Val Gloss Acc: 0.901 | Val Cat Acc: 0.981 | Time: 5.5s
  GPU Memory: 0.06GB allocated, 0.21GB reserved
Epoch 101/300 | Train Loss: 0.0139 | Val Loss: 0.3345 | Val Gloss Acc: 0.915 | Val Cat Acc: 0.984 | Time: 5.4s
  GPU Memory: 0.06GB allocated, 0.21GB reserved
Epoch 102/300 | Train Loss: 0.0046 | Val Loss: 0.3186 | Val Gloss Acc: 0.919 | Val Cat Acc: 0.983 | Time: 5.4s
  GPU Memory: 0.06GB allocated, 0.21GB reserved
Epoch 103/300 | Train Loss: 0.0030 | Val Loss: 0.3871 | Val Gloss Acc: 0.894 | Val Cat Acc: 0.976 | Time: 5.3s
  GPU Memory: 0.06GB allocated, 0.21GB reserved
Epoch 104/300 | Train Loss: 0.0150 | Val Loss: 0.6182 | Val Gloss Acc: 0.843 | Val Cat Acc: 0.978 | Time: 5.7s
  GPU Memory: 0.06GB allocated, 0.21GB reserved
Epoch 105/300 | Train Loss: 0.0275 | Val Loss: 0.5023 | Val Gloss Acc: 0.874 | Val Cat Acc: 0.971 | Time: 5.3s
  GPU Memory: 0.06GB allocated, 0.21GB reserved
Epoch 106/300 | Train Loss: 0.0320 | Val Loss: 0.4591 | Val Gloss Acc: 0.873 | Val Cat Acc: 0.958 | Time: 5.2s
  GPU Memory: 0.06GB allocated, 0.21GB reserved
Epoch 107/300 | Train Loss: 0.0159 | Val Loss: 0.4215 | Val Gloss Acc: 0.885 | Val Cat Acc: 0.980 | Time: 5.6s
  GPU Memory: 0.06GB allocated, 0.21GB reserved
Epoch 108/300 | Train Loss: 0.0006 | Val Loss: 0.3908 | Val Gloss Acc: 0.891 | Val Cat Acc: 0.986 | Time: 5.5s
  GPU Memory: 0.06GB allocated, 0.21GB reserved
Epoch 109/300 | Train Loss: 0.0016 | Val Loss: 0.4723 | Val Gloss Acc: 0.869 | Val Cat Acc: 0.966 | Time: 5.4s
  GPU Memory: 0.06GB allocated, 0.21GB reserved
Epoch 110/300 | Train Loss: 0.0127 | Val Loss: 0.5235 | Val Gloss Acc: 0.867 | Val Cat Acc: 0.963 | Time: 5.5s
  GPU Memory: 0.06GB allocated, 0.21GB reserved
Epoch 111/300 | Train Loss: 0.0090 | Val Loss: 0.3679 | Val Gloss Acc: 0.897 | Val Cat Acc: 0.981 | Time: 5.3s
  GPU Memory: 0.06GB allocated, 0.21GB reserved
Epoch 112/300 | Train Loss: 0.0046 | Val Loss: 0.3388 | Val Gloss Acc: 0.912 | Val Cat Acc: 0.987 | Time: 5.5s
  GPU Memory: 0.06GB allocated, 0.21GB reserved
Epoch 113/300 | Train Loss: 0.0044 | Val Loss: 0.3292 | Val Gloss Acc: 0.918 | Val Cat Acc: 0.989 | Time: 5.4s
  GPU Memory: 0.06GB allocated, 0.21GB reserved
Epoch 114/300 | Train Loss: 0.0004 | Val Loss: 0.3258 | Val Gloss Acc: 0.918 | Val Cat Acc: 0.988 | Time: 5.6s
  GPU Memory: 0.06GB allocated, 0.21GB reserved
Epoch 115/300 | Train Loss: 0.0003 | Val Loss: 0.3194 | Val Gloss Acc: 0.916 | Val Cat Acc: 0.983 | Time: 5.3s
  GPU Memory: 0.06GB allocated, 0.21GB reserved
Epoch 116/300 | Train Loss: 0.0017 | Val Loss: 0.3133 | Val Gloss Acc: 0.909 | Val Cat Acc: 0.983 | Time: 5.6s
  GPU Memory: 0.06GB allocated, 0.21GB reserved
Epoch 117/300 | Train Loss: 0.0054 | Val Loss: 0.3395 | Val Gloss Acc: 0.901 | Val Cat Acc: 0.980 | Time: 5.8s
  GPU Memory: 0.06GB allocated, 0.21GB reserved
Epoch 118/300 | Train Loss: 0.0512 | Val Loss: 0.4279 | Val Gloss Acc: 0.871 | Val Cat Acc: 0.963 | Time: 5.2s
  GPU Memory: 0.06GB allocated, 0.21GB reserved
Epoch 119/300 | Train Loss: 0.0014 | Val Loss: 0.3501 | Val Gloss Acc: 0.894 | Val Cat Acc: 0.984 | Time: 5.4s
  GPU Memory: 0.06GB allocated, 0.21GB reserved
Epoch 120/300 | Train Loss: 0.0040 | Val Loss: 0.4317 | Val Gloss Acc: 0.899 | Val Cat Acc: 0.976 | Time: 5.4s
  GPU Memory: 0.06GB allocated, 0.21GB reserved
Epoch 121/300 | Train Loss: 0.0005 | Val Loss: 0.3146 | Val Gloss Acc: 0.919 | Val Cat Acc: 0.987 | Time: 5.2s
  GPU Memory: 0.06GB allocated, 0.21GB reserved
Epoch 122/300 | Train Loss: 0.0018 | Val Loss: 0.3778 | Val Gloss Acc: 0.898 | Val Cat Acc: 0.982 | Time: 5.4s
  GPU Memory: 0.06GB allocated, 0.21GB reserved
Epoch 123/300 | Train Loss: 0.0020 | Val Loss: 0.3593 | Val Gloss Acc: 0.904 | Val Cat Acc: 0.968 | Time: 5.5s
  GPU Memory: 0.06GB allocated, 0.21GB reserved
Epoch 124/300 | Train Loss: 0.0026 | Val Loss: 0.4104 | Val Gloss Acc: 0.889 | Val Cat Acc: 0.978 | Time: 5.5s
  GPU Memory: 0.06GB allocated, 0.21GB reserved
Epoch 125/300 | Train Loss: 0.0015 | Val Loss: 0.3630 | Val Gloss Acc: 0.919 | Val Cat Acc: 0.987 | Time: 5.1s
  GPU Memory: 0.06GB allocated, 0.21GB reserved
Epoch 126/300 | Train Loss: 0.0009 | Val Loss: 0.3638 | Val Gloss Acc: 0.913 | Val Cat Acc: 0.988 | Time: 5.4s
  GPU Memory: 0.06GB allocated, 0.21GB reserved
Epoch 127/300 | Train Loss: 0.0222 | Val Loss: 0.4677 | Val Gloss Acc: 0.876 | Val Cat Acc: 0.965 | Time: 5.5s
  GPU Memory: 0.06GB allocated, 0.21GB reserved
Epoch 128/300 | Train Loss: 0.0201 | Val Loss: 0.4647 | Val Gloss Acc: 0.868 | Val Cat Acc: 0.970 | Time: 5.6s
  GPU Memory: 0.06GB allocated, 0.21GB reserved
Epoch 129/300 | Train Loss: 0.0034 | Val Loss: 0.3779 | Val Gloss Acc: 0.891 | Val Cat Acc: 0.981 | Time: 5.5s
  GPU Memory: 0.06GB allocated, 0.21GB reserved
Epoch 130/300 | Train Loss: 0.0139 | Val Loss: 0.2980 | Val Gloss Acc: 0.921 | Val Cat Acc: 0.989 | Time: 5.2s
  GPU Memory: 0.06GB allocated, 0.21GB reserved
Epoch 131/300 | Train Loss: 0.0005 | Val Loss: 0.3187 | Val Gloss Acc: 0.912 | Val Cat Acc: 0.980 | Time: 5.3s
  GPU Memory: 0.06GB allocated, 0.21GB reserved
Epoch 132/300 | Train Loss: 0.0011 | Val Loss: 0.2986 | Val Gloss Acc: 0.923 | Val Cat Acc: 0.983 | Time: 5.2s
  GPU Memory: 0.06GB allocated, 0.21GB reserved
Epoch 133/300 | Train Loss: 0.0039 | Val Loss: 0.3230 | Val Gloss Acc: 0.910 | Val Cat Acc: 0.988 | Time: 5.2s
  GPU Memory: 0.06GB allocated, 0.21GB reserved
Epoch 134/300 | Train Loss: 0.0008 | Val Loss: 0.3118 | Val Gloss Acc: 0.915 | Val Cat Acc: 0.986 | Time: 5.4s
  GPU Memory: 0.06GB allocated, 0.21GB reserved
Epoch 135/300 | Train Loss: 0.0010 | Val Loss: 0.3266 | Val Gloss Acc: 0.912 | Val Cat Acc: 0.990 | Time: 5.4s
  GPU Memory: 0.06GB allocated, 0.21GB reserved
Epoch 136/300 | Train Loss: 0.1096 | Val Loss: 0.7006 | Val Gloss Acc: 0.805 | Val Cat Acc: 0.936 | Time: 5.3s
  GPU Memory: 0.06GB allocated, 0.21GB reserved
Epoch 137/300 | Train Loss: 0.0117 | Val Loss: 0.4585 | Val Gloss Acc: 0.871 | Val Cat Acc: 0.971 | Time: 5.4s
  GPU Memory: 0.06GB allocated, 0.21GB reserved
Epoch 138/300 | Train Loss: 0.0181 | Val Loss: 0.4096 | Val Gloss Acc: 0.898 | Val Cat Acc: 0.976 | Time: 5.3s
  GPU Memory: 0.06GB allocated, 0.21GB reserved
Epoch 139/300 | Train Loss: 0.0008 | Val Loss: 0.3255 | Val Gloss Acc: 0.913 | Val Cat Acc: 0.982 | Time: 5.3s
  GPU Memory: 0.06GB allocated, 0.21GB reserved
Epoch 140/300 | Train Loss: 0.0051 | Val Loss: 0.3250 | Val Gloss Acc: 0.906 | Val Cat Acc: 0.981 | Time: 5.5s
  GPU Memory: 0.06GB allocated, 0.21GB reserved
Epoch 141/300 | Train Loss: 0.0026 | Val Loss: 0.3396 | Val Gloss Acc: 0.915 | Val Cat Acc: 0.987 | Time: 5.5s
  GPU Memory: 0.06GB allocated, 0.21GB reserved
Epoch 142/300 | Train Loss: 0.0097 | Val Loss: 0.3023 | Val Gloss Acc: 0.918 | Val Cat Acc: 0.987 | Time: 5.3s
  GPU Memory: 0.06GB allocated, 0.21GB reserved
Epoch 143/300 | Train Loss: 0.0006 | Val Loss: 0.3081 | Val Gloss Acc: 0.921 | Val Cat Acc: 0.984 | Time: 5.4s
  GPU Memory: 0.06GB allocated, 0.21GB reserved
Epoch 144/300 | Train Loss: 0.0032 | Val Loss: 0.3242 | Val Gloss Acc: 0.916 | Val Cat Acc: 0.983 | Time: 5.3s
  GPU Memory: 0.06GB allocated, 0.21GB reserved
Epoch 145/300 | Train Loss: 0.0006 | Val Loss: 0.3139 | Val Gloss Acc: 0.922 | Val Cat Acc: 0.984 | Time: 5.5s
  GPU Memory: 0.06GB allocated, 0.21GB reserved
Epoch 146/300 | Train Loss: 0.0003 | Val Loss: 0.3049 | Val Gloss Acc: 0.923 | Val Cat Acc: 0.987 | Time: 5.6s
  GPU Memory: 0.06GB allocated, 0.21GB reserved
Epoch 147/300 | Train Loss: 0.0025 | Val Loss: 0.3111 | Val Gloss Acc: 0.916 | Val Cat Acc: 0.982 | Time: 6.1s
  GPU Memory: 0.06GB allocated, 0.21GB reserved
Epoch 148/300 | Train Loss: 0.0009 | Val Loss: 0.3066 | Val Gloss Acc: 0.918 | Val Cat Acc: 0.986 | Time: 5.4s
  GPU Memory: 0.06GB allocated, 0.21GB reserved
Epoch 149/300 | Train Loss: 0.0109 | Val Loss: 0.5003 | Val Gloss Acc: 0.868 | Val Cat Acc: 0.975 | Time: 5.3s
  GPU Memory: 0.06GB allocated, 0.21GB reserved
Epoch 150/300 | Train Loss: 0.0046 | Val Loss: 0.3329 | Val Gloss Acc: 0.903 | Val Cat Acc: 0.983 | Time: 5.8s
  GPU Memory: 0.06GB allocated, 0.21GB reserved
Epoch 151/300 | Train Loss: 0.0012 | Val Loss: 0.3307 | Val Gloss Acc: 0.915 | Val Cat Acc: 0.987 | Time: 5.5s
  GPU Memory: 0.06GB allocated, 0.21GB reserved
Epoch 152/300 | Train Loss: 0.0100 | Val Loss: 0.2925 | Val Gloss Acc: 0.923 | Val Cat Acc: 0.986 | Time: 5.6s
  GPU Memory: 0.06GB allocated, 0.21GB reserved
Epoch 153/300 | Train Loss: 0.0045 | Val Loss: 0.3329 | Val Gloss Acc: 0.906 | Val Cat Acc: 0.980 | Time: 5.8s
  GPU Memory: 0.06GB allocated, 0.21GB reserved
Epoch 154/300 | Train Loss: 0.0007 | Val Loss: 0.2545 | Val Gloss Acc: 0.927 | Val Cat Acc: 0.988 | Time: 5.7s
  GPU Memory: 0.06GB allocated, 0.21GB reserved
Epoch 155/300 | Train Loss: 0.0004 | Val Loss: 0.2800 | Val Gloss Acc: 0.925 | Val Cat Acc: 0.987 | Time: 5.4s
  GPU Memory: 0.06GB allocated, 0.21GB reserved
Epoch 156/300 | Train Loss: 0.0002 | Val Loss: 0.2734 | Val Gloss Acc: 0.929 | Val Cat Acc: 0.988 | Time: 5.2s
  GPU Memory: 0.06GB allocated, 0.21GB reserved
Epoch 157/300 | Train Loss: 0.0005 | Val Loss: 0.2963 | Val Gloss Acc: 0.919 | Val Cat Acc: 0.988 | Time: 5.3s
  GPU Memory: 0.06GB allocated, 0.21GB reserved
Epoch 158/300 | Train Loss: 0.0010 | Val Loss: 0.2864 | Val Gloss Acc: 0.923 | Val Cat Acc: 0.990 | Time: 5.5s
  GPU Memory: 0.06GB allocated, 0.21GB reserved
Epoch 159/300 | Train Loss: 0.0328 | Val Loss: 0.4938 | Val Gloss Acc: 0.865 | Val Cat Acc: 0.962 | Time: 5.5s
  GPU Memory: 0.06GB allocated, 0.21GB reserved
Epoch 160/300 | Train Loss: 0.0047 | Val Loss: 0.4871 | Val Gloss Acc: 0.864 | Val Cat Acc: 0.975 | Time: 5.6s
  GPU Memory: 0.06GB allocated, 0.21GB reserved
Epoch 161/300 | Train Loss: 0.0128 | Val Loss: 0.3403 | Val Gloss Acc: 0.910 | Val Cat Acc: 0.980 | Time: 5.6s
  GPU Memory: 0.06GB allocated, 0.21GB reserved
Epoch 162/300 | Train Loss: 0.0003 | Val Loss: 0.3532 | Val Gloss Acc: 0.910 | Val Cat Acc: 0.976 | Time: 5.5s
  GPU Memory: 0.06GB allocated, 0.21GB reserved
Epoch 163/300 | Train Loss: 0.0003 | Val Loss: 0.2911 | Val Gloss Acc: 0.918 | Val Cat Acc: 0.983 | Time: 5.5s
  GPU Memory: 0.06GB allocated, 0.21GB reserved
Epoch 164/300 | Train Loss: 0.0008 | Val Loss: 0.3096 | Val Gloss Acc: 0.913 | Val Cat Acc: 0.983 | Time: 5.5s
  GPU Memory: 0.06GB allocated, 0.21GB reserved
Epoch 165/300 | Train Loss: 0.0010 | Val Loss: 0.3232 | Val Gloss Acc: 0.917 | Val Cat Acc: 0.987 | Time: 5.0s
  GPU Memory: 0.06GB allocated, 0.21GB reserved
Epoch 166/300 | Train Loss: 0.0052 | Val Loss: 0.3777 | Val Gloss Acc: 0.905 | Val Cat Acc: 0.983 | Time: 5.4s
  GPU Memory: 0.06GB allocated, 0.21GB reserved
Epoch 167/300 | Train Loss: 0.0021 | Val Loss: 0.4101 | Val Gloss Acc: 0.889 | Val Cat Acc: 0.972 | Time: 5.3s
  GPU Memory: 0.06GB allocated, 0.21GB reserved
Epoch 168/300 | Train Loss: 0.0017 | Val Loss: 0.3135 | Val Gloss Acc: 0.907 | Val Cat Acc: 0.981 | Time: 5.7s
  GPU Memory: 0.06GB allocated, 0.21GB reserved
Epoch 169/300 | Train Loss: 0.0014 | Val Loss: 0.3276 | Val Gloss Acc: 0.906 | Val Cat Acc: 0.987 | Time: 5.7s
  GPU Memory: 0.06GB allocated, 0.21GB reserved
Epoch 170/300 | Train Loss: 0.0007 | Val Loss: 0.2874 | Val Gloss Acc: 0.915 | Val Cat Acc: 0.981 | Time: 5.4s
  GPU Memory: 0.06GB allocated, 0.21GB reserved
Epoch 171/300 | Train Loss: 0.0003 | Val Loss: 0.2614 | Val Gloss Acc: 0.924 | Val Cat Acc: 0.986 | Time: 5.6s
  GPU Memory: 0.06GB allocated, 0.21GB reserved
Epoch 172/300 | Train Loss: 0.0003 | Val Loss: 0.2625 | Val Gloss Acc: 0.924 | Val Cat Acc: 0.981 | Time: 5.5s
  GPU Memory: 0.06GB allocated, 0.21GB reserved
Epoch 173/300 | Train Loss: 0.0021 | Val Loss: 0.2809 | Val Gloss Acc: 0.918 | Val Cat Acc: 0.982 | Time: 5.4s
  GPU Memory: 0.06GB allocated, 0.21GB reserved
Epoch 174/300 | Train Loss: 0.0012 | Val Loss: 0.5248 | Val Gloss Acc: 0.882 | Val Cat Acc: 0.970 | Time: 5.7s
  GPU Memory: 0.06GB allocated, 0.21GB reserved
Epoch 175/300 | Train Loss: 0.0299 | Val Loss: 0.3880 | Val Gloss Acc: 0.901 | Val Cat Acc: 0.976 | Time: 5.6s
  GPU Memory: 0.06GB allocated, 0.21GB reserved
Epoch 176/300 | Train Loss: 0.0008 | Val Loss: 0.3435 | Val Gloss Acc: 0.911 | Val Cat Acc: 0.974 | Time: 5.8s
  GPU Memory: 0.06GB allocated, 0.21GB reserved
Epoch 177/300 | Train Loss: 0.0010 | Val Loss: 0.3133 | Val Gloss Acc: 0.918 | Val Cat Acc: 0.982 | Time: 5.6s
  GPU Memory: 0.06GB allocated, 0.21GB reserved
Epoch 178/300 | Train Loss: 0.0008 | Val Loss: 0.3230 | Val Gloss Acc: 0.918 | Val Cat Acc: 0.984 | Time: 5.5s
  GPU Memory: 0.06GB allocated, 0.21GB reserved
Epoch 179/300 | Train Loss: 0.0026 | Val Loss: 0.3154 | Val Gloss Acc: 0.922 | Val Cat Acc: 0.982 | Time: 5.4s
  GPU Memory: 0.06GB allocated, 0.21GB reserved
Epoch 180/300 | Train Loss: 0.0002 | Val Loss: 0.3280 | Val Gloss Acc: 0.909 | Val Cat Acc: 0.982 | Time: 5.4s
  GPU Memory: 0.06GB allocated, 0.21GB reserved
Epoch 181/300 | Train Loss: 0.0004 | Val Loss: 0.3015 | Val Gloss Acc: 0.923 | Val Cat Acc: 0.987 | Time: 5.8s
  GPU Memory: 0.06GB allocated, 0.21GB reserved
Epoch 182/300 | Train Loss: 0.0004 | Val Loss: 0.3041 | Val Gloss Acc: 0.934 | Val Cat Acc: 0.984 | Time: 5.5s
  GPU Memory: 0.06GB allocated, 0.21GB reserved
Epoch 183/300 | Train Loss: 0.0007 | Val Loss: 0.3080 | Val Gloss Acc: 0.921 | Val Cat Acc: 0.986 | Time: 5.7s
  GPU Memory: 0.06GB allocated, 0.21GB reserved
Epoch 184/300 | Train Loss: 0.0002 | Val Loss: 0.3175 | Val Gloss Acc: 0.928 | Val Cat Acc: 0.987 | Time: 5.5s
  GPU Memory: 0.06GB allocated, 0.21GB reserved
Epoch 185/300 | Train Loss: 0.0003 | Val Loss: 0.2984 | Val Gloss Acc: 0.927 | Val Cat Acc: 0.990 | Time: 5.2s
  GPU Memory: 0.06GB allocated, 0.21GB reserved
Epoch 186/300 | Train Loss: 0.0014 | Val Loss: 0.3129 | Val Gloss Acc: 0.919 | Val Cat Acc: 0.984 | Time: 5.5s
  GPU Memory: 0.06GB allocated, 0.21GB reserved
Epoch 187/300 | Train Loss: 0.0017 | Val Loss: 0.3776 | Val Gloss Acc: 0.905 | Val Cat Acc: 0.969 | Time: 5.3s
  GPU Memory: 0.06GB allocated, 0.21GB reserved
Epoch 188/300 | Train Loss: 0.0159 | Val Loss: 0.5395 | Val Gloss Acc: 0.861 | Val Cat Acc: 0.959 | Time: 5.2s
  GPU Memory: 0.06GB allocated, 0.21GB reserved
Epoch 189/300 | Train Loss: 0.0042 | Val Loss: 0.3897 | Val Gloss Acc: 0.905 | Val Cat Acc: 0.980 | Time: 5.8s
  GPU Memory: 0.06GB allocated, 0.21GB reserved
Epoch 190/300 | Train Loss: 0.0015 | Val Loss: 0.3172 | Val Gloss Acc: 0.916 | Val Cat Acc: 0.987 | Time: 5.3s
  GPU Memory: 0.06GB allocated, 0.21GB reserved
Epoch 191/300 | Train Loss: 0.0009 | Val Loss: 0.2927 | Val Gloss Acc: 0.924 | Val Cat Acc: 0.982 | Time: 5.6s
  GPU Memory: 0.06GB allocated, 0.21GB reserved
Epoch 192/300 | Train Loss: 0.0012 | Val Loss: 0.2818 | Val Gloss Acc: 0.930 | Val Cat Acc: 0.987 | Time: 5.3s
  GPU Memory: 0.06GB allocated, 0.21GB reserved
Epoch 193/300 | Train Loss: 0.0010 | Val Loss: 0.2859 | Val Gloss Acc: 0.928 | Val Cat Acc: 0.986 | Time: 5.4s
  GPU Memory: 0.06GB allocated, 0.21GB reserved
Epoch 194/300 | Train Loss: 0.0007 | Val Loss: 0.2902 | Val Gloss Acc: 0.930 | Val Cat Acc: 0.987 | Time: 5.6s
  GPU Memory: 0.06GB allocated, 0.21GB reserved
Epoch 195/300 | Train Loss: 0.0026 | Val Loss: 0.2864 | Val Gloss Acc: 0.927 | Val Cat Acc: 0.986 | Time: 5.6s
  GPU Memory: 0.06GB allocated, 0.21GB reserved
Epoch 196/300 | Train Loss: 0.0006 | Val Loss: 0.2702 | Val Gloss Acc: 0.933 | Val Cat Acc: 0.988 | Time: 5.6s
  GPU Memory: 0.06GB allocated, 0.21GB reserved
Epoch 197/300 | Train Loss: 0.0002 | Val Loss: 0.2869 | Val Gloss Acc: 0.931 | Val Cat Acc: 0.987 | Time: 5.4s
  GPU Memory: 0.06GB allocated, 0.21GB reserved
Epoch 198/300 | Train Loss: 0.0003 | Val Loss: 0.2655 | Val Gloss Acc: 0.936 | Val Cat Acc: 0.988 | Time: 5.6s
  GPU Memory: 0.06GB allocated, 0.21GB reserved
Epoch 199/300 | Train Loss: 0.0102 | Val Loss: 0.3145 | Val Gloss Acc: 0.919 | Val Cat Acc: 0.983 | Time: 5.6s
  GPU Memory: 0.06GB allocated, 0.21GB reserved
Epoch 200/300 | Train Loss: 0.0008 | Val Loss: 0.2741 | Val Gloss Acc: 0.929 | Val Cat Acc: 0.987 | Time: 5.5s
  GPU Memory: 0.06GB allocated, 0.21GB reserved
Epoch 201/300 | Train Loss: 0.0018 | Val Loss: 0.2933 | Val Gloss Acc: 0.924 | Val Cat Acc: 0.983 | Time: 5.3s
  GPU Memory: 0.06GB allocated, 0.21GB reserved
Epoch 202/300 | Train Loss: 0.0004 | Val Loss: 0.2745 | Val Gloss Acc: 0.925 | Val Cat Acc: 0.983 | Time: 5.2s
  GPU Memory: 0.06GB allocated, 0.21GB reserved
Epoch 203/300 | Train Loss: 0.0009 | Val Loss: 0.2563 | Val Gloss Acc: 0.934 | Val Cat Acc: 0.984 | Time: 5.2s
  GPU Memory: 0.06GB allocated, 0.21GB reserved
Epoch 204/300 | Train Loss: 0.0006 | Val Loss: 0.2755 | Val Gloss Acc: 0.928 | Val Cat Acc: 0.986 | Time: 5.4s
  GPU Memory: 0.06GB allocated, 0.21GB reserved
Epoch 205/300 | Train Loss: 0.0017 | Val Loss: 0.3375 | Val Gloss Acc: 0.917 | Val Cat Acc: 0.978 | Time: 5.7s
  GPU Memory: 0.06GB allocated, 0.21GB reserved
Epoch 206/300 | Train Loss: 0.0084 | Val Loss: 0.3758 | Val Gloss Acc: 0.903 | Val Cat Acc: 0.976 | Time: 5.5s
  GPU Memory: 0.06GB allocated, 0.21GB reserved
Epoch 207/300 | Train Loss: 0.0020 | Val Loss: 0.4056 | Val Gloss Acc: 0.891 | Val Cat Acc: 0.966 | Time: 5.5s
  GPU Memory: 0.06GB allocated, 0.21GB reserved
Epoch 208/300 | Train Loss: 0.0016 | Val Loss: 0.2930 | Val Gloss Acc: 0.928 | Val Cat Acc: 0.987 | Time: 5.6s
  GPU Memory: 0.06GB allocated, 0.21GB reserved
Epoch 209/300 | Train Loss: 0.0007 | Val Loss: 0.2672 | Val Gloss Acc: 0.929 | Val Cat Acc: 0.984 | Time: 5.4s
  GPU Memory: 0.06GB allocated, 0.21GB reserved
Epoch 210/300 | Train Loss: 0.0004 | Val Loss: 0.2598 | Val Gloss Acc: 0.929 | Val Cat Acc: 0.988 | Time: 5.5s
  GPU Memory: 0.06GB allocated, 0.21GB reserved
Epoch 211/300 | Train Loss: 0.0028 | Val Loss: 0.2669 | Val Gloss Acc: 0.933 | Val Cat Acc: 0.987 | Time: 5.6s
  GPU Memory: 0.06GB allocated, 0.21GB reserved
Epoch 212/300 | Train Loss: 0.0022 | Val Loss: 0.2714 | Val Gloss Acc: 0.933 | Val Cat Acc: 0.987 | Time: 5.5s
  GPU Memory: 0.06GB allocated, 0.21GB reserved
Epoch 213/300 | Train Loss: 0.0002 | Val Loss: 0.2670 | Val Gloss Acc: 0.934 | Val Cat Acc: 0.989 | Time: 5.5s
  GPU Memory: 0.06GB allocated, 0.21GB reserved
Epoch 214/300 | Train Loss: 0.0037 | Val Loss: 0.3338 | Val Gloss Acc: 0.915 | Val Cat Acc: 0.982 | Time: 5.5s
  GPU Memory: 0.06GB allocated, 0.21GB reserved
Epoch 215/300 | Train Loss: 0.0007 | Val Loss: 0.2807 | Val Gloss Acc: 0.925 | Val Cat Acc: 0.987 | Time: 5.3s
  GPU Memory: 0.06GB allocated, 0.21GB reserved
Epoch 216/300 | Train Loss: 0.0006 | Val Loss: 0.2715 | Val Gloss Acc: 0.933 | Val Cat Acc: 0.990 | Time: 5.8s
  GPU Memory: 0.06GB allocated, 0.21GB reserved
Epoch 217/300 | Train Loss: 0.0005 | Val Loss: 0.2689 | Val Gloss Acc: 0.933 | Val Cat Acc: 0.987 | Time: 5.4s
  GPU Memory: 0.06GB allocated, 0.21GB reserved
Epoch 218/300 | Train Loss: 0.0004 | Val Loss: 0.2681 | Val Gloss Acc: 0.930 | Val Cat Acc: 0.988 | Time: 5.3s
  GPU Memory: 0.06GB allocated, 0.21GB reserved
Epoch 219/300 | Train Loss: 0.0013 | Val Loss: 0.2600 | Val Gloss Acc: 0.934 | Val Cat Acc: 0.988 | Time: 5.4s
  GPU Memory: 0.06GB allocated, 0.21GB reserved
Epoch 220/300 | Train Loss: 0.0019 | Val Loss: 0.2569 | Val Gloss Acc: 0.929 | Val Cat Acc: 0.989 | Time: 5.5s
  GPU Memory: 0.06GB allocated, 0.21GB reserved
Epoch 221/300 | Train Loss: 0.0006 | Val Loss: 0.2665 | Val Gloss Acc: 0.933 | Val Cat Acc: 0.990 | Time: 5.2s
  GPU Memory: 0.06GB allocated, 0.21GB reserved
Epoch 222/300 | Train Loss: 0.0004 | Val Loss: 0.2630 | Val Gloss Acc: 0.934 | Val Cat Acc: 0.992 | Time: 5.5s
  GPU Memory: 0.06GB allocated, 0.21GB reserved
Epoch 223/300 | Train Loss: 0.0004 | Val Loss: 0.2785 | Val Gloss Acc: 0.927 | Val Cat Acc: 0.988 | Time: 5.6s
  GPU Memory: 0.06GB allocated, 0.21GB reserved
Epoch 224/300 | Train Loss: 0.0009 | Val Loss: 0.3071 | Val Gloss Acc: 0.916 | Val Cat Acc: 0.984 | Time: 5.5s
  GPU Memory: 0.06GB allocated, 0.21GB reserved
Epoch 225/300 | Train Loss: 0.0052 | Val Loss: 0.2678 | Val Gloss Acc: 0.931 | Val Cat Acc: 0.989 | Time: 5.7s
  GPU Memory: 0.06GB allocated, 0.21GB reserved
Epoch 226/300 | Train Loss: 0.0005 | Val Loss: 0.2745 | Val Gloss Acc: 0.934 | Val Cat Acc: 0.988 | Time: 5.6s
  GPU Memory: 0.06GB allocated, 0.21GB reserved
Epoch 227/300 | Train Loss: 0.0008 | Val Loss: 0.2743 | Val Gloss Acc: 0.935 | Val Cat Acc: 0.988 | Time: 5.5s
  GPU Memory: 0.06GB allocated, 0.21GB reserved
Epoch 228/300 | Train Loss: 0.0018 | Val Loss: 0.2899 | Val Gloss Acc: 0.923 | Val Cat Acc: 0.984 | Time: 5.6s
  GPU Memory: 0.06GB allocated, 0.21GB reserved
Epoch 229/300 | Train Loss: 0.0070 | Val Loss: 0.3002 | Val Gloss Acc: 0.924 | Val Cat Acc: 0.983 | Time: 5.7s
  GPU Memory: 0.06GB allocated, 0.21GB reserved
Epoch 230/300 | Train Loss: 0.0008 | Val Loss: 0.2549 | Val Gloss Acc: 0.936 | Val Cat Acc: 0.988 | Time: 5.6s
  GPU Memory: 0.06GB allocated, 0.21GB reserved
Epoch 231/300 | Train Loss: 0.0010 | Val Loss: 0.2479 | Val Gloss Acc: 0.934 | Val Cat Acc: 0.989 | Time: 5.5s
  GPU Memory: 0.06GB allocated, 0.21GB reserved
Epoch 232/300 | Train Loss: 0.0016 | Val Loss: 0.2664 | Val Gloss Acc: 0.934 | Val Cat Acc: 0.987 | Time: 5.5s
  GPU Memory: 0.06GB allocated, 0.21GB reserved
Epoch 233/300 | Train Loss: 0.0005 | Val Loss: 0.2529 | Val Gloss Acc: 0.933 | Val Cat Acc: 0.984 | Time: 5.8s
  GPU Memory: 0.06GB allocated, 0.21GB reserved
Epoch 234/300 | Train Loss: 0.0064 | Val Loss: 0.2769 | Val Gloss Acc: 0.923 | Val Cat Acc: 0.989 | Time: 5.6s
  GPU Memory: 0.06GB allocated, 0.21GB reserved
Epoch 235/300 | Train Loss: 0.0008 | Val Loss: 0.2718 | Val Gloss Acc: 0.935 | Val Cat Acc: 0.986 | Time: 5.5s
  GPU Memory: 0.06GB allocated, 0.21GB reserved
Epoch 236/300 | Train Loss: 0.0012 | Val Loss: 0.2648 | Val Gloss Acc: 0.931 | Val Cat Acc: 0.984 | Time: 7.1s
  GPU Memory: 0.06GB allocated, 0.21GB reserved
Epoch 237/300 | Train Loss: 0.0002 | Val Loss: 0.2655 | Val Gloss Acc: 0.930 | Val Cat Acc: 0.989 | Time: 5.9s
  GPU Memory: 0.06GB allocated, 0.21GB reserved
Epoch 238/300 | Train Loss: 0.0004 | Val Loss: 0.2478 | Val Gloss Acc: 0.934 | Val Cat Acc: 0.988 | Time: 5.3s
  GPU Memory: 0.06GB allocated, 0.21GB reserved
Epoch 239/300 | Train Loss: 0.0003 | Val Loss: 0.2553 | Val Gloss Acc: 0.934 | Val Cat Acc: 0.987 | Time: 6.0s
  GPU Memory: 0.06GB allocated, 0.21GB reserved
Epoch 240/300 | Train Loss: 0.0082 | Val Loss: 0.2474 | Val Gloss Acc: 0.941 | Val Cat Acc: 0.987 | Time: 5.4s
  GPU Memory: 0.06GB allocated, 0.21GB reserved
Epoch 241/300 | Train Loss: 0.0009 | Val Loss: 0.2550 | Val Gloss Acc: 0.939 | Val Cat Acc: 0.988 | Time: 5.7s
  GPU Memory: 0.06GB allocated, 0.21GB reserved
Epoch 242/300 | Train Loss: 0.0005 | Val Loss: 0.2515 | Val Gloss Acc: 0.941 | Val Cat Acc: 0.989 | Time: 5.5s
  GPU Memory: 0.06GB allocated, 0.21GB reserved
Epoch 243/300 | Train Loss: 0.0011 | Val Loss: 0.2443 | Val Gloss Acc: 0.938 | Val Cat Acc: 0.988 | Time: 5.5s
  GPU Memory: 0.06GB allocated, 0.21GB reserved
Epoch 244/300 | Train Loss: 0.0079 | Val Loss: 0.2949 | Val Gloss Acc: 0.910 | Val Cat Acc: 0.987 | Time: 5.6s
  GPU Memory: 0.06GB allocated, 0.21GB reserved
Epoch 245/300 | Train Loss: 0.0077 | Val Loss: 0.2676 | Val Gloss Acc: 0.928 | Val Cat Acc: 0.987 | Time: 5.7s
  GPU Memory: 0.06GB allocated, 0.21GB reserved
Epoch 246/300 | Train Loss: 0.0011 | Val Loss: 0.2510 | Val Gloss Acc: 0.935 | Val Cat Acc: 0.987 | Time: 5.5s
  GPU Memory: 0.06GB allocated, 0.21GB reserved
Epoch 247/300 | Train Loss: 0.0006 | Val Loss: 0.2517 | Val Gloss Acc: 0.942 | Val Cat Acc: 0.987 | Time: 5.3s
  GPU Memory: 0.06GB allocated, 0.21GB reserved
Epoch 248/300 | Train Loss: 0.0013 | Val Loss: 0.2520 | Val Gloss Acc: 0.940 | Val Cat Acc: 0.987 | Time: 5.7s
  GPU Memory: 0.06GB allocated, 0.21GB reserved
Epoch 249/300 | Train Loss: 0.0047 | Val Loss: 0.2508 | Val Gloss Acc: 0.936 | Val Cat Acc: 0.988 | Time: 5.5s
  GPU Memory: 0.06GB allocated, 0.21GB reserved
Epoch 250/300 | Train Loss: 0.0002 | Val Loss: 0.2706 | Val Gloss Acc: 0.934 | Val Cat Acc: 0.986 | Time: 5.5s
  GPU Memory: 0.06GB allocated, 0.21GB reserved
Epoch 251/300 | Train Loss: 0.0001 | Val Loss: 0.2525 | Val Gloss Acc: 0.936 | Val Cat Acc: 0.987 | Time: 5.6s
  GPU Memory: 0.06GB allocated, 0.21GB reserved
Epoch 252/300 | Train Loss: 0.0013 | Val Loss: 0.2567 | Val Gloss Acc: 0.935 | Val Cat Acc: 0.987 | Time: 5.5s
  GPU Memory: 0.06GB allocated, 0.21GB reserved
Epoch 253/300 | Train Loss: 0.0008 | Val Loss: 0.2728 | Val Gloss Acc: 0.929 | Val Cat Acc: 0.988 | Time: 5.6s
  GPU Memory: 0.06GB allocated, 0.21GB reserved
Epoch 254/300 | Train Loss: 0.0014 | Val Loss: 0.2554 | Val Gloss Acc: 0.934 | Val Cat Acc: 0.988 | Time: 5.5s
  GPU Memory: 0.06GB allocated, 0.21GB reserved
Epoch 255/300 | Train Loss: 0.0040 | Val Loss: 0.2559 | Val Gloss Acc: 0.931 | Val Cat Acc: 0.987 | Time: 5.4s
  GPU Memory: 0.06GB allocated, 0.21GB reserved
Epoch 256/300 | Train Loss: 0.0025 | Val Loss: 0.2562 | Val Gloss Acc: 0.938 | Val Cat Acc: 0.986 | Time: 5.5s
  GPU Memory: 0.06GB allocated, 0.21GB reserved
Epoch 257/300 | Train Loss: 0.0003 | Val Loss: 0.2620 | Val Gloss Acc: 0.938 | Val Cat Acc: 0.987 | Time: 5.6s
  GPU Memory: 0.06GB allocated, 0.21GB reserved
Epoch 258/300 | Train Loss: 0.0017 | Val Loss: 0.2575 | Val Gloss Acc: 0.938 | Val Cat Acc: 0.988 | Time: 5.6s
  GPU Memory: 0.06GB allocated, 0.21GB reserved
Epoch 259/300 | Train Loss: 0.0109 | Val Loss: 0.2534 | Val Gloss Acc: 0.938 | Val Cat Acc: 0.986 | Time: 5.6s
  GPU Memory: 0.06GB allocated, 0.21GB reserved
Epoch 260/300 | Train Loss: 0.0007 | Val Loss: 0.2593 | Val Gloss Acc: 0.934 | Val Cat Acc: 0.987 | Time: 5.4s
  GPU Memory: 0.06GB allocated, 0.21GB reserved
Epoch 261/300 | Train Loss: 0.0011 | Val Loss: 0.2737 | Val Gloss Acc: 0.928 | Val Cat Acc: 0.990 | Time: 5.6s
  GPU Memory: 0.06GB allocated, 0.21GB reserved
Epoch 262/300 | Train Loss: 0.0008 | Val Loss: 0.2650 | Val Gloss Acc: 0.936 | Val Cat Acc: 0.987 | Time: 5.6s
  GPU Memory: 0.06GB allocated, 0.21GB reserved
Epoch 263/300 | Train Loss: 0.0017 | Val Loss: 0.2620 | Val Gloss Acc: 0.936 | Val Cat Acc: 0.986 | Time: 5.3s
  GPU Memory: 0.06GB allocated, 0.21GB reserved
Epoch 264/300 | Train Loss: 0.0007 | Val Loss: 0.2655 | Val Gloss Acc: 0.936 | Val Cat Acc: 0.984 | Time: 5.5s
  GPU Memory: 0.06GB allocated, 0.21GB reserved
Epoch 265/300 | Train Loss: 0.0012 | Val Loss: 0.2614 | Val Gloss Acc: 0.936 | Val Cat Acc: 0.986 | Time: 5.5s
  GPU Memory: 0.06GB allocated, 0.21GB reserved
Epoch 266/300 | Train Loss: 0.0011 | Val Loss: 0.2641 | Val Gloss Acc: 0.940 | Val Cat Acc: 0.988 | Time: 5.2s
  GPU Memory: 0.06GB allocated, 0.21GB reserved
Epoch 267/300 | Train Loss: 0.0009 | Val Loss: 0.2608 | Val Gloss Acc: 0.939 | Val Cat Acc: 0.987 | Time: 5.6s
  GPU Memory: 0.06GB allocated, 0.21GB reserved
Epoch 268/300 | Train Loss: 0.0010 | Val Loss: 0.2527 | Val Gloss Acc: 0.936 | Val Cat Acc: 0.987 | Time: 5.5s
  GPU Memory: 0.06GB allocated, 0.21GB reserved
Epoch 269/300 | Train Loss: 0.0011 | Val Loss: 0.2533 | Val Gloss Acc: 0.939 | Val Cat Acc: 0.986 | Time: 5.4s
  GPU Memory: 0.06GB allocated, 0.21GB reserved
Epoch 270/300 | Train Loss: 0.0013 | Val Loss: 0.2776 | Val Gloss Acc: 0.930 | Val Cat Acc: 0.986 | Time: 5.5s
  GPU Memory: 0.06GB allocated, 0.21GB reserved
Epoch 271/300 | Train Loss: 0.0010 | Val Loss: 0.2552 | Val Gloss Acc: 0.933 | Val Cat Acc: 0.988 | Time: 5.7s
  GPU Memory: 0.06GB allocated, 0.21GB reserved
Epoch 272/300 | Train Loss: 0.0008 | Val Loss: 0.2548 | Val Gloss Acc: 0.933 | Val Cat Acc: 0.987 | Time: 5.4s
  GPU Memory: 0.06GB allocated, 0.21GB reserved
Epoch 273/300 | Train Loss: 0.0010 | Val Loss: 0.2513 | Val Gloss Acc: 0.934 | Val Cat Acc: 0.986 | Time: 5.6s
  GPU Memory: 0.06GB allocated, 0.21GB reserved
Epoch 274/300 | Train Loss: 0.0020 | Val Loss: 0.2599 | Val Gloss Acc: 0.934 | Val Cat Acc: 0.987 | Time: 5.5s
  GPU Memory: 0.06GB allocated, 0.21GB reserved
Epoch 275/300 | Train Loss: 0.0006 | Val Loss: 0.2556 | Val Gloss Acc: 0.931 | Val Cat Acc: 0.986 | Time: 5.2s
  GPU Memory: 0.06GB allocated, 0.21GB reserved
Epoch 276/300 | Train Loss: 0.0006 | Val Loss: 0.2557 | Val Gloss Acc: 0.930 | Val Cat Acc: 0.986 | Time: 5.7s
  GPU Memory: 0.06GB allocated, 0.21GB reserved
Epoch 277/300 | Train Loss: 0.0005 | Val Loss: 0.2641 | Val Gloss Acc: 0.929 | Val Cat Acc: 0.990 | Time: 5.5s
  GPU Memory: 0.06GB allocated, 0.21GB reserved
Epoch 278/300 | Train Loss: 0.0007 | Val Loss: 0.2580 | Val Gloss Acc: 0.930 | Val Cat Acc: 0.989 | Time: 5.0s
  GPU Memory: 0.06GB allocated, 0.21GB reserved
Epoch 279/300 | Train Loss: 0.0004 | Val Loss: 0.2572 | Val Gloss Acc: 0.931 | Val Cat Acc: 0.987 | Time: 5.4s
  GPU Memory: 0.06GB allocated, 0.21GB reserved
Epoch 280/300 | Train Loss: 0.0008 | Val Loss: 0.2576 | Val Gloss Acc: 0.931 | Val Cat Acc: 0.987 | Time: 5.5s
  GPU Memory: 0.06GB allocated, 0.21GB reserved
Epoch 281/300 | Train Loss: 0.0008 | Val Loss: 0.2530 | Val Gloss Acc: 0.931 | Val Cat Acc: 0.987 | Time: 5.4s
  GPU Memory: 0.06GB allocated, 0.21GB reserved
Epoch 282/300 | Train Loss: 0.0005 | Val Loss: 0.2573 | Val Gloss Acc: 0.931 | Val Cat Acc: 0.987 | Time: 5.2s
  GPU Memory: 0.06GB allocated, 0.21GB reserved
Epoch 283/300 | Train Loss: 0.0011 | Val Loss: 0.2565 | Val Gloss Acc: 0.930 | Val Cat Acc: 0.986 | Time: 5.5s
  GPU Memory: 0.06GB allocated, 0.21GB reserved
Epoch 284/300 | Train Loss: 0.0008 | Val Loss: 0.2528 | Val Gloss Acc: 0.931 | Val Cat Acc: 0.987 | Time: 5.7s
  GPU Memory: 0.06GB allocated, 0.21GB reserved
Epoch 285/300 | Train Loss: 0.0024 | Val Loss: 0.2557 | Val Gloss Acc: 0.930 | Val Cat Acc: 0.986 | Time: 5.5s
  GPU Memory: 0.06GB allocated, 0.21GB reserved
Epoch 286/300 | Train Loss: 0.0012 | Val Loss: 0.2554 | Val Gloss Acc: 0.933 | Val Cat Acc: 0.988 | Time: 5.4s
  GPU Memory: 0.06GB allocated, 0.21GB reserved
Epoch 287/300 | Train Loss: 0.0008 | Val Loss: 0.2508 | Val Gloss Acc: 0.930 | Val Cat Acc: 0.987 | Time: 5.2s
  GPU Memory: 0.06GB allocated, 0.21GB reserved
Epoch 288/300 | Train Loss: 0.0010 | Val Loss: 0.2537 | Val Gloss Acc: 0.930 | Val Cat Acc: 0.986 | Time: 5.6s
  GPU Memory: 0.06GB allocated, 0.21GB reserved
Epoch 289/300 | Train Loss: 0.0005 | Val Loss: 0.2518 | Val Gloss Acc: 0.933 | Val Cat Acc: 0.986 | Time: 5.5s
  GPU Memory: 0.06GB allocated, 0.21GB reserved
Epoch 290/300 | Train Loss: 0.0029 | Val Loss: 0.2507 | Val Gloss Acc: 0.930 | Val Cat Acc: 0.988 | Time: 5.3s
  GPU Memory: 0.06GB allocated, 0.21GB reserved
Epoch 291/300 | Train Loss: 0.0007 | Val Loss: 0.2527 | Val Gloss Acc: 0.931 | Val Cat Acc: 0.984 | Time: 5.4s
  GPU Memory: 0.06GB allocated, 0.21GB reserved
Epoch 292/300 | Train Loss: 0.0012 | Val Loss: 0.2542 | Val Gloss Acc: 0.934 | Val Cat Acc: 0.987 | Time: 5.5s
  GPU Memory: 0.06GB allocated, 0.21GB reserved
Epoch 293/300 | Train Loss: 0.0017 | Val Loss: 0.2522 | Val Gloss Acc: 0.934 | Val Cat Acc: 0.986 | Time: 5.5s
  GPU Memory: 0.06GB allocated, 0.21GB reserved
Epoch 294/300 | Train Loss: 0.0020 | Val Loss: 0.2513 | Val Gloss Acc: 0.934 | Val Cat Acc: 0.986 | Time: 5.5s
  GPU Memory: 0.06GB allocated, 0.21GB reserved
Epoch 295/300 | Train Loss: 0.0022 | Val Loss: 0.2489 | Val Gloss Acc: 0.935 | Val Cat Acc: 0.987 | Time: 5.3s
  GPU Memory: 0.06GB allocated, 0.21GB reserved
Epoch 296/300 | Train Loss: 0.0006 | Val Loss: 0.2563 | Val Gloss Acc: 0.934 | Val Cat Acc: 0.988 | Time: 5.6s
  GPU Memory: 0.06GB allocated, 0.21GB reserved
Epoch 297/300 | Train Loss: 0.0009 | Val Loss: 0.2530 | Val Gloss Acc: 0.933 | Val Cat Acc: 0.987 | Time: 5.2s
  GPU Memory: 0.06GB allocated, 0.21GB reserved
Early stopping triggered after 297 epochs. Best gloss acc: 0.9423
------------------------------------------------------------
Training completed!

============================================================
Training completed - 2025-10-09 06:58:11
Log saved to: trained_models/transformer/cmb_combined_features/training_20251009_063051.log
============================================================
