============================================================
TRAINING LOG - 2025-10-22 14:59:38
============================================================
Console output will be saved to: trained_models/iv3_gru/greetings_classification/training_20251022_145938.log
Metrics CSV will be saved to: trained_models/iv3_gru/greetings_classification/training_20251022_145938_metrics.csv

Using device: cuda
CUDA device: NVIDIA GeForce RTX 5070 Ti
CUDA memory: 16.6 GB
CUDA compute capability: 12.0
CUDA multiprocessors: 70
CUDA memory allocated: 0.00 GB
CUDA memory cached: 0.00 GB

============================================================
DATA LOADING
============================================================
✓ Loaded data successfully
  - Dataset type: IV3-GRU Features
  - Training folder: data/processed/greetings_train
  - Validation folder: data/processed/greetings_val
  - Feature key: X2048
  - Gloss classes: 10
  - Category classes: 1

============================================================
DATASET PREPARATION
============================================================
✓ Created datasets and data loaders
  - Batch size: 32
  - Training batches: 31
  - Validation batches: 8
  - Data augmentation: Enabled (noise_std=0.0015, mask_prob=0.04)
  - Training dataset size: 970 samples
  - Validation dataset size: 246 samples
  - Data format: [T, 2048] features

============================================================
MODEL SELECTION
============================================================
Available models:
Classification models (isolated signs):
  - transformer: Multi-head attention transformer (keypoints)
  - mediapipe_gru: Lightweight GRU (keypoints, mobile-friendly)
  - iv3_gru: InceptionV3 + GRU hybrid (features, offline baseline)
CTC models (continuous recognition):
  - transformer_ctc: Transformer with CTC (keypoints)
  - mediapipe_gru_ctc: Lightweight GRU with CTC (keypoints)
  - iv3_gru_ctc: InceptionV3 + GRU with CTC (features, offline baseline)
Downloading: "https://download.pytorch.org/models/inception_v3_google-0cc3c7bd.pth" to /root/.cache/torch/hub/checkpoints/inception_v3_google-0cc3c7bd.pth
✓ Using InceptionV3GRU model

================================================================================
COMPREHENSIVE TRAINING CONFIGURATION
================================================================================
Session Information:
  - Start time: 2025-10-22 14:59:40
  - Working directory: /workspace/fslr-transformer-vs-iv3gru
  - Command: /workspace/fslr-transformer-vs-iv3gru/training/train.py --model iv3_gru --training-mode classification --epochs 300 --batch-size 32 --lr 0.0005 --num-gloss 10 --num-cat 1 --alpha 0.8 --beta 0.2 --features-train data/processed/greetings_train --features-val data/processed/greetings_val --labels-train-csv data/processed/greetings_train.csv --labels-val-csv data/processed/greetings_val.csv --feature-key X2048 --hidden1 30 --hidden2 22 --dropout 0.22 --no-freeze-backbone --amp --augment --augment-noise-std 0.0015 --augment-mask-prob 0.04 --augment-mask-ratio 0.04 --scheduler plateau --scheduler-patience 15 --early-stop 120 --weight-decay 3e-5 --label-smoothing 0.1 --output-dir trained_models/iv3_gru/greetings_classification

System Information:
  - Platform: Linux-6.8.0-78-generic-x86_64-with-glibc2.39
  - Python version: 3.12.11 | packaged by conda-forge | (main, Jun  4 2025, 14:45:31) [GCC 13.3.0]
  - PyTorch version: 2.9.0+cu128
  - CUDA version: 12.8
  - cuDNN version: 91002
  - NumPy version: 2.2.6

Core Training Parameters:
  - Model: iv3_gru
  - Epochs: 300
  - Batch size: 32
  - Learning rate: 0.0005
  - Weight decay: 3e-05
  - Gradient clipping: None
  - Loss weights - Alpha: 0.8, Beta: 0.2

Curriculum Training: Disabled

Loss Weighting Parameters:
  - Strategy: static
  - Alpha: 0.8
  - Beta: 0.2

IV3-GRU Model Parameters:
  - Hidden1: 30
  - Hidden2: 22
  - Dropout: 0.22
  - Pretrained backbone: True
  - Freeze backbone: False

Data Configuration:
  - Gloss classes: 10
  - Category classes: 1
  - Data source: Real data files
  - Training folder: data/processed/greetings_train
  - Validation folder: data/processed/greetings_val
  - Feature key: X2048

Training Control:
  - Scheduler: plateau
  - Scheduler patience: 15
  - Early stopping: 120
  - Resume from: None

Performance Settings:
  - AMP (Mixed Precision): True
  - Model compilation: False
  - Gradient accumulation steps: 1
  - DataLoader workers: 0
  - Auto workers: False
  - Pin memory: False
  - Prefetch factor: None

Reproducibility:
  - Random seed: 42
  - Deterministic mode: False

Output Configuration:
  - Checkpoint directory: trained_models/iv3_gru/greetings_classification
  - CSV log file: trained_models/iv3_gru/greetings_classification/training_20251022_145938_metrics.csv

Model Information:
  - Model type: InceptionV3GRU
  - Total parameters: 25,303,281
  - Trainable parameters: 25,303,281
  - Model size: 96.5 MB
================================================================================

============================================================
TRAINING START
============================================================
Training mode: Classification (Isolated Sign Recognition)
✓ Loss weighting strategy: static
✓ Using standard CrossEntropy Loss
Training Configuration:
  - Gradient accumulation steps: 1
  - AMP enabled: True
  - Model compiled: False
  - CUDA memory before training: 0.10 GB
✓ Using ReduceLROnPlateau scheduler (patience=15)
Training for 300 epochs...
Loss weights - Gloss: 0.8, Category: 0.2
------------------------------------------------------------
Epoch  1/300 | Train Loss: 1.8394 | Val Loss: 1.8426 | Val Gloss Acc: 0.089 | Val Cat Acc: 1.000 | Time: 6.0s
  GPU Memory: 0.12GB allocated, 0.40GB reserved
Epoch  2/300 | Train Loss: 1.8122 | Val Loss: 1.8100 | Val Gloss Acc: 0.142 | Val Cat Acc: 1.000 | Time: 5.6s
  GPU Memory: 0.12GB allocated, 0.40GB reserved
Epoch  3/300 | Train Loss: 1.8074 | Val Loss: 1.7827 | Val Gloss Acc: 0.236 | Val Cat Acc: 1.000 | Time: 5.6s
  GPU Memory: 0.12GB allocated, 0.40GB reserved
Epoch  4/300 | Train Loss: 1.6872 | Val Loss: 1.7216 | Val Gloss Acc: 0.232 | Val Cat Acc: 1.000 | Time: 5.5s
  GPU Memory: 0.12GB allocated, 0.40GB reserved
Epoch  5/300 | Train Loss: 1.6173 | Val Loss: 1.6673 | Val Gloss Acc: 0.305 | Val Cat Acc: 1.000 | Time: 5.6s
  GPU Memory: 0.12GB allocated, 0.40GB reserved
Epoch  6/300 | Train Loss: 1.5768 | Val Loss: 1.5817 | Val Gloss Acc: 0.354 | Val Cat Acc: 1.000 | Time: 5.5s
  GPU Memory: 0.12GB allocated, 0.40GB reserved
Epoch  7/300 | Train Loss: 1.4450 | Val Loss: 1.4571 | Val Gloss Acc: 0.484 | Val Cat Acc: 1.000 | Time: 5.5s
  GPU Memory: 0.12GB allocated, 0.40GB reserved
Epoch  8/300 | Train Loss: 1.1960 | Val Loss: 1.3737 | Val Gloss Acc: 0.476 | Val Cat Acc: 1.000 | Time: 5.5s
  GPU Memory: 0.12GB allocated, 0.40GB reserved
Epoch  9/300 | Train Loss: 1.1663 | Val Loss: 1.2569 | Val Gloss Acc: 0.565 | Val Cat Acc: 1.000 | Time: 5.5s
  GPU Memory: 0.12GB allocated, 0.40GB reserved
Epoch 10/300 | Train Loss: 1.0356 | Val Loss: 1.0245 | Val Gloss Acc: 0.687 | Val Cat Acc: 1.000 | Time: 5.5s
  GPU Memory: 0.12GB allocated, 0.40GB reserved
Epoch 11/300 | Train Loss: 0.9865 | Val Loss: 1.1070 | Val Gloss Acc: 0.561 | Val Cat Acc: 1.000 | Time: 5.5s
  GPU Memory: 0.12GB allocated, 0.40GB reserved
Epoch 12/300 | Train Loss: 0.6836 | Val Loss: 0.8274 | Val Gloss Acc: 0.744 | Val Cat Acc: 1.000 | Time: 5.5s
  GPU Memory: 0.12GB allocated, 0.40GB reserved
Epoch 13/300 | Train Loss: 0.6633 | Val Loss: 0.7013 | Val Gloss Acc: 0.805 | Val Cat Acc: 1.000 | Time: 5.5s
  GPU Memory: 0.12GB allocated, 0.40GB reserved
Epoch 14/300 | Train Loss: 0.7977 | Val Loss: 0.6167 | Val Gloss Acc: 0.846 | Val Cat Acc: 1.000 | Time: 5.5s
  GPU Memory: 0.12GB allocated, 0.40GB reserved
Epoch 15/300 | Train Loss: 0.4994 | Val Loss: 0.5411 | Val Gloss Acc: 0.866 | Val Cat Acc: 1.000 | Time: 5.5s
  GPU Memory: 0.12GB allocated, 0.40GB reserved
Epoch 16/300 | Train Loss: 0.3944 | Val Loss: 0.4673 | Val Gloss Acc: 0.907 | Val Cat Acc: 1.000 | Time: 5.6s
  GPU Memory: 0.12GB allocated, 0.40GB reserved
Epoch 17/300 | Train Loss: 0.4740 | Val Loss: 0.4497 | Val Gloss Acc: 0.890 | Val Cat Acc: 1.000 | Time: 5.5s
  GPU Memory: 0.12GB allocated, 0.40GB reserved
Epoch 18/300 | Train Loss: 0.5052 | Val Loss: 0.4170 | Val Gloss Acc: 0.862 | Val Cat Acc: 1.000 | Time: 5.5s
  GPU Memory: 0.12GB allocated, 0.40GB reserved
Epoch 19/300 | Train Loss: 0.4028 | Val Loss: 0.3714 | Val Gloss Acc: 0.886 | Val Cat Acc: 1.000 | Time: 5.5s
  GPU Memory: 0.12GB allocated, 0.40GB reserved
Epoch 20/300 | Train Loss: 0.4109 | Val Loss: 0.3435 | Val Gloss Acc: 0.898 | Val Cat Acc: 1.000 | Time: 5.5s
  GPU Memory: 0.12GB allocated, 0.40GB reserved
Epoch 21/300 | Train Loss: 0.2831 | Val Loss: 0.3311 | Val Gloss Acc: 0.886 | Val Cat Acc: 1.000 | Time: 5.5s
  GPU Memory: 0.12GB allocated, 0.40GB reserved
Epoch 22/300 | Train Loss: 0.3672 | Val Loss: 0.3481 | Val Gloss Acc: 0.882 | Val Cat Acc: 1.000 | Time: 5.5s
  GPU Memory: 0.12GB allocated, 0.40GB reserved
Epoch 23/300 | Train Loss: 0.2463 | Val Loss: 0.2936 | Val Gloss Acc: 0.894 | Val Cat Acc: 1.000 | Time: 5.5s
  GPU Memory: 0.12GB allocated, 0.40GB reserved
Epoch 24/300 | Train Loss: 0.2751 | Val Loss: 0.3460 | Val Gloss Acc: 0.874 | Val Cat Acc: 1.000 | Time: 5.5s
  GPU Memory: 0.12GB allocated, 0.40GB reserved
Epoch 25/300 | Train Loss: 0.2296 | Val Loss: 0.4761 | Val Gloss Acc: 0.764 | Val Cat Acc: 1.000 | Time: 5.5s
  GPU Memory: 0.12GB allocated, 0.40GB reserved
Epoch 26/300 | Train Loss: 0.2664 | Val Loss: 0.2575 | Val Gloss Acc: 0.907 | Val Cat Acc: 1.000 | Time: 5.5s
  GPU Memory: 0.12GB allocated, 0.40GB reserved
Epoch 27/300 | Train Loss: 0.1389 | Val Loss: 0.2367 | Val Gloss Acc: 0.923 | Val Cat Acc: 1.000 | Time: 5.5s
  GPU Memory: 0.12GB allocated, 0.40GB reserved
Epoch 28/300 | Train Loss: 0.1189 | Val Loss: 0.2036 | Val Gloss Acc: 0.927 | Val Cat Acc: 1.000 | Time: 5.5s
  GPU Memory: 0.12GB allocated, 0.40GB reserved
Epoch 29/300 | Train Loss: 0.0960 | Val Loss: 0.1895 | Val Gloss Acc: 0.935 | Val Cat Acc: 1.000 | Time: 5.5s
  GPU Memory: 0.12GB allocated, 0.40GB reserved
Epoch 30/300 | Train Loss: 0.2756 | Val Loss: 0.2284 | Val Gloss Acc: 0.923 | Val Cat Acc: 1.000 | Time: 5.5s
  GPU Memory: 0.12GB allocated, 0.40GB reserved
Epoch 31/300 | Train Loss: 0.2017 | Val Loss: 0.2285 | Val Gloss Acc: 0.931 | Val Cat Acc: 1.000 | Time: 5.5s
  GPU Memory: 0.12GB allocated, 0.40GB reserved
Epoch 32/300 | Train Loss: 0.2505 | Val Loss: 0.3193 | Val Gloss Acc: 0.882 | Val Cat Acc: 1.000 | Time: 5.5s
  GPU Memory: 0.12GB allocated, 0.40GB reserved
Epoch 33/300 | Train Loss: 0.2585 | Val Loss: 0.3253 | Val Gloss Acc: 0.874 | Val Cat Acc: 1.000 | Time: 5.5s
  GPU Memory: 0.12GB allocated, 0.40GB reserved
Epoch 34/300 | Train Loss: 0.1835 | Val Loss: 0.6690 | Val Gloss Acc: 0.764 | Val Cat Acc: 1.000 | Time: 5.5s
  GPU Memory: 0.12GB allocated, 0.40GB reserved
Epoch 35/300 | Train Loss: 0.1379 | Val Loss: 0.3703 | Val Gloss Acc: 0.874 | Val Cat Acc: 1.000 | Time: 5.5s
  GPU Memory: 0.12GB allocated, 0.40GB reserved
Epoch 36/300 | Train Loss: 0.1353 | Val Loss: 0.2279 | Val Gloss Acc: 0.923 | Val Cat Acc: 1.000 | Time: 5.5s
  GPU Memory: 0.12GB allocated, 0.40GB reserved
Epoch 37/300 | Train Loss: 0.0854 | Val Loss: 0.1648 | Val Gloss Acc: 0.935 | Val Cat Acc: 1.000 | Time: 5.5s
  GPU Memory: 0.12GB allocated, 0.40GB reserved
Epoch 38/300 | Train Loss: 0.0776 | Val Loss: 0.1597 | Val Gloss Acc: 0.935 | Val Cat Acc: 1.000 | Time: 5.5s
  GPU Memory: 0.12GB allocated, 0.40GB reserved
Epoch 39/300 | Train Loss: 0.1645 | Val Loss: 0.1360 | Val Gloss Acc: 0.951 | Val Cat Acc: 1.000 | Time: 5.5s
  GPU Memory: 0.12GB allocated, 0.40GB reserved
Epoch 40/300 | Train Loss: 0.1501 | Val Loss: 0.1516 | Val Gloss Acc: 0.947 | Val Cat Acc: 1.000 | Time: 5.5s
  GPU Memory: 0.12GB allocated, 0.40GB reserved
Epoch 41/300 | Train Loss: 0.0631 | Val Loss: 0.1452 | Val Gloss Acc: 0.955 | Val Cat Acc: 1.000 | Time: 5.5s
  GPU Memory: 0.12GB allocated, 0.40GB reserved
Epoch 42/300 | Train Loss: 0.1048 | Val Loss: 0.1339 | Val Gloss Acc: 0.955 | Val Cat Acc: 1.000 | Time: 5.5s
  GPU Memory: 0.12GB allocated, 0.40GB reserved
Epoch 43/300 | Train Loss: 0.0643 | Val Loss: 0.1326 | Val Gloss Acc: 0.959 | Val Cat Acc: 1.000 | Time: 5.5s
  GPU Memory: 0.12GB allocated, 0.40GB reserved
Epoch 44/300 | Train Loss: 0.0412 | Val Loss: 0.1184 | Val Gloss Acc: 0.963 | Val Cat Acc: 1.000 | Time: 5.5s
  GPU Memory: 0.12GB allocated, 0.40GB reserved
Epoch 45/300 | Train Loss: 0.0898 | Val Loss: 0.2451 | Val Gloss Acc: 0.902 | Val Cat Acc: 1.000 | Time: 5.5s
  GPU Memory: 0.12GB allocated, 0.40GB reserved
Epoch 46/300 | Train Loss: 0.1989 | Val Loss: 0.2800 | Val Gloss Acc: 0.907 | Val Cat Acc: 1.000 | Time: 5.6s
  GPU Memory: 0.12GB allocated, 0.40GB reserved
Epoch 47/300 | Train Loss: 0.2667 | Val Loss: 0.5975 | Val Gloss Acc: 0.760 | Val Cat Acc: 1.000 | Time: 5.6s
  GPU Memory: 0.12GB allocated, 0.40GB reserved
Epoch 48/300 | Train Loss: 0.0752 | Val Loss: 0.2317 | Val Gloss Acc: 0.923 | Val Cat Acc: 1.000 | Time: 5.5s
  GPU Memory: 0.12GB allocated, 0.40GB reserved
Epoch 49/300 | Train Loss: 0.0707 | Val Loss: 0.1467 | Val Gloss Acc: 0.947 | Val Cat Acc: 1.000 | Time: 5.5s
  GPU Memory: 0.12GB allocated, 0.40GB reserved
Epoch 50/300 | Train Loss: 0.0473 | Val Loss: 0.1002 | Val Gloss Acc: 0.959 | Val Cat Acc: 1.000 | Time: 5.5s
  GPU Memory: 0.12GB allocated, 0.40GB reserved
Epoch 51/300 | Train Loss: 0.0614 | Val Loss: 0.1187 | Val Gloss Acc: 0.951 | Val Cat Acc: 1.000 | Time: 5.6s
  GPU Memory: 0.12GB allocated, 0.40GB reserved
Epoch 52/300 | Train Loss: 0.0421 | Val Loss: 0.1666 | Val Gloss Acc: 0.935 | Val Cat Acc: 1.000 | Time: 5.6s
  GPU Memory: 0.12GB allocated, 0.40GB reserved
Epoch 53/300 | Train Loss: 0.0427 | Val Loss: 0.1528 | Val Gloss Acc: 0.943 | Val Cat Acc: 1.000 | Time: 5.6s
  GPU Memory: 0.12GB allocated, 0.40GB reserved
Epoch 54/300 | Train Loss: 0.0551 | Val Loss: 0.1529 | Val Gloss Acc: 0.955 | Val Cat Acc: 1.000 | Time: 5.6s
  GPU Memory: 0.12GB allocated, 0.40GB reserved
Epoch 55/300 | Train Loss: 0.1182 | Val Loss: 0.1636 | Val Gloss Acc: 0.943 | Val Cat Acc: 1.000 | Time: 5.6s
  GPU Memory: 0.12GB allocated, 0.40GB reserved
Epoch 56/300 | Train Loss: 0.0417 | Val Loss: 0.1480 | Val Gloss Acc: 0.951 | Val Cat Acc: 1.000 | Time: 5.6s
  GPU Memory: 0.12GB allocated, 0.40GB reserved
Epoch 57/300 | Train Loss: 0.1016 | Val Loss: 0.1747 | Val Gloss Acc: 0.935 | Val Cat Acc: 1.000 | Time: 5.7s
  GPU Memory: 0.12GB allocated, 0.40GB reserved
Epoch 58/300 | Train Loss: 0.0608 | Val Loss: 0.3650 | Val Gloss Acc: 0.870 | Val Cat Acc: 1.000 | Time: 5.6s
  GPU Memory: 0.12GB allocated, 0.40GB reserved
Epoch 59/300 | Train Loss: 0.0556 | Val Loss: 0.2277 | Val Gloss Acc: 0.894 | Val Cat Acc: 1.000 | Time: 5.6s
  GPU Memory: 0.12GB allocated, 0.40GB reserved
Epoch 60/300 | Train Loss: 0.0889 | Val Loss: 0.1915 | Val Gloss Acc: 0.919 | Val Cat Acc: 1.000 | Time: 5.6s
  GPU Memory: 0.12GB allocated, 0.40GB reserved
Epoch 61/300 | Train Loss: 0.0575 | Val Loss: 0.1367 | Val Gloss Acc: 0.955 | Val Cat Acc: 1.000 | Time: 5.6s
  GPU Memory: 0.12GB allocated, 0.40GB reserved
Epoch 62/300 | Train Loss: 0.0328 | Val Loss: 0.1099 | Val Gloss Acc: 0.959 | Val Cat Acc: 1.000 | Time: 5.6s
  GPU Memory: 0.12GB allocated, 0.40GB reserved
Epoch 63/300 | Train Loss: 0.0591 | Val Loss: 0.1128 | Val Gloss Acc: 0.963 | Val Cat Acc: 1.000 | Time: 5.5s
  GPU Memory: 0.12GB allocated, 0.40GB reserved
Epoch 64/300 | Train Loss: 0.0386 | Val Loss: 0.1138 | Val Gloss Acc: 0.959 | Val Cat Acc: 1.000 | Time: 5.6s
  GPU Memory: 0.12GB allocated, 0.40GB reserved
Epoch 65/300 | Train Loss: 0.0306 | Val Loss: 0.1121 | Val Gloss Acc: 0.959 | Val Cat Acc: 1.000 | Time: 5.6s
  GPU Memory: 0.12GB allocated, 0.40GB reserved
Epoch 66/300 | Train Loss: 0.0314 | Val Loss: 0.1422 | Val Gloss Acc: 0.939 | Val Cat Acc: 1.000 | Time: 5.6s
  GPU Memory: 0.12GB allocated, 0.40GB reserved
Epoch 67/300 | Train Loss: 0.0235 | Val Loss: 0.1433 | Val Gloss Acc: 0.943 | Val Cat Acc: 1.000 | Time: 5.5s
  GPU Memory: 0.12GB allocated, 0.40GB reserved
Epoch 68/300 | Train Loss: 0.0376 | Val Loss: 0.1276 | Val Gloss Acc: 0.955 | Val Cat Acc: 1.000 | Time: 5.6s
  GPU Memory: 0.12GB allocated, 0.40GB reserved
Epoch 69/300 | Train Loss: 0.0327 | Val Loss: 0.1214 | Val Gloss Acc: 0.951 | Val Cat Acc: 1.000 | Time: 5.5s
  GPU Memory: 0.12GB allocated, 0.40GB reserved
Epoch 70/300 | Train Loss: 0.0291 | Val Loss: 0.1277 | Val Gloss Acc: 0.959 | Val Cat Acc: 1.000 | Time: 5.6s
  GPU Memory: 0.12GB allocated, 0.40GB reserved
Epoch 71/300 | Train Loss: 0.0320 | Val Loss: 0.1274 | Val Gloss Acc: 0.959 | Val Cat Acc: 1.000 | Time: 5.5s
  GPU Memory: 0.12GB allocated, 0.40GB reserved
Epoch 72/300 | Train Loss: 0.0216 | Val Loss: 0.1267 | Val Gloss Acc: 0.959 | Val Cat Acc: 1.000 | Time: 5.5s
  GPU Memory: 0.12GB allocated, 0.40GB reserved
Epoch 73/300 | Train Loss: 0.0368 | Val Loss: 0.1229 | Val Gloss Acc: 0.963 | Val Cat Acc: 1.000 | Time: 5.4s
  GPU Memory: 0.12GB allocated, 0.40GB reserved
Epoch 74/300 | Train Loss: 0.0200 | Val Loss: 0.1280 | Val Gloss Acc: 0.963 | Val Cat Acc: 1.000 | Time: 5.5s
  GPU Memory: 0.12GB allocated, 0.40GB reserved
Epoch 75/300 | Train Loss: 0.0671 | Val Loss: 0.1193 | Val Gloss Acc: 0.963 | Val Cat Acc: 1.000 | Time: 5.5s
  GPU Memory: 0.12GB allocated, 0.40GB reserved
Epoch 76/300 | Train Loss: 0.0131 | Val Loss: 0.1330 | Val Gloss Acc: 0.955 | Val Cat Acc: 1.000 | Time: 5.5s
  GPU Memory: 0.12GB allocated, 0.40GB reserved
Epoch 77/300 | Train Loss: 0.0192 | Val Loss: 0.1269 | Val Gloss Acc: 0.959 | Val Cat Acc: 1.000 | Time: 5.4s
  GPU Memory: 0.12GB allocated, 0.40GB reserved
Epoch 78/300 | Train Loss: 0.0263 | Val Loss: 0.1427 | Val Gloss Acc: 0.955 | Val Cat Acc: 1.000 | Time: 5.6s
  GPU Memory: 0.12GB allocated, 0.40GB reserved
Epoch 79/300 | Train Loss: 0.0220 | Val Loss: 0.1281 | Val Gloss Acc: 0.959 | Val Cat Acc: 1.000 | Time: 5.6s
  GPU Memory: 0.12GB allocated, 0.40GB reserved
Epoch 80/300 | Train Loss: 0.0240 | Val Loss: 0.1301 | Val Gloss Acc: 0.959 | Val Cat Acc: 1.000 | Time: 5.6s
  GPU Memory: 0.12GB allocated, 0.40GB reserved
Epoch 81/300 | Train Loss: 0.0273 | Val Loss: 0.1288 | Val Gloss Acc: 0.959 | Val Cat Acc: 1.000 | Time: 5.5s
  GPU Memory: 0.12GB allocated, 0.40GB reserved
Epoch 82/300 | Train Loss: 0.0208 | Val Loss: 0.1272 | Val Gloss Acc: 0.959 | Val Cat Acc: 1.000 | Time: 5.6s
  GPU Memory: 0.12GB allocated, 0.40GB reserved
Epoch 83/300 | Train Loss: 0.0403 | Val Loss: 0.1299 | Val Gloss Acc: 0.959 | Val Cat Acc: 1.000 | Time: 5.6s
  GPU Memory: 0.12GB allocated, 0.40GB reserved
Epoch 84/300 | Train Loss: 0.0229 | Val Loss: 0.1266 | Val Gloss Acc: 0.959 | Val Cat Acc: 1.000 | Time: 5.6s
  GPU Memory: 0.12GB allocated, 0.40GB reserved
Epoch 85/300 | Train Loss: 0.0317 | Val Loss: 0.1312 | Val Gloss Acc: 0.959 | Val Cat Acc: 1.000 | Time: 5.5s
  GPU Memory: 0.12GB allocated, 0.40GB reserved
Epoch 86/300 | Train Loss: 0.0247 | Val Loss: 0.1301 | Val Gloss Acc: 0.959 | Val Cat Acc: 1.000 | Time: 5.5s
  GPU Memory: 0.12GB allocated, 0.40GB reserved
Epoch 87/300 | Train Loss: 0.0206 | Val Loss: 0.1314 | Val Gloss Acc: 0.959 | Val Cat Acc: 1.000 | Time: 5.5s
  GPU Memory: 0.12GB allocated, 0.40GB reserved
Epoch 88/300 | Train Loss: 0.0284 | Val Loss: 0.1293 | Val Gloss Acc: 0.959 | Val Cat Acc: 1.000 | Time: 5.5s
  GPU Memory: 0.12GB allocated, 0.40GB reserved
Epoch 89/300 | Train Loss: 0.0294 | Val Loss: 0.1479 | Val Gloss Acc: 0.955 | Val Cat Acc: 1.000 | Time: 5.5s
  GPU Memory: 0.12GB allocated, 0.40GB reserved
Epoch 90/300 | Train Loss: 0.0282 | Val Loss: 0.1371 | Val Gloss Acc: 0.955 | Val Cat Acc: 1.000 | Time: 5.5s
  GPU Memory: 0.12GB allocated, 0.40GB reserved
Epoch 91/300 | Train Loss: 0.0342 | Val Loss: 0.1229 | Val Gloss Acc: 0.959 | Val Cat Acc: 1.000 | Time: 5.5s
  GPU Memory: 0.12GB allocated, 0.40GB reserved
Epoch 92/300 | Train Loss: 0.0190 | Val Loss: 0.1322 | Val Gloss Acc: 0.959 | Val Cat Acc: 1.000 | Time: 5.5s
  GPU Memory: 0.12GB allocated, 0.40GB reserved
Epoch 93/300 | Train Loss: 0.0320 | Val Loss: 0.1324 | Val Gloss Acc: 0.959 | Val Cat Acc: 1.000 | Time: 5.5s
  GPU Memory: 0.12GB allocated, 0.40GB reserved
Epoch 94/300 | Train Loss: 0.0253 | Val Loss: 0.1315 | Val Gloss Acc: 0.959 | Val Cat Acc: 1.000 | Time: 5.6s
  GPU Memory: 0.12GB allocated, 0.40GB reserved
Epoch 95/300 | Train Loss: 0.0131 | Val Loss: 0.1300 | Val Gloss Acc: 0.959 | Val Cat Acc: 1.000 | Time: 5.5s
  GPU Memory: 0.12GB allocated, 0.40GB reserved
Epoch 96/300 | Train Loss: 0.0435 | Val Loss: 0.1306 | Val Gloss Acc: 0.959 | Val Cat Acc: 1.000 | Time: 5.5s
  GPU Memory: 0.12GB allocated, 0.40GB reserved
Epoch 97/300 | Train Loss: 0.0177 | Val Loss: 0.1327 | Val Gloss Acc: 0.959 | Val Cat Acc: 1.000 | Time: 5.5s
  GPU Memory: 0.12GB allocated, 0.40GB reserved
Epoch 98/300 | Train Loss: 0.0309 | Val Loss: 0.1374 | Val Gloss Acc: 0.955 | Val Cat Acc: 1.000 | Time: 5.5s
  GPU Memory: 0.12GB allocated, 0.40GB reserved
Epoch 99/300 | Train Loss: 0.0197 | Val Loss: 0.1372 | Val Gloss Acc: 0.959 | Val Cat Acc: 1.000 | Time: 5.5s
  GPU Memory: 0.12GB allocated, 0.40GB reserved
Epoch 100/300 | Train Loss: 0.0226 | Val Loss: 0.1359 | Val Gloss Acc: 0.959 | Val Cat Acc: 1.000 | Time: 5.6s
  GPU Memory: 0.12GB allocated, 0.40GB reserved
Epoch 101/300 | Train Loss: 0.0210 | Val Loss: 0.1346 | Val Gloss Acc: 0.959 | Val Cat Acc: 1.000 | Time: 5.6s
  GPU Memory: 0.12GB allocated, 0.40GB reserved
Epoch 102/300 | Train Loss: 0.0282 | Val Loss: 0.1390 | Val Gloss Acc: 0.955 | Val Cat Acc: 1.000 | Time: 5.5s
  GPU Memory: 0.12GB allocated, 0.40GB reserved
Epoch 103/300 | Train Loss: 0.0325 | Val Loss: 0.1367 | Val Gloss Acc: 0.959 | Val Cat Acc: 1.000 | Time: 5.5s
  GPU Memory: 0.12GB allocated, 0.40GB reserved
Epoch 104/300 | Train Loss: 0.0107 | Val Loss: 0.1336 | Val Gloss Acc: 0.959 | Val Cat Acc: 1.000 | Time: 5.5s
  GPU Memory: 0.12GB allocated, 0.40GB reserved
Epoch 105/300 | Train Loss: 0.0277 | Val Loss: 0.1356 | Val Gloss Acc: 0.959 | Val Cat Acc: 1.000 | Time: 5.5s
  GPU Memory: 0.12GB allocated, 0.40GB reserved
Epoch 106/300 | Train Loss: 0.0420 | Val Loss: 0.1333 | Val Gloss Acc: 0.959 | Val Cat Acc: 1.000 | Time: 5.6s
  GPU Memory: 0.12GB allocated, 0.40GB reserved
Epoch 107/300 | Train Loss: 0.0124 | Val Loss: 0.1276 | Val Gloss Acc: 0.963 | Val Cat Acc: 1.000 | Time: 5.7s
  GPU Memory: 0.12GB allocated, 0.40GB reserved
Epoch 108/300 | Train Loss: 0.0183 | Val Loss: 0.1203 | Val Gloss Acc: 0.963 | Val Cat Acc: 1.000 | Time: 5.6s
  GPU Memory: 0.12GB allocated, 0.40GB reserved
Epoch 109/300 | Train Loss: 0.0261 | Val Loss: 0.1204 | Val Gloss Acc: 0.959 | Val Cat Acc: 1.000 | Time: 5.6s
  GPU Memory: 0.12GB allocated, 0.40GB reserved
Epoch 110/300 | Train Loss: 0.0209 | Val Loss: 0.1164 | Val Gloss Acc: 0.963 | Val Cat Acc: 1.000 | Time: 5.6s
  GPU Memory: 0.12GB allocated, 0.40GB reserved
Epoch 111/300 | Train Loss: 0.0262 | Val Loss: 0.1152 | Val Gloss Acc: 0.967 | Val Cat Acc: 1.000 | Time: 5.6s
  GPU Memory: 0.12GB allocated, 0.40GB reserved
Epoch 112/300 | Train Loss: 0.0124 | Val Loss: 0.1162 | Val Gloss Acc: 0.967 | Val Cat Acc: 1.000 | Time: 5.6s
  GPU Memory: 0.12GB allocated, 0.40GB reserved
Epoch 113/300 | Train Loss: 0.0283 | Val Loss: 0.1151 | Val Gloss Acc: 0.967 | Val Cat Acc: 1.000 | Time: 5.5s
  GPU Memory: 0.12GB allocated, 0.40GB reserved
Epoch 114/300 | Train Loss: 0.0171 | Val Loss: 0.1157 | Val Gloss Acc: 0.967 | Val Cat Acc: 1.000 | Time: 5.5s
  GPU Memory: 0.12GB allocated, 0.40GB reserved
Epoch 115/300 | Train Loss: 0.0155 | Val Loss: 0.1178 | Val Gloss Acc: 0.967 | Val Cat Acc: 1.000 | Time: 5.6s
  GPU Memory: 0.12GB allocated, 0.40GB reserved
Epoch 116/300 | Train Loss: 0.0308 | Val Loss: 0.1200 | Val Gloss Acc: 0.967 | Val Cat Acc: 1.000 | Time: 5.5s
  GPU Memory: 0.12GB allocated, 0.40GB reserved
Epoch 117/300 | Train Loss: 0.0298 | Val Loss: 0.1289 | Val Gloss Acc: 0.963 | Val Cat Acc: 1.000 | Time: 5.5s
  GPU Memory: 0.12GB allocated, 0.40GB reserved
Epoch 118/300 | Train Loss: 0.0312 | Val Loss: 0.1320 | Val Gloss Acc: 0.959 | Val Cat Acc: 1.000 | Time: 5.6s
  GPU Memory: 0.12GB allocated, 0.40GB reserved
Epoch 119/300 | Train Loss: 0.0274 | Val Loss: 0.1306 | Val Gloss Acc: 0.959 | Val Cat Acc: 1.000 | Time: 5.5s
  GPU Memory: 0.12GB allocated, 0.40GB reserved
Epoch 120/300 | Train Loss: 0.0084 | Val Loss: 0.1331 | Val Gloss Acc: 0.959 | Val Cat Acc: 1.000 | Time: 5.5s
  GPU Memory: 0.12GB allocated, 0.40GB reserved
Epoch 121/300 | Train Loss: 0.0253 | Val Loss: 0.1264 | Val Gloss Acc: 0.959 | Val Cat Acc: 1.000 | Time: 5.6s
  GPU Memory: 0.12GB allocated, 0.40GB reserved
Epoch 122/300 | Train Loss: 0.0174 | Val Loss: 0.1321 | Val Gloss Acc: 0.959 | Val Cat Acc: 1.000 | Time: 5.6s
  GPU Memory: 0.12GB allocated, 0.40GB reserved
Epoch 123/300 | Train Loss: 0.0332 | Val Loss: 0.1331 | Val Gloss Acc: 0.959 | Val Cat Acc: 1.000 | Time: 5.5s
  GPU Memory: 0.12GB allocated, 0.40GB reserved
Epoch 124/300 | Train Loss: 0.0358 | Val Loss: 0.1316 | Val Gloss Acc: 0.963 | Val Cat Acc: 1.000 | Time: 5.5s
  GPU Memory: 0.12GB allocated, 0.40GB reserved
Epoch 125/300 | Train Loss: 0.0271 | Val Loss: 0.1374 | Val Gloss Acc: 0.955 | Val Cat Acc: 1.000 | Time: 5.5s
  GPU Memory: 0.12GB allocated, 0.40GB reserved
Epoch 126/300 | Train Loss: 0.0127 | Val Loss: 0.1313 | Val Gloss Acc: 0.963 | Val Cat Acc: 1.000 | Time: 5.5s
  GPU Memory: 0.12GB allocated, 0.40GB reserved
Epoch 127/300 | Train Loss: 0.0221 | Val Loss: 0.1335 | Val Gloss Acc: 0.963 | Val Cat Acc: 1.000 | Time: 5.5s
  GPU Memory: 0.12GB allocated, 0.40GB reserved
Epoch 128/300 | Train Loss: 0.0227 | Val Loss: 0.1300 | Val Gloss Acc: 0.959 | Val Cat Acc: 1.000 | Time: 5.5s
  GPU Memory: 0.12GB allocated, 0.40GB reserved
Epoch 129/300 | Train Loss: 0.0105 | Val Loss: 0.1311 | Val Gloss Acc: 0.963 | Val Cat Acc: 1.000 | Time: 5.5s
  GPU Memory: 0.12GB allocated, 0.40GB reserved
Epoch 130/300 | Train Loss: 0.0227 | Val Loss: 0.1325 | Val Gloss Acc: 0.959 | Val Cat Acc: 1.000 | Time: 5.5s
  GPU Memory: 0.12GB allocated, 0.40GB reserved
Epoch 131/300 | Train Loss: 0.0208 | Val Loss: 0.1331 | Val Gloss Acc: 0.959 | Val Cat Acc: 1.000 | Time: 5.6s
  GPU Memory: 0.12GB allocated, 0.40GB reserved
Epoch 132/300 | Train Loss: 0.0153 | Val Loss: 0.1346 | Val Gloss Acc: 0.959 | Val Cat Acc: 1.000 | Time: 5.5s
  GPU Memory: 0.12GB allocated, 0.40GB reserved
Epoch 133/300 | Train Loss: 0.0308 | Val Loss: 0.1348 | Val Gloss Acc: 0.959 | Val Cat Acc: 1.000 | Time: 5.5s
  GPU Memory: 0.12GB allocated, 0.40GB reserved
Epoch 134/300 | Train Loss: 0.0425 | Val Loss: 0.1339 | Val Gloss Acc: 0.959 | Val Cat Acc: 1.000 | Time: 5.5s
  GPU Memory: 0.12GB allocated, 0.40GB reserved
Epoch 135/300 | Train Loss: 0.0357 | Val Loss: 0.1331 | Val Gloss Acc: 0.959 | Val Cat Acc: 1.000 | Time: 5.6s
  GPU Memory: 0.12GB allocated, 0.40GB reserved
Epoch 136/300 | Train Loss: 0.0392 | Val Loss: 0.1338 | Val Gloss Acc: 0.959 | Val Cat Acc: 1.000 | Time: 5.6s
  GPU Memory: 0.12GB allocated, 0.40GB reserved
Epoch 137/300 | Train Loss: 0.0202 | Val Loss: 0.1355 | Val Gloss Acc: 0.959 | Val Cat Acc: 1.000 | Time: 5.6s
  GPU Memory: 0.12GB allocated, 0.40GB reserved
Epoch 138/300 | Train Loss: 0.0254 | Val Loss: 0.1344 | Val Gloss Acc: 0.959 | Val Cat Acc: 1.000 | Time: 5.5s
  GPU Memory: 0.12GB allocated, 0.40GB reserved
Epoch 139/300 | Train Loss: 0.0177 | Val Loss: 0.1383 | Val Gloss Acc: 0.959 | Val Cat Acc: 1.000 | Time: 5.5s
  GPU Memory: 0.12GB allocated, 0.40GB reserved
Epoch 140/300 | Train Loss: 0.0171 | Val Loss: 0.1401 | Val Gloss Acc: 0.959 | Val Cat Acc: 1.000 | Time: 5.4s
  GPU Memory: 0.12GB allocated, 0.40GB reserved
Epoch 141/300 | Train Loss: 0.0271 | Val Loss: 0.1370 | Val Gloss Acc: 0.959 | Val Cat Acc: 1.000 | Time: 5.5s
  GPU Memory: 0.12GB allocated, 0.40GB reserved
Epoch 142/300 | Train Loss: 0.0270 | Val Loss: 0.1323 | Val Gloss Acc: 0.959 | Val Cat Acc: 1.000 | Time: 5.5s
  GPU Memory: 0.12GB allocated, 0.40GB reserved
Epoch 143/300 | Train Loss: 0.0207 | Val Loss: 0.1306 | Val Gloss Acc: 0.959 | Val Cat Acc: 1.000 | Time: 5.5s
  GPU Memory: 0.12GB allocated, 0.40GB reserved
Epoch 144/300 | Train Loss: 0.0266 | Val Loss: 0.1311 | Val Gloss Acc: 0.959 | Val Cat Acc: 1.000 | Time: 5.5s
  GPU Memory: 0.12GB allocated, 0.40GB reserved
Epoch 145/300 | Train Loss: 0.0264 | Val Loss: 0.1319 | Val Gloss Acc: 0.959 | Val Cat Acc: 1.000 | Time: 5.5s
  GPU Memory: 0.12GB allocated, 0.40GB reserved
Epoch 146/300 | Train Loss: 0.0124 | Val Loss: 0.1323 | Val Gloss Acc: 0.959 | Val Cat Acc: 1.000 | Time: 5.6s
  GPU Memory: 0.12GB allocated, 0.40GB reserved
Epoch 147/300 | Train Loss: 0.0324 | Val Loss: 0.1325 | Val Gloss Acc: 0.959 | Val Cat Acc: 1.000 | Time: 5.6s
  GPU Memory: 0.12GB allocated, 0.40GB reserved
Epoch 148/300 | Train Loss: 0.0210 | Val Loss: 0.1326 | Val Gloss Acc: 0.959 | Val Cat Acc: 1.000 | Time: 5.6s
  GPU Memory: 0.12GB allocated, 0.40GB reserved
Epoch 149/300 | Train Loss: 0.0406 | Val Loss: 0.1325 | Val Gloss Acc: 0.959 | Val Cat Acc: 1.000 | Time: 5.5s
  GPU Memory: 0.12GB allocated, 0.40GB reserved
Epoch 150/300 | Train Loss: 0.0142 | Val Loss: 0.1328 | Val Gloss Acc: 0.959 | Val Cat Acc: 1.000 | Time: 5.6s
  GPU Memory: 0.12GB allocated, 0.40GB reserved
Epoch 151/300 | Train Loss: 0.0079 | Val Loss: 0.1329 | Val Gloss Acc: 0.959 | Val Cat Acc: 1.000 | Time: 5.6s
  GPU Memory: 0.12GB allocated, 0.40GB reserved
Epoch 152/300 | Train Loss: 0.0321 | Val Loss: 0.1334 | Val Gloss Acc: 0.959 | Val Cat Acc: 1.000 | Time: 5.6s
  GPU Memory: 0.12GB allocated, 0.40GB reserved
Epoch 153/300 | Train Loss: 0.0088 | Val Loss: 0.1342 | Val Gloss Acc: 0.959 | Val Cat Acc: 1.000 | Time: 5.5s
  GPU Memory: 0.12GB allocated, 0.40GB reserved
Epoch 154/300 | Train Loss: 0.0161 | Val Loss: 0.1347 | Val Gloss Acc: 0.959 | Val Cat Acc: 1.000 | Time: 5.5s
  GPU Memory: 0.12GB allocated, 0.40GB reserved
Epoch 155/300 | Train Loss: 0.0212 | Val Loss: 0.1343 | Val Gloss Acc: 0.963 | Val Cat Acc: 1.000 | Time: 5.6s
  GPU Memory: 0.12GB allocated, 0.40GB reserved
Epoch 156/300 | Train Loss: 0.0310 | Val Loss: 0.1336 | Val Gloss Acc: 0.959 | Val Cat Acc: 1.000 | Time: 5.5s
  GPU Memory: 0.12GB allocated, 0.40GB reserved
Epoch 157/300 | Train Loss: 0.0305 | Val Loss: 0.1335 | Val Gloss Acc: 0.959 | Val Cat Acc: 1.000 | Time: 5.5s
  GPU Memory: 0.12GB allocated, 0.40GB reserved
Epoch 158/300 | Train Loss: 0.0240 | Val Loss: 0.1348 | Val Gloss Acc: 0.959 | Val Cat Acc: 1.000 | Time: 5.5s
  GPU Memory: 0.12GB allocated, 0.40GB reserved
Epoch 159/300 | Train Loss: 0.0354 | Val Loss: 0.1362 | Val Gloss Acc: 0.959 | Val Cat Acc: 1.000 | Time: 5.5s
  GPU Memory: 0.12GB allocated, 0.40GB reserved
Epoch 160/300 | Train Loss: 0.0446 | Val Loss: 0.1379 | Val Gloss Acc: 0.959 | Val Cat Acc: 1.000 | Time: 5.5s
  GPU Memory: 0.12GB allocated, 0.40GB reserved
Epoch 161/300 | Train Loss: 0.0188 | Val Loss: 0.1391 | Val Gloss Acc: 0.959 | Val Cat Acc: 1.000 | Time: 5.5s
  GPU Memory: 0.12GB allocated, 0.40GB reserved
Epoch 162/300 | Train Loss: 0.0127 | Val Loss: 0.1392 | Val Gloss Acc: 0.959 | Val Cat Acc: 1.000 | Time: 5.5s
  GPU Memory: 0.12GB allocated, 0.40GB reserved
Epoch 163/300 | Train Loss: 0.0160 | Val Loss: 0.1386 | Val Gloss Acc: 0.959 | Val Cat Acc: 1.000 | Time: 5.5s
  GPU Memory: 0.12GB allocated, 0.40GB reserved
Epoch 164/300 | Train Loss: 0.0117 | Val Loss: 0.1390 | Val Gloss Acc: 0.959 | Val Cat Acc: 1.000 | Time: 5.6s
  GPU Memory: 0.12GB allocated, 0.40GB reserved
Epoch 165/300 | Train Loss: 0.0413 | Val Loss: 0.1409 | Val Gloss Acc: 0.959 | Val Cat Acc: 1.000 | Time: 5.5s
  GPU Memory: 0.12GB allocated, 0.40GB reserved
Epoch 166/300 | Train Loss: 0.0293 | Val Loss: 0.1408 | Val Gloss Acc: 0.959 | Val Cat Acc: 1.000 | Time: 5.5s
  GPU Memory: 0.12GB allocated, 0.40GB reserved
Epoch 167/300 | Train Loss: 0.0183 | Val Loss: 0.1399 | Val Gloss Acc: 0.959 | Val Cat Acc: 1.000 | Time: 5.4s
  GPU Memory: 0.12GB allocated, 0.40GB reserved
Epoch 168/300 | Train Loss: 0.0184 | Val Loss: 0.1391 | Val Gloss Acc: 0.959 | Val Cat Acc: 1.000 | Time: 5.5s
  GPU Memory: 0.12GB allocated, 0.40GB reserved
Epoch 169/300 | Train Loss: 0.0161 | Val Loss: 0.1387 | Val Gloss Acc: 0.959 | Val Cat Acc: 1.000 | Time: 5.5s
  GPU Memory: 0.12GB allocated, 0.40GB reserved
Epoch 170/300 | Train Loss: 0.0254 | Val Loss: 0.1379 | Val Gloss Acc: 0.959 | Val Cat Acc: 1.000 | Time: 5.5s
  GPU Memory: 0.12GB allocated, 0.40GB reserved
Epoch 171/300 | Train Loss: 0.0192 | Val Loss: 0.1373 | Val Gloss Acc: 0.959 | Val Cat Acc: 1.000 | Time: 5.5s
  GPU Memory: 0.12GB allocated, 0.40GB reserved
Epoch 172/300 | Train Loss: 0.0239 | Val Loss: 0.1344 | Val Gloss Acc: 0.959 | Val Cat Acc: 1.000 | Time: 5.5s
  GPU Memory: 0.12GB allocated, 0.40GB reserved
Epoch 173/300 | Train Loss: 0.0154 | Val Loss: 0.1349 | Val Gloss Acc: 0.959 | Val Cat Acc: 1.000 | Time: 5.5s
  GPU Memory: 0.12GB allocated, 0.40GB reserved
Epoch 174/300 | Train Loss: 0.0125 | Val Loss: 0.1350 | Val Gloss Acc: 0.959 | Val Cat Acc: 1.000 | Time: 5.4s
  GPU Memory: 0.12GB allocated, 0.40GB reserved
Epoch 175/300 | Train Loss: 0.0104 | Val Loss: 0.1359 | Val Gloss Acc: 0.959 | Val Cat Acc: 1.000 | Time: 5.5s
  GPU Memory: 0.12GB allocated, 0.40GB reserved
Epoch 176/300 | Train Loss: 0.0225 | Val Loss: 0.1355 | Val Gloss Acc: 0.959 | Val Cat Acc: 1.000 | Time: 5.5s
  GPU Memory: 0.12GB allocated, 0.40GB reserved
Epoch 177/300 | Train Loss: 0.0279 | Val Loss: 0.1352 | Val Gloss Acc: 0.959 | Val Cat Acc: 1.000 | Time: 5.4s
  GPU Memory: 0.12GB allocated, 0.40GB reserved
Epoch 178/300 | Train Loss: 0.0206 | Val Loss: 0.1357 | Val Gloss Acc: 0.959 | Val Cat Acc: 1.000 | Time: 5.4s
  GPU Memory: 0.12GB allocated, 0.40GB reserved
Epoch 179/300 | Train Loss: 0.0379 | Val Loss: 0.1357 | Val Gloss Acc: 0.959 | Val Cat Acc: 1.000 | Time: 5.5s
  GPU Memory: 0.12GB allocated, 0.40GB reserved
Epoch 180/300 | Train Loss: 0.0330 | Val Loss: 0.1355 | Val Gloss Acc: 0.959 | Val Cat Acc: 1.000 | Time: 5.5s
  GPU Memory: 0.12GB allocated, 0.40GB reserved
Epoch 181/300 | Train Loss: 0.0428 | Val Loss: 0.1358 | Val Gloss Acc: 0.959 | Val Cat Acc: 1.000 | Time: 5.4s
  GPU Memory: 0.12GB allocated, 0.40GB reserved
Epoch 182/300 | Train Loss: 0.0172 | Val Loss: 0.1361 | Val Gloss Acc: 0.959 | Val Cat Acc: 1.000 | Time: 5.5s
  GPU Memory: 0.12GB allocated, 0.40GB reserved
Epoch 183/300 | Train Loss: 0.0144 | Val Loss: 0.1358 | Val Gloss Acc: 0.959 | Val Cat Acc: 1.000 | Time: 5.6s
  GPU Memory: 0.12GB allocated, 0.40GB reserved
Epoch 184/300 | Train Loss: 0.0127 | Val Loss: 0.1355 | Val Gloss Acc: 0.959 | Val Cat Acc: 1.000 | Time: 5.5s
  GPU Memory: 0.12GB allocated, 0.40GB reserved
Epoch 185/300 | Train Loss: 0.0179 | Val Loss: 0.1348 | Val Gloss Acc: 0.959 | Val Cat Acc: 1.000 | Time: 5.5s
  GPU Memory: 0.12GB allocated, 0.40GB reserved
Epoch 186/300 | Train Loss: 0.0183 | Val Loss: 0.1343 | Val Gloss Acc: 0.959 | Val Cat Acc: 1.000 | Time: 5.5s
  GPU Memory: 0.12GB allocated, 0.40GB reserved
Epoch 187/300 | Train Loss: 0.0253 | Val Loss: 0.1343 | Val Gloss Acc: 0.959 | Val Cat Acc: 1.000 | Time: 5.5s
  GPU Memory: 0.12GB allocated, 0.40GB reserved
Epoch 188/300 | Train Loss: 0.0158 | Val Loss: 0.1344 | Val Gloss Acc: 0.959 | Val Cat Acc: 1.000 | Time: 5.5s
  GPU Memory: 0.12GB allocated, 0.40GB reserved
Epoch 189/300 | Train Loss: 0.0318 | Val Loss: 0.1339 | Val Gloss Acc: 0.959 | Val Cat Acc: 1.000 | Time: 5.5s
  GPU Memory: 0.12GB allocated, 0.40GB reserved
Epoch 190/300 | Train Loss: 0.0185 | Val Loss: 0.1336 | Val Gloss Acc: 0.959 | Val Cat Acc: 1.000 | Time: 5.4s
  GPU Memory: 0.12GB allocated, 0.40GB reserved
Epoch 191/300 | Train Loss: 0.0099 | Val Loss: 0.1338 | Val Gloss Acc: 0.959 | Val Cat Acc: 1.000 | Time: 5.5s
  GPU Memory: 0.12GB allocated, 0.40GB reserved
Epoch 192/300 | Train Loss: 0.0126 | Val Loss: 0.1341 | Val Gloss Acc: 0.959 | Val Cat Acc: 1.000 | Time: 5.5s
  GPU Memory: 0.12GB allocated, 0.40GB reserved
Epoch 193/300 | Train Loss: 0.0298 | Val Loss: 0.1339 | Val Gloss Acc: 0.959 | Val Cat Acc: 1.000 | Time: 5.4s
  GPU Memory: 0.12GB allocated, 0.40GB reserved
Epoch 194/300 | Train Loss: 0.0160 | Val Loss: 0.1337 | Val Gloss Acc: 0.959 | Val Cat Acc: 1.000 | Time: 5.5s
  GPU Memory: 0.12GB allocated, 0.40GB reserved
Epoch 195/300 | Train Loss: 0.0202 | Val Loss: 0.1336 | Val Gloss Acc: 0.959 | Val Cat Acc: 1.000 | Time: 5.5s
  GPU Memory: 0.12GB allocated, 0.40GB reserved
Epoch 196/300 | Train Loss: 0.0136 | Val Loss: 0.1334 | Val Gloss Acc: 0.959 | Val Cat Acc: 1.000 | Time: 5.4s
  GPU Memory: 0.12GB allocated, 0.40GB reserved
Epoch 197/300 | Train Loss: 0.0203 | Val Loss: 0.1335 | Val Gloss Acc: 0.959 | Val Cat Acc: 1.000 | Time: 5.4s
  GPU Memory: 0.12GB allocated, 0.40GB reserved
Epoch 198/300 | Train Loss: 0.0130 | Val Loss: 0.1338 | Val Gloss Acc: 0.959 | Val Cat Acc: 1.000 | Time: 5.5s
  GPU Memory: 0.12GB allocated, 0.40GB reserved
Epoch 199/300 | Train Loss: 0.0129 | Val Loss: 0.1339 | Val Gloss Acc: 0.959 | Val Cat Acc: 1.000 | Time: 5.5s
  GPU Memory: 0.12GB allocated, 0.40GB reserved
Epoch 200/300 | Train Loss: 0.0251 | Val Loss: 0.1363 | Val Gloss Acc: 0.959 | Val Cat Acc: 1.000 | Time: 5.5s
  GPU Memory: 0.12GB allocated, 0.40GB reserved
Epoch 201/300 | Train Loss: 0.0329 | Val Loss: 0.1379 | Val Gloss Acc: 0.959 | Val Cat Acc: 1.000 | Time: 5.4s
  GPU Memory: 0.12GB allocated, 0.40GB reserved
Epoch 202/300 | Train Loss: 0.0138 | Val Loss: 0.1374 | Val Gloss Acc: 0.959 | Val Cat Acc: 1.000 | Time: 5.5s
  GPU Memory: 0.12GB allocated, 0.40GB reserved
Epoch 203/300 | Train Loss: 0.0129 | Val Loss: 0.1357 | Val Gloss Acc: 0.959 | Val Cat Acc: 1.000 | Time: 5.5s
  GPU Memory: 0.12GB allocated, 0.40GB reserved
Epoch 204/300 | Train Loss: 0.0216 | Val Loss: 0.1353 | Val Gloss Acc: 0.959 | Val Cat Acc: 1.000 | Time: 5.5s
  GPU Memory: 0.12GB allocated, 0.40GB reserved
Epoch 205/300 | Train Loss: 0.0295 | Val Loss: 0.1349 | Val Gloss Acc: 0.959 | Val Cat Acc: 1.000 | Time: 5.6s
  GPU Memory: 0.12GB allocated, 0.40GB reserved
Epoch 206/300 | Train Loss: 0.0091 | Val Loss: 0.1345 | Val Gloss Acc: 0.959 | Val Cat Acc: 1.000 | Time: 5.6s
  GPU Memory: 0.12GB allocated, 0.40GB reserved
Epoch 207/300 | Train Loss: 0.0192 | Val Loss: 0.1341 | Val Gloss Acc: 0.959 | Val Cat Acc: 1.000 | Time: 5.5s
  GPU Memory: 0.12GB allocated, 0.40GB reserved
Epoch 208/300 | Train Loss: 0.0197 | Val Loss: 0.1339 | Val Gloss Acc: 0.959 | Val Cat Acc: 1.000 | Time: 5.5s
  GPU Memory: 0.12GB allocated, 0.40GB reserved
Epoch 209/300 | Train Loss: 0.0169 | Val Loss: 0.1336 | Val Gloss Acc: 0.959 | Val Cat Acc: 1.000 | Time: 5.5s
  GPU Memory: 0.12GB allocated, 0.40GB reserved
Epoch 210/300 | Train Loss: 0.0119 | Val Loss: 0.1335 | Val Gloss Acc: 0.959 | Val Cat Acc: 1.000 | Time: 5.4s
  GPU Memory: 0.12GB allocated, 0.40GB reserved
Epoch 211/300 | Train Loss: 0.0110 | Val Loss: 0.1335 | Val Gloss Acc: 0.959 | Val Cat Acc: 1.000 | Time: 5.4s
  GPU Memory: 0.12GB allocated, 0.40GB reserved
Epoch 212/300 | Train Loss: 0.0268 | Val Loss: 0.1334 | Val Gloss Acc: 0.959 | Val Cat Acc: 1.000 | Time: 5.4s
  GPU Memory: 0.12GB allocated, 0.40GB reserved
Epoch 213/300 | Train Loss: 0.0258 | Val Loss: 0.1336 | Val Gloss Acc: 0.959 | Val Cat Acc: 1.000 | Time: 5.4s
  GPU Memory: 0.12GB allocated, 0.40GB reserved
Epoch 214/300 | Train Loss: 0.0124 | Val Loss: 0.1339 | Val Gloss Acc: 0.959 | Val Cat Acc: 1.000 | Time: 5.5s
  GPU Memory: 0.12GB allocated, 0.40GB reserved
Epoch 215/300 | Train Loss: 0.0143 | Val Loss: 0.1338 | Val Gloss Acc: 0.959 | Val Cat Acc: 1.000 | Time: 5.5s
  GPU Memory: 0.12GB allocated, 0.40GB reserved
Epoch 216/300 | Train Loss: 0.0344 | Val Loss: 0.1339 | Val Gloss Acc: 0.959 | Val Cat Acc: 1.000 | Time: 5.5s
  GPU Memory: 0.12GB allocated, 0.40GB reserved
Epoch 217/300 | Train Loss: 0.0283 | Val Loss: 0.1339 | Val Gloss Acc: 0.959 | Val Cat Acc: 1.000 | Time: 5.5s
  GPU Memory: 0.12GB allocated, 0.40GB reserved
Epoch 218/300 | Train Loss: 0.0165 | Val Loss: 0.1339 | Val Gloss Acc: 0.959 | Val Cat Acc: 1.000 | Time: 5.5s
  GPU Memory: 0.12GB allocated, 0.40GB reserved
Epoch 219/300 | Train Loss: 0.0166 | Val Loss: 0.1342 | Val Gloss Acc: 0.959 | Val Cat Acc: 1.000 | Time: 5.5s
  GPU Memory: 0.12GB allocated, 0.40GB reserved
Epoch 220/300 | Train Loss: 0.0193 | Val Loss: 0.1347 | Val Gloss Acc: 0.959 | Val Cat Acc: 1.000 | Time: 5.5s
  GPU Memory: 0.12GB allocated, 0.40GB reserved
Epoch 221/300 | Train Loss: 0.0236 | Val Loss: 0.1341 | Val Gloss Acc: 0.959 | Val Cat Acc: 1.000 | Time: 5.5s
  GPU Memory: 0.12GB allocated, 0.40GB reserved
Epoch 222/300 | Train Loss: 0.0318 | Val Loss: 0.1340 | Val Gloss Acc: 0.959 | Val Cat Acc: 1.000 | Time: 5.4s
  GPU Memory: 0.12GB allocated, 0.40GB reserved
Epoch 223/300 | Train Loss: 0.0112 | Val Loss: 0.1340 | Val Gloss Acc: 0.959 | Val Cat Acc: 1.000 | Time: 5.5s
  GPU Memory: 0.12GB allocated, 0.40GB reserved
Epoch 224/300 | Train Loss: 0.0117 | Val Loss: 0.1340 | Val Gloss Acc: 0.959 | Val Cat Acc: 1.000 | Time: 5.5s
  GPU Memory: 0.12GB allocated, 0.40GB reserved
Epoch 225/300 | Train Loss: 0.0130 | Val Loss: 0.1340 | Val Gloss Acc: 0.959 | Val Cat Acc: 1.000 | Time: 5.5s
  GPU Memory: 0.12GB allocated, 0.40GB reserved
Epoch 226/300 | Train Loss: 0.0102 | Val Loss: 0.1340 | Val Gloss Acc: 0.959 | Val Cat Acc: 1.000 | Time: 5.4s
  GPU Memory: 0.12GB allocated, 0.40GB reserved
Epoch 227/300 | Train Loss: 0.0188 | Val Loss: 0.1340 | Val Gloss Acc: 0.959 | Val Cat Acc: 1.000 | Time: 5.4s
  GPU Memory: 0.12GB allocated, 0.40GB reserved
Epoch 228/300 | Train Loss: 0.0158 | Val Loss: 0.1341 | Val Gloss Acc: 0.959 | Val Cat Acc: 1.000 | Time: 5.4s
  GPU Memory: 0.12GB allocated, 0.40GB reserved
Epoch 229/300 | Train Loss: 0.0157 | Val Loss: 0.1340 | Val Gloss Acc: 0.959 | Val Cat Acc: 1.000 | Time: 5.6s
  GPU Memory: 0.12GB allocated, 0.40GB reserved
Epoch 230/300 | Train Loss: 0.0072 | Val Loss: 0.1341 | Val Gloss Acc: 0.959 | Val Cat Acc: 1.000 | Time: 5.6s
  GPU Memory: 0.12GB allocated, 0.40GB reserved
Epoch 231/300 | Train Loss: 0.0162 | Val Loss: 0.1342 | Val Gloss Acc: 0.959 | Val Cat Acc: 1.000 | Time: 5.5s
  GPU Memory: 0.12GB allocated, 0.40GB reserved
Early stopping triggered after 231 epochs. Best gloss acc: 0.9675
------------------------------------------------------------
Training completed!

============================================================
Training completed - 2025-10-22 15:21:19
Log saved to: trained_models/iv3_gru/greetings_classification/training_20251022_145938.log
============================================================
