============================================================
TRAINING LOG - 2025-10-25 04:16:33
============================================================
Console output will be saved to: trained_models/mediapipe_gru/greetings_ctc_v2/training_20251025_041633.log
Metrics CSV will be saved to: trained_models/mediapipe_gru/greetings_ctc_v2/training_20251025_041633_metrics.csv

Using device: cuda
CUDA device: NVIDIA GeForce RTX 5070 Ti
CUDA memory: 16.6 GB
CUDA compute capability: 12.0
CUDA multiprocessors: 70
CUDA memory allocated: 0.00 GB
CUDA memory cached: 0.00 GB

============================================================
DATA LOADING
============================================================
✓ Loaded data successfully
  - Dataset type: MEDIAPIPE-GRU-CTC Keypoints
  - Training folder: data/processed/greetings_train
  - Validation folder: data/processed/greetings_val
  - Keypoint key: X
  - Gloss classes: 10
  - Category classes: 1

============================================================
DATASET PREPARATION
============================================================
✓ CTC Mode: blank_id=10, num_ctc_classes=11
⚠️  Training on subset: 10/105 glosses (subset training enabled)
✓ Created datasets and data loaders
  - Batch size: 16
  - Training batches: 61
  - Validation batches: 16
  - Data augmentation: Enabled (noise_std=0.002, mask_prob=0.05)
  - Training dataset size: 970 samples
  - Validation dataset size: 246 samples
  - Data format: [T, 178] keypoints

============================================================
MODEL SELECTION
============================================================
Available models:
Classification models (isolated signs):
  - transformer: Multi-head attention transformer (keypoints)
  - mediapipe_gru: Lightweight GRU (keypoints, mobile-friendly)
  - iv3_gru: InceptionV3 + GRU hybrid (features, offline baseline)
CTC models (continuous recognition):
  - transformer_ctc: Transformer with CTC (keypoints)
  - mediapipe_gru_ctc: Lightweight GRU with CTC (keypoints)
  - iv3_gru_ctc: InceptionV3 + GRU with CTC (features, offline baseline)
✓ Using MediaPipeGRUCtc model (input_dim=178, num_ctc_classes=11)

================================================================================
COMPREHENSIVE TRAINING CONFIGURATION
================================================================================
Session Information:
  - Start time: 2025-10-25 04:16:33
  - Working directory: /workspace/fslr-transformer-vs-iv3gru
  - Command: /workspace/fslr-transformer-vs-iv3gru/training/train.py --model mediapipe_gru_ctc --training-mode ctc --epochs 300 --batch-size 16 --lr 0.0001 --num-gloss 10 --num-cat 1 --alpha 0.7 --beta 0.3 --num-ctc-classes 11 --ctc-blank-id 10 --keypoints-train data/processed/greetings_train --keypoints-val data/processed/greetings_val --labels-train-csv data/processed/greetings_train.csv --labels-val-csv data/processed/greetings_val.csv --kp-key X --hidden1 64 --hidden2 32 --amp --augment --augment-noise-std 0.002 --augment-mask-prob 0.05 --augment-mask-ratio 0.05 --scheduler warmup_cosine --warmup-epochs 30 --early-stop 50 --weight-decay 1e-4 --dropout 0.25 --label-smoothing 0.05 --output-dir trained_models/mediapipe_gru/greetings_ctc_v2

System Information:
  - Platform: Linux-6.8.0-52-generic-x86_64-with-glibc2.39
  - Python version: 3.12.11 | packaged by conda-forge | (main, Jun  4 2025, 14:45:31) [GCC 13.3.0]
  - PyTorch version: 2.9.0+cu128
  - CUDA version: 12.8
  - cuDNN version: 91002
  - NumPy version: 2.2.6

Core Training Parameters:
  - Model: mediapipe_gru_ctc
  - Epochs: 300
  - Batch size: 16
  - Learning rate: 0.0001
  - Weight decay: 0.0001
  - Gradient clipping: None
  - Loss weights - Alpha: 0.7, Beta: 0.3

Curriculum Training: Disabled

Loss Weighting Parameters:
  - Strategy: static
  - Alpha: 0.7
  - Beta: 0.3

Data Configuration:
  - Gloss classes: 10
  - Category classes: 1
  - Data source: Real data files
  - Training folder: data/processed/greetings_train
  - Validation folder: data/processed/greetings_val
  - Keypoint key: X

Training Control:
  - Scheduler: warmup_cosine
  - Scheduler patience: 5
  - Early stopping: 50
  - Resume from: None

Performance Settings:
  - AMP (Mixed Precision): True
  - Model compilation: False
  - Gradient accumulation steps: 1
  - DataLoader workers: 0
  - Auto workers: False
  - Pin memory: False
  - Prefetch factor: None

Reproducibility:
  - Random seed: 42
  - Deterministic mode: False

Output Configuration:
  - Checkpoint directory: trained_models/mediapipe_gru/greetings_ctc_v2
  - CSV log file: trained_models/mediapipe_gru/greetings_ctc_v2/training_20251025_041633_metrics.csv

Model Information:
  - Model type: MediaPipeGRUCtc
  - Total parameters: 125,580
  - Trainable parameters: 125,580
  - Model size: 0.5 MB
================================================================================

============================================================
TRAINING START
============================================================
Training mode: CTC (Continuous Sign Language Recognition)

================================================================================
CTC TRAINING CONFIGURATION
================================================================================
Training Mode: Continuous Sign Language Recognition (CTC)
Model: MediaPipeGRUCtc
Blank Token ID: 10
Epochs: 300
Learning Rate: 0.0001
Batch Size: 16
Gradient Accumulation: 1
AMP Enabled: True
================================================================================

✓ Using CTCLoss (blank=10, zero_infinity=True)
✓ Optimizer: Adam (lr=0.0001, weight_decay=0.0001)
✓ AMP enabled: True
✓ Scheduler: WarmupCosineScheduler (warmup=30)
✓ Logging metrics to: trained_models/mediapipe_gru/greetings_ctc_v2/training_20251025_041633_metrics.csv

================================================================================
STARTING CTC TRAINING - 300 epochs
================================================================================

Epoch   1/300 | Train Loss: 162.1701 | Val Loss: 132.4819 | Val Cat Acc: 1.000 | Time: 1.1s
  GPU Memory: 0.02GB allocated, 0.09GB reserved
  ✓ New best validation loss: 132.4819
Epoch   2/300 | Train Loss: 111.1167 | Val Loss: 76.7370 | Val Cat Acc: 1.000 | Time: 0.9s
  GPU Memory: 0.02GB allocated, 0.09GB reserved
  ✓ New best validation loss: 76.7370
Epoch   3/300 | Train Loss: 64.4802 | Val Loss: 39.3573 | Val Cat Acc: 1.000 | Time: 0.8s
  GPU Memory: 0.02GB allocated, 0.09GB reserved
  ✓ New best validation loss: 39.3573
Epoch   4/300 | Train Loss: 36.0257 | Val Loss: 20.8259 | Val Cat Acc: 1.000 | Time: 0.9s
  GPU Memory: 0.02GB allocated, 0.09GB reserved
  ✓ New best validation loss: 20.8259
Epoch   5/300 | Train Loss: 21.3408 | Val Loss: 12.1626 | Val Cat Acc: 1.000 | Time: 0.9s
  GPU Memory: 0.02GB allocated, 0.09GB reserved
  ✓ New best validation loss: 12.1626
Epoch   6/300 | Train Loss: 13.6680 | Val Loss: 7.8925 | Val Cat Acc: 1.000 | Time: 0.9s
  GPU Memory: 0.02GB allocated, 0.09GB reserved
  ✓ New best validation loss: 7.8925
Epoch   7/300 | Train Loss: 9.5452 | Val Loss: 5.6275 | Val Cat Acc: 1.000 | Time: 0.9s
  GPU Memory: 0.02GB allocated, 0.09GB reserved
  ✓ New best validation loss: 5.6275
Epoch   8/300 | Train Loss: 7.0438 | Val Loss: 4.3586 | Val Cat Acc: 1.000 | Time: 0.8s
  GPU Memory: 0.02GB allocated, 0.09GB reserved
  ✓ New best validation loss: 4.3586
Epoch   9/300 | Train Loss: 5.5615 | Val Loss: 3.6134 | Val Cat Acc: 1.000 | Time: 0.8s
  GPU Memory: 0.02GB allocated, 0.09GB reserved
  ✓ New best validation loss: 3.6134
Epoch  10/300 | Train Loss: 4.5618 | Val Loss: 3.1672 | Val Cat Acc: 1.000 | Time: 1.1s
  GPU Memory: 0.02GB allocated, 0.09GB reserved
  ✓ New best validation loss: 3.1672
Epoch  11/300 | Train Loss: 3.9288 | Val Loss: 2.8940 | Val Cat Acc: 1.000 | Time: 0.9s
  GPU Memory: 0.02GB allocated, 0.09GB reserved
  ✓ New best validation loss: 2.8940
Epoch  12/300 | Train Loss: 3.4779 | Val Loss: 2.7281 | Val Cat Acc: 1.000 | Time: 0.8s
  GPU Memory: 0.02GB allocated, 0.09GB reserved
  ✓ New best validation loss: 2.7281
Epoch  13/300 | Train Loss: 3.1823 | Val Loss: 2.6276 | Val Cat Acc: 1.000 | Time: 0.7s
  GPU Memory: 0.02GB allocated, 0.09GB reserved
  ✓ New best validation loss: 2.6276
Epoch  14/300 | Train Loss: 2.9717 | Val Loss: 2.5678 | Val Cat Acc: 1.000 | Time: 0.8s
  GPU Memory: 0.02GB allocated, 0.09GB reserved
  ✓ New best validation loss: 2.5678
Epoch  15/300 | Train Loss: 2.8223 | Val Loss: 2.5341 | Val Cat Acc: 1.000 | Time: 0.7s
  GPU Memory: 0.02GB allocated, 0.09GB reserved
  ✓ New best validation loss: 2.5341
Epoch  16/300 | Train Loss: 2.7121 | Val Loss: 2.5165 | Val Cat Acc: 1.000 | Time: 0.7s
  GPU Memory: 0.02GB allocated, 0.09GB reserved
  ✓ New best validation loss: 2.5165
Epoch  17/300 | Train Loss: 2.6248 | Val Loss: 2.5082 | Val Cat Acc: 1.000 | Time: 0.7s
  GPU Memory: 0.02GB allocated, 0.09GB reserved
  ✓ New best validation loss: 2.5082
Epoch  18/300 | Train Loss: 2.5764 | Val Loss: 2.5049 | Val Cat Acc: 1.000 | Time: 0.8s
  GPU Memory: 0.02GB allocated, 0.09GB reserved
  ✓ New best validation loss: 2.5049
Epoch  19/300 | Train Loss: 2.5266 | Val Loss: 2.5041 | Val Cat Acc: 1.000 | Time: 0.8s
  GPU Memory: 0.02GB allocated, 0.09GB reserved
  ✓ New best validation loss: 2.5041
Epoch  20/300 | Train Loss: 2.4945 | Val Loss: 2.5043 | Val Cat Acc: 1.000 | Time: 0.8s
  GPU Memory: 0.02GB allocated, 0.09GB reserved
Epoch  21/300 | Train Loss: 2.4684 | Val Loss: 2.5042 | Val Cat Acc: 1.000 | Time: 0.8s
  GPU Memory: 0.02GB allocated, 0.09GB reserved
Epoch  22/300 | Train Loss: 2.4481 | Val Loss: 2.5031 | Val Cat Acc: 1.000 | Time: 0.9s
  GPU Memory: 0.02GB allocated, 0.09GB reserved
  ✓ New best validation loss: 2.5031
Epoch  23/300 | Train Loss: 2.4336 | Val Loss: 2.5013 | Val Cat Acc: 1.000 | Time: 0.9s
  GPU Memory: 0.02GB allocated, 0.09GB reserved
  ✓ New best validation loss: 2.5013
Epoch  24/300 | Train Loss: 2.4102 | Val Loss: 2.4972 | Val Cat Acc: 1.000 | Time: 0.9s
  GPU Memory: 0.02GB allocated, 0.09GB reserved
  ✓ New best validation loss: 2.4972
Epoch  25/300 | Train Loss: 2.4012 | Val Loss: 2.4940 | Val Cat Acc: 1.000 | Time: 0.9s
  GPU Memory: 0.02GB allocated, 0.09GB reserved
  ✓ New best validation loss: 2.4940
Epoch  26/300 | Train Loss: 2.3904 | Val Loss: 2.4889 | Val Cat Acc: 1.000 | Time: 1.0s
  GPU Memory: 0.02GB allocated, 0.09GB reserved
  ✓ New best validation loss: 2.4889
Epoch  27/300 | Train Loss: 2.3807 | Val Loss: 2.4832 | Val Cat Acc: 1.000 | Time: 0.8s
  GPU Memory: 0.02GB allocated, 0.09GB reserved
  ✓ New best validation loss: 2.4832
Epoch  28/300 | Train Loss: 2.3709 | Val Loss: 2.4785 | Val Cat Acc: 1.000 | Time: 0.8s
  GPU Memory: 0.02GB allocated, 0.09GB reserved
  ✓ New best validation loss: 2.4785
Epoch  29/300 | Train Loss: 2.3624 | Val Loss: 2.4726 | Val Cat Acc: 1.000 | Time: 0.7s
  GPU Memory: 0.02GB allocated, 0.09GB reserved
  ✓ New best validation loss: 2.4726
Epoch  30/300 | Train Loss: 2.3555 | Val Loss: 2.4658 | Val Cat Acc: 1.000 | Time: 0.7s
  GPU Memory: 0.02GB allocated, 0.09GB reserved
  ✓ New best validation loss: 2.4658
Epoch  31/300 | Train Loss: 2.3454 | Val Loss: 2.4580 | Val Cat Acc: 1.000 | Time: 0.7s
  GPU Memory: 0.02GB allocated, 0.09GB reserved
  ✓ New best validation loss: 2.4580
Epoch  32/300 | Train Loss: 2.3350 | Val Loss: 2.4553 | Val Cat Acc: 1.000 | Time: 0.8s
  GPU Memory: 0.02GB allocated, 0.09GB reserved
  ✓ New best validation loss: 2.4553
Epoch  33/300 | Train Loss: 2.3301 | Val Loss: 2.4526 | Val Cat Acc: 1.000 | Time: 0.9s
  GPU Memory: 0.02GB allocated, 0.09GB reserved
  ✓ New best validation loss: 2.4526
Epoch  34/300 | Train Loss: 2.3249 | Val Loss: 2.4508 | Val Cat Acc: 1.000 | Time: 0.7s
  GPU Memory: 0.02GB allocated, 0.09GB reserved
  ✓ New best validation loss: 2.4508
Epoch  35/300 | Train Loss: 2.3269 | Val Loss: 2.4501 | Val Cat Acc: 1.000 | Time: 0.8s
  GPU Memory: 0.02GB allocated, 0.09GB reserved
  ✓ New best validation loss: 2.4501
Epoch  36/300 | Train Loss: 2.3193 | Val Loss: 2.4477 | Val Cat Acc: 1.000 | Time: 0.8s
  GPU Memory: 0.02GB allocated, 0.09GB reserved
  ✓ New best validation loss: 2.4477
Epoch  37/300 | Train Loss: 2.3186 | Val Loss: 2.4479 | Val Cat Acc: 1.000 | Time: 0.8s
  GPU Memory: 0.02GB allocated, 0.09GB reserved
Epoch  38/300 | Train Loss: 2.3146 | Val Loss: 2.4480 | Val Cat Acc: 1.000 | Time: 0.8s
  GPU Memory: 0.02GB allocated, 0.09GB reserved
Epoch  39/300 | Train Loss: 2.3190 | Val Loss: 2.4478 | Val Cat Acc: 1.000 | Time: 0.9s
  GPU Memory: 0.02GB allocated, 0.09GB reserved
Epoch  40/300 | Train Loss: 2.3121 | Val Loss: 2.4458 | Val Cat Acc: 1.000 | Time: 0.9s
  GPU Memory: 0.02GB allocated, 0.09GB reserved
  ✓ New best validation loss: 2.4458
Epoch  41/300 | Train Loss: 2.3104 | Val Loss: 2.4470 | Val Cat Acc: 1.000 | Time: 0.9s
  GPU Memory: 0.02GB allocated, 0.09GB reserved
Epoch  42/300 | Train Loss: 2.3119 | Val Loss: 2.4435 | Val Cat Acc: 1.000 | Time: 0.9s
  GPU Memory: 0.02GB allocated, 0.09GB reserved
  ✓ New best validation loss: 2.4435
Epoch  43/300 | Train Loss: 2.3078 | Val Loss: 2.4435 | Val Cat Acc: 1.000 | Time: 0.9s
  GPU Memory: 0.02GB allocated, 0.09GB reserved
Epoch  44/300 | Train Loss: 2.3103 | Val Loss: 2.4415 | Val Cat Acc: 1.000 | Time: 0.9s
  GPU Memory: 0.02GB allocated, 0.09GB reserved
  ✓ New best validation loss: 2.4415
Epoch  45/300 | Train Loss: 2.3035 | Val Loss: 2.4437 | Val Cat Acc: 1.000 | Time: 1.0s
  GPU Memory: 0.02GB allocated, 0.09GB reserved
Epoch  46/300 | Train Loss: 2.3050 | Val Loss: 2.4431 | Val Cat Acc: 1.000 | Time: 1.0s
  GPU Memory: 0.02GB allocated, 0.09GB reserved
Epoch  47/300 | Train Loss: 2.3044 | Val Loss: 2.4395 | Val Cat Acc: 1.000 | Time: 0.8s
  GPU Memory: 0.02GB allocated, 0.09GB reserved
  ✓ New best validation loss: 2.4395
Epoch  48/300 | Train Loss: 2.3049 | Val Loss: 2.4389 | Val Cat Acc: 1.000 | Time: 0.9s
  GPU Memory: 0.02GB allocated, 0.09GB reserved
  ✓ New best validation loss: 2.4389
Epoch  49/300 | Train Loss: 2.3025 | Val Loss: 2.4384 | Val Cat Acc: 1.000 | Time: 0.7s
  GPU Memory: 0.02GB allocated, 0.09GB reserved
  ✓ New best validation loss: 2.4384
Epoch  50/300 | Train Loss: 2.3037 | Val Loss: 2.4380 | Val Cat Acc: 1.000 | Time: 1.1s
  GPU Memory: 0.02GB allocated, 0.09GB reserved
  ✓ New best validation loss: 2.4380
Epoch  51/300 | Train Loss: 2.3003 | Val Loss: 2.4361 | Val Cat Acc: 1.000 | Time: 1.1s
  GPU Memory: 0.02GB allocated, 0.09GB reserved
  ✓ New best validation loss: 2.4361
Epoch  52/300 | Train Loss: 2.3016 | Val Loss: 2.4337 | Val Cat Acc: 1.000 | Time: 1.0s
  GPU Memory: 0.02GB allocated, 0.09GB reserved
  ✓ New best validation loss: 2.4337
Epoch  53/300 | Train Loss: 2.2909 | Val Loss: 2.4311 | Val Cat Acc: 1.000 | Time: 1.3s
  GPU Memory: 0.02GB allocated, 0.09GB reserved
  ✓ New best validation loss: 2.4311
Epoch  54/300 | Train Loss: 2.2934 | Val Loss: 2.4295 | Val Cat Acc: 1.000 | Time: 1.1s
  GPU Memory: 0.02GB allocated, 0.09GB reserved
  ✓ New best validation loss: 2.4295
Epoch  55/300 | Train Loss: 2.2965 | Val Loss: 2.4238 | Val Cat Acc: 1.000 | Time: 0.9s
  GPU Memory: 0.02GB allocated, 0.09GB reserved
  ✓ New best validation loss: 2.4238
Epoch  56/300 | Train Loss: 2.2877 | Val Loss: 2.4200 | Val Cat Acc: 1.000 | Time: 0.9s
  GPU Memory: 0.02GB allocated, 0.09GB reserved
  ✓ New best validation loss: 2.4200
Epoch  57/300 | Train Loss: 2.2908 | Val Loss: 2.4218 | Val Cat Acc: 1.000 | Time: 0.9s
  GPU Memory: 0.02GB allocated, 0.09GB reserved
Epoch  58/300 | Train Loss: 2.2872 | Val Loss: 2.4149 | Val Cat Acc: 1.000 | Time: 0.8s
  GPU Memory: 0.02GB allocated, 0.09GB reserved
  ✓ New best validation loss: 2.4149
Epoch  59/300 | Train Loss: 2.2807 | Val Loss: 2.4083 | Val Cat Acc: 1.000 | Time: 0.8s
  GPU Memory: 0.02GB allocated, 0.09GB reserved
  ✓ New best validation loss: 2.4083
Epoch  60/300 | Train Loss: 2.2757 | Val Loss: 2.4030 | Val Cat Acc: 1.000 | Time: 0.9s
  GPU Memory: 0.02GB allocated, 0.09GB reserved
  ✓ New best validation loss: 2.4030
Epoch  61/300 | Train Loss: 2.2717 | Val Loss: 2.4000 | Val Cat Acc: 1.000 | Time: 0.9s
  GPU Memory: 0.02GB allocated, 0.09GB reserved
  ✓ New best validation loss: 2.4000
Epoch  62/300 | Train Loss: 2.2693 | Val Loss: 2.3922 | Val Cat Acc: 1.000 | Time: 0.9s
  GPU Memory: 0.02GB allocated, 0.09GB reserved
  ✓ New best validation loss: 2.3922
Epoch  63/300 | Train Loss: 2.2619 | Val Loss: 2.3851 | Val Cat Acc: 1.000 | Time: 0.8s
  GPU Memory: 0.02GB allocated, 0.09GB reserved
  ✓ New best validation loss: 2.3851
Epoch  64/300 | Train Loss: 2.2536 | Val Loss: 2.3804 | Val Cat Acc: 1.000 | Time: 0.9s
  GPU Memory: 0.02GB allocated, 0.09GB reserved
  ✓ New best validation loss: 2.3804
Epoch  65/300 | Train Loss: 2.2527 | Val Loss: 2.3672 | Val Cat Acc: 1.000 | Time: 0.9s
  GPU Memory: 0.02GB allocated, 0.09GB reserved
  ✓ New best validation loss: 2.3672
Epoch  66/300 | Train Loss: 2.2412 | Val Loss: 2.3597 | Val Cat Acc: 1.000 | Time: 1.0s
  GPU Memory: 0.02GB allocated, 0.09GB reserved
  ✓ New best validation loss: 2.3597
Epoch  67/300 | Train Loss: 2.2382 | Val Loss: 2.3469 | Val Cat Acc: 1.000 | Time: 0.8s
  GPU Memory: 0.02GB allocated, 0.09GB reserved
  ✓ New best validation loss: 2.3469
Epoch  68/300 | Train Loss: 2.2312 | Val Loss: 2.3357 | Val Cat Acc: 1.000 | Time: 0.9s
  GPU Memory: 0.02GB allocated, 0.09GB reserved
  ✓ New best validation loss: 2.3357
Epoch  69/300 | Train Loss: 2.2201 | Val Loss: 2.3286 | Val Cat Acc: 1.000 | Time: 0.8s
  GPU Memory: 0.02GB allocated, 0.09GB reserved
  ✓ New best validation loss: 2.3286
Epoch  70/300 | Train Loss: 2.2137 | Val Loss: 2.3146 | Val Cat Acc: 1.000 | Time: 0.8s
  GPU Memory: 0.02GB allocated, 0.09GB reserved
  ✓ New best validation loss: 2.3146
Epoch  71/300 | Train Loss: 2.2042 | Val Loss: 2.3022 | Val Cat Acc: 1.000 | Time: 0.7s
  GPU Memory: 0.02GB allocated, 0.09GB reserved
  ✓ New best validation loss: 2.3022
Epoch  72/300 | Train Loss: 2.1934 | Val Loss: 2.2954 | Val Cat Acc: 1.000 | Time: 0.9s
  GPU Memory: 0.02GB allocated, 0.09GB reserved
  ✓ New best validation loss: 2.2954
Epoch  73/300 | Train Loss: 2.1812 | Val Loss: 2.2745 | Val Cat Acc: 1.000 | Time: 0.8s
  GPU Memory: 0.02GB allocated, 0.09GB reserved
  ✓ New best validation loss: 2.2745
Epoch  74/300 | Train Loss: 2.1698 | Val Loss: 2.2641 | Val Cat Acc: 1.000 | Time: 0.7s
  GPU Memory: 0.02GB allocated, 0.09GB reserved
  ✓ New best validation loss: 2.2641
Epoch  75/300 | Train Loss: 2.1588 | Val Loss: 2.2517 | Val Cat Acc: 1.000 | Time: 0.7s
  GPU Memory: 0.02GB allocated, 0.09GB reserved
  ✓ New best validation loss: 2.2517
Epoch  76/300 | Train Loss: 2.1443 | Val Loss: 2.2315 | Val Cat Acc: 1.000 | Time: 0.7s
  GPU Memory: 0.02GB allocated, 0.09GB reserved
  ✓ New best validation loss: 2.2315
Epoch  77/300 | Train Loss: 2.1376 | Val Loss: 2.2266 | Val Cat Acc: 1.000 | Time: 0.7s
  GPU Memory: 0.02GB allocated, 0.09GB reserved
  ✓ New best validation loss: 2.2266
Epoch  78/300 | Train Loss: 2.1281 | Val Loss: 2.2101 | Val Cat Acc: 1.000 | Time: 0.7s
  GPU Memory: 0.02GB allocated, 0.09GB reserved
  ✓ New best validation loss: 2.2101
Epoch  79/300 | Train Loss: 2.1126 | Val Loss: 2.1963 | Val Cat Acc: 1.000 | Time: 0.7s
  GPU Memory: 0.02GB allocated, 0.09GB reserved
  ✓ New best validation loss: 2.1963
Epoch  80/300 | Train Loss: 2.1017 | Val Loss: 2.1778 | Val Cat Acc: 1.000 | Time: 0.8s
  GPU Memory: 0.02GB allocated, 0.09GB reserved
  ✓ New best validation loss: 2.1778
Epoch  81/300 | Train Loss: 2.0903 | Val Loss: 2.1684 | Val Cat Acc: 1.000 | Time: 0.7s
  GPU Memory: 0.02GB allocated, 0.09GB reserved
  ✓ New best validation loss: 2.1684
Epoch  82/300 | Train Loss: 2.0794 | Val Loss: 2.1601 | Val Cat Acc: 1.000 | Time: 0.7s
  GPU Memory: 0.02GB allocated, 0.09GB reserved
  ✓ New best validation loss: 2.1601
Epoch  83/300 | Train Loss: 2.0706 | Val Loss: 2.1510 | Val Cat Acc: 1.000 | Time: 0.7s
  GPU Memory: 0.02GB allocated, 0.09GB reserved
  ✓ New best validation loss: 2.1510
Epoch  84/300 | Train Loss: 2.0647 | Val Loss: 2.1383 | Val Cat Acc: 1.000 | Time: 0.8s
  GPU Memory: 0.02GB allocated, 0.09GB reserved
  ✓ New best validation loss: 2.1383
Epoch  85/300 | Train Loss: 2.0557 | Val Loss: 2.1277 | Val Cat Acc: 1.000 | Time: 0.8s
  GPU Memory: 0.02GB allocated, 0.09GB reserved
  ✓ New best validation loss: 2.1277
Epoch  86/300 | Train Loss: 2.0468 | Val Loss: 2.1176 | Val Cat Acc: 1.000 | Time: 1.0s
  GPU Memory: 0.02GB allocated, 0.09GB reserved
  ✓ New best validation loss: 2.1176
Epoch  87/300 | Train Loss: 2.0335 | Val Loss: 2.1142 | Val Cat Acc: 1.000 | Time: 0.9s
  GPU Memory: 0.02GB allocated, 0.09GB reserved
  ✓ New best validation loss: 2.1142
Epoch  88/300 | Train Loss: 2.0291 | Val Loss: 2.1056 | Val Cat Acc: 1.000 | Time: 0.9s
  GPU Memory: 0.02GB allocated, 0.09GB reserved
  ✓ New best validation loss: 2.1056
Epoch  89/300 | Train Loss: 2.0215 | Val Loss: 2.0922 | Val Cat Acc: 1.000 | Time: 0.9s
  GPU Memory: 0.02GB allocated, 0.09GB reserved
  ✓ New best validation loss: 2.0922
Epoch  90/300 | Train Loss: 2.0133 | Val Loss: 2.0906 | Val Cat Acc: 1.000 | Time: 0.9s
  GPU Memory: 0.02GB allocated, 0.09GB reserved
  ✓ New best validation loss: 2.0906
Epoch  91/300 | Train Loss: 2.0091 | Val Loss: 2.0861 | Val Cat Acc: 1.000 | Time: 0.8s
  GPU Memory: 0.02GB allocated, 0.09GB reserved
  ✓ New best validation loss: 2.0861
Epoch  92/300 | Train Loss: 2.0030 | Val Loss: 2.0766 | Val Cat Acc: 1.000 | Time: 0.7s
  GPU Memory: 0.02GB allocated, 0.09GB reserved
  ✓ New best validation loss: 2.0766
Epoch  93/300 | Train Loss: 1.9951 | Val Loss: 2.0707 | Val Cat Acc: 1.000 | Time: 0.8s
  GPU Memory: 0.02GB allocated, 0.09GB reserved
  ✓ New best validation loss: 2.0707
Epoch  94/300 | Train Loss: 1.9916 | Val Loss: 2.0650 | Val Cat Acc: 1.000 | Time: 0.7s
  GPU Memory: 0.02GB allocated, 0.09GB reserved
  ✓ New best validation loss: 2.0650
Epoch  95/300 | Train Loss: 1.9907 | Val Loss: 2.0520 | Val Cat Acc: 1.000 | Time: 0.9s
  GPU Memory: 0.02GB allocated, 0.09GB reserved
  ✓ New best validation loss: 2.0520
Epoch  96/300 | Train Loss: 1.9824 | Val Loss: 2.0513 | Val Cat Acc: 1.000 | Time: 0.8s
  GPU Memory: 0.02GB allocated, 0.09GB reserved
  ✓ New best validation loss: 2.0513
Epoch  97/300 | Train Loss: 1.9828 | Val Loss: 2.0541 | Val Cat Acc: 1.000 | Time: 0.8s
  GPU Memory: 0.02GB allocated, 0.09GB reserved
Epoch  98/300 | Train Loss: 1.9700 | Val Loss: 2.0388 | Val Cat Acc: 1.000 | Time: 0.8s
  GPU Memory: 0.02GB allocated, 0.09GB reserved
  ✓ New best validation loss: 2.0388
Epoch  99/300 | Train Loss: 1.9668 | Val Loss: 2.0340 | Val Cat Acc: 1.000 | Time: 1.1s
  GPU Memory: 0.02GB allocated, 0.09GB reserved
  ✓ New best validation loss: 2.0340
Epoch 100/300 | Train Loss: 1.9658 | Val Loss: 2.0355 | Val Cat Acc: 1.000 | Time: 1.0s
  GPU Memory: 0.02GB allocated, 0.09GB reserved
Epoch 101/300 | Train Loss: 1.9602 | Val Loss: 2.0252 | Val Cat Acc: 1.000 | Time: 0.8s
  GPU Memory: 0.02GB allocated, 0.09GB reserved
  ✓ New best validation loss: 2.0252
Epoch 102/300 | Train Loss: 1.9560 | Val Loss: 2.0127 | Val Cat Acc: 1.000 | Time: 0.8s
  GPU Memory: 0.02GB allocated, 0.09GB reserved
  ✓ New best validation loss: 2.0127
Epoch 103/300 | Train Loss: 1.9478 | Val Loss: 2.0263 | Val Cat Acc: 1.000 | Time: 0.9s
  GPU Memory: 0.02GB allocated, 0.09GB reserved
Epoch 104/300 | Train Loss: 1.9369 | Val Loss: 2.0096 | Val Cat Acc: 1.000 | Time: 0.8s
  GPU Memory: 0.02GB allocated, 0.09GB reserved
  ✓ New best validation loss: 2.0096
Epoch 105/300 | Train Loss: 1.9407 | Val Loss: 2.0008 | Val Cat Acc: 1.000 | Time: 0.8s
  GPU Memory: 0.02GB allocated, 0.09GB reserved
  ✓ New best validation loss: 2.0008
Epoch 106/300 | Train Loss: 1.9381 | Val Loss: 2.0050 | Val Cat Acc: 1.000 | Time: 0.9s
  GPU Memory: 0.02GB allocated, 0.09GB reserved
Epoch 107/300 | Train Loss: 1.9285 | Val Loss: 1.9910 | Val Cat Acc: 1.000 | Time: 0.8s
  GPU Memory: 0.02GB allocated, 0.09GB reserved
  ✓ New best validation loss: 1.9910
Epoch 108/300 | Train Loss: 1.9208 | Val Loss: 1.9895 | Val Cat Acc: 1.000 | Time: 0.9s
  GPU Memory: 0.02GB allocated, 0.09GB reserved
  ✓ New best validation loss: 1.9895
Epoch 109/300 | Train Loss: 1.9123 | Val Loss: 1.9751 | Val Cat Acc: 1.000 | Time: 0.9s
  GPU Memory: 0.02GB allocated, 0.09GB reserved
  ✓ New best validation loss: 1.9751
Epoch 110/300 | Train Loss: 1.9117 | Val Loss: 1.9719 | Val Cat Acc: 1.000 | Time: 0.8s
  GPU Memory: 0.02GB allocated, 0.09GB reserved
  ✓ New best validation loss: 1.9719
Epoch 111/300 | Train Loss: 1.9031 | Val Loss: 1.9489 | Val Cat Acc: 1.000 | Time: 0.9s
  GPU Memory: 0.02GB allocated, 0.09GB reserved
  ✓ New best validation loss: 1.9489
Epoch 112/300 | Train Loss: 1.8966 | Val Loss: 1.9600 | Val Cat Acc: 1.000 | Time: 0.9s
  GPU Memory: 0.02GB allocated, 0.09GB reserved
Epoch 113/300 | Train Loss: 1.8881 | Val Loss: 1.9326 | Val Cat Acc: 1.000 | Time: 0.8s
  GPU Memory: 0.02GB allocated, 0.09GB reserved
  ✓ New best validation loss: 1.9326
Epoch 114/300 | Train Loss: 1.8802 | Val Loss: 1.9352 | Val Cat Acc: 1.000 | Time: 0.9s
  GPU Memory: 0.02GB allocated, 0.09GB reserved
Epoch 115/300 | Train Loss: 1.8675 | Val Loss: 1.9074 | Val Cat Acc: 1.000 | Time: 0.9s
  GPU Memory: 0.02GB allocated, 0.09GB reserved
  ✓ New best validation loss: 1.9074
Epoch 116/300 | Train Loss: 1.8581 | Val Loss: 1.9003 | Val Cat Acc: 1.000 | Time: 0.8s
  GPU Memory: 0.02GB allocated, 0.09GB reserved
  ✓ New best validation loss: 1.9003
Epoch 117/300 | Train Loss: 1.8549 | Val Loss: 1.8780 | Val Cat Acc: 1.000 | Time: 0.8s
  GPU Memory: 0.02GB allocated, 0.09GB reserved
  ✓ New best validation loss: 1.8780
Epoch 118/300 | Train Loss: 1.8397 | Val Loss: 1.8702 | Val Cat Acc: 1.000 | Time: 0.8s
  GPU Memory: 0.02GB allocated, 0.09GB reserved
  ✓ New best validation loss: 1.8702
Epoch 119/300 | Train Loss: 1.8413 | Val Loss: 1.8727 | Val Cat Acc: 1.000 | Time: 0.8s
  GPU Memory: 0.02GB allocated, 0.09GB reserved
Epoch 120/300 | Train Loss: 1.8320 | Val Loss: 1.8539 | Val Cat Acc: 1.000 | Time: 0.8s
  GPU Memory: 0.02GB allocated, 0.09GB reserved
  ✓ New best validation loss: 1.8539
Epoch 121/300 | Train Loss: 1.8220 | Val Loss: 1.8482 | Val Cat Acc: 1.000 | Time: 0.8s
  GPU Memory: 0.02GB allocated, 0.09GB reserved
  ✓ New best validation loss: 1.8482
Epoch 122/300 | Train Loss: 1.8125 | Val Loss: 1.8408 | Val Cat Acc: 1.000 | Time: 0.8s
  GPU Memory: 0.02GB allocated, 0.09GB reserved
  ✓ New best validation loss: 1.8408
Epoch 123/300 | Train Loss: 1.8103 | Val Loss: 1.8416 | Val Cat Acc: 1.000 | Time: 0.8s
  GPU Memory: 0.02GB allocated, 0.09GB reserved
Epoch 124/300 | Train Loss: 1.8045 | Val Loss: 1.8342 | Val Cat Acc: 1.000 | Time: 0.8s
  GPU Memory: 0.02GB allocated, 0.09GB reserved
  ✓ New best validation loss: 1.8342
Epoch 125/300 | Train Loss: 1.7939 | Val Loss: 1.8122 | Val Cat Acc: 1.000 | Time: 0.8s
  GPU Memory: 0.02GB allocated, 0.09GB reserved
  ✓ New best validation loss: 1.8122
Epoch 126/300 | Train Loss: 1.7866 | Val Loss: 1.8280 | Val Cat Acc: 1.000 | Time: 0.8s
  GPU Memory: 0.02GB allocated, 0.09GB reserved
Epoch 127/300 | Train Loss: 1.7810 | Val Loss: 1.7913 | Val Cat Acc: 1.000 | Time: 0.8s
  GPU Memory: 0.02GB allocated, 0.09GB reserved
  ✓ New best validation loss: 1.7913
Epoch 128/300 | Train Loss: 1.7832 | Val Loss: 1.8006 | Val Cat Acc: 1.000 | Time: 0.7s
  GPU Memory: 0.02GB allocated, 0.09GB reserved
Epoch 129/300 | Train Loss: 1.7803 | Val Loss: 1.8071 | Val Cat Acc: 1.000 | Time: 0.8s
  GPU Memory: 0.02GB allocated, 0.09GB reserved
Epoch 130/300 | Train Loss: 1.7673 | Val Loss: 1.7877 | Val Cat Acc: 1.000 | Time: 0.8s
  GPU Memory: 0.02GB allocated, 0.09GB reserved
  ✓ New best validation loss: 1.7877
Epoch 131/300 | Train Loss: 1.7626 | Val Loss: 1.7900 | Val Cat Acc: 1.000 | Time: 0.8s
  GPU Memory: 0.02GB allocated, 0.09GB reserved
Epoch 132/300 | Train Loss: 1.7557 | Val Loss: 1.7728 | Val Cat Acc: 1.000 | Time: 0.7s
  GPU Memory: 0.02GB allocated, 0.09GB reserved
  ✓ New best validation loss: 1.7728
Epoch 133/300 | Train Loss: 1.7486 | Val Loss: 1.7728 | Val Cat Acc: 1.000 | Time: 0.7s
  GPU Memory: 0.02GB allocated, 0.09GB reserved
Epoch 134/300 | Train Loss: 1.7453 | Val Loss: 1.7717 | Val Cat Acc: 1.000 | Time: 0.7s
  GPU Memory: 0.02GB allocated, 0.09GB reserved
  ✓ New best validation loss: 1.7717
Epoch 135/300 | Train Loss: 1.7377 | Val Loss: 1.7590 | Val Cat Acc: 1.000 | Time: 0.7s
  GPU Memory: 0.02GB allocated, 0.09GB reserved
  ✓ New best validation loss: 1.7590
Epoch 136/300 | Train Loss: 1.7249 | Val Loss: 1.7631 | Val Cat Acc: 1.000 | Time: 0.8s
  GPU Memory: 0.02GB allocated, 0.09GB reserved
Epoch 137/300 | Train Loss: 1.7208 | Val Loss: 1.7277 | Val Cat Acc: 1.000 | Time: 0.7s
  GPU Memory: 0.02GB allocated, 0.09GB reserved
  ✓ New best validation loss: 1.7277
Epoch 138/300 | Train Loss: 1.7219 | Val Loss: 1.7449 | Val Cat Acc: 1.000 | Time: 0.8s
  GPU Memory: 0.02GB allocated, 0.09GB reserved
Epoch 139/300 | Train Loss: 1.7129 | Val Loss: 1.7400 | Val Cat Acc: 1.000 | Time: 0.8s
  GPU Memory: 0.02GB allocated, 0.09GB reserved
Epoch 140/300 | Train Loss: 1.7015 | Val Loss: 1.7031 | Val Cat Acc: 1.000 | Time: 0.8s
  GPU Memory: 0.02GB allocated, 0.09GB reserved
  ✓ New best validation loss: 1.7031
Epoch 141/300 | Train Loss: 1.6881 | Val Loss: 1.7398 | Val Cat Acc: 1.000 | Time: 0.9s
  GPU Memory: 0.02GB allocated, 0.09GB reserved
Epoch 142/300 | Train Loss: 1.6844 | Val Loss: 1.6982 | Val Cat Acc: 1.000 | Time: 0.8s
  GPU Memory: 0.02GB allocated, 0.09GB reserved
  ✓ New best validation loss: 1.6982
Epoch 143/300 | Train Loss: 1.6783 | Val Loss: 1.6715 | Val Cat Acc: 1.000 | Time: 0.8s
  GPU Memory: 0.02GB allocated, 0.09GB reserved
  ✓ New best validation loss: 1.6715
Epoch 144/300 | Train Loss: 1.6628 | Val Loss: 1.6810 | Val Cat Acc: 1.000 | Time: 0.7s
  GPU Memory: 0.02GB allocated, 0.09GB reserved
Epoch 145/300 | Train Loss: 1.6561 | Val Loss: 1.6715 | Val Cat Acc: 1.000 | Time: 0.9s
  GPU Memory: 0.02GB allocated, 0.09GB reserved
Epoch 146/300 | Train Loss: 1.6416 | Val Loss: 1.6670 | Val Cat Acc: 1.000 | Time: 0.8s
  GPU Memory: 0.02GB allocated, 0.09GB reserved
  ✓ New best validation loss: 1.6670
Epoch 147/300 | Train Loss: 1.6327 | Val Loss: 1.6621 | Val Cat Acc: 1.000 | Time: 0.9s
  GPU Memory: 0.02GB allocated, 0.09GB reserved
  ✓ New best validation loss: 1.6621
Epoch 148/300 | Train Loss: 1.6224 | Val Loss: 1.6177 | Val Cat Acc: 1.000 | Time: 0.9s
  GPU Memory: 0.02GB allocated, 0.09GB reserved
  ✓ New best validation loss: 1.6177
Epoch 149/300 | Train Loss: 1.6086 | Val Loss: 1.6270 | Val Cat Acc: 1.000 | Time: 0.9s
  GPU Memory: 0.02GB allocated, 0.09GB reserved
Epoch 150/300 | Train Loss: 1.5904 | Val Loss: 1.6183 | Val Cat Acc: 1.000 | Time: 0.8s
  GPU Memory: 0.02GB allocated, 0.09GB reserved
Epoch 151/300 | Train Loss: 1.5896 | Val Loss: 1.6102 | Val Cat Acc: 1.000 | Time: 0.8s
  GPU Memory: 0.02GB allocated, 0.09GB reserved
  ✓ New best validation loss: 1.6102
Epoch 152/300 | Train Loss: 1.5638 | Val Loss: 1.5941 | Val Cat Acc: 1.000 | Time: 0.9s
  GPU Memory: 0.02GB allocated, 0.09GB reserved
  ✓ New best validation loss: 1.5941
Epoch 153/300 | Train Loss: 1.5585 | Val Loss: 1.5668 | Val Cat Acc: 1.000 | Time: 0.8s
  GPU Memory: 0.02GB allocated, 0.09GB reserved
  ✓ New best validation loss: 1.5668
Epoch 154/300 | Train Loss: 1.5450 | Val Loss: 1.5532 | Val Cat Acc: 1.000 | Time: 0.8s
  GPU Memory: 0.02GB allocated, 0.09GB reserved
  ✓ New best validation loss: 1.5532
Epoch 155/300 | Train Loss: 1.5333 | Val Loss: 1.5523 | Val Cat Acc: 1.000 | Time: 0.8s
  GPU Memory: 0.02GB allocated, 0.09GB reserved
  ✓ New best validation loss: 1.5523
Epoch 156/300 | Train Loss: 1.5146 | Val Loss: 1.5285 | Val Cat Acc: 1.000 | Time: 0.9s
  GPU Memory: 0.02GB allocated, 0.09GB reserved
  ✓ New best validation loss: 1.5285
Epoch 157/300 | Train Loss: 1.5027 | Val Loss: 1.5454 | Val Cat Acc: 1.000 | Time: 0.9s
  GPU Memory: 0.02GB allocated, 0.09GB reserved
Epoch 158/300 | Train Loss: 1.4842 | Val Loss: 1.4921 | Val Cat Acc: 1.000 | Time: 0.9s
  GPU Memory: 0.02GB allocated, 0.09GB reserved
  ✓ New best validation loss: 1.4921
Epoch 159/300 | Train Loss: 1.4758 | Val Loss: 1.4961 | Val Cat Acc: 1.000 | Time: 0.8s
  GPU Memory: 0.02GB allocated, 0.09GB reserved
Epoch 160/300 | Train Loss: 1.4647 | Val Loss: 1.4741 | Val Cat Acc: 1.000 | Time: 0.7s
  GPU Memory: 0.02GB allocated, 0.09GB reserved
  ✓ New best validation loss: 1.4741
Epoch 161/300 | Train Loss: 1.4533 | Val Loss: 1.4899 | Val Cat Acc: 1.000 | Time: 0.8s
  GPU Memory: 0.02GB allocated, 0.09GB reserved
Epoch 162/300 | Train Loss: 1.4418 | Val Loss: 1.4517 | Val Cat Acc: 1.000 | Time: 0.7s
  GPU Memory: 0.02GB allocated, 0.09GB reserved
  ✓ New best validation loss: 1.4517
Epoch 163/300 | Train Loss: 1.4294 | Val Loss: 1.4748 | Val Cat Acc: 1.000 | Time: 0.7s
  GPU Memory: 0.02GB allocated, 0.09GB reserved
Epoch 164/300 | Train Loss: 1.4158 | Val Loss: 1.4536 | Val Cat Acc: 1.000 | Time: 0.8s
  GPU Memory: 0.02GB allocated, 0.09GB reserved
Epoch 165/300 | Train Loss: 1.4039 | Val Loss: 1.4506 | Val Cat Acc: 1.000 | Time: 0.8s
  GPU Memory: 0.02GB allocated, 0.09GB reserved
  ✓ New best validation loss: 1.4506
Epoch 166/300 | Train Loss: 1.3941 | Val Loss: 1.4284 | Val Cat Acc: 1.000 | Time: 0.9s
  GPU Memory: 0.02GB allocated, 0.09GB reserved
  ✓ New best validation loss: 1.4284
Epoch 167/300 | Train Loss: 1.3886 | Val Loss: 1.4105 | Val Cat Acc: 1.000 | Time: 0.9s
  GPU Memory: 0.02GB allocated, 0.09GB reserved
  ✓ New best validation loss: 1.4105
Epoch 168/300 | Train Loss: 1.3715 | Val Loss: 1.3998 | Val Cat Acc: 1.000 | Time: 0.9s
  GPU Memory: 0.02GB allocated, 0.09GB reserved
  ✓ New best validation loss: 1.3998
Epoch 169/300 | Train Loss: 1.3643 | Val Loss: 1.3951 | Val Cat Acc: 1.000 | Time: 0.9s
  GPU Memory: 0.02GB allocated, 0.09GB reserved
  ✓ New best validation loss: 1.3951
Epoch 170/300 | Train Loss: 1.3559 | Val Loss: 1.3963 | Val Cat Acc: 1.000 | Time: 0.9s
  GPU Memory: 0.02GB allocated, 0.09GB reserved
Epoch 171/300 | Train Loss: 1.3456 | Val Loss: 1.3927 | Val Cat Acc: 1.000 | Time: 0.8s
  GPU Memory: 0.02GB allocated, 0.09GB reserved
  ✓ New best validation loss: 1.3927
Epoch 172/300 | Train Loss: 1.3461 | Val Loss: 1.3866 | Val Cat Acc: 1.000 | Time: 0.8s
  GPU Memory: 0.02GB allocated, 0.09GB reserved
  ✓ New best validation loss: 1.3866
Epoch 173/300 | Train Loss: 1.3251 | Val Loss: 1.3791 | Val Cat Acc: 1.000 | Time: 0.9s
  GPU Memory: 0.02GB allocated, 0.09GB reserved
  ✓ New best validation loss: 1.3791
Epoch 174/300 | Train Loss: 1.3310 | Val Loss: 1.3622 | Val Cat Acc: 1.000 | Time: 0.7s
  GPU Memory: 0.02GB allocated, 0.09GB reserved
  ✓ New best validation loss: 1.3622
Epoch 175/300 | Train Loss: 1.3148 | Val Loss: 1.3503 | Val Cat Acc: 1.000 | Time: 0.7s
  GPU Memory: 0.02GB allocated, 0.09GB reserved
  ✓ New best validation loss: 1.3503
Epoch 176/300 | Train Loss: 1.3054 | Val Loss: 1.3269 | Val Cat Acc: 1.000 | Time: 0.7s
  GPU Memory: 0.02GB allocated, 0.09GB reserved
  ✓ New best validation loss: 1.3269
Epoch 177/300 | Train Loss: 1.3011 | Val Loss: 1.3171 | Val Cat Acc: 1.000 | Time: 0.8s
  GPU Memory: 0.02GB allocated, 0.09GB reserved
  ✓ New best validation loss: 1.3171
Epoch 178/300 | Train Loss: 1.2935 | Val Loss: 1.3431 | Val Cat Acc: 1.000 | Time: 0.8s
  GPU Memory: 0.02GB allocated, 0.09GB reserved
Epoch 179/300 | Train Loss: 1.2885 | Val Loss: 1.3095 | Val Cat Acc: 1.000 | Time: 0.8s
  GPU Memory: 0.02GB allocated, 0.09GB reserved
  ✓ New best validation loss: 1.3095
Epoch 180/300 | Train Loss: 1.2753 | Val Loss: 1.3137 | Val Cat Acc: 1.000 | Time: 0.9s
  GPU Memory: 0.02GB allocated, 0.09GB reserved
Epoch 181/300 | Train Loss: 1.2719 | Val Loss: 1.3069 | Val Cat Acc: 1.000 | Time: 0.8s
  GPU Memory: 0.02GB allocated, 0.09GB reserved
  ✓ New best validation loss: 1.3069
Epoch 182/300 | Train Loss: 1.2585 | Val Loss: 1.2967 | Val Cat Acc: 1.000 | Time: 0.9s
  GPU Memory: 0.02GB allocated, 0.09GB reserved
  ✓ New best validation loss: 1.2967
Epoch 183/300 | Train Loss: 1.2570 | Val Loss: 1.2871 | Val Cat Acc: 1.000 | Time: 0.7s
  GPU Memory: 0.02GB allocated, 0.09GB reserved
  ✓ New best validation loss: 1.2871
Epoch 184/300 | Train Loss: 1.2578 | Val Loss: 1.3046 | Val Cat Acc: 1.000 | Time: 0.7s
  GPU Memory: 0.02GB allocated, 0.09GB reserved
Epoch 185/300 | Train Loss: 1.2394 | Val Loss: 1.2632 | Val Cat Acc: 1.000 | Time: 0.8s
  GPU Memory: 0.02GB allocated, 0.09GB reserved
  ✓ New best validation loss: 1.2632
Epoch 186/300 | Train Loss: 1.2284 | Val Loss: 1.2689 | Val Cat Acc: 1.000 | Time: 0.9s
  GPU Memory: 0.02GB allocated, 0.09GB reserved
Epoch 187/300 | Train Loss: 1.2364 | Val Loss: 1.2450 | Val Cat Acc: 1.000 | Time: 0.7s
  GPU Memory: 0.02GB allocated, 0.09GB reserved
  ✓ New best validation loss: 1.2450
Epoch 188/300 | Train Loss: 1.2289 | Val Loss: 1.2301 | Val Cat Acc: 1.000 | Time: 0.8s
  GPU Memory: 0.02GB allocated, 0.09GB reserved
  ✓ New best validation loss: 1.2301
Epoch 189/300 | Train Loss: 1.2127 | Val Loss: 1.2448 | Val Cat Acc: 1.000 | Time: 0.7s
  GPU Memory: 0.02GB allocated, 0.09GB reserved
Epoch 190/300 | Train Loss: 1.2133 | Val Loss: 1.2153 | Val Cat Acc: 1.000 | Time: 0.7s
  GPU Memory: 0.02GB allocated, 0.09GB reserved
  ✓ New best validation loss: 1.2153
Epoch 191/300 | Train Loss: 1.2094 | Val Loss: 1.2216 | Val Cat Acc: 1.000 | Time: 0.7s
  GPU Memory: 0.02GB allocated, 0.09GB reserved
Epoch 192/300 | Train Loss: 1.1896 | Val Loss: 1.1953 | Val Cat Acc: 1.000 | Time: 0.8s
  GPU Memory: 0.02GB allocated, 0.09GB reserved
  ✓ New best validation loss: 1.1953
Epoch 193/300 | Train Loss: 1.1933 | Val Loss: 1.1873 | Val Cat Acc: 1.000 | Time: 0.8s
  GPU Memory: 0.02GB allocated, 0.09GB reserved
  ✓ New best validation loss: 1.1873
Epoch 194/300 | Train Loss: 1.1768 | Val Loss: 1.1528 | Val Cat Acc: 1.000 | Time: 0.7s
  GPU Memory: 0.02GB allocated, 0.09GB reserved
  ✓ New best validation loss: 1.1528
Epoch 195/300 | Train Loss: 1.1721 | Val Loss: 1.1311 | Val Cat Acc: 1.000 | Time: 0.8s
  GPU Memory: 0.02GB allocated, 0.09GB reserved
  ✓ New best validation loss: 1.1311
Epoch 196/300 | Train Loss: 1.1570 | Val Loss: 1.1113 | Val Cat Acc: 1.000 | Time: 0.9s
  GPU Memory: 0.02GB allocated, 0.09GB reserved
  ✓ New best validation loss: 1.1113
Epoch 197/300 | Train Loss: 1.1473 | Val Loss: 1.0881 | Val Cat Acc: 1.000 | Time: 0.8s
  GPU Memory: 0.02GB allocated, 0.09GB reserved
  ✓ New best validation loss: 1.0881
Epoch 198/300 | Train Loss: 1.1366 | Val Loss: 1.0547 | Val Cat Acc: 1.000 | Time: 0.7s
  GPU Memory: 0.02GB allocated, 0.09GB reserved
  ✓ New best validation loss: 1.0547
Epoch 199/300 | Train Loss: 1.1115 | Val Loss: 1.0353 | Val Cat Acc: 1.000 | Time: 0.9s
  GPU Memory: 0.02GB allocated, 0.09GB reserved
  ✓ New best validation loss: 1.0353
Epoch 200/300 | Train Loss: 1.1034 | Val Loss: 0.9795 | Val Cat Acc: 1.000 | Time: 0.7s
  GPU Memory: 0.02GB allocated, 0.09GB reserved
  ✓ New best validation loss: 0.9795
Epoch 201/300 | Train Loss: 1.0944 | Val Loss: 0.9721 | Val Cat Acc: 1.000 | Time: 0.9s
  GPU Memory: 0.02GB allocated, 0.09GB reserved
  ✓ New best validation loss: 0.9721
Epoch 202/300 | Train Loss: 1.0651 | Val Loss: 0.9360 | Val Cat Acc: 1.000 | Time: 0.8s
  GPU Memory: 0.02GB allocated, 0.09GB reserved
  ✓ New best validation loss: 0.9360
Epoch 203/300 | Train Loss: 1.0578 | Val Loss: 0.9302 | Val Cat Acc: 1.000 | Time: 0.9s
  GPU Memory: 0.02GB allocated, 0.09GB reserved
  ✓ New best validation loss: 0.9302
Epoch 204/300 | Train Loss: 1.0352 | Val Loss: 0.8999 | Val Cat Acc: 1.000 | Time: 0.8s
  GPU Memory: 0.02GB allocated, 0.09GB reserved
  ✓ New best validation loss: 0.8999
Epoch 205/300 | Train Loss: 1.0184 | Val Loss: 0.8773 | Val Cat Acc: 1.000 | Time: 0.8s
  GPU Memory: 0.02GB allocated, 0.09GB reserved
  ✓ New best validation loss: 0.8773
Epoch 206/300 | Train Loss: 0.9999 | Val Loss: 0.8651 | Val Cat Acc: 1.000 | Time: 0.8s
  GPU Memory: 0.02GB allocated, 0.09GB reserved
  ✓ New best validation loss: 0.8651
Epoch 207/300 | Train Loss: 0.9849 | Val Loss: 0.8677 | Val Cat Acc: 1.000 | Time: 0.8s
  GPU Memory: 0.02GB allocated, 0.09GB reserved
Epoch 208/300 | Train Loss: 0.9738 | Val Loss: 0.8422 | Val Cat Acc: 1.000 | Time: 0.9s
  GPU Memory: 0.02GB allocated, 0.09GB reserved
  ✓ New best validation loss: 0.8422
Epoch 209/300 | Train Loss: 0.9760 | Val Loss: 0.8347 | Val Cat Acc: 1.000 | Time: 0.9s
  GPU Memory: 0.02GB allocated, 0.09GB reserved
  ✓ New best validation loss: 0.8347
Epoch 210/300 | Train Loss: 0.9548 | Val Loss: 0.8161 | Val Cat Acc: 1.000 | Time: 0.9s
  GPU Memory: 0.02GB allocated, 0.09GB reserved
  ✓ New best validation loss: 0.8161
Epoch 211/300 | Train Loss: 0.9424 | Val Loss: 0.8033 | Val Cat Acc: 1.000 | Time: 0.9s
  GPU Memory: 0.02GB allocated, 0.09GB reserved
  ✓ New best validation loss: 0.8033
Epoch 212/300 | Train Loss: 0.9326 | Val Loss: 0.7957 | Val Cat Acc: 1.000 | Time: 0.8s
  GPU Memory: 0.02GB allocated, 0.09GB reserved
  ✓ New best validation loss: 0.7957
Epoch 213/300 | Train Loss: 0.9309 | Val Loss: 0.7973 | Val Cat Acc: 1.000 | Time: 0.8s
  GPU Memory: 0.02GB allocated, 0.09GB reserved
Epoch 214/300 | Train Loss: 0.9117 | Val Loss: 0.7928 | Val Cat Acc: 1.000 | Time: 0.7s
  GPU Memory: 0.02GB allocated, 0.09GB reserved
  ✓ New best validation loss: 0.7928
Epoch 215/300 | Train Loss: 0.8962 | Val Loss: 0.7847 | Val Cat Acc: 1.000 | Time: 0.8s
  GPU Memory: 0.02GB allocated, 0.09GB reserved
  ✓ New best validation loss: 0.7847
Epoch 216/300 | Train Loss: 0.8888 | Val Loss: 0.7709 | Val Cat Acc: 1.000 | Time: 0.7s
  GPU Memory: 0.02GB allocated, 0.09GB reserved
  ✓ New best validation loss: 0.7709
Epoch 217/300 | Train Loss: 0.8911 | Val Loss: 0.7548 | Val Cat Acc: 1.000 | Time: 0.8s
  GPU Memory: 0.02GB allocated, 0.09GB reserved
  ✓ New best validation loss: 0.7548
Epoch 218/300 | Train Loss: 0.8838 | Val Loss: 0.7566 | Val Cat Acc: 1.000 | Time: 0.8s
  GPU Memory: 0.02GB allocated, 0.09GB reserved
Epoch 219/300 | Train Loss: 0.8739 | Val Loss: 0.7526 | Val Cat Acc: 1.000 | Time: 0.7s
  GPU Memory: 0.02GB allocated, 0.09GB reserved
  ✓ New best validation loss: 0.7526
Epoch 220/300 | Train Loss: 0.8693 | Val Loss: 0.7501 | Val Cat Acc: 1.000 | Time: 0.7s
  GPU Memory: 0.02GB allocated, 0.09GB reserved
  ✓ New best validation loss: 0.7501
Epoch 221/300 | Train Loss: 0.8684 | Val Loss: 0.7373 | Val Cat Acc: 1.000 | Time: 0.8s
  GPU Memory: 0.02GB allocated, 0.09GB reserved
  ✓ New best validation loss: 0.7373
Epoch 222/300 | Train Loss: 0.8606 | Val Loss: 0.7257 | Val Cat Acc: 1.000 | Time: 0.8s
  GPU Memory: 0.02GB allocated, 0.09GB reserved
  ✓ New best validation loss: 0.7257
Epoch 223/300 | Train Loss: 0.8542 | Val Loss: 0.7264 | Val Cat Acc: 1.000 | Time: 0.8s
  GPU Memory: 0.02GB allocated, 0.09GB reserved
Epoch 224/300 | Train Loss: 0.8467 | Val Loss: 0.7241 | Val Cat Acc: 1.000 | Time: 0.9s
  GPU Memory: 0.02GB allocated, 0.09GB reserved
  ✓ New best validation loss: 0.7241
Epoch 225/300 | Train Loss: 0.8396 | Val Loss: 0.7240 | Val Cat Acc: 1.000 | Time: 0.9s
  GPU Memory: 0.02GB allocated, 0.09GB reserved
  ✓ New best validation loss: 0.7240
Epoch 226/300 | Train Loss: 0.8305 | Val Loss: 0.7160 | Val Cat Acc: 1.000 | Time: 0.9s
  GPU Memory: 0.02GB allocated, 0.09GB reserved
  ✓ New best validation loss: 0.7160
Epoch 227/300 | Train Loss: 0.8164 | Val Loss: 0.7139 | Val Cat Acc: 1.000 | Time: 0.8s
  GPU Memory: 0.02GB allocated, 0.09GB reserved
  ✓ New best validation loss: 0.7139
Epoch 228/300 | Train Loss: 0.8213 | Val Loss: 0.7047 | Val Cat Acc: 1.000 | Time: 0.8s
  GPU Memory: 0.02GB allocated, 0.09GB reserved
  ✓ New best validation loss: 0.7047
Epoch 229/300 | Train Loss: 0.8257 | Val Loss: 0.7036 | Val Cat Acc: 1.000 | Time: 0.9s
  GPU Memory: 0.02GB allocated, 0.09GB reserved
  ✓ New best validation loss: 0.7036
Epoch 230/300 | Train Loss: 0.8076 | Val Loss: 0.7014 | Val Cat Acc: 1.000 | Time: 0.9s
  GPU Memory: 0.02GB allocated, 0.09GB reserved
  ✓ New best validation loss: 0.7014
Epoch 231/300 | Train Loss: 0.8156 | Val Loss: 0.7107 | Val Cat Acc: 1.000 | Time: 0.9s
  GPU Memory: 0.02GB allocated, 0.09GB reserved
Epoch 232/300 | Train Loss: 0.8191 | Val Loss: 0.6968 | Val Cat Acc: 1.000 | Time: 0.8s
  GPU Memory: 0.02GB allocated, 0.09GB reserved
  ✓ New best validation loss: 0.6968
Epoch 233/300 | Train Loss: 0.8002 | Val Loss: 0.6931 | Val Cat Acc: 1.000 | Time: 0.7s
  GPU Memory: 0.02GB allocated, 0.09GB reserved
  ✓ New best validation loss: 0.6931
Epoch 234/300 | Train Loss: 0.7852 | Val Loss: 0.6831 | Val Cat Acc: 1.000 | Time: 0.8s
  GPU Memory: 0.02GB allocated, 0.09GB reserved
  ✓ New best validation loss: 0.6831
Epoch 235/300 | Train Loss: 0.8043 | Val Loss: 0.6892 | Val Cat Acc: 1.000 | Time: 0.8s
  GPU Memory: 0.02GB allocated, 0.09GB reserved
Epoch 236/300 | Train Loss: 0.7838 | Val Loss: 0.6822 | Val Cat Acc: 1.000 | Time: 0.9s
  GPU Memory: 0.02GB allocated, 0.09GB reserved
  ✓ New best validation loss: 0.6822
Epoch 237/300 | Train Loss: 0.7806 | Val Loss: 0.6768 | Val Cat Acc: 1.000 | Time: 0.8s
  GPU Memory: 0.02GB allocated, 0.09GB reserved
  ✓ New best validation loss: 0.6768
Epoch 238/300 | Train Loss: 0.7830 | Val Loss: 0.6763 | Val Cat Acc: 1.000 | Time: 0.8s
  GPU Memory: 0.02GB allocated, 0.09GB reserved
  ✓ New best validation loss: 0.6763
Epoch 239/300 | Train Loss: 0.7767 | Val Loss: 0.6758 | Val Cat Acc: 1.000 | Time: 0.9s
  GPU Memory: 0.02GB allocated, 0.09GB reserved
  ✓ New best validation loss: 0.6758
Epoch 240/300 | Train Loss: 0.7787 | Val Loss: 0.6704 | Val Cat Acc: 1.000 | Time: 0.9s
  GPU Memory: 0.02GB allocated, 0.09GB reserved
  ✓ New best validation loss: 0.6704
Epoch 241/300 | Train Loss: 0.7705 | Val Loss: 0.6624 | Val Cat Acc: 1.000 | Time: 1.0s
  GPU Memory: 0.02GB allocated, 0.09GB reserved
  ✓ New best validation loss: 0.6624
Epoch 242/300 | Train Loss: 0.7881 | Val Loss: 0.6605 | Val Cat Acc: 1.000 | Time: 0.9s
  GPU Memory: 0.02GB allocated, 0.09GB reserved
  ✓ New best validation loss: 0.6605
Epoch 243/300 | Train Loss: 0.7690 | Val Loss: 0.6666 | Val Cat Acc: 1.000 | Time: 0.9s
  GPU Memory: 0.02GB allocated, 0.09GB reserved
Epoch 244/300 | Train Loss: 0.7497 | Val Loss: 0.6563 | Val Cat Acc: 1.000 | Time: 0.9s
  GPU Memory: 0.02GB allocated, 0.09GB reserved
  ✓ New best validation loss: 0.6563
Epoch 245/300 | Train Loss: 0.7657 | Val Loss: 0.6574 | Val Cat Acc: 1.000 | Time: 0.9s
  GPU Memory: 0.02GB allocated, 0.09GB reserved
Epoch 246/300 | Train Loss: 0.7593 | Val Loss: 0.6520 | Val Cat Acc: 1.000 | Time: 0.9s
  GPU Memory: 0.02GB allocated, 0.09GB reserved
  ✓ New best validation loss: 0.6520
Epoch 247/300 | Train Loss: 0.7523 | Val Loss: 0.6529 | Val Cat Acc: 1.000 | Time: 0.9s
  GPU Memory: 0.02GB allocated, 0.09GB reserved
Epoch 248/300 | Train Loss: 0.7515 | Val Loss: 0.6499 | Val Cat Acc: 1.000 | Time: 0.9s
  GPU Memory: 0.02GB allocated, 0.09GB reserved
  ✓ New best validation loss: 0.6499
Epoch 249/300 | Train Loss: 0.7495 | Val Loss: 0.6474 | Val Cat Acc: 1.000 | Time: 0.8s
  GPU Memory: 0.02GB allocated, 0.09GB reserved
  ✓ New best validation loss: 0.6474
Epoch 250/300 | Train Loss: 0.7411 | Val Loss: 0.6481 | Val Cat Acc: 1.000 | Time: 0.8s
  GPU Memory: 0.02GB allocated, 0.09GB reserved
Epoch 251/300 | Train Loss: 0.7469 | Val Loss: 0.6452 | Val Cat Acc: 1.000 | Time: 0.8s
  GPU Memory: 0.02GB allocated, 0.09GB reserved
  ✓ New best validation loss: 0.6452
Epoch 252/300 | Train Loss: 0.7499 | Val Loss: 0.6429 | Val Cat Acc: 1.000 | Time: 0.8s
  GPU Memory: 0.02GB allocated, 0.09GB reserved
  ✓ New best validation loss: 0.6429
Epoch 253/300 | Train Loss: 0.7480 | Val Loss: 0.6479 | Val Cat Acc: 1.000 | Time: 0.8s
  GPU Memory: 0.02GB allocated, 0.09GB reserved
Epoch 254/300 | Train Loss: 0.7420 | Val Loss: 0.6381 | Val Cat Acc: 1.000 | Time: 0.9s
  GPU Memory: 0.02GB allocated, 0.09GB reserved
  ✓ New best validation loss: 0.6381
Epoch 255/300 | Train Loss: 0.7486 | Val Loss: 0.6376 | Val Cat Acc: 1.000 | Time: 0.9s
  GPU Memory: 0.02GB allocated, 0.09GB reserved
  ✓ New best validation loss: 0.6376
Epoch 256/300 | Train Loss: 0.7273 | Val Loss: 0.6388 | Val Cat Acc: 1.000 | Time: 0.9s
  GPU Memory: 0.02GB allocated, 0.09GB reserved
Epoch 257/300 | Train Loss: 0.7517 | Val Loss: 0.6337 | Val Cat Acc: 1.000 | Time: 0.8s
  GPU Memory: 0.02GB allocated, 0.09GB reserved
  ✓ New best validation loss: 0.6337
Epoch 258/300 | Train Loss: 0.7358 | Val Loss: 0.6359 | Val Cat Acc: 1.000 | Time: 0.8s
  GPU Memory: 0.02GB allocated, 0.09GB reserved
Epoch 259/300 | Train Loss: 0.7295 | Val Loss: 0.6340 | Val Cat Acc: 1.000 | Time: 0.9s
  GPU Memory: 0.02GB allocated, 0.09GB reserved
Epoch 260/300 | Train Loss: 0.7424 | Val Loss: 0.6314 | Val Cat Acc: 1.000 | Time: 0.8s
  GPU Memory: 0.02GB allocated, 0.09GB reserved
  ✓ New best validation loss: 0.6314
Epoch 261/300 | Train Loss: 0.7329 | Val Loss: 0.6328 | Val Cat Acc: 1.000 | Time: 0.8s
  GPU Memory: 0.02GB allocated, 0.09GB reserved
Epoch 262/300 | Train Loss: 0.7308 | Val Loss: 0.6273 | Val Cat Acc: 1.000 | Time: 0.9s
  GPU Memory: 0.02GB allocated, 0.09GB reserved
  ✓ New best validation loss: 0.6273
Epoch 263/300 | Train Loss: 0.7403 | Val Loss: 0.6272 | Val Cat Acc: 1.000 | Time: 0.8s
  GPU Memory: 0.02GB allocated, 0.09GB reserved
  ✓ New best validation loss: 0.6272
Epoch 264/300 | Train Loss: 0.7372 | Val Loss: 0.6266 | Val Cat Acc: 1.000 | Time: 0.7s
  GPU Memory: 0.02GB allocated, 0.09GB reserved
  ✓ New best validation loss: 0.6266
Epoch 265/300 | Train Loss: 0.7189 | Val Loss: 0.6244 | Val Cat Acc: 1.000 | Time: 0.8s
  GPU Memory: 0.02GB allocated, 0.09GB reserved
  ✓ New best validation loss: 0.6244
Epoch 266/300 | Train Loss: 0.7247 | Val Loss: 0.6246 | Val Cat Acc: 1.000 | Time: 0.8s
  GPU Memory: 0.02GB allocated, 0.09GB reserved
Epoch 267/300 | Train Loss: 0.7260 | Val Loss: 0.6258 | Val Cat Acc: 1.000 | Time: 0.8s
  GPU Memory: 0.02GB allocated, 0.09GB reserved
Epoch 268/300 | Train Loss: 0.7236 | Val Loss: 0.6242 | Val Cat Acc: 1.000 | Time: 0.8s
  GPU Memory: 0.02GB allocated, 0.09GB reserved
  ✓ New best validation loss: 0.6242
Epoch 269/300 | Train Loss: 0.7122 | Val Loss: 0.6221 | Val Cat Acc: 1.000 | Time: 0.8s
  GPU Memory: 0.02GB allocated, 0.09GB reserved
  ✓ New best validation loss: 0.6221
Epoch 270/300 | Train Loss: 0.7197 | Val Loss: 0.6209 | Val Cat Acc: 1.000 | Time: 0.9s
  GPU Memory: 0.02GB allocated, 0.09GB reserved
  ✓ New best validation loss: 0.6209
Epoch 271/300 | Train Loss: 0.7247 | Val Loss: 0.6223 | Val Cat Acc: 1.000 | Time: 0.9s
  GPU Memory: 0.02GB allocated, 0.09GB reserved
Epoch 272/300 | Train Loss: 0.7196 | Val Loss: 0.6209 | Val Cat Acc: 1.000 | Time: 0.9s
  GPU Memory: 0.02GB allocated, 0.09GB reserved
  ✓ New best validation loss: 0.6209
Epoch 273/300 | Train Loss: 0.7212 | Val Loss: 0.6209 | Val Cat Acc: 1.000 | Time: 0.8s
  GPU Memory: 0.02GB allocated, 0.09GB reserved
  ✓ New best validation loss: 0.6209
Epoch 274/300 | Train Loss: 0.7102 | Val Loss: 0.6185 | Val Cat Acc: 1.000 | Time: 0.7s
  GPU Memory: 0.02GB allocated, 0.09GB reserved
  ✓ New best validation loss: 0.6185
Epoch 275/300 | Train Loss: 0.7112 | Val Loss: 0.6182 | Val Cat Acc: 1.000 | Time: 0.7s
  GPU Memory: 0.02GB allocated, 0.09GB reserved
  ✓ New best validation loss: 0.6182
Epoch 276/300 | Train Loss: 0.7175 | Val Loss: 0.6184 | Val Cat Acc: 1.000 | Time: 0.8s
  GPU Memory: 0.02GB allocated, 0.09GB reserved
Epoch 277/300 | Train Loss: 0.7302 | Val Loss: 0.6199 | Val Cat Acc: 1.000 | Time: 0.8s
  GPU Memory: 0.02GB allocated, 0.09GB reserved
Epoch 278/300 | Train Loss: 0.7062 | Val Loss: 0.6178 | Val Cat Acc: 1.000 | Time: 0.7s
  GPU Memory: 0.02GB allocated, 0.09GB reserved
  ✓ New best validation loss: 0.6178
Epoch 279/300 | Train Loss: 0.7073 | Val Loss: 0.6163 | Val Cat Acc: 1.000 | Time: 0.8s
  GPU Memory: 0.02GB allocated, 0.09GB reserved
  ✓ New best validation loss: 0.6163
Epoch 280/300 | Train Loss: 0.7146 | Val Loss: 0.6151 | Val Cat Acc: 1.000 | Time: 0.7s
  GPU Memory: 0.02GB allocated, 0.09GB reserved
  ✓ New best validation loss: 0.6151
Epoch 281/300 | Train Loss: 0.7153 | Val Loss: 0.6144 | Val Cat Acc: 1.000 | Time: 0.7s
  GPU Memory: 0.02GB allocated, 0.09GB reserved
  ✓ New best validation loss: 0.6144
Epoch 282/300 | Train Loss: 0.7159 | Val Loss: 0.6147 | Val Cat Acc: 1.000 | Time: 0.7s
  GPU Memory: 0.02GB allocated, 0.09GB reserved
Epoch 283/300 | Train Loss: 0.7092 | Val Loss: 0.6157 | Val Cat Acc: 1.000 | Time: 0.8s
  GPU Memory: 0.02GB allocated, 0.09GB reserved
Epoch 284/300 | Train Loss: 0.7068 | Val Loss: 0.6153 | Val Cat Acc: 1.000 | Time: 0.7s
  GPU Memory: 0.02GB allocated, 0.09GB reserved
Epoch 285/300 | Train Loss: 0.7143 | Val Loss: 0.6150 | Val Cat Acc: 1.000 | Time: 0.7s
  GPU Memory: 0.02GB allocated, 0.09GB reserved
Epoch 286/300 | Train Loss: 0.7057 | Val Loss: 0.6144 | Val Cat Acc: 1.000 | Time: 0.7s
  GPU Memory: 0.02GB allocated, 0.09GB reserved
Epoch 287/300 | Train Loss: 0.7214 | Val Loss: 0.6146 | Val Cat Acc: 1.000 | Time: 0.7s
  GPU Memory: 0.02GB allocated, 0.09GB reserved
Epoch 288/300 | Train Loss: 0.7054 | Val Loss: 0.6144 | Val Cat Acc: 1.000 | Time: 0.7s
  GPU Memory: 0.02GB allocated, 0.09GB reserved
  ✓ New best validation loss: 0.6144
Epoch 289/300 | Train Loss: 0.7046 | Val Loss: 0.6149 | Val Cat Acc: 1.000 | Time: 0.7s
  GPU Memory: 0.02GB allocated, 0.09GB reserved
Epoch 290/300 | Train Loss: 0.7027 | Val Loss: 0.6143 | Val Cat Acc: 1.000 | Time: 0.8s
  GPU Memory: 0.02GB allocated, 0.09GB reserved
  ✓ New best validation loss: 0.6143
Epoch 291/300 | Train Loss: 0.7100 | Val Loss: 0.6136 | Val Cat Acc: 1.000 | Time: 0.7s
  GPU Memory: 0.02GB allocated, 0.09GB reserved
  ✓ New best validation loss: 0.6136
Epoch 292/300 | Train Loss: 0.7096 | Val Loss: 0.6139 | Val Cat Acc: 1.000 | Time: 0.7s
  GPU Memory: 0.02GB allocated, 0.09GB reserved
Epoch 293/300 | Train Loss: 0.6988 | Val Loss: 0.6125 | Val Cat Acc: 1.000 | Time: 0.8s
  GPU Memory: 0.02GB allocated, 0.09GB reserved
  ✓ New best validation loss: 0.6125
Epoch 294/300 | Train Loss: 0.6991 | Val Loss: 0.6126 | Val Cat Acc: 1.000 | Time: 0.7s
  GPU Memory: 0.02GB allocated, 0.09GB reserved
Epoch 295/300 | Train Loss: 0.6987 | Val Loss: 0.6128 | Val Cat Acc: 1.000 | Time: 0.7s
  GPU Memory: 0.02GB allocated, 0.09GB reserved
Epoch 296/300 | Train Loss: 0.7153 | Val Loss: 0.6128 | Val Cat Acc: 1.000 | Time: 0.8s
  GPU Memory: 0.02GB allocated, 0.09GB reserved
Epoch 297/300 | Train Loss: 0.6990 | Val Loss: 0.6119 | Val Cat Acc: 1.000 | Time: 0.8s
  GPU Memory: 0.02GB allocated, 0.09GB reserved
  ✓ New best validation loss: 0.6119
Epoch 298/300 | Train Loss: 0.7078 | Val Loss: 0.6109 | Val Cat Acc: 1.000 | Time: 0.9s
  GPU Memory: 0.02GB allocated, 0.09GB reserved
  ✓ New best validation loss: 0.6109
Epoch 299/300 | Train Loss: 0.7016 | Val Loss: 0.6111 | Val Cat Acc: 1.000 | Time: 0.8s
  GPU Memory: 0.02GB allocated, 0.09GB reserved
Epoch 300/300 | Train Loss: 0.6983 | Val Loss: 0.6110 | Val Cat Acc: 1.000 | Time: 0.7s
  GPU Memory: 0.02GB allocated, 0.09GB reserved

================================================================================
CTC TRAINING COMPLETED!
Best validation loss: 0.6109
Checkpoints saved to: trained_models/mediapipe_gru/greetings_ctc_v2
================================================================================


============================================================
Training completed - 2025-10-25 04:20:43
Log saved to: trained_models/mediapipe_gru/greetings_ctc_v2/training_20251025_041633.log
============================================================
