============================================================
TRAINING LOG - 2025-10-09 03:00:52
============================================================
Console output will be saved to: trained_models/iv3_gru/cmb_improved/training_20251009_030052.log
Metrics CSV will be saved to: trained_models/iv3_gru/cmb_improved/training_20251009_030052_metrics.csv

Using device: cuda
CUDA device: NVIDIA GeForce RTX 5070 Ti
CUDA memory: 16.6 GB
CUDA compute capability: 12.0
CUDA multiprocessors: 70
CUDA memory allocated: 0.00 GB
CUDA memory cached: 0.00 GB

============================================================
DATA LOADING
============================================================
✓ Loaded data successfully
  - Dataset type: IV3-GRU Features
  - Training folder: data/processed/cmb_train
  - Validation folder: data/processed/cmb_val
  - Feature key: X2048
  - Gloss classes: 105
  - Category classes: 10

============================================================
DATASET PREPARATION
============================================================
✓ Created datasets and data loaders
  - Batch size: 16
  - Training batches: 211
  - Validation batches: 52
  - Data augmentation: Enabled (noise_std=0.0015, mask_prob=0.04)
  - Training dataset size: 3372 samples
  - Validation dataset size: 832 samples
  - Data format: [T, 2048] features

============================================================
MODEL SELECTION
============================================================
Available models:
- transformer: Multi-head attention transformer
- iv3_gru: InceptionV3 + GRU hybrid
✓ Using InceptionV3GRU model

================================================================================
COMPREHENSIVE TRAINING CONFIGURATION
================================================================================
Session Information:
  - Start time: 2025-10-09 03:00:53
  - Working directory: /workspace/fslr-transformer-vs-iv3gru
  - Command: /workspace/fslr-transformer-vs-iv3gru/training/train.py --model iv3_gru --epochs 300 --batch-size 16 --lr 0.00025 --alpha 0.8 --beta 0.2 --num-gloss 105 --num-cat 10 --features-train data/processed/cmb_train --features-val data/processed/cmb_val --labels-train-csv data/processed/cmb_train.csv --labels-val-csv data/processed/cmb_val.csv --feature-key X2048 --hidden1 30 --hidden2 22 --dropout 0.25 --no-freeze-backbone --amp --augment --augment-noise-std 0.0015 --augment-mask-prob 0.04 --augment-mask-ratio 0.04 --scheduler plateau --scheduler-patience 22 --early-stop 80 --weight-decay 3e-5 --output-dir trained_models/iv3_gru/cmb_improved

System Information:
  - Platform: Linux-6.8.0-52-generic-x86_64-with-glibc2.39
  - Python version: 3.12.11 | packaged by conda-forge | (main, Jun  4 2025, 14:45:31) [GCC 13.3.0]
  - PyTorch version: 2.8.0+cu128
  - CUDA version: 12.8
  - cuDNN version: 91002
  - NumPy version: 2.2.6

Core Training Parameters:
  - Model: iv3_gru
  - Epochs: 300
  - Batch size: 16
  - Learning rate: 0.00025
  - Weight decay: 3e-05
  - Gradient clipping: None
  - Loss weights - Alpha: 0.8, Beta: 0.2

Curriculum Training: Disabled

Loss Weighting Parameters:
  - Strategy: static
  - Alpha: 0.8
  - Beta: 0.2

IV3-GRU Model Parameters:
  - Hidden1: 30
  - Hidden2: 22
  - Dropout: 0.25
  - Pretrained backbone: True
  - Freeze backbone: False

Data Configuration:
  - Gloss classes: 105
  - Category classes: 10
  - Data source: Real data files
  - Training folder: data/processed/cmb_train
  - Validation folder: data/processed/cmb_val
  - Feature key: X2048

Training Control:
  - Scheduler: plateau
  - Scheduler patience: 22
  - Early stopping: 80
  - Resume from: None

Performance Settings:
  - AMP (Mixed Precision): True
  - Model compilation: False
  - Gradient accumulation steps: 1
  - DataLoader workers: 0
  - Auto workers: False
  - Pin memory: False
  - Prefetch factor: None

Reproducibility:
  - Random seed: 42
  - Deterministic mode: False

Output Configuration:
  - Checkpoint directory: trained_models/iv3_gru/cmb_improved
  - CSV log file: trained_models/iv3_gru/cmb_improved/training_20251009_030052_metrics.csv

Model Information:
  - Model type: InceptionV3GRU
  - Total parameters: 25,305,673
  - Trainable parameters: 25,305,673
  - Model size: 96.5 MB
================================================================================

============================================================
TRAINING START
============================================================
✓ Loss weighting strategy: static
✓ Using standard CrossEntropy Loss
Training Configuration:
  - Gradient accumulation steps: 1
  - AMP enabled: True
  - Model compiled: False
  - CUDA memory before training: 0.10 GB
✓ Using ReduceLROnPlateau scheduler (patience=22)
Training for 300 epochs...
Loss weights - Gloss: 0.8, Category: 0.2
------------------------------------------------------------
Epoch  1/300 | Train Loss: 4.1463 | Val Loss: 4.1618 | Val Gloss Acc: 0.012 | Val Cat Acc: 0.144 | Time: 4.6s
  GPU Memory: 0.12GB allocated, 0.30GB reserved
Epoch  2/300 | Train Loss: 4.1656 | Val Loss: 4.0986 | Val Gloss Acc: 0.014 | Val Cat Acc: 0.190 | Time: 4.4s
  GPU Memory: 0.12GB allocated, 0.30GB reserved
Epoch  3/300 | Train Loss: 4.1149 | Val Loss: 3.9891 | Val Gloss Acc: 0.020 | Val Cat Acc: 0.321 | Time: 4.4s
  GPU Memory: 0.12GB allocated, 0.30GB reserved
Epoch  4/300 | Train Loss: 3.9760 | Val Loss: 3.8352 | Val Gloss Acc: 0.023 | Val Cat Acc: 0.399 | Time: 4.3s
  GPU Memory: 0.12GB allocated, 0.30GB reserved
Epoch  5/300 | Train Loss: 3.7778 | Val Loss: 3.6623 | Val Gloss Acc: 0.022 | Val Cat Acc: 0.471 | Time: 4.4s
  GPU Memory: 0.12GB allocated, 0.30GB reserved
Epoch  6/300 | Train Loss: 3.6170 | Val Loss: 3.4888 | Val Gloss Acc: 0.036 | Val Cat Acc: 0.631 | Time: 4.1s
  GPU Memory: 0.12GB allocated, 0.30GB reserved
Epoch  7/300 | Train Loss: 3.0931 | Val Loss: 3.3415 | Val Gloss Acc: 0.047 | Val Cat Acc: 0.675 | Time: 4.4s
  GPU Memory: 0.12GB allocated, 0.30GB reserved
Epoch  8/300 | Train Loss: 3.1217 | Val Loss: 3.2124 | Val Gloss Acc: 0.055 | Val Cat Acc: 0.691 | Time: 4.4s
  GPU Memory: 0.12GB allocated, 0.30GB reserved
Epoch  9/300 | Train Loss: 3.2687 | Val Loss: 3.1042 | Val Gloss Acc: 0.070 | Val Cat Acc: 0.731 | Time: 4.5s
  GPU Memory: 0.12GB allocated, 0.30GB reserved
Epoch 10/300 | Train Loss: 2.9337 | Val Loss: 3.0018 | Val Gloss Acc: 0.085 | Val Cat Acc: 0.757 | Time: 4.4s
  GPU Memory: 0.12GB allocated, 0.30GB reserved
Epoch 11/300 | Train Loss: 2.8769 | Val Loss: 2.9445 | Val Gloss Acc: 0.070 | Val Cat Acc: 0.720 | Time: 4.3s
  GPU Memory: 0.12GB allocated, 0.30GB reserved
Epoch 12/300 | Train Loss: 2.9218 | Val Loss: 2.7929 | Val Gloss Acc: 0.093 | Val Cat Acc: 0.808 | Time: 4.2s
  GPU Memory: 0.12GB allocated, 0.30GB reserved
Epoch 13/300 | Train Loss: 3.0016 | Val Loss: 2.7924 | Val Gloss Acc: 0.093 | Val Cat Acc: 0.776 | Time: 4.5s
  GPU Memory: 0.12GB allocated, 0.30GB reserved
Epoch 14/300 | Train Loss: 2.8296 | Val Loss: 2.7074 | Val Gloss Acc: 0.114 | Val Cat Acc: 0.814 | Time: 4.2s
  GPU Memory: 0.12GB allocated, 0.30GB reserved
Epoch 15/300 | Train Loss: 2.7181 | Val Loss: 2.6177 | Val Gloss Acc: 0.109 | Val Cat Acc: 0.840 | Time: 4.2s
  GPU Memory: 0.12GB allocated, 0.30GB reserved
Epoch 16/300 | Train Loss: 2.3565 | Val Loss: 2.5762 | Val Gloss Acc: 0.120 | Val Cat Acc: 0.831 | Time: 4.4s
  GPU Memory: 0.12GB allocated, 0.30GB reserved
Epoch 17/300 | Train Loss: 2.5431 | Val Loss: 2.5024 | Val Gloss Acc: 0.132 | Val Cat Acc: 0.846 | Time: 4.2s
  GPU Memory: 0.12GB allocated, 0.30GB reserved
Epoch 18/300 | Train Loss: 2.4356 | Val Loss: 2.4485 | Val Gloss Acc: 0.148 | Val Cat Acc: 0.852 | Time: 4.3s
  GPU Memory: 0.12GB allocated, 0.30GB reserved
Epoch 19/300 | Train Loss: 2.3543 | Val Loss: 2.4248 | Val Gloss Acc: 0.149 | Val Cat Acc: 0.851 | Time: 4.5s
  GPU Memory: 0.12GB allocated, 0.30GB reserved
Epoch 20/300 | Train Loss: 2.2212 | Val Loss: 2.3509 | Val Gloss Acc: 0.162 | Val Cat Acc: 0.868 | Time: 4.3s
  GPU Memory: 0.12GB allocated, 0.30GB reserved
Epoch 21/300 | Train Loss: 2.4315 | Val Loss: 2.3796 | Val Gloss Acc: 0.163 | Val Cat Acc: 0.849 | Time: 4.4s
  GPU Memory: 0.12GB allocated, 0.30GB reserved
Epoch 22/300 | Train Loss: 2.2718 | Val Loss: 2.2691 | Val Gloss Acc: 0.175 | Val Cat Acc: 0.885 | Time: 4.5s
  GPU Memory: 0.12GB allocated, 0.30GB reserved
Epoch 23/300 | Train Loss: 2.2835 | Val Loss: 2.2417 | Val Gloss Acc: 0.185 | Val Cat Acc: 0.881 | Time: 4.1s
  GPU Memory: 0.12GB allocated, 0.30GB reserved
Epoch 24/300 | Train Loss: 2.4294 | Val Loss: 2.3152 | Val Gloss Acc: 0.162 | Val Cat Acc: 0.859 | Time: 4.3s
  GPU Memory: 0.12GB allocated, 0.30GB reserved
Epoch 25/300 | Train Loss: 2.1327 | Val Loss: 2.1750 | Val Gloss Acc: 0.180 | Val Cat Acc: 0.898 | Time: 4.4s
  GPU Memory: 0.12GB allocated, 0.30GB reserved
Epoch 26/300 | Train Loss: 2.1610 | Val Loss: 2.1723 | Val Gloss Acc: 0.192 | Val Cat Acc: 0.889 | Time: 4.3s
  GPU Memory: 0.12GB allocated, 0.30GB reserved
Epoch 27/300 | Train Loss: 1.9561 | Val Loss: 2.0993 | Val Gloss Acc: 0.209 | Val Cat Acc: 0.910 | Time: 4.4s
  GPU Memory: 0.12GB allocated, 0.30GB reserved
Epoch 28/300 | Train Loss: 2.3627 | Val Loss: 2.1256 | Val Gloss Acc: 0.190 | Val Cat Acc: 0.880 | Time: 4.1s
  GPU Memory: 0.12GB allocated, 0.30GB reserved
Epoch 29/300 | Train Loss: 2.1724 | Val Loss: 2.0272 | Val Gloss Acc: 0.222 | Val Cat Acc: 0.918 | Time: 4.3s
  GPU Memory: 0.12GB allocated, 0.30GB reserved
Epoch 30/300 | Train Loss: 2.0490 | Val Loss: 2.0981 | Val Gloss Acc: 0.192 | Val Cat Acc: 0.877 | Time: 4.4s
  GPU Memory: 0.12GB allocated, 0.30GB reserved
Epoch 31/300 | Train Loss: 2.0860 | Val Loss: 2.0005 | Val Gloss Acc: 0.208 | Val Cat Acc: 0.912 | Time: 4.2s
  GPU Memory: 0.12GB allocated, 0.30GB reserved
Epoch 32/300 | Train Loss: 1.8172 | Val Loss: 1.9994 | Val Gloss Acc: 0.232 | Val Cat Acc: 0.910 | Time: 4.3s
  GPU Memory: 0.12GB allocated, 0.30GB reserved
Epoch 33/300 | Train Loss: 1.9411 | Val Loss: 2.1247 | Val Gloss Acc: 0.191 | Val Cat Acc: 0.861 | Time: 4.3s
  GPU Memory: 0.12GB allocated, 0.30GB reserved
Epoch 34/300 | Train Loss: 1.8898 | Val Loss: 1.9060 | Val Gloss Acc: 0.230 | Val Cat Acc: 0.925 | Time: 4.3s
  GPU Memory: 0.12GB allocated, 0.30GB reserved
Epoch 35/300 | Train Loss: 1.8287 | Val Loss: 1.9478 | Val Gloss Acc: 0.216 | Val Cat Acc: 0.901 | Time: 4.1s
  GPU Memory: 0.12GB allocated, 0.30GB reserved
Epoch 36/300 | Train Loss: 1.7416 | Val Loss: 1.8747 | Val Gloss Acc: 0.252 | Val Cat Acc: 0.930 | Time: 4.3s
  GPU Memory: 0.12GB allocated, 0.30GB reserved
Epoch 37/300 | Train Loss: 1.7431 | Val Loss: 1.8425 | Val Gloss Acc: 0.262 | Val Cat Acc: 0.929 | Time: 4.3s
  GPU Memory: 0.12GB allocated, 0.30GB reserved
Epoch 38/300 | Train Loss: 1.7611 | Val Loss: 1.8470 | Val Gloss Acc: 0.278 | Val Cat Acc: 0.900 | Time: 4.5s
  GPU Memory: 0.12GB allocated, 0.30GB reserved
Epoch 39/300 | Train Loss: 1.9489 | Val Loss: 2.0146 | Val Gloss Acc: 0.227 | Val Cat Acc: 0.870 | Time: 4.4s
  GPU Memory: 0.12GB allocated, 0.30GB reserved
Epoch 40/300 | Train Loss: 1.6330 | Val Loss: 1.8244 | Val Gloss Acc: 0.250 | Val Cat Acc: 0.907 | Time: 4.3s
  GPU Memory: 0.12GB allocated, 0.30GB reserved
Epoch 41/300 | Train Loss: 1.5312 | Val Loss: 1.8027 | Val Gloss Acc: 0.269 | Val Cat Acc: 0.910 | Time: 4.4s
  GPU Memory: 0.12GB allocated, 0.30GB reserved
Epoch 42/300 | Train Loss: 1.8726 | Val Loss: 1.7579 | Val Gloss Acc: 0.281 | Val Cat Acc: 0.941 | Time: 4.4s
  GPU Memory: 0.12GB allocated, 0.30GB reserved
Epoch 43/300 | Train Loss: 1.8735 | Val Loss: 1.7621 | Val Gloss Acc: 0.290 | Val Cat Acc: 0.912 | Time: 4.5s
  GPU Memory: 0.12GB allocated, 0.30GB reserved
Epoch 44/300 | Train Loss: 1.8406 | Val Loss: 1.7538 | Val Gloss Acc: 0.282 | Val Cat Acc: 0.931 | Time: 4.4s
  GPU Memory: 0.12GB allocated, 0.30GB reserved
Epoch 45/300 | Train Loss: 1.5039 | Val Loss: 1.7508 | Val Gloss Acc: 0.263 | Val Cat Acc: 0.922 | Time: 4.4s
  GPU Memory: 0.12GB allocated, 0.30GB reserved
Epoch 46/300 | Train Loss: 1.5949 | Val Loss: 1.7137 | Val Gloss Acc: 0.278 | Val Cat Acc: 0.935 | Time: 4.3s
  GPU Memory: 0.12GB allocated, 0.30GB reserved
Epoch 47/300 | Train Loss: 1.7199 | Val Loss: 1.6955 | Val Gloss Acc: 0.298 | Val Cat Acc: 0.933 | Time: 4.2s
  GPU Memory: 0.12GB allocated, 0.30GB reserved
Epoch 48/300 | Train Loss: 1.8106 | Val Loss: 1.6837 | Val Gloss Acc: 0.302 | Val Cat Acc: 0.933 | Time: 4.4s
  GPU Memory: 0.12GB allocated, 0.30GB reserved
Epoch 49/300 | Train Loss: 1.8517 | Val Loss: 1.6933 | Val Gloss Acc: 0.321 | Val Cat Acc: 0.923 | Time: 4.3s
  GPU Memory: 0.12GB allocated, 0.30GB reserved
Epoch 50/300 | Train Loss: 1.7634 | Val Loss: 1.6446 | Val Gloss Acc: 0.326 | Val Cat Acc: 0.942 | Time: 4.5s
  GPU Memory: 0.12GB allocated, 0.30GB reserved
Epoch 51/300 | Train Loss: 1.5814 | Val Loss: 1.6232 | Val Gloss Acc: 0.333 | Val Cat Acc: 0.946 | Time: 4.5s
  GPU Memory: 0.12GB allocated, 0.30GB reserved
Epoch 52/300 | Train Loss: 1.6019 | Val Loss: 1.6307 | Val Gloss Acc: 0.331 | Val Cat Acc: 0.936 | Time: 4.4s
  GPU Memory: 0.12GB allocated, 0.30GB reserved
Epoch 53/300 | Train Loss: 1.4815 | Val Loss: 1.6152 | Val Gloss Acc: 0.320 | Val Cat Acc: 0.944 | Time: 4.4s
  GPU Memory: 0.12GB allocated, 0.30GB reserved
Epoch 54/300 | Train Loss: 1.6163 | Val Loss: 1.5922 | Val Gloss Acc: 0.320 | Val Cat Acc: 0.946 | Time: 4.3s
  GPU Memory: 0.12GB allocated, 0.30GB reserved
Epoch 55/300 | Train Loss: 1.8051 | Val Loss: 1.6129 | Val Gloss Acc: 0.316 | Val Cat Acc: 0.933 | Time: 4.3s
  GPU Memory: 0.12GB allocated, 0.30GB reserved
Epoch 56/300 | Train Loss: 1.4891 | Val Loss: 1.5848 | Val Gloss Acc: 0.344 | Val Cat Acc: 0.936 | Time: 4.5s
  GPU Memory: 0.12GB allocated, 0.30GB reserved
Epoch 57/300 | Train Loss: 1.8847 | Val Loss: 2.2649 | Val Gloss Acc: 0.209 | Val Cat Acc: 0.751 | Time: 4.5s
  GPU Memory: 0.12GB allocated, 0.30GB reserved
Epoch 58/300 | Train Loss: 1.9531 | Val Loss: 1.6462 | Val Gloss Acc: 0.319 | Val Cat Acc: 0.921 | Time: 4.3s
  GPU Memory: 0.12GB allocated, 0.30GB reserved
Epoch 59/300 | Train Loss: 1.5254 | Val Loss: 1.5829 | Val Gloss Acc: 0.337 | Val Cat Acc: 0.941 | Time: 4.4s
  GPU Memory: 0.12GB allocated, 0.30GB reserved
Epoch 60/300 | Train Loss: 1.5598 | Val Loss: 1.5418 | Val Gloss Acc: 0.358 | Val Cat Acc: 0.940 | Time: 4.3s
  GPU Memory: 0.12GB allocated, 0.30GB reserved
Epoch 61/300 | Train Loss: 1.4013 | Val Loss: 1.5153 | Val Gloss Acc: 0.373 | Val Cat Acc: 0.947 | Time: 4.4s
  GPU Memory: 0.12GB allocated, 0.30GB reserved
Epoch 62/300 | Train Loss: 1.5086 | Val Loss: 1.5013 | Val Gloss Acc: 0.374 | Val Cat Acc: 0.950 | Time: 4.3s
  GPU Memory: 0.12GB allocated, 0.30GB reserved
Epoch 63/300 | Train Loss: 1.5714 | Val Loss: 1.4870 | Val Gloss Acc: 0.363 | Val Cat Acc: 0.963 | Time: 4.4s
  GPU Memory: 0.12GB allocated, 0.30GB reserved
Epoch 64/300 | Train Loss: 1.4390 | Val Loss: 1.4969 | Val Gloss Acc: 0.356 | Val Cat Acc: 0.952 | Time: 4.3s
  GPU Memory: 0.12GB allocated, 0.30GB reserved
Epoch 65/300 | Train Loss: 1.4979 | Val Loss: 1.6088 | Val Gloss Acc: 0.346 | Val Cat Acc: 0.907 | Time: 4.3s
  GPU Memory: 0.12GB allocated, 0.30GB reserved
Epoch 66/300 | Train Loss: 1.6003 | Val Loss: 1.5004 | Val Gloss Acc: 0.352 | Val Cat Acc: 0.939 | Time: 4.4s
  GPU Memory: 0.12GB allocated, 0.30GB reserved
Epoch 67/300 | Train Loss: 1.3838 | Val Loss: 1.4800 | Val Gloss Acc: 0.341 | Val Cat Acc: 0.935 | Time: 3.9s
  GPU Memory: 0.12GB allocated, 0.30GB reserved
Epoch 68/300 | Train Loss: 1.4188 | Val Loss: 1.4499 | Val Gloss Acc: 0.361 | Val Cat Acc: 0.957 | Time: 4.3s
  GPU Memory: 0.12GB allocated, 0.30GB reserved
Epoch 69/300 | Train Loss: 1.3435 | Val Loss: 1.4603 | Val Gloss Acc: 0.365 | Val Cat Acc: 0.958 | Time: 4.4s
  GPU Memory: 0.12GB allocated, 0.30GB reserved
Epoch 70/300 | Train Loss: 1.1877 | Val Loss: 1.4450 | Val Gloss Acc: 0.367 | Val Cat Acc: 0.946 | Time: 3.9s
  GPU Memory: 0.12GB allocated, 0.30GB reserved
Epoch 71/300 | Train Loss: 1.8265 | Val Loss: 1.6872 | Val Gloss Acc: 0.310 | Val Cat Acc: 0.864 | Time: 4.3s
  GPU Memory: 0.12GB allocated, 0.30GB reserved
Epoch 72/300 | Train Loss: 1.5317 | Val Loss: 1.4669 | Val Gloss Acc: 0.377 | Val Cat Acc: 0.945 | Time: 4.3s
  GPU Memory: 0.12GB allocated, 0.30GB reserved
Epoch 73/300 | Train Loss: 1.3942 | Val Loss: 1.4053 | Val Gloss Acc: 0.373 | Val Cat Acc: 0.954 | Time: 4.4s
  GPU Memory: 0.12GB allocated, 0.30GB reserved
Epoch 74/300 | Train Loss: 1.5688 | Val Loss: 1.3960 | Val Gloss Acc: 0.394 | Val Cat Acc: 0.957 | Time: 4.4s
  GPU Memory: 0.12GB allocated, 0.30GB reserved
Epoch 75/300 | Train Loss: 2.3876 | Val Loss: 2.0848 | Val Gloss Acc: 0.276 | Val Cat Acc: 0.791 | Time: 4.3s
  GPU Memory: 0.12GB allocated, 0.30GB reserved
Epoch 76/300 | Train Loss: 1.4038 | Val Loss: 1.3837 | Val Gloss Acc: 0.395 | Val Cat Acc: 0.959 | Time: 4.5s
  GPU Memory: 0.12GB allocated, 0.30GB reserved
Epoch 77/300 | Train Loss: 1.4356 | Val Loss: 1.3742 | Val Gloss Acc: 0.405 | Val Cat Acc: 0.960 | Time: 4.5s
  GPU Memory: 0.12GB allocated, 0.30GB reserved
Epoch 78/300 | Train Loss: 1.6692 | Val Loss: 1.3570 | Val Gloss Acc: 0.403 | Val Cat Acc: 0.966 | Time: 4.4s
  GPU Memory: 0.12GB allocated, 0.30GB reserved
Epoch 79/300 | Train Loss: 1.8566 | Val Loss: 1.8258 | Val Gloss Acc: 0.300 | Val Cat Acc: 0.834 | Time: 4.4s
  GPU Memory: 0.12GB allocated, 0.30GB reserved
Epoch 80/300 | Train Loss: 1.4217 | Val Loss: 1.3996 | Val Gloss Acc: 0.394 | Val Cat Acc: 0.956 | Time: 4.2s
  GPU Memory: 0.12GB allocated, 0.30GB reserved
Epoch 81/300 | Train Loss: 1.4018 | Val Loss: 1.3659 | Val Gloss Acc: 0.389 | Val Cat Acc: 0.965 | Time: 4.4s
  GPU Memory: 0.12GB allocated, 0.30GB reserved
Epoch 82/300 | Train Loss: 1.4788 | Val Loss: 1.4497 | Val Gloss Acc: 0.371 | Val Cat Acc: 0.936 | Time: 4.4s
  GPU Memory: 0.12GB allocated, 0.30GB reserved
Epoch 83/300 | Train Loss: 1.2666 | Val Loss: 1.3521 | Val Gloss Acc: 0.409 | Val Cat Acc: 0.965 | Time: 4.4s
  GPU Memory: 0.12GB allocated, 0.30GB reserved
Epoch 84/300 | Train Loss: 1.3625 | Val Loss: 1.3384 | Val Gloss Acc: 0.400 | Val Cat Acc: 0.968 | Time: 4.2s
  GPU Memory: 0.12GB allocated, 0.30GB reserved
Epoch 85/300 | Train Loss: 1.5780 | Val Loss: 1.3072 | Val Gloss Acc: 0.425 | Val Cat Acc: 0.966 | Time: 4.4s
  GPU Memory: 0.12GB allocated, 0.30GB reserved
Epoch 86/300 | Train Loss: 1.2965 | Val Loss: 1.2973 | Val Gloss Acc: 0.430 | Val Cat Acc: 0.969 | Time: 4.3s
  GPU Memory: 0.12GB allocated, 0.30GB reserved
Epoch 87/300 | Train Loss: 1.8962 | Val Loss: 1.5543 | Val Gloss Acc: 0.364 | Val Cat Acc: 0.900 | Time: 4.3s
  GPU Memory: 0.12GB allocated, 0.30GB reserved
Epoch 88/300 | Train Loss: 1.1484 | Val Loss: 1.3385 | Val Gloss Acc: 0.409 | Val Cat Acc: 0.954 | Time: 4.3s
  GPU Memory: 0.12GB allocated, 0.30GB reserved
Epoch 89/300 | Train Loss: 1.1441 | Val Loss: 1.3086 | Val Gloss Acc: 0.412 | Val Cat Acc: 0.971 | Time: 4.4s
  GPU Memory: 0.12GB allocated, 0.30GB reserved
Epoch 90/300 | Train Loss: 1.3168 | Val Loss: 1.2868 | Val Gloss Acc: 0.440 | Val Cat Acc: 0.972 | Time: 4.4s
  GPU Memory: 0.12GB allocated, 0.30GB reserved
Epoch 91/300 | Train Loss: 1.4287 | Val Loss: 1.3381 | Val Gloss Acc: 0.423 | Val Cat Acc: 0.936 | Time: 4.3s
  GPU Memory: 0.12GB allocated, 0.30GB reserved
Epoch 92/300 | Train Loss: 1.0738 | Val Loss: 1.3547 | Val Gloss Acc: 0.413 | Val Cat Acc: 0.959 | Time: 4.5s
  GPU Memory: 0.12GB allocated, 0.30GB reserved
Epoch 93/300 | Train Loss: 1.3002 | Val Loss: 1.5125 | Val Gloss Acc: 0.357 | Val Cat Acc: 0.900 | Time: 4.5s
  GPU Memory: 0.12GB allocated, 0.30GB reserved
Epoch 94/300 | Train Loss: 0.8752 | Val Loss: 1.3461 | Val Gloss Acc: 0.406 | Val Cat Acc: 0.946 | Time: 4.4s
  GPU Memory: 0.12GB allocated, 0.30GB reserved
Epoch 95/300 | Train Loss: 1.4505 | Val Loss: 1.2977 | Val Gloss Acc: 0.431 | Val Cat Acc: 0.968 | Time: 4.1s
  GPU Memory: 0.12GB allocated, 0.30GB reserved
Epoch 96/300 | Train Loss: 1.4119 | Val Loss: 1.3229 | Val Gloss Acc: 0.421 | Val Cat Acc: 0.952 | Time: 4.1s
  GPU Memory: 0.12GB allocated, 0.30GB reserved
Epoch 97/300 | Train Loss: 1.1022 | Val Loss: 1.2432 | Val Gloss Acc: 0.445 | Val Cat Acc: 0.965 | Time: 4.3s
  GPU Memory: 0.12GB allocated, 0.30GB reserved
Epoch 98/300 | Train Loss: 1.2551 | Val Loss: 1.2513 | Val Gloss Acc: 0.448 | Val Cat Acc: 0.965 | Time: 4.4s
  GPU Memory: 0.12GB allocated, 0.30GB reserved
Epoch 99/300 | Train Loss: 1.3209 | Val Loss: 1.5871 | Val Gloss Acc: 0.361 | Val Cat Acc: 0.858 | Time: 4.2s
  GPU Memory: 0.12GB allocated, 0.30GB reserved
Epoch 100/300 | Train Loss: 1.2291 | Val Loss: 1.2503 | Val Gloss Acc: 0.447 | Val Cat Acc: 0.962 | Time: 4.5s
  GPU Memory: 0.12GB allocated, 0.30GB reserved
Epoch 101/300 | Train Loss: 2.2452 | Val Loss: 1.9263 | Val Gloss Acc: 0.245 | Val Cat Acc: 0.837 | Time: 4.4s
  GPU Memory: 0.12GB allocated, 0.30GB reserved
Epoch 102/300 | Train Loss: 1.3056 | Val Loss: 1.3367 | Val Gloss Acc: 0.413 | Val Cat Acc: 0.946 | Time: 4.4s
  GPU Memory: 0.12GB allocated, 0.30GB reserved
Epoch 103/300 | Train Loss: 1.2697 | Val Loss: 1.2713 | Val Gloss Acc: 0.448 | Val Cat Acc: 0.956 | Time: 4.4s
  GPU Memory: 0.12GB allocated, 0.30GB reserved
Epoch 104/300 | Train Loss: 1.2937 | Val Loss: 1.2647 | Val Gloss Acc: 0.434 | Val Cat Acc: 0.957 | Time: 4.2s
  GPU Memory: 0.12GB allocated, 0.30GB reserved
Epoch 105/300 | Train Loss: 1.4839 | Val Loss: 1.2411 | Val Gloss Acc: 0.451 | Val Cat Acc: 0.968 | Time: 4.3s
  GPU Memory: 0.12GB allocated, 0.30GB reserved
Epoch 106/300 | Train Loss: 1.1571 | Val Loss: 1.5280 | Val Gloss Acc: 0.364 | Val Cat Acc: 0.905 | Time: 4.2s
  GPU Memory: 0.12GB allocated, 0.30GB reserved
Epoch 107/300 | Train Loss: 1.3466 | Val Loss: 1.2354 | Val Gloss Acc: 0.431 | Val Cat Acc: 0.962 | Time: 3.8s
  GPU Memory: 0.12GB allocated, 0.30GB reserved
Epoch 108/300 | Train Loss: 1.1013 | Val Loss: 1.2312 | Val Gloss Acc: 0.439 | Val Cat Acc: 0.964 | Time: 4.5s
  GPU Memory: 0.12GB allocated, 0.30GB reserved
Epoch 109/300 | Train Loss: 1.0314 | Val Loss: 1.2506 | Val Gloss Acc: 0.451 | Val Cat Acc: 0.951 | Time: 4.5s
  GPU Memory: 0.12GB allocated, 0.30GB reserved
Epoch 110/300 | Train Loss: 1.2696 | Val Loss: 1.3071 | Val Gloss Acc: 0.418 | Val Cat Acc: 0.939 | Time: 4.3s
  GPU Memory: 0.12GB allocated, 0.30GB reserved
Epoch 111/300 | Train Loss: 1.1152 | Val Loss: 1.1840 | Val Gloss Acc: 0.470 | Val Cat Acc: 0.968 | Time: 4.4s
  GPU Memory: 0.12GB allocated, 0.30GB reserved
Epoch 112/300 | Train Loss: 1.2162 | Val Loss: 1.1813 | Val Gloss Acc: 0.469 | Val Cat Acc: 0.968 | Time: 4.3s
  GPU Memory: 0.12GB allocated, 0.30GB reserved
Epoch 113/300 | Train Loss: 1.0836 | Val Loss: 1.1855 | Val Gloss Acc: 0.476 | Val Cat Acc: 0.966 | Time: 4.3s
  GPU Memory: 0.12GB allocated, 0.30GB reserved
Epoch 114/300 | Train Loss: 1.4417 | Val Loss: 1.2050 | Val Gloss Acc: 0.452 | Val Cat Acc: 0.959 | Time: 4.5s
  GPU Memory: 0.12GB allocated, 0.30GB reserved
Epoch 115/300 | Train Loss: 1.1249 | Val Loss: 1.1973 | Val Gloss Acc: 0.471 | Val Cat Acc: 0.956 | Time: 4.4s
  GPU Memory: 0.12GB allocated, 0.30GB reserved
Epoch 116/300 | Train Loss: 1.0101 | Val Loss: 1.2021 | Val Gloss Acc: 0.452 | Val Cat Acc: 0.971 | Time: 4.3s
  GPU Memory: 0.12GB allocated, 0.30GB reserved
Epoch 117/300 | Train Loss: 1.0744 | Val Loss: 1.2729 | Val Gloss Acc: 0.428 | Val Cat Acc: 0.944 | Time: 4.5s
  GPU Memory: 0.12GB allocated, 0.30GB reserved
Epoch 118/300 | Train Loss: 1.0443 | Val Loss: 1.2501 | Val Gloss Acc: 0.451 | Val Cat Acc: 0.946 | Time: 4.4s
  GPU Memory: 0.12GB allocated, 0.30GB reserved
Epoch 119/300 | Train Loss: 1.1387 | Val Loss: 1.2087 | Val Gloss Acc: 0.451 | Val Cat Acc: 0.959 | Time: 3.9s
  GPU Memory: 0.12GB allocated, 0.30GB reserved
Epoch 120/300 | Train Loss: 0.9577 | Val Loss: 1.1654 | Val Gloss Acc: 0.477 | Val Cat Acc: 0.959 | Time: 4.4s
  GPU Memory: 0.12GB allocated, 0.30GB reserved
Epoch 121/300 | Train Loss: 1.3273 | Val Loss: 1.1150 | Val Gloss Acc: 0.492 | Val Cat Acc: 0.971 | Time: 4.4s
  GPU Memory: 0.12GB allocated, 0.30GB reserved
Epoch 122/300 | Train Loss: 0.6761 | Val Loss: 1.1028 | Val Gloss Acc: 0.504 | Val Cat Acc: 0.974 | Time: 4.4s
  GPU Memory: 0.12GB allocated, 0.30GB reserved
Epoch 123/300 | Train Loss: 1.1660 | Val Loss: 1.1137 | Val Gloss Acc: 0.471 | Val Cat Acc: 0.978 | Time: 4.4s
  GPU Memory: 0.12GB allocated, 0.30GB reserved
Epoch 124/300 | Train Loss: 0.7676 | Val Loss: 1.1177 | Val Gloss Acc: 0.487 | Val Cat Acc: 0.966 | Time: 4.6s
  GPU Memory: 0.12GB allocated, 0.30GB reserved
Epoch 125/300 | Train Loss: 1.3997 | Val Loss: 1.9956 | Val Gloss Acc: 0.261 | Val Cat Acc: 0.827 | Time: 4.3s
  GPU Memory: 0.12GB allocated, 0.30GB reserved
Epoch 126/300 | Train Loss: 0.9823 | Val Loss: 1.1584 | Val Gloss Acc: 0.472 | Val Cat Acc: 0.962 | Time: 3.9s
  GPU Memory: 0.12GB allocated, 0.30GB reserved
Epoch 127/300 | Train Loss: 1.1804 | Val Loss: 1.1521 | Val Gloss Acc: 0.482 | Val Cat Acc: 0.969 | Time: 4.3s
  GPU Memory: 0.12GB allocated, 0.30GB reserved
Epoch 128/300 | Train Loss: 1.1011 | Val Loss: 1.1526 | Val Gloss Acc: 0.477 | Val Cat Acc: 0.966 | Time: 4.3s
  GPU Memory: 0.12GB allocated, 0.30GB reserved
Epoch 129/300 | Train Loss: 1.0264 | Val Loss: 1.0999 | Val Gloss Acc: 0.496 | Val Cat Acc: 0.970 | Time: 4.5s
  GPU Memory: 0.12GB allocated, 0.30GB reserved
Epoch 130/300 | Train Loss: 1.2683 | Val Loss: 1.0955 | Val Gloss Acc: 0.495 | Val Cat Acc: 0.971 | Time: 4.1s
  GPU Memory: 0.12GB allocated, 0.30GB reserved
Epoch 131/300 | Train Loss: 0.8524 | Val Loss: 1.0802 | Val Gloss Acc: 0.500 | Val Cat Acc: 0.982 | Time: 4.2s
  GPU Memory: 0.12GB allocated, 0.30GB reserved
Epoch 132/300 | Train Loss: 1.0306 | Val Loss: 1.0694 | Val Gloss Acc: 0.517 | Val Cat Acc: 0.977 | Time: 4.5s
  GPU Memory: 0.12GB allocated, 0.30GB reserved
Epoch 133/300 | Train Loss: 0.9877 | Val Loss: 1.0927 | Val Gloss Acc: 0.495 | Val Cat Acc: 0.974 | Time: 4.2s
  GPU Memory: 0.12GB allocated, 0.30GB reserved
Epoch 134/300 | Train Loss: 0.9394 | Val Loss: 1.0741 | Val Gloss Acc: 0.514 | Val Cat Acc: 0.976 | Time: 4.4s
  GPU Memory: 0.12GB allocated, 0.30GB reserved
Epoch 135/300 | Train Loss: 0.8154 | Val Loss: 1.0939 | Val Gloss Acc: 0.506 | Val Cat Acc: 0.974 | Time: 4.4s
  GPU Memory: 0.12GB allocated, 0.30GB reserved
Epoch 136/300 | Train Loss: 0.9600 | Val Loss: 1.0474 | Val Gloss Acc: 0.523 | Val Cat Acc: 0.972 | Time: 4.4s
  GPU Memory: 0.12GB allocated, 0.30GB reserved
Epoch 137/300 | Train Loss: 1.2357 | Val Loss: 1.0514 | Val Gloss Acc: 0.541 | Val Cat Acc: 0.971 | Time: 4.4s
  GPU Memory: 0.12GB allocated, 0.30GB reserved
Epoch 138/300 | Train Loss: 2.3681 | Val Loss: 2.4447 | Val Gloss Acc: 0.224 | Val Cat Acc: 0.679 | Time: 4.5s
  GPU Memory: 0.12GB allocated, 0.30GB reserved
Epoch 139/300 | Train Loss: 1.1741 | Val Loss: 1.2522 | Val Gloss Acc: 0.453 | Val Cat Acc: 0.938 | Time: 4.3s
  GPU Memory: 0.12GB allocated, 0.30GB reserved
Epoch 140/300 | Train Loss: 1.1070 | Val Loss: 1.1320 | Val Gloss Acc: 0.495 | Val Cat Acc: 0.960 | Time: 4.3s
  GPU Memory: 0.12GB allocated, 0.30GB reserved
Epoch 141/300 | Train Loss: 0.8295 | Val Loss: 1.1073 | Val Gloss Acc: 0.494 | Val Cat Acc: 0.962 | Time: 4.3s
  GPU Memory: 0.12GB allocated, 0.30GB reserved
Epoch 142/300 | Train Loss: 1.2027 | Val Loss: 1.2387 | Val Gloss Acc: 0.468 | Val Cat Acc: 0.927 | Time: 4.3s
  GPU Memory: 0.12GB allocated, 0.30GB reserved
Epoch 143/300 | Train Loss: 1.1187 | Val Loss: 1.2247 | Val Gloss Acc: 0.475 | Val Cat Acc: 0.940 | Time: 4.1s
  GPU Memory: 0.12GB allocated, 0.30GB reserved
Epoch 144/300 | Train Loss: 0.9660 | Val Loss: 1.0912 | Val Gloss Acc: 0.504 | Val Cat Acc: 0.962 | Time: 4.3s
  GPU Memory: 0.12GB allocated, 0.30GB reserved
Epoch 145/300 | Train Loss: 1.4509 | Val Loss: 1.5917 | Val Gloss Acc: 0.387 | Val Cat Acc: 0.839 | Time: 4.2s
  GPU Memory: 0.12GB allocated, 0.30GB reserved
Epoch 146/300 | Train Loss: 0.8620 | Val Loss: 1.0519 | Val Gloss Acc: 0.529 | Val Cat Acc: 0.965 | Time: 4.4s
  GPU Memory: 0.12GB allocated, 0.30GB reserved
Epoch 147/300 | Train Loss: 1.1787 | Val Loss: 1.0188 | Val Gloss Acc: 0.541 | Val Cat Acc: 0.980 | Time: 4.4s
  GPU Memory: 0.12GB allocated, 0.30GB reserved
Epoch 148/300 | Train Loss: 1.2582 | Val Loss: 1.0660 | Val Gloss Acc: 0.518 | Val Cat Acc: 0.958 | Time: 4.5s
  GPU Memory: 0.12GB allocated, 0.30GB reserved
Epoch 149/300 | Train Loss: 1.2085 | Val Loss: 1.0691 | Val Gloss Acc: 0.507 | Val Cat Acc: 0.975 | Time: 4.4s
  GPU Memory: 0.12GB allocated, 0.30GB reserved
Epoch 150/300 | Train Loss: 1.0447 | Val Loss: 1.0650 | Val Gloss Acc: 0.516 | Val Cat Acc: 0.972 | Time: 4.5s
  GPU Memory: 0.12GB allocated, 0.30GB reserved
Epoch 151/300 | Train Loss: 0.9031 | Val Loss: 0.9892 | Val Gloss Acc: 0.534 | Val Cat Acc: 0.977 | Time: 4.3s
  GPU Memory: 0.12GB allocated, 0.30GB reserved
Epoch 152/300 | Train Loss: 0.8894 | Val Loss: 1.0763 | Val Gloss Acc: 0.512 | Val Cat Acc: 0.959 | Time: 4.2s
  GPU Memory: 0.12GB allocated, 0.30GB reserved
Epoch 153/300 | Train Loss: 0.9722 | Val Loss: 1.0137 | Val Gloss Acc: 0.534 | Val Cat Acc: 0.972 | Time: 4.4s
  GPU Memory: 0.12GB allocated, 0.30GB reserved
Epoch 154/300 | Train Loss: 1.1377 | Val Loss: 0.9839 | Val Gloss Acc: 0.554 | Val Cat Acc: 0.984 | Time: 4.4s
  GPU Memory: 0.12GB allocated, 0.30GB reserved
Epoch 155/300 | Train Loss: 1.0615 | Val Loss: 0.9744 | Val Gloss Acc: 0.546 | Val Cat Acc: 0.983 | Time: 4.4s
  GPU Memory: 0.12GB allocated, 0.30GB reserved
Epoch 156/300 | Train Loss: 1.1046 | Val Loss: 0.9748 | Val Gloss Acc: 0.546 | Val Cat Acc: 0.977 | Time: 4.4s
  GPU Memory: 0.12GB allocated, 0.30GB reserved
Epoch 157/300 | Train Loss: 0.8950 | Val Loss: 1.1283 | Val Gloss Acc: 0.502 | Val Cat Acc: 0.946 | Time: 4.4s
  GPU Memory: 0.12GB allocated, 0.30GB reserved
Epoch 158/300 | Train Loss: 0.6757 | Val Loss: 1.0661 | Val Gloss Acc: 0.525 | Val Cat Acc: 0.965 | Time: 4.3s
  GPU Memory: 0.12GB allocated, 0.30GB reserved
Epoch 159/300 | Train Loss: 0.7991 | Val Loss: 1.0257 | Val Gloss Acc: 0.538 | Val Cat Acc: 0.970 | Time: 4.4s
  GPU Memory: 0.12GB allocated, 0.30GB reserved
Epoch 160/300 | Train Loss: 0.9088 | Val Loss: 0.9473 | Val Gloss Acc: 0.567 | Val Cat Acc: 0.981 | Time: 4.4s
  GPU Memory: 0.12GB allocated, 0.30GB reserved
Epoch 161/300 | Train Loss: 1.1203 | Val Loss: 1.1950 | Val Gloss Acc: 0.480 | Val Cat Acc: 0.941 | Time: 4.3s
  GPU Memory: 0.12GB allocated, 0.30GB reserved
Epoch 162/300 | Train Loss: 1.1413 | Val Loss: 1.0299 | Val Gloss Acc: 0.535 | Val Cat Acc: 0.975 | Time: 4.3s
  GPU Memory: 0.12GB allocated, 0.30GB reserved
Epoch 163/300 | Train Loss: 0.9030 | Val Loss: 0.9651 | Val Gloss Acc: 0.555 | Val Cat Acc: 0.976 | Time: 4.5s
  GPU Memory: 0.12GB allocated, 0.30GB reserved
Epoch 164/300 | Train Loss: 0.7742 | Val Loss: 0.9256 | Val Gloss Acc: 0.561 | Val Cat Acc: 0.983 | Time: 3.9s
  GPU Memory: 0.12GB allocated, 0.30GB reserved
Epoch 165/300 | Train Loss: 0.6737 | Val Loss: 0.9399 | Val Gloss Acc: 0.556 | Val Cat Acc: 0.980 | Time: 4.4s
  GPU Memory: 0.12GB allocated, 0.30GB reserved
Epoch 166/300 | Train Loss: 0.8554 | Val Loss: 0.9497 | Val Gloss Acc: 0.562 | Val Cat Acc: 0.981 | Time: 4.2s
  GPU Memory: 0.12GB allocated, 0.30GB reserved
Epoch 167/300 | Train Loss: 0.9388 | Val Loss: 1.3861 | Val Gloss Acc: 0.419 | Val Cat Acc: 0.916 | Time: 4.4s
  GPU Memory: 0.12GB allocated, 0.30GB reserved
Epoch 168/300 | Train Loss: 1.0015 | Val Loss: 0.9910 | Val Gloss Acc: 0.552 | Val Cat Acc: 0.969 | Time: 4.3s
  GPU Memory: 0.12GB allocated, 0.30GB reserved
Epoch 169/300 | Train Loss: 0.7357 | Val Loss: 0.9396 | Val Gloss Acc: 0.572 | Val Cat Acc: 0.977 | Time: 4.5s
  GPU Memory: 0.12GB allocated, 0.30GB reserved
Epoch 170/300 | Train Loss: 1.0594 | Val Loss: 1.1278 | Val Gloss Acc: 0.510 | Val Cat Acc: 0.942 | Time: 4.4s
  GPU Memory: 0.12GB allocated, 0.30GB reserved
Epoch 171/300 | Train Loss: 0.7859 | Val Loss: 1.0136 | Val Gloss Acc: 0.554 | Val Cat Acc: 0.962 | Time: 4.3s
  GPU Memory: 0.12GB allocated, 0.30GB reserved
Epoch 172/300 | Train Loss: 1.0165 | Val Loss: 1.0053 | Val Gloss Acc: 0.548 | Val Cat Acc: 0.971 | Time: 4.2s
  GPU Memory: 0.12GB allocated, 0.30GB reserved
Epoch 173/300 | Train Loss: 0.7010 | Val Loss: 0.9591 | Val Gloss Acc: 0.552 | Val Cat Acc: 0.980 | Time: 4.5s
  GPU Memory: 0.12GB allocated, 0.30GB reserved
Epoch 174/300 | Train Loss: 0.8158 | Val Loss: 0.9253 | Val Gloss Acc: 0.577 | Val Cat Acc: 0.978 | Time: 4.3s
  GPU Memory: 0.12GB allocated, 0.30GB reserved
Epoch 175/300 | Train Loss: 0.7553 | Val Loss: 0.9049 | Val Gloss Acc: 0.584 | Val Cat Acc: 0.981 | Time: 4.2s
  GPU Memory: 0.12GB allocated, 0.30GB reserved
Epoch 176/300 | Train Loss: 0.6178 | Val Loss: 1.0099 | Val Gloss Acc: 0.552 | Val Cat Acc: 0.970 | Time: 4.0s
  GPU Memory: 0.12GB allocated, 0.30GB reserved
Epoch 177/300 | Train Loss: 0.8536 | Val Loss: 0.9145 | Val Gloss Acc: 0.562 | Val Cat Acc: 0.984 | Time: 4.2s
  GPU Memory: 0.12GB allocated, 0.30GB reserved
Epoch 178/300 | Train Loss: 0.7779 | Val Loss: 0.9107 | Val Gloss Acc: 0.567 | Val Cat Acc: 0.984 | Time: 4.3s
  GPU Memory: 0.12GB allocated, 0.30GB reserved
Epoch 179/300 | Train Loss: 1.3599 | Val Loss: 1.0113 | Val Gloss Acc: 0.542 | Val Cat Acc: 0.965 | Time: 4.2s
  GPU Memory: 0.12GB allocated, 0.30GB reserved
Epoch 180/300 | Train Loss: 0.5455 | Val Loss: 1.0756 | Val Gloss Acc: 0.518 | Val Cat Acc: 0.940 | Time: 4.5s
  GPU Memory: 0.12GB allocated, 0.30GB reserved
Epoch 181/300 | Train Loss: 0.7382 | Val Loss: 0.8813 | Val Gloss Acc: 0.579 | Val Cat Acc: 0.980 | Time: 4.3s
  GPU Memory: 0.12GB allocated, 0.30GB reserved
Epoch 182/300 | Train Loss: 2.3536 | Val Loss: 1.9722 | Val Gloss Acc: 0.300 | Val Cat Acc: 0.797 | Time: 4.5s
  GPU Memory: 0.12GB allocated, 0.30GB reserved
Epoch 183/300 | Train Loss: 2.4464 | Val Loss: 1.7216 | Val Gloss Acc: 0.355 | Val Cat Acc: 0.871 | Time: 4.4s
  GPU Memory: 0.12GB allocated, 0.30GB reserved
Epoch 184/300 | Train Loss: 0.6818 | Val Loss: 0.9785 | Val Gloss Acc: 0.546 | Val Cat Acc: 0.971 | Time: 4.2s
  GPU Memory: 0.12GB allocated, 0.30GB reserved
Epoch 185/300 | Train Loss: 0.8808 | Val Loss: 0.8941 | Val Gloss Acc: 0.569 | Val Cat Acc: 0.981 | Time: 4.5s
  GPU Memory: 0.12GB allocated, 0.30GB reserved
Epoch 186/300 | Train Loss: 0.7654 | Val Loss: 0.9076 | Val Gloss Acc: 0.582 | Val Cat Acc: 0.976 | Time: 4.3s
  GPU Memory: 0.12GB allocated, 0.30GB reserved
Epoch 187/300 | Train Loss: 1.1371 | Val Loss: 1.3057 | Val Gloss Acc: 0.486 | Val Cat Acc: 0.921 | Time: 4.4s
  GPU Memory: 0.12GB allocated, 0.30GB reserved
Epoch 188/300 | Train Loss: 0.9191 | Val Loss: 1.1153 | Val Gloss Acc: 0.502 | Val Cat Acc: 0.951 | Time: 4.3s
  GPU Memory: 0.12GB allocated, 0.30GB reserved
Epoch 189/300 | Train Loss: 0.8495 | Val Loss: 0.9291 | Val Gloss Acc: 0.584 | Val Cat Acc: 0.972 | Time: 4.5s
  GPU Memory: 0.12GB allocated, 0.30GB reserved
Epoch 190/300 | Train Loss: 0.9186 | Val Loss: 0.9139 | Val Gloss Acc: 0.572 | Val Cat Acc: 0.971 | Time: 4.4s
  GPU Memory: 0.12GB allocated, 0.30GB reserved
Epoch 191/300 | Train Loss: 1.0536 | Val Loss: 0.8670 | Val Gloss Acc: 0.597 | Val Cat Acc: 0.982 | Time: 4.3s
  GPU Memory: 0.12GB allocated, 0.30GB reserved
Epoch 192/300 | Train Loss: 0.7593 | Val Loss: 0.9118 | Val Gloss Acc: 0.572 | Val Cat Acc: 0.976 | Time: 4.5s
  GPU Memory: 0.12GB allocated, 0.30GB reserved
Epoch 193/300 | Train Loss: 0.5757 | Val Loss: 0.8747 | Val Gloss Acc: 0.597 | Val Cat Acc: 0.986 | Time: 4.3s
  GPU Memory: 0.12GB allocated, 0.30GB reserved
Epoch 194/300 | Train Loss: 1.0382 | Val Loss: 0.9253 | Val Gloss Acc: 0.576 | Val Cat Acc: 0.981 | Time: 4.3s
  GPU Memory: 0.12GB allocated, 0.30GB reserved
Epoch 195/300 | Train Loss: 0.7516 | Val Loss: 0.8636 | Val Gloss Acc: 0.596 | Val Cat Acc: 0.986 | Time: 4.3s
  GPU Memory: 0.12GB allocated, 0.30GB reserved
Epoch 196/300 | Train Loss: 1.2610 | Val Loss: 0.8844 | Val Gloss Acc: 0.578 | Val Cat Acc: 0.986 | Time: 4.5s
  GPU Memory: 0.12GB allocated, 0.30GB reserved
Epoch 197/300 | Train Loss: 0.7538 | Val Loss: 0.8765 | Val Gloss Acc: 0.585 | Val Cat Acc: 0.981 | Time: 4.4s
  GPU Memory: 0.12GB allocated, 0.30GB reserved
Epoch 198/300 | Train Loss: 0.6609 | Val Loss: 0.8922 | Val Gloss Acc: 0.605 | Val Cat Acc: 0.977 | Time: 4.5s
  GPU Memory: 0.12GB allocated, 0.30GB reserved
Epoch 199/300 | Train Loss: 0.7485 | Val Loss: 0.8684 | Val Gloss Acc: 0.597 | Val Cat Acc: 0.980 | Time: 4.5s
  GPU Memory: 0.12GB allocated, 0.30GB reserved
Epoch 200/300 | Train Loss: 0.8627 | Val Loss: 0.9134 | Val Gloss Acc: 0.588 | Val Cat Acc: 0.970 | Time: 4.4s
  GPU Memory: 0.12GB allocated, 0.30GB reserved
Epoch 201/300 | Train Loss: 0.6233 | Val Loss: 0.8701 | Val Gloss Acc: 0.588 | Val Cat Acc: 0.982 | Time: 4.3s
  GPU Memory: 0.12GB allocated, 0.30GB reserved
Epoch 202/300 | Train Loss: 0.7174 | Val Loss: 0.8773 | Val Gloss Acc: 0.590 | Val Cat Acc: 0.977 | Time: 4.4s
  GPU Memory: 0.12GB allocated, 0.30GB reserved
Epoch 203/300 | Train Loss: 1.4013 | Val Loss: 1.9218 | Val Gloss Acc: 0.357 | Val Cat Acc: 0.768 | Time: 4.4s
  GPU Memory: 0.12GB allocated, 0.30GB reserved
Epoch 204/300 | Train Loss: 0.8284 | Val Loss: 0.9267 | Val Gloss Acc: 0.589 | Val Cat Acc: 0.971 | Time: 4.2s
  GPU Memory: 0.12GB allocated, 0.30GB reserved
Epoch 205/300 | Train Loss: 1.0233 | Val Loss: 0.8718 | Val Gloss Acc: 0.596 | Val Cat Acc: 0.982 | Time: 4.3s
  GPU Memory: 0.12GB allocated, 0.30GB reserved
Epoch 206/300 | Train Loss: 0.6588 | Val Loss: 0.8860 | Val Gloss Acc: 0.599 | Val Cat Acc: 0.975 | Time: 4.4s
  GPU Memory: 0.12GB allocated, 0.30GB reserved
Epoch 207/300 | Train Loss: 0.7848 | Val Loss: 0.8145 | Val Gloss Acc: 0.614 | Val Cat Acc: 0.984 | Time: 4.3s
  GPU Memory: 0.12GB allocated, 0.30GB reserved
Epoch 208/300 | Train Loss: 0.6746 | Val Loss: 0.8357 | Val Gloss Acc: 0.607 | Val Cat Acc: 0.984 | Time: 4.3s
  GPU Memory: 0.12GB allocated, 0.30GB reserved
Epoch 209/300 | Train Loss: 0.7827 | Val Loss: 0.8856 | Val Gloss Acc: 0.607 | Val Cat Acc: 0.970 | Time: 4.3s
  GPU Memory: 0.12GB allocated, 0.30GB reserved
Epoch 210/300 | Train Loss: 0.9035 | Val Loss: 0.8855 | Val Gloss Acc: 0.589 | Val Cat Acc: 0.976 | Time: 4.2s
  GPU Memory: 0.12GB allocated, 0.30GB reserved
Epoch 211/300 | Train Loss: 0.7242 | Val Loss: 0.8100 | Val Gloss Acc: 0.617 | Val Cat Acc: 0.984 | Time: 4.3s
  GPU Memory: 0.12GB allocated, 0.30GB reserved
Epoch 212/300 | Train Loss: 1.0025 | Val Loss: 0.8225 | Val Gloss Acc: 0.619 | Val Cat Acc: 0.983 | Time: 4.3s
  GPU Memory: 0.12GB allocated, 0.30GB reserved
Epoch 213/300 | Train Loss: 0.7878 | Val Loss: 0.9902 | Val Gloss Acc: 0.558 | Val Cat Acc: 0.946 | Time: 4.4s
  GPU Memory: 0.12GB allocated, 0.30GB reserved
Epoch 214/300 | Train Loss: 0.8054 | Val Loss: 0.8873 | Val Gloss Acc: 0.605 | Val Cat Acc: 0.972 | Time: 4.3s
  GPU Memory: 0.12GB allocated, 0.30GB reserved
Epoch 215/300 | Train Loss: 0.8141 | Val Loss: 0.9184 | Val Gloss Acc: 0.589 | Val Cat Acc: 0.968 | Time: 4.5s
  GPU Memory: 0.12GB allocated, 0.30GB reserved
Epoch 216/300 | Train Loss: 0.6927 | Val Loss: 0.8385 | Val Gloss Acc: 0.614 | Val Cat Acc: 0.987 | Time: 4.4s
  GPU Memory: 0.12GB allocated, 0.30GB reserved
Epoch 217/300 | Train Loss: 0.6904 | Val Loss: 1.0082 | Val Gloss Acc: 0.570 | Val Cat Acc: 0.941 | Time: 4.1s
  GPU Memory: 0.12GB allocated, 0.30GB reserved
Epoch 218/300 | Train Loss: 0.5845 | Val Loss: 0.9084 | Val Gloss Acc: 0.595 | Val Cat Acc: 0.969 | Time: 4.3s
  GPU Memory: 0.12GB allocated, 0.30GB reserved
Epoch 219/300 | Train Loss: 0.6967 | Val Loss: 1.0433 | Val Gloss Acc: 0.534 | Val Cat Acc: 0.968 | Time: 4.4s
  GPU Memory: 0.12GB allocated, 0.30GB reserved
Epoch 220/300 | Train Loss: 0.4437 | Val Loss: 1.0092 | Val Gloss Acc: 0.544 | Val Cat Acc: 0.959 | Time: 4.4s
  GPU Memory: 0.12GB allocated, 0.30GB reserved
Epoch 221/300 | Train Loss: 1.2588 | Val Loss: 1.4014 | Val Gloss Acc: 0.454 | Val Cat Acc: 0.839 | Time: 4.3s
  GPU Memory: 0.12GB allocated, 0.30GB reserved
Epoch 222/300 | Train Loss: 1.0747 | Val Loss: 1.0218 | Val Gloss Acc: 0.562 | Val Cat Acc: 0.938 | Time: 4.4s
  GPU Memory: 0.12GB allocated, 0.30GB reserved
Epoch 223/300 | Train Loss: 0.8007 | Val Loss: 0.9750 | Val Gloss Acc: 0.553 | Val Cat Acc: 0.952 | Time: 4.4s
  GPU Memory: 0.12GB allocated, 0.30GB reserved
Epoch 224/300 | Train Loss: 0.4910 | Val Loss: 0.8559 | Val Gloss Acc: 0.612 | Val Cat Acc: 0.977 | Time: 4.3s
  GPU Memory: 0.12GB allocated, 0.30GB reserved
Epoch 225/300 | Train Loss: 0.6951 | Val Loss: 0.8469 | Val Gloss Acc: 0.624 | Val Cat Acc: 0.970 | Time: 4.3s
  GPU Memory: 0.12GB allocated, 0.30GB reserved
Epoch 226/300 | Train Loss: 0.7677 | Val Loss: 0.8256 | Val Gloss Acc: 0.626 | Val Cat Acc: 0.977 | Time: 4.5s
  GPU Memory: 0.12GB allocated, 0.30GB reserved
Epoch 227/300 | Train Loss: 0.5528 | Val Loss: 0.8189 | Val Gloss Acc: 0.641 | Val Cat Acc: 0.980 | Time: 4.5s
  GPU Memory: 0.12GB allocated, 0.30GB reserved
Epoch 228/300 | Train Loss: 0.6231 | Val Loss: 0.8155 | Val Gloss Acc: 0.629 | Val Cat Acc: 0.978 | Time: 4.3s
  GPU Memory: 0.12GB allocated, 0.30GB reserved
Epoch 229/300 | Train Loss: 0.7828 | Val Loss: 0.8293 | Val Gloss Acc: 0.636 | Val Cat Acc: 0.977 | Time: 4.3s
  GPU Memory: 0.12GB allocated, 0.30GB reserved
Epoch 230/300 | Train Loss: 0.9651 | Val Loss: 0.8141 | Val Gloss Acc: 0.625 | Val Cat Acc: 0.980 | Time: 4.4s
  GPU Memory: 0.12GB allocated, 0.30GB reserved
Epoch 231/300 | Train Loss: 0.7107 | Val Loss: 0.8063 | Val Gloss Acc: 0.635 | Val Cat Acc: 0.987 | Time: 4.4s
  GPU Memory: 0.12GB allocated, 0.30GB reserved
Epoch 232/300 | Train Loss: 0.4568 | Val Loss: 0.7772 | Val Gloss Acc: 0.629 | Val Cat Acc: 0.988 | Time: 4.4s
  GPU Memory: 0.12GB allocated, 0.30GB reserved
Epoch 233/300 | Train Loss: 0.6670 | Val Loss: 0.8239 | Val Gloss Acc: 0.631 | Val Cat Acc: 0.977 | Time: 4.2s
  GPU Memory: 0.12GB allocated, 0.30GB reserved
Epoch 234/300 | Train Loss: 0.8924 | Val Loss: 0.8274 | Val Gloss Acc: 0.629 | Val Cat Acc: 0.987 | Time: 4.2s
  GPU Memory: 0.12GB allocated, 0.30GB reserved
Epoch 235/300 | Train Loss: 0.8558 | Val Loss: 0.8566 | Val Gloss Acc: 0.600 | Val Cat Acc: 0.983 | Time: 3.9s
  GPU Memory: 0.12GB allocated, 0.30GB reserved
Epoch 236/300 | Train Loss: 0.8496 | Val Loss: 0.8117 | Val Gloss Acc: 0.629 | Val Cat Acc: 0.986 | Time: 4.4s
  GPU Memory: 0.12GB allocated, 0.30GB reserved
Epoch 237/300 | Train Loss: 0.7011 | Val Loss: 0.8351 | Val Gloss Acc: 0.623 | Val Cat Acc: 0.978 | Time: 4.4s
  GPU Memory: 0.12GB allocated, 0.30GB reserved
Epoch 238/300 | Train Loss: 0.7129 | Val Loss: 1.1239 | Val Gloss Acc: 0.534 | Val Cat Acc: 0.929 | Time: 4.2s
  GPU Memory: 0.12GB allocated, 0.30GB reserved
Epoch 239/300 | Train Loss: 0.7239 | Val Loss: 0.8660 | Val Gloss Acc: 0.606 | Val Cat Acc: 0.969 | Time: 4.2s
  GPU Memory: 0.12GB allocated, 0.30GB reserved
Epoch 240/300 | Train Loss: 0.5050 | Val Loss: 0.8245 | Val Gloss Acc: 0.632 | Val Cat Acc: 0.981 | Time: 4.4s
  GPU Memory: 0.12GB allocated, 0.30GB reserved
Epoch 241/300 | Train Loss: 0.8110 | Val Loss: 0.8066 | Val Gloss Acc: 0.650 | Val Cat Acc: 0.980 | Time: 4.5s
  GPU Memory: 0.12GB allocated, 0.30GB reserved
Epoch 242/300 | Train Loss: 0.7082 | Val Loss: 0.7912 | Val Gloss Acc: 0.653 | Val Cat Acc: 0.983 | Time: 4.3s
  GPU Memory: 0.12GB allocated, 0.30GB reserved
Epoch 243/300 | Train Loss: 0.5881 | Val Loss: 0.7933 | Val Gloss Acc: 0.637 | Val Cat Acc: 0.983 | Time: 4.4s
  GPU Memory: 0.12GB allocated, 0.30GB reserved
Epoch 244/300 | Train Loss: 0.5754 | Val Loss: 0.8461 | Val Gloss Acc: 0.633 | Val Cat Acc: 0.972 | Time: 4.4s
  GPU Memory: 0.12GB allocated, 0.30GB reserved
Epoch 245/300 | Train Loss: 0.5991 | Val Loss: 0.7657 | Val Gloss Acc: 0.671 | Val Cat Acc: 0.980 | Time: 4.3s
  GPU Memory: 0.12GB allocated, 0.30GB reserved
Epoch 246/300 | Train Loss: 0.4851 | Val Loss: 0.8914 | Val Gloss Acc: 0.621 | Val Cat Acc: 0.974 | Time: 4.5s
  GPU Memory: 0.12GB allocated, 0.30GB reserved
Epoch 247/300 | Train Loss: 0.8305 | Val Loss: 0.7704 | Val Gloss Acc: 0.651 | Val Cat Acc: 0.982 | Time: 4.4s
  GPU Memory: 0.12GB allocated, 0.30GB reserved
Epoch 248/300 | Train Loss: 0.4477 | Val Loss: 0.8197 | Val Gloss Acc: 0.627 | Val Cat Acc: 0.978 | Time: 4.4s
  GPU Memory: 0.12GB allocated, 0.30GB reserved
Epoch 249/300 | Train Loss: 1.8520 | Val Loss: 1.1741 | Val Gloss Acc: 0.534 | Val Cat Acc: 0.897 | Time: 4.5s
  GPU Memory: 0.12GB allocated, 0.30GB reserved
Epoch 250/300 | Train Loss: 0.8308 | Val Loss: 0.7848 | Val Gloss Acc: 0.650 | Val Cat Acc: 0.981 | Time: 4.4s
  GPU Memory: 0.12GB allocated, 0.30GB reserved
Epoch 251/300 | Train Loss: 0.8311 | Val Loss: 0.7612 | Val Gloss Acc: 0.659 | Val Cat Acc: 0.983 | Time: 4.2s
  GPU Memory: 0.12GB allocated, 0.30GB reserved
Epoch 252/300 | Train Loss: 0.8108 | Val Loss: 0.8045 | Val Gloss Acc: 0.659 | Val Cat Acc: 0.977 | Time: 4.1s
  GPU Memory: 0.12GB allocated, 0.30GB reserved
Epoch 253/300 | Train Loss: 0.6410 | Val Loss: 0.7497 | Val Gloss Acc: 0.665 | Val Cat Acc: 0.986 | Time: 4.4s
  GPU Memory: 0.12GB allocated, 0.30GB reserved
Epoch 254/300 | Train Loss: 0.5975 | Val Loss: 0.7689 | Val Gloss Acc: 0.653 | Val Cat Acc: 0.987 | Time: 4.4s
  GPU Memory: 0.12GB allocated, 0.30GB reserved
Epoch 255/300 | Train Loss: 0.4086 | Val Loss: 0.8119 | Val Gloss Acc: 0.636 | Val Cat Acc: 0.974 | Time: 4.4s
  GPU Memory: 0.12GB allocated, 0.30GB reserved
Epoch 256/300 | Train Loss: 0.6859 | Val Loss: 0.7869 | Val Gloss Acc: 0.654 | Val Cat Acc: 0.981 | Time: 4.4s
  GPU Memory: 0.12GB allocated, 0.30GB reserved
Epoch 257/300 | Train Loss: 0.6764 | Val Loss: 0.7962 | Val Gloss Acc: 0.644 | Val Cat Acc: 0.984 | Time: 4.2s
  GPU Memory: 0.12GB allocated, 0.30GB reserved
Epoch 258/300 | Train Loss: 0.6885 | Val Loss: 0.7938 | Val Gloss Acc: 0.642 | Val Cat Acc: 0.976 | Time: 4.2s
  GPU Memory: 0.12GB allocated, 0.30GB reserved
Epoch 259/300 | Train Loss: 0.8205 | Val Loss: 0.8333 | Val Gloss Acc: 0.642 | Val Cat Acc: 0.971 | Time: 4.5s
  GPU Memory: 0.12GB allocated, 0.30GB reserved
Epoch 260/300 | Train Loss: 0.4682 | Val Loss: 0.9440 | Val Gloss Acc: 0.602 | Val Cat Acc: 0.962 | Time: 4.4s
  GPU Memory: 0.12GB allocated, 0.30GB reserved
Epoch 261/300 | Train Loss: 0.6955 | Val Loss: 0.7977 | Val Gloss Acc: 0.641 | Val Cat Acc: 0.974 | Time: 4.3s
  GPU Memory: 0.12GB allocated, 0.30GB reserved
Epoch 262/300 | Train Loss: 0.7192 | Val Loss: 0.7705 | Val Gloss Acc: 0.666 | Val Cat Acc: 0.982 | Time: 3.9s
  GPU Memory: 0.12GB allocated, 0.30GB reserved
Epoch 263/300 | Train Loss: 0.8986 | Val Loss: 0.7658 | Val Gloss Acc: 0.650 | Val Cat Acc: 0.978 | Time: 4.2s
  GPU Memory: 0.12GB allocated, 0.30GB reserved
Epoch 264/300 | Train Loss: 0.6289 | Val Loss: 0.7360 | Val Gloss Acc: 0.669 | Val Cat Acc: 0.992 | Time: 4.3s
  GPU Memory: 0.12GB allocated, 0.30GB reserved
Epoch 265/300 | Train Loss: 0.4953 | Val Loss: 0.7274 | Val Gloss Acc: 0.675 | Val Cat Acc: 0.987 | Time: 4.3s
  GPU Memory: 0.12GB allocated, 0.30GB reserved
Epoch 266/300 | Train Loss: 0.5850 | Val Loss: 0.7430 | Val Gloss Acc: 0.668 | Val Cat Acc: 0.983 | Time: 4.3s
  GPU Memory: 0.12GB allocated, 0.30GB reserved
Epoch 267/300 | Train Loss: 0.7283 | Val Loss: 0.7619 | Val Gloss Acc: 0.662 | Val Cat Acc: 0.981 | Time: 4.4s
  GPU Memory: 0.12GB allocated, 0.30GB reserved
Epoch 268/300 | Train Loss: 0.7637 | Val Loss: 0.9276 | Val Gloss Acc: 0.593 | Val Cat Acc: 0.958 | Time: 4.4s
  GPU Memory: 0.12GB allocated, 0.30GB reserved
Epoch 269/300 | Train Loss: 1.1275 | Val Loss: 0.9184 | Val Gloss Acc: 0.602 | Val Cat Acc: 0.963 | Time: 4.3s
  GPU Memory: 0.12GB allocated, 0.30GB reserved
Epoch 270/300 | Train Loss: 0.5344 | Val Loss: 0.7393 | Val Gloss Acc: 0.661 | Val Cat Acc: 0.981 | Time: 4.3s
  GPU Memory: 0.12GB allocated, 0.30GB reserved
Epoch 271/300 | Train Loss: 0.6437 | Val Loss: 0.7400 | Val Gloss Acc: 0.669 | Val Cat Acc: 0.984 | Time: 4.0s
  GPU Memory: 0.12GB allocated, 0.30GB reserved
Epoch 272/300 | Train Loss: 0.8304 | Val Loss: 0.7526 | Val Gloss Acc: 0.659 | Val Cat Acc: 0.981 | Time: 4.4s
  GPU Memory: 0.12GB allocated, 0.30GB reserved
Epoch 273/300 | Train Loss: 1.2810 | Val Loss: 1.1511 | Val Gloss Acc: 0.541 | Val Cat Acc: 0.912 | Time: 4.3s
  GPU Memory: 0.12GB allocated, 0.30GB reserved
Epoch 274/300 | Train Loss: 0.7967 | Val Loss: 0.7557 | Val Gloss Acc: 0.653 | Val Cat Acc: 0.981 | Time: 4.4s
  GPU Memory: 0.12GB allocated, 0.30GB reserved
Epoch 275/300 | Train Loss: 0.4955 | Val Loss: 0.7429 | Val Gloss Acc: 0.665 | Val Cat Acc: 0.986 | Time: 4.5s
  GPU Memory: 0.12GB allocated, 0.30GB reserved
Epoch 276/300 | Train Loss: 0.4933 | Val Loss: 0.7137 | Val Gloss Acc: 0.681 | Val Cat Acc: 0.989 | Time: 4.5s
  GPU Memory: 0.12GB allocated, 0.30GB reserved
Epoch 277/300 | Train Loss: 0.3745 | Val Loss: 0.7153 | Val Gloss Acc: 0.674 | Val Cat Acc: 0.984 | Time: 4.4s
  GPU Memory: 0.12GB allocated, 0.30GB reserved
Epoch 278/300 | Train Loss: 0.9774 | Val Loss: 0.6960 | Val Gloss Acc: 0.685 | Val Cat Acc: 0.988 | Time: 4.4s
  GPU Memory: 0.12GB allocated, 0.30GB reserved
Epoch 279/300 | Train Loss: 0.8055 | Val Loss: 0.7751 | Val Gloss Acc: 0.673 | Val Cat Acc: 0.977 | Time: 4.3s
  GPU Memory: 0.12GB allocated, 0.30GB reserved
Epoch 280/300 | Train Loss: 0.6973 | Val Loss: 0.7383 | Val Gloss Acc: 0.679 | Val Cat Acc: 0.982 | Time: 4.0s
  GPU Memory: 0.12GB allocated, 0.30GB reserved
Epoch 281/300 | Train Loss: 0.6480 | Val Loss: 0.8725 | Val Gloss Acc: 0.642 | Val Cat Acc: 0.952 | Time: 4.2s
  GPU Memory: 0.12GB allocated, 0.30GB reserved
Epoch 282/300 | Train Loss: 0.5130 | Val Loss: 0.7884 | Val Gloss Acc: 0.661 | Val Cat Acc: 0.971 | Time: 4.5s
  GPU Memory: 0.12GB allocated, 0.30GB reserved
Epoch 283/300 | Train Loss: 1.1410 | Val Loss: 0.8173 | Val Gloss Acc: 0.642 | Val Cat Acc: 0.972 | Time: 4.2s
  GPU Memory: 0.12GB allocated, 0.30GB reserved
Epoch 284/300 | Train Loss: 0.3870 | Val Loss: 0.7248 | Val Gloss Acc: 0.671 | Val Cat Acc: 0.988 | Time: 4.4s
  GPU Memory: 0.12GB allocated, 0.30GB reserved
Epoch 285/300 | Train Loss: 0.5254 | Val Loss: 0.7359 | Val Gloss Acc: 0.679 | Val Cat Acc: 0.983 | Time: 4.0s
  GPU Memory: 0.12GB allocated, 0.30GB reserved
Epoch 286/300 | Train Loss: 0.7052 | Val Loss: 0.6959 | Val Gloss Acc: 0.683 | Val Cat Acc: 0.977 | Time: 4.5s
  GPU Memory: 0.12GB allocated, 0.30GB reserved
Epoch 287/300 | Train Loss: 0.6350 | Val Loss: 0.7724 | Val Gloss Acc: 0.649 | Val Cat Acc: 0.972 | Time: 4.5s
  GPU Memory: 0.12GB allocated, 0.30GB reserved
Epoch 288/300 | Train Loss: 0.6477 | Val Loss: 0.7774 | Val Gloss Acc: 0.659 | Val Cat Acc: 0.974 | Time: 4.3s
  GPU Memory: 0.12GB allocated, 0.30GB reserved
Epoch 289/300 | Train Loss: 0.5957 | Val Loss: 0.7775 | Val Gloss Acc: 0.671 | Val Cat Acc: 0.972 | Time: 4.2s
  GPU Memory: 0.12GB allocated, 0.30GB reserved
Epoch 290/300 | Train Loss: 0.7808 | Val Loss: 0.6967 | Val Gloss Acc: 0.688 | Val Cat Acc: 0.989 | Time: 4.0s
  GPU Memory: 0.12GB allocated, 0.30GB reserved
Epoch 291/300 | Train Loss: 0.5611 | Val Loss: 0.7752 | Val Gloss Acc: 0.671 | Val Cat Acc: 0.966 | Time: 4.4s
  GPU Memory: 0.12GB allocated, 0.30GB reserved
Epoch 292/300 | Train Loss: 0.5910 | Val Loss: 0.7018 | Val Gloss Acc: 0.685 | Val Cat Acc: 0.983 | Time: 4.6s
  GPU Memory: 0.12GB allocated, 0.30GB reserved
Epoch 293/300 | Train Loss: 0.5526 | Val Loss: 0.7674 | Val Gloss Acc: 0.668 | Val Cat Acc: 0.965 | Time: 4.1s
  GPU Memory: 0.12GB allocated, 0.30GB reserved
Epoch 294/300 | Train Loss: 0.2538 | Val Loss: 0.7605 | Val Gloss Acc: 0.675 | Val Cat Acc: 0.976 | Time: 4.2s
  GPU Memory: 0.12GB allocated, 0.30GB reserved
Epoch 295/300 | Train Loss: 0.7868 | Val Loss: 0.8402 | Val Gloss Acc: 0.645 | Val Cat Acc: 0.969 | Time: 4.3s
  GPU Memory: 0.12GB allocated, 0.30GB reserved
Epoch 296/300 | Train Loss: 0.9847 | Val Loss: 1.3126 | Val Gloss Acc: 0.526 | Val Cat Acc: 0.886 | Time: 4.4s
  GPU Memory: 0.12GB allocated, 0.30GB reserved
Epoch 297/300 | Train Loss: 0.6781 | Val Loss: 0.8204 | Val Gloss Acc: 0.642 | Val Cat Acc: 0.963 | Time: 4.5s
  GPU Memory: 0.12GB allocated, 0.30GB reserved
Epoch 298/300 | Train Loss: 0.9066 | Val Loss: 1.0330 | Val Gloss Acc: 0.599 | Val Cat Acc: 0.933 | Time: 4.3s
  GPU Memory: 0.12GB allocated, 0.30GB reserved
Epoch 299/300 | Train Loss: 0.9178 | Val Loss: 0.7293 | Val Gloss Acc: 0.677 | Val Cat Acc: 0.977 | Time: 4.2s
  GPU Memory: 0.12GB allocated, 0.30GB reserved
Epoch 300/300 | Train Loss: 0.7679 | Val Loss: 0.7407 | Val Gloss Acc: 0.672 | Val Cat Acc: 0.971 | Time: 4.4s
  GPU Memory: 0.12GB allocated, 0.30GB reserved
------------------------------------------------------------
Training completed!

============================================================
Training completed - 2025-10-09 03:23:00
Log saved to: trained_models/iv3_gru/cmb_improved/training_20251009_030052.log
============================================================
