============================================================
TRAINING LOG - 2025-11-01 04:51:48
============================================================
Console output will be saved to: trained_models/iv3_gru/FSL105_ctc/training_20251101_045148.log
Metrics CSV will be saved to: trained_models/iv3_gru/FSL105_ctc/training_20251101_045148_metrics.csv

Using device: cuda
CUDA device: NVIDIA GeForce RTX 5070 Ti
CUDA memory: 16.6 GB
CUDA compute capability: 12.0
CUDA multiprocessors: 70
CUDA memory allocated: 0.00 GB
CUDA memory cached: 0.00 GB

============================================================
DATA LOADING
============================================================
✓ Loaded data successfully
  - Dataset type: IV3-GRU Features
  - Training folder: data/processed/FSL105_train
  - Validation folder: data/processed/FSL105_val
  - Feature key: X2048
  - Gloss classes: 105
  - Category classes: 10

============================================================
DATASET PREPARATION
============================================================
✓ CTC Mode: blank_id=105, num_ctc_classes=106
✓ Created datasets and data loaders
  - Batch size: 128
  - Training batches: 80
  - Validation batches: 20
  - Data augmentation: Enabled (noise_std=0.0026, mask_prob=0.06)
  - Training dataset size: 10192 samples
  - Validation dataset size: 2546 samples
  - Data format: [T, 2048] features

============================================================
MODEL SELECTION
============================================================
Available models:
Classification models (isolated signs):
  - transformer: Multi-head attention transformer (keypoints)
  - mediapipe_gru: Lightweight GRU (keypoints, mobile-friendly)
  - iv3_gru: InceptionV3 + GRU hybrid (features, offline baseline)
CTC models (continuous recognition):
  - transformer_ctc: Transformer with CTC (keypoints)
  - mediapipe_gru_ctc: Lightweight GRU with CTC (keypoints)
  - iv3_gru_ctc: InceptionV3 + GRU with CTC (features, offline baseline)
Downloading: "https://download.pytorch.org/models/inception_v3_google-0cc3c7bd.pth" to /root/.cache/torch/hub/checkpoints/inception_v3_google-0cc3c7bd.pth
✓ Using InceptionV3GRUCtc model (num_ctc_classes=106)

================================================================================
COMPREHENSIVE TRAINING CONFIGURATION
================================================================================
Session Information:
  - Start time: 2025-11-01 04:51:53
  - Working directory: /workspace/fslr-transformer-vs-iv3gru
  - Command: /workspace/fslr-transformer-vs-iv3gru/training/train.py --model iv3_gru_ctc --training-mode ctc --epochs 300 --batch-size 128 --lr 0.0007 --num-gloss 105 --num-cat 10 --alpha 0.8 --beta 0.2 --num-ctc-classes 106 --ctc-blank-id 105 --features-train data/processed/FSL105_train --features-val data/processed/FSL105_val --labels-train-csv data/processed/FSL105_train.csv --labels-val-csv data/processed/FSL105_val.csv --feature-key X2048 --hidden1 50 --hidden2 40 --dropout 0.28 --no-freeze-backbone --amp --augment --augment-noise-std 0.0026 --augment-mask-prob 0.06 --augment-mask-ratio 0.06 --scheduler plateau --scheduler-patience 30 --early-stop 120 --weight-decay 8e-5 --label-smoothing 0.1 --grad-clip 1.0 --output-dir trained_models/iv3_gru/FSL105_ctc

System Information:
  - Platform: Linux-6.8.0-52-generic-x86_64-with-glibc2.39
  - Python version: 3.12.11 | packaged by conda-forge | (main, Jun  4 2025, 14:45:31) [GCC 13.3.0]
  - PyTorch version: 2.9.0+cu128
  - CUDA version: 12.8
  - cuDNN version: 91002
  - NumPy version: 2.2.6

Core Training Parameters:
  - Model: iv3_gru_ctc
  - Epochs: 300
  - Batch size: 128
  - Learning rate: 0.0007
  - Weight decay: 8e-05
  - Gradient clipping: 1.0
  - Loss weights - Alpha: 0.8, Beta: 0.2

Curriculum Training: Disabled

Loss Weighting Parameters:
  - Strategy: static
  - Alpha: 0.8
  - Beta: 0.2

Data Configuration:
  - Gloss classes: 105
  - Category classes: 10
  - Data source: Real data files

Training Control:
  - Scheduler: plateau
  - Scheduler patience: 30
  - Early stopping: 120
  - Resume from: None

Performance Settings:
  - AMP (Mixed Precision): True
  - Model compilation: False
  - Gradient accumulation steps: 1
  - DataLoader workers: 0
  - Auto workers: False
  - Pin memory: False
  - Prefetch factor: None

Reproducibility:
  - Random seed: 42
  - Deterministic mode: False

Output Configuration:
  - Checkpoint directory: trained_models/iv3_gru/FSL105_ctc
  - CSV log file: trained_models/iv3_gru/FSL105_ctc/training_20251101_045148_metrics.csv

Model Information:
  - Model type: InceptionV3GRUCtc
  - Total parameters: 25,786,100
  - Trainable parameters: 25,786,100
  - Model size: 98.4 MB
================================================================================

============================================================
TRAINING START
============================================================
Training mode: CTC (Continuous Sign Language Recognition)

================================================================================
CTC TRAINING CONFIGURATION
================================================================================
Training Mode: Continuous Sign Language Recognition (CTC)
Model: InceptionV3GRUCtc
Blank Token ID: 105
Epochs: 300
Learning Rate: 0.0007
Batch Size: 128
Gradient Accumulation: 1
AMP Enabled: True
================================================================================

✓ Using CTCLoss (blank=105, zero_infinity=True)
✓ Optimizer: Adam (lr=0.0007, weight_decay=8e-05)
✓ AMP enabled: True
✓ Scheduler: ReduceLROnPlateau (patience=30)
✓ Logging metrics to: trained_models/iv3_gru/FSL105_ctc/training_20251101_045148_metrics.csv

================================================================================
STARTING CTC TRAINING - 300 epochs
================================================================================

Epoch   1/300 | Train Loss: 93.1736 | Val Loss: 5.6844 | Val Gloss Acc: 0.000 | Val Cat Acc: 0.122 | Time: 106.7s
  GPU Memory: 0.23GB allocated, 2.02GB reserved
  ✓ New best validation loss: 5.6844
Epoch   2/300 | Train Loss: 4.9952 | Val Loss: 5.7081 | Val Gloss Acc: 0.000 | Val Cat Acc: 0.172 | Time: 94.9s
  GPU Memory: 0.23GB allocated, 2.01GB reserved
Epoch   3/300 | Train Loss: 4.8092 | Val Loss: 5.2104 | Val Gloss Acc: 0.000 | Val Cat Acc: 0.456 | Time: 95.9s
  GPU Memory: 0.23GB allocated, 2.01GB reserved
  ✓ New best validation loss: 5.2104
Epoch   4/300 | Train Loss: 4.1851 | Val Loss: 4.6618 | Val Gloss Acc: 0.000 | Val Cat Acc: 0.650 | Time: 94.8s
  GPU Memory: 0.23GB allocated, 2.01GB reserved
  ✓ New best validation loss: 4.6618
Epoch   5/300 | Train Loss: 3.6815 | Val Loss: 4.1285 | Val Gloss Acc: 0.000 | Val Cat Acc: 0.718 | Time: 98.1s
  GPU Memory: 0.23GB allocated, 2.01GB reserved
  ✓ New best validation loss: 4.1285
Epoch   6/300 | Train Loss: 3.3133 | Val Loss: 3.7663 | Val Gloss Acc: 0.000 | Val Cat Acc: 0.775 | Time: 96.5s
  GPU Memory: 0.23GB allocated, 2.01GB reserved
  ✓ New best validation loss: 3.7663
Epoch   7/300 | Train Loss: 2.9883 | Val Loss: 3.0036 | Val Gloss Acc: 0.000 | Val Cat Acc: 0.802 | Time: 96.6s
  GPU Memory: 0.23GB allocated, 2.01GB reserved
  ✓ New best validation loss: 3.0036
Epoch   8/300 | Train Loss: 2.7340 | Val Loss: 2.9207 | Val Gloss Acc: 0.000 | Val Cat Acc: 0.854 | Time: 97.1s
  GPU Memory: 0.24GB allocated, 2.01GB reserved
  ✓ New best validation loss: 2.9207
Epoch   9/300 | Train Loss: 2.4984 | Val Loss: 3.0535 | Val Gloss Acc: 0.000 | Val Cat Acc: 0.881 | Time: 94.8s
  GPU Memory: 0.23GB allocated, 2.01GB reserved
Epoch  10/300 | Train Loss: 2.3091 | Val Loss: 2.6083 | Val Gloss Acc: 0.000 | Val Cat Acc: 0.888 | Time: 95.6s
  GPU Memory: 0.23GB allocated, 2.01GB reserved
  ✓ New best validation loss: 2.6083
Epoch  11/300 | Train Loss: 2.1433 | Val Loss: 2.5614 | Val Gloss Acc: 0.000 | Val Cat Acc: 0.911 | Time: 98.3s
  GPU Memory: 0.23GB allocated, 2.01GB reserved
  ✓ New best validation loss: 2.5614
Epoch  12/300 | Train Loss: 1.9970 | Val Loss: 2.1244 | Val Gloss Acc: 0.000 | Val Cat Acc: 0.927 | Time: 98.9s
  GPU Memory: 0.23GB allocated, 2.01GB reserved
  ✓ New best validation loss: 2.1244
Epoch  13/300 | Train Loss: 1.8751 | Val Loss: 2.0479 | Val Gloss Acc: 0.000 | Val Cat Acc: 0.940 | Time: 95.5s
  GPU Memory: 0.23GB allocated, 2.01GB reserved
  ✓ New best validation loss: 2.0479
Epoch  14/300 | Train Loss: 1.7716 | Val Loss: 1.9389 | Val Gloss Acc: 0.000 | Val Cat Acc: 0.937 | Time: 97.3s
  GPU Memory: 0.24GB allocated, 2.01GB reserved
  ✓ New best validation loss: 1.9389
Epoch  15/300 | Train Loss: 1.6693 | Val Loss: 1.9643 | Val Gloss Acc: 0.000 | Val Cat Acc: 0.947 | Time: 95.8s
  GPU Memory: 0.23GB allocated, 1.96GB reserved
Epoch  16/300 | Train Loss: 1.5938 | Val Loss: 1.7149 | Val Gloss Acc: 0.000 | Val Cat Acc: 0.941 | Time: 97.4s
  GPU Memory: 0.25GB allocated, 2.01GB reserved
  ✓ New best validation loss: 1.7149
Epoch  17/300 | Train Loss: 1.5389 | Val Loss: 1.7954 | Val Gloss Acc: 0.000 | Val Cat Acc: 0.957 | Time: 96.5s
  GPU Memory: 0.24GB allocated, 2.01GB reserved
Epoch  18/300 | Train Loss: 1.4727 | Val Loss: 1.6679 | Val Gloss Acc: 0.002 | Val Cat Acc: 0.946 | Time: 96.7s
  GPU Memory: 0.24GB allocated, 2.01GB reserved
  ✓ New best validation loss: 1.6679
Epoch  19/300 | Train Loss: 1.4325 | Val Loss: 1.5559 | Val Gloss Acc: 0.002 | Val Cat Acc: 0.951 | Time: 96.7s
  GPU Memory: 0.23GB allocated, 2.01GB reserved
  ✓ New best validation loss: 1.5559
Epoch  20/300 | Train Loss: 1.3829 | Val Loss: 1.5763 | Val Gloss Acc: 0.004 | Val Cat Acc: 0.958 | Time: 97.6s
  GPU Memory: 0.23GB allocated, 2.01GB reserved
Epoch  21/300 | Train Loss: 1.3389 | Val Loss: 1.5026 | Val Gloss Acc: 0.011 | Val Cat Acc: 0.956 | Time: 96.4s
  GPU Memory: 0.23GB allocated, 2.01GB reserved
  ✓ New best validation loss: 1.5026
Epoch  22/300 | Train Loss: 1.3019 | Val Loss: 1.4018 | Val Gloss Acc: 0.022 | Val Cat Acc: 0.962 | Time: 97.8s
  GPU Memory: 0.24GB allocated, 2.01GB reserved
  ✓ New best validation loss: 1.4018
Epoch  23/300 | Train Loss: 1.2726 | Val Loss: 1.4596 | Val Gloss Acc: 0.019 | Val Cat Acc: 0.965 | Time: 96.8s
  GPU Memory: 0.24GB allocated, 2.01GB reserved
Epoch  24/300 | Train Loss: 1.2218 | Val Loss: 1.1565 | Val Gloss Acc: 0.207 | Val Cat Acc: 0.967 | Time: 96.2s
  GPU Memory: 0.23GB allocated, 2.01GB reserved
  ✓ New best validation loss: 1.1565
Epoch  25/300 | Train Loss: 1.1371 | Val Loss: 0.7815 | Val Gloss Acc: 0.668 | Val Cat Acc: 0.958 | Time: 97.0s
  GPU Memory: 0.23GB allocated, 2.01GB reserved
  ✓ New best validation loss: 0.7815
Epoch  26/300 | Train Loss: 0.9492 | Val Loss: 0.6684 | Val Gloss Acc: 0.755 | Val Cat Acc: 0.965 | Time: 96.7s
  GPU Memory: 0.23GB allocated, 2.01GB reserved
  ✓ New best validation loss: 0.6684
Epoch  27/300 | Train Loss: 0.8167 | Val Loss: 0.5992 | Val Gloss Acc: 0.806 | Val Cat Acc: 0.969 | Time: 95.8s
  GPU Memory: 0.23GB allocated, 2.01GB reserved
  ✓ New best validation loss: 0.5992
Epoch  28/300 | Train Loss: 0.7158 | Val Loss: 0.4663 | Val Gloss Acc: 0.846 | Val Cat Acc: 0.970 | Time: 97.7s
  GPU Memory: 0.23GB allocated, 2.01GB reserved
  ✓ New best validation loss: 0.4663
Epoch  29/300 | Train Loss: 0.6187 | Val Loss: 0.4100 | Val Gloss Acc: 0.866 | Val Cat Acc: 0.979 | Time: 96.9s
  GPU Memory: 0.25GB allocated, 2.17GB reserved
  ✓ New best validation loss: 0.4100
Epoch  30/300 | Train Loss: 0.5785 | Val Loss: 0.4421 | Val Gloss Acc: 0.846 | Val Cat Acc: 0.976 | Time: 98.1s
  GPU Memory: 0.23GB allocated, 2.01GB reserved
Epoch  31/300 | Train Loss: 0.5103 | Val Loss: 0.4170 | Val Gloss Acc: 0.869 | Val Cat Acc: 0.947 | Time: 97.2s
  GPU Memory: 0.24GB allocated, 2.01GB reserved
Epoch  32/300 | Train Loss: 0.4853 | Val Loss: 0.7728 | Val Gloss Acc: 0.739 | Val Cat Acc: 0.903 | Time: 97.0s
  GPU Memory: 0.23GB allocated, 2.01GB reserved
Epoch  33/300 | Train Loss: 0.4734 | Val Loss: 0.4316 | Val Gloss Acc: 0.859 | Val Cat Acc: 0.951 | Time: 96.5s
  GPU Memory: 0.23GB allocated, 2.01GB reserved
Epoch  34/300 | Train Loss: 0.4054 | Val Loss: 0.2861 | Val Gloss Acc: 0.908 | Val Cat Acc: 0.980 | Time: 97.3s
  GPU Memory: 0.23GB allocated, 2.01GB reserved
  ✓ New best validation loss: 0.2861
Epoch  35/300 | Train Loss: 0.4113 | Val Loss: 0.3478 | Val Gloss Acc: 0.888 | Val Cat Acc: 0.962 | Time: 97.6s
  GPU Memory: 0.23GB allocated, 2.01GB reserved
Epoch  36/300 | Train Loss: 0.3798 | Val Loss: 0.3112 | Val Gloss Acc: 0.899 | Val Cat Acc: 0.977 | Time: 96.8s
  GPU Memory: 0.23GB allocated, 2.01GB reserved
Epoch  37/300 | Train Loss: 0.3534 | Val Loss: 0.3006 | Val Gloss Acc: 0.900 | Val Cat Acc: 0.983 | Time: 96.8s
  GPU Memory: 0.23GB allocated, 2.01GB reserved
Epoch  38/300 | Train Loss: 0.3385 | Val Loss: 0.6361 | Val Gloss Acc: 0.788 | Val Cat Acc: 0.957 | Time: 96.6s
  GPU Memory: 0.23GB allocated, 2.01GB reserved
Epoch  39/300 | Train Loss: 0.7043 | Val Loss: 0.4310 | Val Gloss Acc: 0.858 | Val Cat Acc: 0.965 | Time: 97.6s
  GPU Memory: 0.23GB allocated, 2.01GB reserved
Epoch  40/300 | Train Loss: 0.4936 | Val Loss: 0.3970 | Val Gloss Acc: 0.885 | Val Cat Acc: 0.974 | Time: 98.0s
  GPU Memory: 0.24GB allocated, 2.01GB reserved
Epoch  41/300 | Train Loss: 0.3424 | Val Loss: 0.3053 | Val Gloss Acc: 0.901 | Val Cat Acc: 0.966 | Time: 96.6s
  GPU Memory: 0.23GB allocated, 2.01GB reserved
Epoch  42/300 | Train Loss: 0.3209 | Val Loss: 0.3103 | Val Gloss Acc: 0.908 | Val Cat Acc: 0.978 | Time: 96.1s
  GPU Memory: 0.23GB allocated, 2.01GB reserved
Epoch  43/300 | Train Loss: 0.4569 | Val Loss: 0.4310 | Val Gloss Acc: 0.855 | Val Cat Acc: 0.923 | Time: 96.9s
  GPU Memory: 0.24GB allocated, 2.01GB reserved
Epoch  44/300 | Train Loss: 0.4598 | Val Loss: 0.2709 | Val Gloss Acc: 0.907 | Val Cat Acc: 0.972 | Time: 95.2s
  GPU Memory: 0.24GB allocated, 2.01GB reserved
  ✓ New best validation loss: 0.2709
Epoch  45/300 | Train Loss: 0.3545 | Val Loss: 0.2406 | Val Gloss Acc: 0.914 | Val Cat Acc: 0.980 | Time: 95.5s
  GPU Memory: 0.24GB allocated, 2.01GB reserved
  ✓ New best validation loss: 0.2406
Epoch  46/300 | Train Loss: 0.3156 | Val Loss: 0.2105 | Val Gloss Acc: 0.923 | Val Cat Acc: 0.979 | Time: 95.3s
  GPU Memory: 0.24GB allocated, 2.01GB reserved
  ✓ New best validation loss: 0.2105
Epoch  47/300 | Train Loss: 0.2854 | Val Loss: 0.2652 | Val Gloss Acc: 0.905 | Val Cat Acc: 0.986 | Time: 97.0s
  GPU Memory: 0.24GB allocated, 2.01GB reserved
Epoch  48/300 | Train Loss: 0.2611 | Val Loss: 0.2331 | Val Gloss Acc: 0.916 | Val Cat Acc: 0.978 | Time: 97.3s
  GPU Memory: 0.23GB allocated, 2.01GB reserved
Epoch  49/300 | Train Loss: 0.2507 | Val Loss: 0.2568 | Val Gloss Acc: 0.906 | Val Cat Acc: 0.967 | Time: 97.1s
  GPU Memory: 0.23GB allocated, 2.01GB reserved
Epoch  50/300 | Train Loss: 0.2318 | Val Loss: 0.2200 | Val Gloss Acc: 0.929 | Val Cat Acc: 0.984 | Time: 95.8s
  GPU Memory: 0.24GB allocated, 2.01GB reserved
Epoch  51/300 | Train Loss: 0.2119 | Val Loss: 0.1708 | Val Gloss Acc: 0.939 | Val Cat Acc: 0.983 | Time: 93.6s
  GPU Memory: 0.23GB allocated, 2.01GB reserved
  ✓ New best validation loss: 0.1708
Epoch  52/300 | Train Loss: 0.1994 | Val Loss: 0.2428 | Val Gloss Acc: 0.912 | Val Cat Acc: 0.974 | Time: 95.9s
  GPU Memory: 0.24GB allocated, 2.01GB reserved
Epoch  53/300 | Train Loss: 0.1983 | Val Loss: 0.2287 | Val Gloss Acc: 0.919 | Val Cat Acc: 0.980 | Time: 98.5s
  GPU Memory: 0.23GB allocated, 2.01GB reserved
Epoch  54/300 | Train Loss: 0.1963 | Val Loss: 0.2125 | Val Gloss Acc: 0.924 | Val Cat Acc: 0.978 | Time: 96.9s
  GPU Memory: 0.23GB allocated, 2.01GB reserved
Epoch  55/300 | Train Loss: 0.1690 | Val Loss: 0.1914 | Val Gloss Acc: 0.930 | Val Cat Acc: 0.978 | Time: 95.2s
  GPU Memory: 0.23GB allocated, 2.01GB reserved
Epoch  56/300 | Train Loss: 0.1638 | Val Loss: 0.2259 | Val Gloss Acc: 0.918 | Val Cat Acc: 0.975 | Time: 96.0s
  GPU Memory: 0.23GB allocated, 2.01GB reserved
Epoch  57/300 | Train Loss: 0.1596 | Val Loss: 0.2044 | Val Gloss Acc: 0.925 | Val Cat Acc: 0.981 | Time: 95.3s
  GPU Memory: 0.23GB allocated, 2.01GB reserved
Epoch  58/300 | Train Loss: 0.1547 | Val Loss: 0.1964 | Val Gloss Acc: 0.937 | Val Cat Acc: 0.984 | Time: 94.9s
  GPU Memory: 0.23GB allocated, 2.01GB reserved
Epoch  59/300 | Train Loss: 0.1511 | Val Loss: 0.1856 | Val Gloss Acc: 0.938 | Val Cat Acc: 0.984 | Time: 96.4s
  GPU Memory: 0.23GB allocated, 2.01GB reserved
Epoch  60/300 | Train Loss: 0.1339 | Val Loss: 0.1993 | Val Gloss Acc: 0.936 | Val Cat Acc: 0.973 | Time: 96.6s
  GPU Memory: 0.24GB allocated, 2.01GB reserved
Epoch  61/300 | Train Loss: 0.1225 | Val Loss: 0.1888 | Val Gloss Acc: 0.934 | Val Cat Acc: 0.987 | Time: 95.4s
  GPU Memory: 0.23GB allocated, 2.01GB reserved
Epoch  62/300 | Train Loss: 0.1257 | Val Loss: 0.1698 | Val Gloss Acc: 0.940 | Val Cat Acc: 0.978 | Time: 97.9s
  GPU Memory: 0.23GB allocated, 2.01GB reserved
  ✓ New best validation loss: 0.1698
Epoch  63/300 | Train Loss: 0.1258 | Val Loss: 0.1780 | Val Gloss Acc: 0.944 | Val Cat Acc: 0.984 | Time: 96.6s
  GPU Memory: 0.29GB allocated, 2.17GB reserved
Epoch  64/300 | Train Loss: 0.1168 | Val Loss: 0.1944 | Val Gloss Acc: 0.933 | Val Cat Acc: 0.984 | Time: 97.0s
  GPU Memory: 0.24GB allocated, 2.01GB reserved
Epoch  65/300 | Train Loss: 0.1181 | Val Loss: 0.1981 | Val Gloss Acc: 0.930 | Val Cat Acc: 0.984 | Time: 94.3s
  GPU Memory: 0.24GB allocated, 2.01GB reserved
Epoch  66/300 | Train Loss: 0.1226 | Val Loss: 0.2417 | Val Gloss Acc: 0.928 | Val Cat Acc: 0.971 | Time: 97.1s
  GPU Memory: 0.23GB allocated, 2.01GB reserved
Epoch  67/300 | Train Loss: 0.1147 | Val Loss: 0.2136 | Val Gloss Acc: 0.936 | Val Cat Acc: 0.965 | Time: 95.6s
  GPU Memory: 0.24GB allocated, 2.01GB reserved
Epoch  68/300 | Train Loss: 0.1230 | Val Loss: 0.1826 | Val Gloss Acc: 0.938 | Val Cat Acc: 0.988 | Time: 95.1s
  GPU Memory: 0.23GB allocated, 2.01GB reserved
Epoch  69/300 | Train Loss: 0.1048 | Val Loss: 0.1426 | Val Gloss Acc: 0.953 | Val Cat Acc: 0.989 | Time: 96.3s
  GPU Memory: 0.23GB allocated, 2.01GB reserved
  ✓ New best validation loss: 0.1426
Epoch  70/300 | Train Loss: 0.0929 | Val Loss: 0.1948 | Val Gloss Acc: 0.938 | Val Cat Acc: 0.982 | Time: 96.8s
  GPU Memory: 0.24GB allocated, 2.01GB reserved
Epoch  71/300 | Train Loss: 0.1015 | Val Loss: 0.2022 | Val Gloss Acc: 0.932 | Val Cat Acc: 0.983 | Time: 96.6s
  GPU Memory: 0.24GB allocated, 2.01GB reserved
Epoch  72/300 | Train Loss: 0.0984 | Val Loss: 0.1511 | Val Gloss Acc: 0.952 | Val Cat Acc: 0.985 | Time: 95.1s
  GPU Memory: 0.23GB allocated, 2.01GB reserved
Epoch  73/300 | Train Loss: 0.0943 | Val Loss: 0.1880 | Val Gloss Acc: 0.938 | Val Cat Acc: 0.987 | Time: 95.3s
  GPU Memory: 0.23GB allocated, 2.01GB reserved
Epoch  74/300 | Train Loss: 0.0938 | Val Loss: 0.1608 | Val Gloss Acc: 0.947 | Val Cat Acc: 0.987 | Time: 94.4s
  GPU Memory: 0.24GB allocated, 2.01GB reserved
Epoch  75/300 | Train Loss: 0.0909 | Val Loss: 0.1772 | Val Gloss Acc: 0.948 | Val Cat Acc: 0.981 | Time: 96.1s
  GPU Memory: 0.23GB allocated, 2.01GB reserved
Epoch  76/300 | Train Loss: 0.0851 | Val Loss: 0.1412 | Val Gloss Acc: 0.954 | Val Cat Acc: 0.983 | Time: 97.1s
  GPU Memory: 0.22GB allocated, 2.01GB reserved
  ✓ New best validation loss: 0.1412
Epoch  77/300 | Train Loss: 0.0820 | Val Loss: 0.1896 | Val Gloss Acc: 0.945 | Val Cat Acc: 0.971 | Time: 94.7s
  GPU Memory: 0.23GB allocated, 2.01GB reserved
Epoch  78/300 | Train Loss: 0.0804 | Val Loss: 0.2589 | Val Gloss Acc: 0.919 | Val Cat Acc: 0.970 | Time: 97.9s
  GPU Memory: 0.23GB allocated, 2.01GB reserved
Epoch  79/300 | Train Loss: 0.0867 | Val Loss: 0.1749 | Val Gloss Acc: 0.941 | Val Cat Acc: 0.988 | Time: 98.4s
  GPU Memory: 0.23GB allocated, 2.01GB reserved
Epoch  80/300 | Train Loss: 0.0826 | Val Loss: 0.1929 | Val Gloss Acc: 0.940 | Val Cat Acc: 0.981 | Time: 96.9s
  GPU Memory: 0.23GB allocated, 2.01GB reserved
Epoch  81/300 | Train Loss: 0.0800 | Val Loss: 0.1932 | Val Gloss Acc: 0.940 | Val Cat Acc: 0.966 | Time: 96.7s
  GPU Memory: 0.23GB allocated, 2.01GB reserved
Epoch  82/300 | Train Loss: 0.0786 | Val Loss: 0.1581 | Val Gloss Acc: 0.948 | Val Cat Acc: 0.985 | Time: 95.8s
  GPU Memory: 0.24GB allocated, 2.01GB reserved
Epoch  83/300 | Train Loss: 0.0846 | Val Loss: 0.1624 | Val Gloss Acc: 0.950 | Val Cat Acc: 0.981 | Time: 95.5s
  GPU Memory: 0.23GB allocated, 2.01GB reserved
Epoch  84/300 | Train Loss: 0.0830 | Val Loss: 0.1329 | Val Gloss Acc: 0.961 | Val Cat Acc: 0.984 | Time: 97.2s
  GPU Memory: 0.23GB allocated, 2.01GB reserved
  ✓ New best validation loss: 0.1329
Epoch  85/300 | Train Loss: 0.0664 | Val Loss: 0.2234 | Val Gloss Acc: 0.927 | Val Cat Acc: 0.983 | Time: 95.7s
  GPU Memory: 0.23GB allocated, 2.01GB reserved
Epoch  86/300 | Train Loss: 0.0627 | Val Loss: 0.1697 | Val Gloss Acc: 0.948 | Val Cat Acc: 0.981 | Time: 97.2s
  GPU Memory: 0.23GB allocated, 2.01GB reserved
Epoch  87/300 | Train Loss: 0.0642 | Val Loss: 0.1735 | Val Gloss Acc: 0.941 | Val Cat Acc: 0.990 | Time: 95.4s
  GPU Memory: 0.23GB allocated, 2.01GB reserved
Epoch  88/300 | Train Loss: 0.0654 | Val Loss: 0.2378 | Val Gloss Acc: 0.934 | Val Cat Acc: 0.964 | Time: 95.4s
  GPU Memory: 0.23GB allocated, 2.01GB reserved
Epoch  89/300 | Train Loss: 0.0877 | Val Loss: 0.1689 | Val Gloss Acc: 0.947 | Val Cat Acc: 0.984 | Time: 96.0s
  GPU Memory: 0.23GB allocated, 2.01GB reserved
Epoch  90/300 | Train Loss: 0.0667 | Val Loss: 0.1754 | Val Gloss Acc: 0.947 | Val Cat Acc: 0.990 | Time: 95.9s
  GPU Memory: 0.23GB allocated, 2.01GB reserved
Epoch  91/300 | Train Loss: 0.0615 | Val Loss: 0.1456 | Val Gloss Acc: 0.952 | Val Cat Acc: 0.986 | Time: 95.9s
  GPU Memory: 0.24GB allocated, 2.01GB reserved
Epoch  92/300 | Train Loss: 0.0676 | Val Loss: 0.1848 | Val Gloss Acc: 0.943 | Val Cat Acc: 0.979 | Time: 96.4s
  GPU Memory: 0.24GB allocated, 2.01GB reserved
Epoch  93/300 | Train Loss: 0.0648 | Val Loss: 0.1559 | Val Gloss Acc: 0.951 | Val Cat Acc: 0.989 | Time: 95.3s
  GPU Memory: 0.23GB allocated, 2.01GB reserved
Epoch  94/300 | Train Loss: 0.0689 | Val Loss: 0.1758 | Val Gloss Acc: 0.949 | Val Cat Acc: 0.984 | Time: 97.5s
  GPU Memory: 0.23GB allocated, 2.01GB reserved
Epoch  95/300 | Train Loss: 0.0592 | Val Loss: 0.1716 | Val Gloss Acc: 0.950 | Val Cat Acc: 0.976 | Time: 96.8s
  GPU Memory: 0.23GB allocated, 2.01GB reserved
Epoch  96/300 | Train Loss: 0.0640 | Val Loss: 0.1821 | Val Gloss Acc: 0.952 | Val Cat Acc: 0.984 | Time: 95.7s
  GPU Memory: 0.23GB allocated, 2.01GB reserved
Epoch  97/300 | Train Loss: 0.0607 | Val Loss: 0.1443 | Val Gloss Acc: 0.955 | Val Cat Acc: 0.991 | Time: 96.9s
  GPU Memory: 0.22GB allocated, 2.01GB reserved
Epoch  98/300 | Train Loss: 0.0527 | Val Loss: 0.1482 | Val Gloss Acc: 0.962 | Val Cat Acc: 0.978 | Time: 96.0s
  GPU Memory: 0.23GB allocated, 2.01GB reserved
Epoch  99/300 | Train Loss: 0.0481 | Val Loss: 0.1808 | Val Gloss Acc: 0.944 | Val Cat Acc: 0.983 | Time: 97.4s
  GPU Memory: 0.23GB allocated, 2.01GB reserved
Epoch 100/300 | Train Loss: 0.0652 | Val Loss: 0.1552 | Val Gloss Acc: 0.952 | Val Cat Acc: 0.982 | Time: 96.3s
  GPU Memory: 0.23GB allocated, 2.01GB reserved
Epoch 101/300 | Train Loss: 0.0546 | Val Loss: 0.1673 | Val Gloss Acc: 0.945 | Val Cat Acc: 0.982 | Time: 95.1s
  GPU Memory: 0.24GB allocated, 2.01GB reserved
Epoch 102/300 | Train Loss: 0.0581 | Val Loss: 0.1820 | Val Gloss Acc: 0.945 | Val Cat Acc: 0.988 | Time: 97.3s
  GPU Memory: 0.23GB allocated, 2.01GB reserved
Epoch 103/300 | Train Loss: 0.0513 | Val Loss: 0.1439 | Val Gloss Acc: 0.959 | Val Cat Acc: 0.987 | Time: 96.7s
  GPU Memory: 0.23GB allocated, 2.01GB reserved
Epoch 104/300 | Train Loss: 0.0517 | Val Loss: 0.1530 | Val Gloss Acc: 0.955 | Val Cat Acc: 0.987 | Time: 93.7s
  GPU Memory: 0.23GB allocated, 2.01GB reserved
Epoch 105/300 | Train Loss: 0.0548 | Val Loss: 0.1435 | Val Gloss Acc: 0.959 | Val Cat Acc: 0.989 | Time: 97.0s
  GPU Memory: 0.23GB allocated, 2.01GB reserved
Epoch 106/300 | Train Loss: 0.0458 | Val Loss: 0.1722 | Val Gloss Acc: 0.945 | Val Cat Acc: 0.983 | Time: 95.3s
  GPU Memory: 0.23GB allocated, 2.01GB reserved
Epoch 107/300 | Train Loss: 0.0529 | Val Loss: 0.2095 | Val Gloss Acc: 0.943 | Val Cat Acc: 0.981 | Time: 96.1s
  GPU Memory: 0.25GB allocated, 2.01GB reserved
Epoch 108/300 | Train Loss: 0.0557 | Val Loss: 0.1628 | Val Gloss Acc: 0.953 | Val Cat Acc: 0.984 | Time: 96.1s
  GPU Memory: 0.23GB allocated, 2.01GB reserved
Epoch 109/300 | Train Loss: 0.0491 | Val Loss: 0.1867 | Val Gloss Acc: 0.948 | Val Cat Acc: 0.991 | Time: 96.8s
  GPU Memory: 0.23GB allocated, 2.01GB reserved
Epoch 110/300 | Train Loss: 0.0498 | Val Loss: 0.1417 | Val Gloss Acc: 0.961 | Val Cat Acc: 0.989 | Time: 97.1s
  GPU Memory: 0.23GB allocated, 2.01GB reserved
Epoch 111/300 | Train Loss: 0.0491 | Val Loss: 0.1527 | Val Gloss Acc: 0.960 | Val Cat Acc: 0.985 | Time: 95.3s
  GPU Memory: 0.24GB allocated, 2.01GB reserved
Epoch 112/300 | Train Loss: 0.0479 | Val Loss: 0.1370 | Val Gloss Acc: 0.962 | Val Cat Acc: 0.992 | Time: 95.7s
  GPU Memory: 0.23GB allocated, 2.01GB reserved
Epoch 113/300 | Train Loss: 0.0515 | Val Loss: 0.1776 | Val Gloss Acc: 0.948 | Val Cat Acc: 0.993 | Time: 94.6s
  GPU Memory: 0.23GB allocated, 2.01GB reserved
Epoch 114/300 | Train Loss: 0.0525 | Val Loss: 0.1414 | Val Gloss Acc: 0.957 | Val Cat Acc: 0.988 | Time: 95.5s
  GPU Memory: 0.23GB allocated, 2.01GB reserved
Epoch 115/300 | Train Loss: 0.0548 | Val Loss: 0.1691 | Val Gloss Acc: 0.955 | Val Cat Acc: 0.991 | Time: 95.5s
  GPU Memory: 0.24GB allocated, 2.01GB reserved
Epoch 116/300 | Train Loss: 0.0259 | Val Loss: 0.1203 | Val Gloss Acc: 0.969 | Val Cat Acc: 0.990 | Time: 94.4s
  GPU Memory: 0.23GB allocated, 2.01GB reserved
  ✓ New best validation loss: 0.1203
Epoch 117/300 | Train Loss: 0.0212 | Val Loss: 0.1288 | Val Gloss Acc: 0.960 | Val Cat Acc: 0.994 | Time: 96.0s
  GPU Memory: 0.23GB allocated, 2.01GB reserved
Epoch 118/300 | Train Loss: 0.0176 | Val Loss: 0.1269 | Val Gloss Acc: 0.965 | Val Cat Acc: 0.991 | Time: 94.9s
  GPU Memory: 0.23GB allocated, 2.01GB reserved
Epoch 119/300 | Train Loss: 0.0247 | Val Loss: 0.1427 | Val Gloss Acc: 0.957 | Val Cat Acc: 0.993 | Time: 95.8s
  GPU Memory: 0.23GB allocated, 2.01GB reserved
Epoch 120/300 | Train Loss: 0.0181 | Val Loss: 0.1318 | Val Gloss Acc: 0.968 | Val Cat Acc: 0.993 | Time: 96.8s
  GPU Memory: 0.23GB allocated, 2.01GB reserved
Epoch 121/300 | Train Loss: 0.0163 | Val Loss: 0.1255 | Val Gloss Acc: 0.966 | Val Cat Acc: 0.993 | Time: 96.3s
  GPU Memory: 0.23GB allocated, 2.01GB reserved
Epoch 122/300 | Train Loss: 0.0159 | Val Loss: 0.1144 | Val Gloss Acc: 0.967 | Val Cat Acc: 0.992 | Time: 95.3s
  GPU Memory: 0.23GB allocated, 2.01GB reserved
  ✓ New best validation loss: 0.1144
Epoch 123/300 | Train Loss: 0.0160 | Val Loss: 0.1055 | Val Gloss Acc: 0.972 | Val Cat Acc: 0.992 | Time: 95.6s
  GPU Memory: 0.23GB allocated, 2.01GB reserved
  ✓ New best validation loss: 0.1055
Epoch 124/300 | Train Loss: 0.0197 | Val Loss: 0.1071 | Val Gloss Acc: 0.969 | Val Cat Acc: 0.995 | Time: 97.4s
  GPU Memory: 0.23GB allocated, 2.01GB reserved
Epoch 125/300 | Train Loss: 0.0185 | Val Loss: 0.1311 | Val Gloss Acc: 0.962 | Val Cat Acc: 0.991 | Time: 95.8s
  GPU Memory: 0.23GB allocated, 2.01GB reserved
Epoch 126/300 | Train Loss: 0.0147 | Val Loss: 0.1130 | Val Gloss Acc: 0.970 | Val Cat Acc: 0.994 | Time: 97.4s
  GPU Memory: 0.23GB allocated, 2.01GB reserved
Epoch 127/300 | Train Loss: 0.0181 | Val Loss: 0.1479 | Val Gloss Acc: 0.956 | Val Cat Acc: 0.990 | Time: 96.0s
  GPU Memory: 0.23GB allocated, 2.01GB reserved
Epoch 128/300 | Train Loss: 0.0143 | Val Loss: 0.1406 | Val Gloss Acc: 0.963 | Val Cat Acc: 0.993 | Time: 95.9s
  GPU Memory: 0.23GB allocated, 2.01GB reserved
Epoch 129/300 | Train Loss: 0.0202 | Val Loss: 0.1370 | Val Gloss Acc: 0.957 | Val Cat Acc: 0.993 | Time: 95.7s
  GPU Memory: 0.23GB allocated, 2.01GB reserved
Epoch 130/300 | Train Loss: 0.0212 | Val Loss: 0.1255 | Val Gloss Acc: 0.967 | Val Cat Acc: 0.994 | Time: 95.4s
  GPU Memory: 0.25GB allocated, 2.01GB reserved
Epoch 131/300 | Train Loss: 0.0165 | Val Loss: 0.1319 | Val Gloss Acc: 0.962 | Val Cat Acc: 0.992 | Time: 97.4s
  GPU Memory: 0.23GB allocated, 2.01GB reserved
Epoch 132/300 | Train Loss: 0.0192 | Val Loss: 0.1283 | Val Gloss Acc: 0.964 | Val Cat Acc: 0.989 | Time: 95.9s
  GPU Memory: 0.24GB allocated, 2.01GB reserved
Epoch 133/300 | Train Loss: 0.0153 | Val Loss: 0.1234 | Val Gloss Acc: 0.969 | Val Cat Acc: 0.991 | Time: 95.4s
  GPU Memory: 0.23GB allocated, 2.01GB reserved
Epoch 134/300 | Train Loss: 0.0141 | Val Loss: 0.1322 | Val Gloss Acc: 0.967 | Val Cat Acc: 0.987 | Time: 96.1s
  GPU Memory: 0.23GB allocated, 2.01GB reserved
Epoch 135/300 | Train Loss: 0.0175 | Val Loss: 0.1093 | Val Gloss Acc: 0.968 | Val Cat Acc: 0.993 | Time: 96.7s
  GPU Memory: 0.23GB allocated, 2.01GB reserved
Epoch 136/300 | Train Loss: 0.0140 | Val Loss: 0.1206 | Val Gloss Acc: 0.972 | Val Cat Acc: 0.990 | Time: 97.1s
  GPU Memory: 0.23GB allocated, 2.01GB reserved
Epoch 137/300 | Train Loss: 0.0138 | Val Loss: 0.1239 | Val Gloss Acc: 0.967 | Val Cat Acc: 0.991 | Time: 94.9s
  GPU Memory: 0.23GB allocated, 2.01GB reserved
Epoch 138/300 | Train Loss: 0.0174 | Val Loss: 0.1753 | Val Gloss Acc: 0.955 | Val Cat Acc: 0.978 | Time: 97.1s
  GPU Memory: 0.23GB allocated, 2.01GB reserved
Epoch 139/300 | Train Loss: 0.0194 | Val Loss: 0.1358 | Val Gloss Acc: 0.962 | Val Cat Acc: 0.991 | Time: 96.4s
  GPU Memory: 0.23GB allocated, 2.01GB reserved
Epoch 140/300 | Train Loss: 0.0157 | Val Loss: 0.1169 | Val Gloss Acc: 0.972 | Val Cat Acc: 0.994 | Time: 95.5s
  GPU Memory: 0.23GB allocated, 2.01GB reserved
Epoch 141/300 | Train Loss: 0.0169 | Val Loss: 0.1199 | Val Gloss Acc: 0.970 | Val Cat Acc: 0.995 | Time: 95.0s
  GPU Memory: 0.24GB allocated, 2.01GB reserved
Epoch 142/300 | Train Loss: 0.0149 | Val Loss: 0.1168 | Val Gloss Acc: 0.966 | Val Cat Acc: 0.994 | Time: 95.1s
  GPU Memory: 0.23GB allocated, 2.01GB reserved
Epoch 143/300 | Train Loss: 0.0176 | Val Loss: 0.1331 | Val Gloss Acc: 0.963 | Val Cat Acc: 0.993 | Time: 94.9s
  GPU Memory: 0.24GB allocated, 2.01GB reserved
Epoch 144/300 | Train Loss: 0.0155 | Val Loss: 0.1481 | Val Gloss Acc: 0.964 | Val Cat Acc: 0.991 | Time: 95.0s
  GPU Memory: 0.23GB allocated, 2.01GB reserved
Epoch 145/300 | Train Loss: 0.0172 | Val Loss: 0.1255 | Val Gloss Acc: 0.968 | Val Cat Acc: 0.992 | Time: 96.2s
  GPU Memory: 0.23GB allocated, 2.01GB reserved
Epoch 146/300 | Train Loss: 0.0130 | Val Loss: 0.1364 | Val Gloss Acc: 0.959 | Val Cat Acc: 0.994 | Time: 96.0s
  GPU Memory: 0.23GB allocated, 2.01GB reserved
Epoch 147/300 | Train Loss: 0.0184 | Val Loss: 0.1266 | Val Gloss Acc: 0.962 | Val Cat Acc: 0.991 | Time: 94.0s
  GPU Memory: 0.23GB allocated, 2.01GB reserved
Epoch 148/300 | Train Loss: 0.0157 | Val Loss: 0.1262 | Val Gloss Acc: 0.969 | Val Cat Acc: 0.993 | Time: 96.4s
  GPU Memory: 0.23GB allocated, 2.01GB reserved
Epoch 149/300 | Train Loss: 0.0167 | Val Loss: 0.1555 | Val Gloss Acc: 0.959 | Val Cat Acc: 0.989 | Time: 95.4s
  GPU Memory: 0.23GB allocated, 2.01GB reserved
Epoch 150/300 | Train Loss: 0.0146 | Val Loss: 0.1282 | Val Gloss Acc: 0.967 | Val Cat Acc: 0.994 | Time: 95.8s
  GPU Memory: 0.24GB allocated, 2.01GB reserved
Epoch 151/300 | Train Loss: 0.0157 | Val Loss: 0.1186 | Val Gloss Acc: 0.961 | Val Cat Acc: 0.995 | Time: 94.0s
  GPU Memory: 0.24GB allocated, 2.01GB reserved
Epoch 152/300 | Train Loss: 0.0176 | Val Loss: 0.1379 | Val Gloss Acc: 0.963 | Val Cat Acc: 0.993 | Time: 94.4s
  GPU Memory: 0.24GB allocated, 2.01GB reserved
Epoch 153/300 | Train Loss: 0.0161 | Val Loss: 0.1335 | Val Gloss Acc: 0.969 | Val Cat Acc: 0.992 | Time: 95.1s
  GPU Memory: 0.23GB allocated, 2.01GB reserved
Epoch 154/300 | Train Loss: 0.0192 | Val Loss: 0.1278 | Val Gloss Acc: 0.966 | Val Cat Acc: 0.993 | Time: 94.2s
  GPU Memory: 0.23GB allocated, 2.01GB reserved
Epoch 155/300 | Train Loss: 0.0091 | Val Loss: 0.1194 | Val Gloss Acc: 0.970 | Val Cat Acc: 0.995 | Time: 94.9s
  GPU Memory: 0.23GB allocated, 2.01GB reserved
Epoch 156/300 | Train Loss: 0.0075 | Val Loss: 0.1088 | Val Gloss Acc: 0.973 | Val Cat Acc: 0.996 | Time: 94.3s
  GPU Memory: 0.23GB allocated, 2.01GB reserved
Epoch 157/300 | Train Loss: 0.0074 | Val Loss: 0.1075 | Val Gloss Acc: 0.973 | Val Cat Acc: 0.995 | Time: 94.6s
  GPU Memory: 0.23GB allocated, 2.01GB reserved
Epoch 158/300 | Train Loss: 0.0071 | Val Loss: 0.1057 | Val Gloss Acc: 0.974 | Val Cat Acc: 0.995 | Time: 94.8s
  GPU Memory: 0.23GB allocated, 2.01GB reserved
Epoch 159/300 | Train Loss: 0.0076 | Val Loss: 0.1126 | Val Gloss Acc: 0.971 | Val Cat Acc: 0.993 | Time: 94.5s
  GPU Memory: 0.23GB allocated, 2.01GB reserved
Epoch 160/300 | Train Loss: 0.0077 | Val Loss: 0.1196 | Val Gloss Acc: 0.969 | Val Cat Acc: 0.994 | Time: 92.8s
  GPU Memory: 0.23GB allocated, 2.01GB reserved
Epoch 161/300 | Train Loss: 0.0079 | Val Loss: 0.0972 | Val Gloss Acc: 0.973 | Val Cat Acc: 0.996 | Time: 92.7s
  GPU Memory: 0.24GB allocated, 2.01GB reserved
  ✓ New best validation loss: 0.0972
Epoch 162/300 | Train Loss: 0.0061 | Val Loss: 0.1027 | Val Gloss Acc: 0.976 | Val Cat Acc: 0.995 | Time: 93.2s
  GPU Memory: 0.24GB allocated, 2.01GB reserved
Epoch 163/300 | Train Loss: 0.0072 | Val Loss: 0.1037 | Val Gloss Acc: 0.973 | Val Cat Acc: 0.995 | Time: 94.1s
  GPU Memory: 0.23GB allocated, 2.01GB reserved
Epoch 164/300 | Train Loss: 0.0056 | Val Loss: 0.0978 | Val Gloss Acc: 0.977 | Val Cat Acc: 0.996 | Time: 93.6s
  GPU Memory: 0.23GB allocated, 2.01GB reserved
Epoch 165/300 | Train Loss: 0.0061 | Val Loss: 0.1014 | Val Gloss Acc: 0.974 | Val Cat Acc: 0.996 | Time: 94.5s
  GPU Memory: 0.23GB allocated, 2.01GB reserved
Epoch 166/300 | Train Loss: 0.0069 | Val Loss: 0.1077 | Val Gloss Acc: 0.972 | Val Cat Acc: 0.995 | Time: 92.4s
  GPU Memory: 0.29GB allocated, 2.17GB reserved
Epoch 167/300 | Train Loss: 0.0070 | Val Loss: 0.1100 | Val Gloss Acc: 0.975 | Val Cat Acc: 0.994 | Time: 92.3s
  GPU Memory: 0.23GB allocated, 2.01GB reserved
Epoch 168/300 | Train Loss: 0.0061 | Val Loss: 0.1043 | Val Gloss Acc: 0.972 | Val Cat Acc: 0.992 | Time: 94.9s
  GPU Memory: 0.23GB allocated, 2.01GB reserved
Epoch 169/300 | Train Loss: 0.0076 | Val Loss: 0.1073 | Val Gloss Acc: 0.974 | Val Cat Acc: 0.995 | Time: 96.5s
  GPU Memory: 0.23GB allocated, 2.01GB reserved
Epoch 170/300 | Train Loss: 0.0074 | Val Loss: 0.1080 | Val Gloss Acc: 0.971 | Val Cat Acc: 0.993 | Time: 95.0s
  GPU Memory: 0.24GB allocated, 2.01GB reserved
Epoch 171/300 | Train Loss: 0.0085 | Val Loss: 0.1153 | Val Gloss Acc: 0.971 | Val Cat Acc: 0.995 | Time: 95.7s
  GPU Memory: 0.23GB allocated, 2.01GB reserved
Epoch 172/300 | Train Loss: 0.0098 | Val Loss: 0.1364 | Val Gloss Acc: 0.969 | Val Cat Acc: 0.992 | Time: 94.1s
  GPU Memory: 0.23GB allocated, 2.01GB reserved
Epoch 173/300 | Train Loss: 0.0077 | Val Loss: 0.1117 | Val Gloss Acc: 0.970 | Val Cat Acc: 0.995 | Time: 94.5s
  GPU Memory: 0.23GB allocated, 2.01GB reserved
Epoch 174/300 | Train Loss: 0.0074 | Val Loss: 0.1236 | Val Gloss Acc: 0.972 | Val Cat Acc: 0.996 | Time: 90.8s
  GPU Memory: 0.23GB allocated, 2.01GB reserved
Epoch 175/300 | Train Loss: 0.0075 | Val Loss: 0.1179 | Val Gloss Acc: 0.971 | Val Cat Acc: 0.991 | Time: 59.8s
  GPU Memory: 0.23GB allocated, 2.01GB reserved
Epoch 176/300 | Train Loss: 0.0078 | Val Loss: 0.1099 | Val Gloss Acc: 0.972 | Val Cat Acc: 0.995 | Time: 60.2s
  GPU Memory: 0.23GB allocated, 2.01GB reserved
Epoch 177/300 | Train Loss: 0.0074 | Val Loss: 0.1114 | Val Gloss Acc: 0.973 | Val Cat Acc: 0.993 | Time: 59.7s
  GPU Memory: 0.22GB allocated, 2.01GB reserved
Epoch 178/300 | Train Loss: 0.0081 | Val Loss: 0.1244 | Val Gloss Acc: 0.970 | Val Cat Acc: 0.994 | Time: 60.4s
  GPU Memory: 0.23GB allocated, 2.01GB reserved
Epoch 179/300 | Train Loss: 0.0097 | Val Loss: 0.1223 | Val Gloss Acc: 0.969 | Val Cat Acc: 0.994 | Time: 59.7s
  GPU Memory: 0.23GB allocated, 2.01GB reserved
Epoch 180/300 | Train Loss: 0.0084 | Val Loss: 0.1250 | Val Gloss Acc: 0.972 | Val Cat Acc: 0.996 | Time: 59.9s
  GPU Memory: 0.23GB allocated, 2.01GB reserved
Epoch 181/300 | Train Loss: 0.0089 | Val Loss: 0.1233 | Val Gloss Acc: 0.969 | Val Cat Acc: 0.992 | Time: 60.4s
  GPU Memory: 0.23GB allocated, 2.01GB reserved
Epoch 182/300 | Train Loss: 0.0078 | Val Loss: 0.1110 | Val Gloss Acc: 0.972 | Val Cat Acc: 0.995 | Time: 59.7s
  GPU Memory: 0.23GB allocated, 2.01GB reserved
Epoch 183/300 | Train Loss: 0.0106 | Val Loss: 0.1181 | Val Gloss Acc: 0.971 | Val Cat Acc: 0.992 | Time: 59.9s
  GPU Memory: 0.23GB allocated, 2.01GB reserved
Epoch 184/300 | Train Loss: 0.0100 | Val Loss: 0.1172 | Val Gloss Acc: 0.972 | Val Cat Acc: 0.996 | Time: 61.7s
  GPU Memory: 0.23GB allocated, 2.01GB reserved
Epoch 185/300 | Train Loss: 0.0084 | Val Loss: 0.1251 | Val Gloss Acc: 0.970 | Val Cat Acc: 0.995 | Time: 99.5s
  GPU Memory: 0.23GB allocated, 2.01GB reserved
Epoch 186/300 | Train Loss: 0.0087 | Val Loss: 0.1002 | Val Gloss Acc: 0.974 | Val Cat Acc: 0.994 | Time: 94.9s
  GPU Memory: 0.23GB allocated, 2.01GB reserved
Epoch 187/300 | Train Loss: 0.0070 | Val Loss: 0.1094 | Val Gloss Acc: 0.971 | Val Cat Acc: 0.995 | Time: 95.0s
  GPU Memory: 0.23GB allocated, 2.01GB reserved
Epoch 188/300 | Train Loss: 0.0088 | Val Loss: 0.1212 | Val Gloss Acc: 0.971 | Val Cat Acc: 0.995 | Time: 94.7s
  GPU Memory: 0.23GB allocated, 2.01GB reserved
Epoch 189/300 | Train Loss: 0.0074 | Val Loss: 0.1111 | Val Gloss Acc: 0.973 | Val Cat Acc: 0.995 | Time: 95.4s
  GPU Memory: 0.24GB allocated, 2.01GB reserved
Epoch 190/300 | Train Loss: 0.0078 | Val Loss: 0.0988 | Val Gloss Acc: 0.974 | Val Cat Acc: 0.995 | Time: 92.5s
  GPU Memory: 0.25GB allocated, 2.01GB reserved
Epoch 191/300 | Train Loss: 0.0071 | Val Loss: 0.1095 | Val Gloss Acc: 0.973 | Val Cat Acc: 0.994 | Time: 95.8s
  GPU Memory: 0.29GB allocated, 2.17GB reserved
Epoch 192/300 | Train Loss: 0.0070 | Val Loss: 0.1071 | Val Gloss Acc: 0.974 | Val Cat Acc: 0.995 | Time: 94.9s
  GPU Memory: 0.24GB allocated, 2.01GB reserved
Epoch 193/300 | Train Loss: 0.0057 | Val Loss: 0.1073 | Val Gloss Acc: 0.975 | Val Cat Acc: 0.995 | Time: 90.7s
  GPU Memory: 0.24GB allocated, 2.01GB reserved
Epoch 194/300 | Train Loss: 0.0043 | Val Loss: 0.0987 | Val Gloss Acc: 0.973 | Val Cat Acc: 0.995 | Time: 94.1s
  GPU Memory: 0.23GB allocated, 2.01GB reserved
Epoch 195/300 | Train Loss: 0.0048 | Val Loss: 0.0961 | Val Gloss Acc: 0.974 | Val Cat Acc: 0.996 | Time: 94.8s
  GPU Memory: 0.22GB allocated, 2.01GB reserved
  ✓ New best validation loss: 0.0961
Epoch 196/300 | Train Loss: 0.0054 | Val Loss: 0.1118 | Val Gloss Acc: 0.973 | Val Cat Acc: 0.995 | Time: 93.2s
  GPU Memory: 0.23GB allocated, 2.01GB reserved
Epoch 197/300 | Train Loss: 0.0048 | Val Loss: 0.0989 | Val Gloss Acc: 0.976 | Val Cat Acc: 0.995 | Time: 95.8s
  GPU Memory: 0.23GB allocated, 2.01GB reserved
Epoch 198/300 | Train Loss: 0.0048 | Val Loss: 0.0982 | Val Gloss Acc: 0.974 | Val Cat Acc: 0.996 | Time: 93.8s
  GPU Memory: 0.23GB allocated, 2.01GB reserved
Epoch 199/300 | Train Loss: 0.0044 | Val Loss: 0.0989 | Val Gloss Acc: 0.975 | Val Cat Acc: 0.995 | Time: 95.6s
  GPU Memory: 0.24GB allocated, 2.01GB reserved
Epoch 200/300 | Train Loss: 0.0046 | Val Loss: 0.1004 | Val Gloss Acc: 0.973 | Val Cat Acc: 0.995 | Time: 95.6s
  GPU Memory: 0.23GB allocated, 2.01GB reserved
Epoch 201/300 | Train Loss: 0.0044 | Val Loss: 0.1078 | Val Gloss Acc: 0.972 | Val Cat Acc: 0.995 | Time: 92.8s
  GPU Memory: 0.22GB allocated, 2.01GB reserved
Epoch 202/300 | Train Loss: 0.0044 | Val Loss: 0.1020 | Val Gloss Acc: 0.973 | Val Cat Acc: 0.993 | Time: 96.5s
  GPU Memory: 0.23GB allocated, 2.01GB reserved
Epoch 203/300 | Train Loss: 0.0046 | Val Loss: 0.1069 | Val Gloss Acc: 0.974 | Val Cat Acc: 0.995 | Time: 95.8s
  GPU Memory: 0.24GB allocated, 2.01GB reserved
Epoch 204/300 | Train Loss: 0.0042 | Val Loss: 0.1045 | Val Gloss Acc: 0.973 | Val Cat Acc: 0.995 | Time: 90.6s
  GPU Memory: 0.25GB allocated, 2.01GB reserved
Epoch 205/300 | Train Loss: 0.0058 | Val Loss: 0.1029 | Val Gloss Acc: 0.973 | Val Cat Acc: 0.995 | Time: 95.8s
  GPU Memory: 0.23GB allocated, 2.01GB reserved
Epoch 206/300 | Train Loss: 0.0050 | Val Loss: 0.1003 | Val Gloss Acc: 0.973 | Val Cat Acc: 0.995 | Time: 94.7s
  GPU Memory: 0.24GB allocated, 2.01GB reserved
Epoch 207/300 | Train Loss: 0.0061 | Val Loss: 0.1100 | Val Gloss Acc: 0.973 | Val Cat Acc: 0.994 | Time: 93.0s
  GPU Memory: 0.24GB allocated, 2.01GB reserved
Epoch 208/300 | Train Loss: 0.0046 | Val Loss: 0.1107 | Val Gloss Acc: 0.971 | Val Cat Acc: 0.995 | Time: 95.6s
  GPU Memory: 0.23GB allocated, 2.01GB reserved
Epoch 209/300 | Train Loss: 0.0060 | Val Loss: 0.0951 | Val Gloss Acc: 0.974 | Val Cat Acc: 0.995 | Time: 90.5s
  GPU Memory: 0.23GB allocated, 2.01GB reserved
  ✓ New best validation loss: 0.0951
Epoch 210/300 | Train Loss: 0.0050 | Val Loss: 0.1010 | Val Gloss Acc: 0.973 | Val Cat Acc: 0.995 | Time: 95.3s
  GPU Memory: 0.23GB allocated, 2.01GB reserved
Epoch 211/300 | Train Loss: 0.0050 | Val Loss: 0.1010 | Val Gloss Acc: 0.972 | Val Cat Acc: 0.996 | Time: 94.4s
  GPU Memory: 0.23GB allocated, 2.01GB reserved
Epoch 212/300 | Train Loss: 0.0055 | Val Loss: 0.1103 | Val Gloss Acc: 0.974 | Val Cat Acc: 0.995 | Time: 87.2s
  GPU Memory: 0.23GB allocated, 2.01GB reserved
Epoch 213/300 | Train Loss: 0.0056 | Val Loss: 0.1019 | Val Gloss Acc: 0.974 | Val Cat Acc: 0.995 | Time: 94.2s
  GPU Memory: 0.24GB allocated, 2.01GB reserved
Epoch 214/300 | Train Loss: 0.0055 | Val Loss: 0.1082 | Val Gloss Acc: 0.972 | Val Cat Acc: 0.994 | Time: 94.4s
  GPU Memory: 0.23GB allocated, 2.01GB reserved
Epoch 215/300 | Train Loss: 0.0057 | Val Loss: 0.1014 | Val Gloss Acc: 0.974 | Val Cat Acc: 0.996 | Time: 88.3s
  GPU Memory: 0.23GB allocated, 2.01GB reserved
Epoch 216/300 | Train Loss: 0.0053 | Val Loss: 0.1054 | Val Gloss Acc: 0.973 | Val Cat Acc: 0.996 | Time: 95.8s
  GPU Memory: 0.23GB allocated, 2.01GB reserved
Epoch 217/300 | Train Loss: 0.0051 | Val Loss: 0.1055 | Val Gloss Acc: 0.973 | Val Cat Acc: 0.995 | Time: 98.6s
  GPU Memory: 0.24GB allocated, 2.01GB reserved
Epoch 218/300 | Train Loss: 0.0061 | Val Loss: 0.1065 | Val Gloss Acc: 0.973 | Val Cat Acc: 0.995 | Time: 92.2s
  GPU Memory: 0.24GB allocated, 2.01GB reserved
Epoch 219/300 | Train Loss: 0.0059 | Val Loss: 0.1002 | Val Gloss Acc: 0.974 | Val Cat Acc: 0.993 | Time: 98.0s
  GPU Memory: 0.23GB allocated, 2.17GB reserved
Epoch 220/300 | Train Loss: 0.0047 | Val Loss: 0.1015 | Val Gloss Acc: 0.974 | Val Cat Acc: 0.995 | Time: 97.0s
  GPU Memory: 0.23GB allocated, 2.01GB reserved
Epoch 221/300 | Train Loss: 0.0051 | Val Loss: 0.0963 | Val Gloss Acc: 0.974 | Val Cat Acc: 0.995 | Time: 94.4s
  GPU Memory: 0.24GB allocated, 2.01GB reserved
Epoch 222/300 | Train Loss: 0.0051 | Val Loss: 0.1005 | Val Gloss Acc: 0.974 | Val Cat Acc: 0.992 | Time: 96.2s
  GPU Memory: 0.23GB allocated, 2.01GB reserved
Epoch 223/300 | Train Loss: 0.0057 | Val Loss: 0.1030 | Val Gloss Acc: 0.973 | Val Cat Acc: 0.996 | Time: 90.7s
  GPU Memory: 0.23GB allocated, 2.01GB reserved
Epoch 224/300 | Train Loss: 0.0069 | Val Loss: 0.1017 | Val Gloss Acc: 0.974 | Val Cat Acc: 0.995 | Time: 95.8s
  GPU Memory: 0.23GB allocated, 2.01GB reserved
Epoch 225/300 | Train Loss: 0.0071 | Val Loss: 0.1093 | Val Gloss Acc: 0.972 | Val Cat Acc: 0.994 | Time: 97.0s
  GPU Memory: 0.23GB allocated, 2.01GB reserved
Epoch 226/300 | Train Loss: 0.0053 | Val Loss: 0.1036 | Val Gloss Acc: 0.973 | Val Cat Acc: 0.996 | Time: 93.8s
  GPU Memory: 0.23GB allocated, 2.01GB reserved
Epoch 227/300 | Train Loss: 0.0049 | Val Loss: 0.1021 | Val Gloss Acc: 0.973 | Val Cat Acc: 0.995 | Time: 95.1s
  GPU Memory: 0.23GB allocated, 2.01GB reserved
Epoch 228/300 | Train Loss: 0.0050 | Val Loss: 0.1078 | Val Gloss Acc: 0.974 | Val Cat Acc: 0.996 | Time: 96.8s
  GPU Memory: 0.23GB allocated, 2.01GB reserved
Epoch 229/300 | Train Loss: 0.0046 | Val Loss: 0.1028 | Val Gloss Acc: 0.972 | Val Cat Acc: 0.996 | Time: 87.2s
  GPU Memory: 0.24GB allocated, 2.01GB reserved
Epoch 230/300 | Train Loss: 0.0066 | Val Loss: 0.1031 | Val Gloss Acc: 0.973 | Val Cat Acc: 0.996 | Time: 95.3s
  GPU Memory: 0.23GB allocated, 2.01GB reserved
Epoch 231/300 | Train Loss: 0.0056 | Val Loss: 0.1043 | Val Gloss Acc: 0.973 | Val Cat Acc: 0.996 | Time: 95.4s
  GPU Memory: 0.23GB allocated, 2.01GB reserved
Epoch 232/300 | Train Loss: 0.0056 | Val Loss: 0.1070 | Val Gloss Acc: 0.974 | Val Cat Acc: 0.995 | Time: 94.7s
  GPU Memory: 0.23GB allocated, 2.01GB reserved
Epoch 233/300 | Train Loss: 0.0057 | Val Loss: 0.1004 | Val Gloss Acc: 0.975 | Val Cat Acc: 0.996 | Time: 93.9s
  GPU Memory: 0.23GB allocated, 2.01GB reserved
Epoch 234/300 | Train Loss: 0.0048 | Val Loss: 0.0972 | Val Gloss Acc: 0.975 | Val Cat Acc: 0.995 | Time: 94.1s
  GPU Memory: 0.24GB allocated, 2.01GB reserved
Epoch 235/300 | Train Loss: 0.0056 | Val Loss: 0.0972 | Val Gloss Acc: 0.974 | Val Cat Acc: 0.996 | Time: 95.3s
  GPU Memory: 0.23GB allocated, 2.01GB reserved
Epoch 236/300 | Train Loss: 0.0050 | Val Loss: 0.1011 | Val Gloss Acc: 0.977 | Val Cat Acc: 0.997 | Time: 94.8s
  GPU Memory: 0.23GB allocated, 2.01GB reserved
Epoch 237/300 | Train Loss: 0.0052 | Val Loss: 0.1077 | Val Gloss Acc: 0.973 | Val Cat Acc: 0.996 | Time: 94.1s
  GPU Memory: 0.23GB allocated, 2.01GB reserved
Epoch 238/300 | Train Loss: 0.0053 | Val Loss: 0.1023 | Val Gloss Acc: 0.974 | Val Cat Acc: 0.995 | Time: 94.4s
  GPU Memory: 0.24GB allocated, 2.01GB reserved
Epoch 239/300 | Train Loss: 0.0053 | Val Loss: 0.1010 | Val Gloss Acc: 0.974 | Val Cat Acc: 0.996 | Time: 94.8s
  GPU Memory: 0.23GB allocated, 2.01GB reserved
Epoch 240/300 | Train Loss: 0.0061 | Val Loss: 0.1044 | Val Gloss Acc: 0.974 | Val Cat Acc: 0.995 | Time: 93.9s
  GPU Memory: 0.23GB allocated, 2.01GB reserved
Epoch 241/300 | Train Loss: 0.0054 | Val Loss: 0.0959 | Val Gloss Acc: 0.974 | Val Cat Acc: 0.995 | Time: 93.7s
  GPU Memory: 0.23GB allocated, 2.01GB reserved
Epoch 242/300 | Train Loss: 0.0048 | Val Loss: 0.0945 | Val Gloss Acc: 0.976 | Val Cat Acc: 0.996 | Time: 88.5s
  GPU Memory: 0.23GB allocated, 2.01GB reserved
  ✓ New best validation loss: 0.0945
Epoch 243/300 | Train Loss: 0.0047 | Val Loss: 0.0940 | Val Gloss Acc: 0.975 | Val Cat Acc: 0.996 | Time: 96.7s
  GPU Memory: 0.24GB allocated, 2.01GB reserved
  ✓ New best validation loss: 0.0940
Epoch 244/300 | Train Loss: 0.0049 | Val Loss: 0.0972 | Val Gloss Acc: 0.976 | Val Cat Acc: 0.996 | Time: 95.7s
  GPU Memory: 0.24GB allocated, 2.01GB reserved
Epoch 245/300 | Train Loss: 0.0050 | Val Loss: 0.1049 | Val Gloss Acc: 0.974 | Val Cat Acc: 0.995 | Time: 89.2s
  GPU Memory: 0.23GB allocated, 2.01GB reserved
Epoch 246/300 | Train Loss: 0.0047 | Val Loss: 0.0974 | Val Gloss Acc: 0.974 | Val Cat Acc: 0.995 | Time: 95.0s
  GPU Memory: 0.23GB allocated, 2.01GB reserved
Epoch 247/300 | Train Loss: 0.0043 | Val Loss: 0.0952 | Val Gloss Acc: 0.976 | Val Cat Acc: 0.995 | Time: 95.4s
  GPU Memory: 0.23GB allocated, 2.01GB reserved
Epoch 248/300 | Train Loss: 0.0045 | Val Loss: 0.0994 | Val Gloss Acc: 0.974 | Val Cat Acc: 0.996 | Time: 91.9s
  GPU Memory: 0.23GB allocated, 2.01GB reserved
Epoch 249/300 | Train Loss: 0.0049 | Val Loss: 0.0997 | Val Gloss Acc: 0.974 | Val Cat Acc: 0.996 | Time: 94.9s
  GPU Memory: 0.23GB allocated, 2.01GB reserved
Epoch 250/300 | Train Loss: 0.0047 | Val Loss: 0.0996 | Val Gloss Acc: 0.975 | Val Cat Acc: 0.995 | Time: 95.1s
  GPU Memory: 0.24GB allocated, 2.01GB reserved
Epoch 251/300 | Train Loss: 0.0048 | Val Loss: 0.0971 | Val Gloss Acc: 0.975 | Val Cat Acc: 0.995 | Time: 93.8s
  GPU Memory: 0.23GB allocated, 2.01GB reserved
Epoch 252/300 | Train Loss: 0.0046 | Val Loss: 0.0998 | Val Gloss Acc: 0.972 | Val Cat Acc: 0.996 | Time: 95.4s
  GPU Memory: 0.23GB allocated, 2.01GB reserved
Epoch 253/300 | Train Loss: 0.0043 | Val Loss: 0.1006 | Val Gloss Acc: 0.976 | Val Cat Acc: 0.995 | Time: 88.0s
  GPU Memory: 0.23GB allocated, 2.01GB reserved
Epoch 254/300 | Train Loss: 0.0041 | Val Loss: 0.1003 | Val Gloss Acc: 0.976 | Val Cat Acc: 0.993 | Time: 95.5s
  GPU Memory: 0.23GB allocated, 2.01GB reserved
Epoch 255/300 | Train Loss: 0.0043 | Val Loss: 0.0914 | Val Gloss Acc: 0.975 | Val Cat Acc: 0.996 | Time: 97.8s
  GPU Memory: 0.23GB allocated, 2.01GB reserved
  ✓ New best validation loss: 0.0914
Epoch 256/300 | Train Loss: 0.0041 | Val Loss: 0.0984 | Val Gloss Acc: 0.973 | Val Cat Acc: 0.995 | Time: 90.7s
  GPU Memory: 0.24GB allocated, 2.01GB reserved
Epoch 257/300 | Train Loss: 0.0046 | Val Loss: 0.0993 | Val Gloss Acc: 0.974 | Val Cat Acc: 0.995 | Time: 95.2s
  GPU Memory: 0.23GB allocated, 2.01GB reserved
Epoch 258/300 | Train Loss: 0.0046 | Val Loss: 0.0974 | Val Gloss Acc: 0.974 | Val Cat Acc: 0.996 | Time: 94.6s
  GPU Memory: 0.23GB allocated, 2.01GB reserved
Epoch 259/300 | Train Loss: 0.0052 | Val Loss: 0.0894 | Val Gloss Acc: 0.976 | Val Cat Acc: 0.996 | Time: 89.5s
  GPU Memory: 0.23GB allocated, 2.01GB reserved
  ✓ New best validation loss: 0.0894
Epoch 260/300 | Train Loss: 0.0051 | Val Loss: 0.0976 | Val Gloss Acc: 0.976 | Val Cat Acc: 0.996 | Time: 95.8s
  GPU Memory: 0.26GB allocated, 2.01GB reserved
Epoch 261/300 | Train Loss: 0.0048 | Val Loss: 0.0977 | Val Gloss Acc: 0.975 | Val Cat Acc: 0.996 | Time: 95.1s
  GPU Memory: 0.24GB allocated, 2.01GB reserved
Epoch 262/300 | Train Loss: 0.0056 | Val Loss: 0.1002 | Val Gloss Acc: 0.974 | Val Cat Acc: 0.995 | Time: 95.9s
  GPU Memory: 0.23GB allocated, 2.01GB reserved
Epoch 263/300 | Train Loss: 0.0045 | Val Loss: 0.0954 | Val Gloss Acc: 0.975 | Val Cat Acc: 0.996 | Time: 95.8s
  GPU Memory: 0.23GB allocated, 2.01GB reserved
Epoch 264/300 | Train Loss: 0.0054 | Val Loss: 0.0995 | Val Gloss Acc: 0.975 | Val Cat Acc: 0.995 | Time: 89.7s
  GPU Memory: 0.23GB allocated, 2.01GB reserved
Epoch 265/300 | Train Loss: 0.0052 | Val Loss: 0.0916 | Val Gloss Acc: 0.976 | Val Cat Acc: 0.996 | Time: 95.0s
  GPU Memory: 0.23GB allocated, 2.01GB reserved
Epoch 266/300 | Train Loss: 0.0045 | Val Loss: 0.1049 | Val Gloss Acc: 0.973 | Val Cat Acc: 0.995 | Time: 95.5s
  GPU Memory: 0.23GB allocated, 2.01GB reserved
Epoch 267/300 | Train Loss: 0.0049 | Val Loss: 0.0997 | Val Gloss Acc: 0.975 | Val Cat Acc: 0.996 | Time: 90.4s
  GPU Memory: 0.23GB allocated, 2.01GB reserved
Epoch 268/300 | Train Loss: 0.0046 | Val Loss: 0.0999 | Val Gloss Acc: 0.974 | Val Cat Acc: 0.996 | Time: 94.8s
  GPU Memory: 0.23GB allocated, 2.01GB reserved
Epoch 269/300 | Train Loss: 0.0044 | Val Loss: 0.0945 | Val Gloss Acc: 0.975 | Val Cat Acc: 0.996 | Time: 95.0s
  GPU Memory: 0.23GB allocated, 2.01GB reserved
Epoch 270/300 | Train Loss: 0.0044 | Val Loss: 0.0989 | Val Gloss Acc: 0.973 | Val Cat Acc: 0.995 | Time: 89.3s
  GPU Memory: 0.23GB allocated, 2.01GB reserved
Epoch 271/300 | Train Loss: 0.0044 | Val Loss: 0.0912 | Val Gloss Acc: 0.973 | Val Cat Acc: 0.996 | Time: 95.1s
  GPU Memory: 0.23GB allocated, 2.01GB reserved
Epoch 272/300 | Train Loss: 0.0045 | Val Loss: 0.0945 | Val Gloss Acc: 0.976 | Val Cat Acc: 0.995 | Time: 93.6s
  GPU Memory: 0.24GB allocated, 2.01GB reserved
Epoch 273/300 | Train Loss: 0.0046 | Val Loss: 0.1051 | Val Gloss Acc: 0.973 | Val Cat Acc: 0.995 | Time: 94.6s
  GPU Memory: 0.23GB allocated, 2.01GB reserved
Epoch 274/300 | Train Loss: 0.0051 | Val Loss: 0.1028 | Val Gloss Acc: 0.974 | Val Cat Acc: 0.996 | Time: 95.4s
  GPU Memory: 0.24GB allocated, 2.01GB reserved
Epoch 275/300 | Train Loss: 0.0046 | Val Loss: 0.0993 | Val Gloss Acc: 0.976 | Val Cat Acc: 0.994 | Time: 88.9s
  GPU Memory: 0.23GB allocated, 2.01GB reserved
Epoch 276/300 | Train Loss: 0.0042 | Val Loss: 0.0993 | Val Gloss Acc: 0.973 | Val Cat Acc: 0.996 | Time: 95.9s
  GPU Memory: 0.23GB allocated, 2.01GB reserved
Epoch 277/300 | Train Loss: 0.0046 | Val Loss: 0.1026 | Val Gloss Acc: 0.973 | Val Cat Acc: 0.996 | Time: 95.5s
  GPU Memory: 0.23GB allocated, 2.01GB reserved
Epoch 278/300 | Train Loss: 0.0048 | Val Loss: 0.1017 | Val Gloss Acc: 0.973 | Val Cat Acc: 0.996 | Time: 88.2s
  GPU Memory: 0.23GB allocated, 2.01GB reserved
Epoch 279/300 | Train Loss: 0.0044 | Val Loss: 0.1031 | Val Gloss Acc: 0.975 | Val Cat Acc: 0.995 | Time: 94.1s
  GPU Memory: 0.23GB allocated, 2.01GB reserved
Epoch 280/300 | Train Loss: 0.0055 | Val Loss: 0.1006 | Val Gloss Acc: 0.973 | Val Cat Acc: 0.995 | Time: 95.1s
  GPU Memory: 0.23GB allocated, 2.01GB reserved
Epoch 281/300 | Train Loss: 0.0046 | Val Loss: 0.0975 | Val Gloss Acc: 0.973 | Val Cat Acc: 0.997 | Time: 88.8s
  GPU Memory: 0.23GB allocated, 2.01GB reserved
Epoch 282/300 | Train Loss: 0.0041 | Val Loss: 0.0975 | Val Gloss Acc: 0.974 | Val Cat Acc: 0.996 | Time: 95.3s
  GPU Memory: 0.24GB allocated, 2.01GB reserved
Epoch 283/300 | Train Loss: 0.0042 | Val Loss: 0.0979 | Val Gloss Acc: 0.974 | Val Cat Acc: 0.996 | Time: 95.2s
  GPU Memory: 0.23GB allocated, 2.01GB reserved
Epoch 284/300 | Train Loss: 0.0046 | Val Loss: 0.0943 | Val Gloss Acc: 0.974 | Val Cat Acc: 0.996 | Time: 92.2s
  GPU Memory: 0.23GB allocated, 2.01GB reserved
Epoch 285/300 | Train Loss: 0.0051 | Val Loss: 0.0992 | Val Gloss Acc: 0.974 | Val Cat Acc: 0.996 | Time: 94.1s
  GPU Memory: 0.23GB allocated, 2.01GB reserved
Epoch 286/300 | Train Loss: 0.0048 | Val Loss: 0.0976 | Val Gloss Acc: 0.974 | Val Cat Acc: 0.996 | Time: 90.8s
  GPU Memory: 0.23GB allocated, 2.01GB reserved
Epoch 287/300 | Train Loss: 0.0046 | Val Loss: 0.1022 | Val Gloss Acc: 0.973 | Val Cat Acc: 0.996 | Time: 95.1s
  GPU Memory: 0.23GB allocated, 2.01GB reserved
Epoch 288/300 | Train Loss: 0.0043 | Val Loss: 0.0978 | Val Gloss Acc: 0.976 | Val Cat Acc: 0.995 | Time: 96.8s
  GPU Memory: 0.23GB allocated, 2.01GB reserved
Epoch 289/300 | Train Loss: 0.0054 | Val Loss: 0.0931 | Val Gloss Acc: 0.977 | Val Cat Acc: 0.996 | Time: 88.3s
  GPU Memory: 0.23GB allocated, 2.01GB reserved
Epoch 290/300 | Train Loss: 0.0052 | Val Loss: 0.1059 | Val Gloss Acc: 0.971 | Val Cat Acc: 0.996 | Time: 94.4s
  GPU Memory: 0.23GB allocated, 2.01GB reserved
Epoch 291/300 | Train Loss: 0.0047 | Val Loss: 0.0942 | Val Gloss Acc: 0.976 | Val Cat Acc: 0.995 | Time: 96.3s
  GPU Memory: 0.22GB allocated, 2.01GB reserved
Epoch 292/300 | Train Loss: 0.0049 | Val Loss: 0.0992 | Val Gloss Acc: 0.976 | Val Cat Acc: 0.995 | Time: 88.2s
  GPU Memory: 0.23GB allocated, 2.01GB reserved
Epoch 293/300 | Train Loss: 0.0043 | Val Loss: 0.0924 | Val Gloss Acc: 0.976 | Val Cat Acc: 0.996 | Time: 95.8s
  GPU Memory: 0.23GB allocated, 2.01GB reserved
Epoch 294/300 | Train Loss: 0.0042 | Val Loss: 0.0976 | Val Gloss Acc: 0.975 | Val Cat Acc: 0.996 | Time: 94.2s
  GPU Memory: 0.24GB allocated, 2.01GB reserved
Epoch 295/300 | Train Loss: 0.0045 | Val Loss: 0.0955 | Val Gloss Acc: 0.976 | Val Cat Acc: 0.996 | Time: 93.6s
  GPU Memory: 0.23GB allocated, 2.01GB reserved
Epoch 296/300 | Train Loss: 0.0045 | Val Loss: 0.1014 | Val Gloss Acc: 0.974 | Val Cat Acc: 0.995 | Time: 94.1s
  GPU Memory: 0.23GB allocated, 2.01GB reserved
Epoch 297/300 | Train Loss: 0.0045 | Val Loss: 0.0931 | Val Gloss Acc: 0.974 | Val Cat Acc: 0.996 | Time: 90.4s
  GPU Memory: 0.23GB allocated, 2.01GB reserved
Epoch 298/300 | Train Loss: 0.0045 | Val Loss: 0.0976 | Val Gloss Acc: 0.974 | Val Cat Acc: 0.996 | Time: 94.8s
  GPU Memory: 0.23GB allocated, 2.01GB reserved
Epoch 299/300 | Train Loss: 0.0041 | Val Loss: 0.0978 | Val Gloss Acc: 0.974 | Val Cat Acc: 0.996 | Time: 95.4s
  GPU Memory: 0.23GB allocated, 2.01GB reserved
Epoch 300/300 | Train Loss: 0.0042 | Val Loss: 0.0926 | Val Gloss Acc: 0.975 | Val Cat Acc: 0.995 | Time: 89.4s
  GPU Memory: 0.23GB allocated, 2.01GB reserved

================================================================================
CTC TRAINING COMPLETED!
Best validation loss: 0.0894
Checkpoints saved to: trained_models/iv3_gru/FSL105_ctc
================================================================================


============================================================
Training completed - 2025-11-01 12:42:20
Log saved to: trained_models/iv3_gru/FSL105_ctc/training_20251101_045148.log
============================================================
