============================================================
TRAINING LOG - 2025-11-10 10:29:17
============================================================
Console output will be saved to: trained_models/iv3_gru/FSL105_ctc_v6/training_20251110_102917.log
Metrics CSV will be saved to: trained_models/iv3_gru/FSL105_ctc_v6/training_20251110_102917_metrics.csv

Using device: cuda
CUDA device: NVIDIA GeForce RTX 5070 Ti
CUDA memory: 16.6 GB
CUDA compute capability: 12.0
CUDA multiprocessors: 70
CUDA memory allocated: 0.00 GB
CUDA memory cached: 0.00 GB

============================================================
DATA LOADING
============================================================
✓ Loaded data successfully
  - Dataset type: IV3-GRU Features
  - Training folder: data/processed/FSL105_train
  - Validation folder: data/processed/FSL105_val
  - Feature key: X2048
  - Gloss classes: 105
  - Category classes: 10

============================================================
DATASET PREPARATION
============================================================
✓ CTC Mode: blank_id=105, num_ctc_classes=106
✓ Created datasets and data loaders
  - Batch size: 128
  - Training batches: 80
  - Validation batches: 20
  - Data augmentation: Enabled (noise_std=0.0038, mask_prob=0.085)
  - Training dataset size: 10184 samples
  - Validation dataset size: 2545 samples
  - Data format: [T, 2048] features

============================================================
MODEL SELECTION
============================================================
Available models:
Classification models (isolated signs):
  - transformer: Multi-head attention transformer (keypoints)
  - mediapipe_gru: Lightweight GRU (keypoints, mobile-friendly)
  - iv3_gru: InceptionV3 + GRU hybrid (features, offline baseline)
CTC models (continuous recognition):
  - transformer_ctc: Transformer with CTC (keypoints)
  - mediapipe_gru_ctc: Lightweight GRU with CTC (keypoints)
  - iv3_gru_ctc: InceptionV3 + GRU with CTC (features, offline baseline)
✓ Using InceptionV3GRUCtc model (num_ctc_classes=106)

================================================================================
COMPREHENSIVE TRAINING CONFIGURATION
================================================================================
Session Information:
  - Start time: 2025-11-10 10:29:18
  - Working directory: /workspace/fslr-transformer-vs-iv3gru
  - Command: /workspace/fslr-transformer-vs-iv3gru/training/train.py --model iv3_gru_ctc --training-mode ctc --epochs 30 --batch-size 128 --lr 0.0007 --num-gloss 105 --num-cat 10 --alpha 0.8 --beta 0.2 --num-ctc-classes 106 --ctc-blank-id 105 --features-train data/processed/FSL105_train --features-val data/processed/FSL105_val --labels-train-csv data/processed/FSL105_train.csv --labels-val-csv data/processed/FSL105_val.csv --feature-key X2048 --hidden1 42 --hidden2 34 --dropout 0.34 --no-freeze-backbone --amp --augment --augment-noise-std 0.0038 --augment-mask-prob 0.085 --augment-mask-ratio 0.085 --scheduler plateau --scheduler-patience 30 --early-stop 120 --weight-decay 0.00013 --label-smoothing 0.115 --grad-clip 1.0 --output-dir trained_models/iv3_gru/FSL105_ctc_v6

System Information:
  - Platform: Linux-6.8.0-52-generic-x86_64-with-glibc2.39
  - Python version: 3.12.11 | packaged by conda-forge | (main, Jun  4 2025, 14:45:31) [GCC 13.3.0]
  - PyTorch version: 2.9.0+cu128
  - CUDA version: 12.8
  - cuDNN version: 91002
  - NumPy version: 2.2.6

Core Training Parameters:
  - Model: iv3_gru_ctc
  - Epochs: 30
  - Batch size: 128
  - Learning rate: 0.0007
  - Weight decay: 0.00013
  - Gradient clipping: 1.0
  - Loss weights - Alpha: 0.8, Beta: 0.2

Curriculum Training: Disabled

Loss Weighting Parameters:
  - Strategy: static
  - Alpha: 0.8
  - Beta: 0.2

Data Configuration:
  - Gloss classes: 105
  - Category classes: 10
  - Data source: Real data files

Training Control:
  - Scheduler: plateau
  - Scheduler patience: 30
  - Early stopping: 120
  - Resume from: None

Performance Settings:
  - AMP (Mixed Precision): True
  - Model compilation: False
  - Gradient accumulation steps: 1
  - DataLoader workers: 0
  - Auto workers: False
  - Pin memory: False
  - Prefetch factor: None

Reproducibility:
  - Random seed: 42
  - Deterministic mode: False

Output Configuration:
  - Checkpoint directory: trained_models/iv3_gru/FSL105_ctc_v6
  - CSV log file: trained_models/iv3_gru/FSL105_ctc_v6/training_20251110_102917_metrics.csv

Model Information:
  - Model type: InceptionV3GRUCtc
  - Total parameters: 25,672,236
  - Trainable parameters: 25,672,236
  - Model size: 97.9 MB
================================================================================

============================================================
TRAINING START
============================================================
Training mode: CTC (Continuous Sign Language Recognition)

================================================================================
CTC TRAINING CONFIGURATION
================================================================================
Training Mode: Continuous Sign Language Recognition (CTC)
Model: InceptionV3GRUCtc
Blank Token ID: 105
Epochs: 30
Learning Rate: 0.0007
Batch Size: 128
Gradient Accumulation: 1
AMP Enabled: True
================================================================================

✓ Using CTCLoss (blank=105, zero_infinity=True)
✓ Optimizer: Adam (lr=0.0007, weight_decay=0.00013)
✓ AMP enabled: True
✓ Scheduler: ReduceLROnPlateau (patience=30)
✓ Logging metrics to: trained_models/iv3_gru/FSL105_ctc_v6/training_20251110_102917_metrics.csv

================================================================================
STARTING CTC TRAINING - 30 epochs
================================================================================

Epoch   1/30 | Train Loss: 108.1634 | Val Loss: 5.6947 | Val Gloss Acc: 0.000 | Val Cat Acc: 0.095 | Time: 62.2s
  GPU Memory: 0.22GB allocated, 1.96GB reserved
  ✓ New best validation loss: 5.6947
Epoch   2/30 | Train Loss: 5.0100 | Val Loss: 6.0668 | Val Gloss Acc: 0.000 | Val Cat Acc: 0.128 | Time: 61.9s
  GPU Memory: 0.23GB allocated, 1.95GB reserved
Epoch   3/30 | Train Loss: 4.9582 | Val Loss: 6.0384 | Val Gloss Acc: 0.000 | Val Cat Acc: 0.304 | Time: 62.8s
  GPU Memory: 0.22GB allocated, 1.93GB reserved
Epoch   4/30 | Train Loss: 4.5958 | Val Loss: 5.1352 | Val Gloss Acc: 0.000 | Val Cat Acc: 0.484 | Time: 61.1s
  GPU Memory: 0.23GB allocated, 1.93GB reserved
  ✓ New best validation loss: 5.1352
Epoch   5/30 | Train Loss: 4.0727 | Val Loss: 5.2780 | Val Gloss Acc: 0.000 | Val Cat Acc: 0.573 | Time: 60.9s
  GPU Memory: 0.22GB allocated, 1.93GB reserved
Epoch   6/30 | Train Loss: 3.6628 | Val Loss: 4.5164 | Val Gloss Acc: 0.000 | Val Cat Acc: 0.655 | Time: 62.6s
  GPU Memory: 0.22GB allocated, 1.93GB reserved
  ✓ New best validation loss: 4.5164
Epoch   7/30 | Train Loss: 3.3130 | Val Loss: 4.1546 | Val Gloss Acc: 0.000 | Val Cat Acc: 0.716 | Time: 60.5s
  GPU Memory: 0.22GB allocated, 1.93GB reserved
  ✓ New best validation loss: 4.1546
Epoch   8/30 | Train Loss: 3.0490 | Val Loss: 4.1315 | Val Gloss Acc: 0.000 | Val Cat Acc: 0.762 | Time: 61.4s
  GPU Memory: 0.22GB allocated, 2.09GB reserved
  ✓ New best validation loss: 4.1315
Epoch   9/30 | Train Loss: 2.8270 | Val Loss: 3.5772 | Val Gloss Acc: 0.000 | Val Cat Acc: 0.805 | Time: 62.1s
  GPU Memory: 0.22GB allocated, 1.93GB reserved
  ✓ New best validation loss: 3.5772
Epoch  10/30 | Train Loss: 2.6308 | Val Loss: 3.4982 | Val Gloss Acc: 0.000 | Val Cat Acc: 0.813 | Time: 61.6s
  GPU Memory: 0.22GB allocated, 1.93GB reserved
  ✓ New best validation loss: 3.4982
Epoch  11/30 | Train Loss: 2.4531 | Val Loss: 3.3809 | Val Gloss Acc: 0.000 | Val Cat Acc: 0.839 | Time: 61.0s
  GPU Memory: 0.22GB allocated, 1.93GB reserved
  ✓ New best validation loss: 3.3809
Epoch  12/30 | Train Loss: 2.2887 | Val Loss: 3.0024 | Val Gloss Acc: 0.000 | Val Cat Acc: 0.887 | Time: 61.1s
  GPU Memory: 0.22GB allocated, 1.93GB reserved
  ✓ New best validation loss: 3.0024
Epoch  13/30 | Train Loss: 2.1422 | Val Loss: 2.9556 | Val Gloss Acc: 0.000 | Val Cat Acc: 0.881 | Time: 61.9s
  GPU Memory: 0.22GB allocated, 1.93GB reserved
  ✓ New best validation loss: 2.9556
Epoch  14/30 | Train Loss: 2.0208 | Val Loss: 3.0730 | Val Gloss Acc: 0.000 | Val Cat Acc: 0.908 | Time: 60.2s
  GPU Memory: 0.22GB allocated, 1.93GB reserved
Epoch  15/30 | Train Loss: 1.9317 | Val Loss: 2.7087 | Val Gloss Acc: 0.000 | Val Cat Acc: 0.902 | Time: 61.8s
  GPU Memory: 0.22GB allocated, 1.93GB reserved
  ✓ New best validation loss: 2.7087
Epoch  16/30 | Train Loss: 1.8267 | Val Loss: 2.4176 | Val Gloss Acc: 0.000 | Val Cat Acc: 0.927 | Time: 63.0s
  GPU Memory: 0.22GB allocated, 1.93GB reserved
  ✓ New best validation loss: 2.4176
Epoch  17/30 | Train Loss: 1.7481 | Val Loss: 2.4335 | Val Gloss Acc: 0.000 | Val Cat Acc: 0.922 | Time: 60.6s
  GPU Memory: 0.22GB allocated, 1.93GB reserved
Epoch  18/30 | Train Loss: 1.6791 | Val Loss: 2.2648 | Val Gloss Acc: 0.000 | Val Cat Acc: 0.929 | Time: 61.8s
  GPU Memory: 0.22GB allocated, 1.93GB reserved
  ✓ New best validation loss: 2.2648
Epoch  19/30 | Train Loss: 1.6285 | Val Loss: 2.7034 | Val Gloss Acc: 0.000 | Val Cat Acc: 0.932 | Time: 60.8s
  GPU Memory: 0.22GB allocated, 1.93GB reserved
Epoch  20/30 | Train Loss: 1.5769 | Val Loss: 2.3793 | Val Gloss Acc: 0.000 | Val Cat Acc: 0.941 | Time: 60.9s
  GPU Memory: 0.22GB allocated, 1.93GB reserved
Epoch  21/30 | Train Loss: 1.5272 | Val Loss: 1.8298 | Val Gloss Acc: 0.000 | Val Cat Acc: 0.950 | Time: 61.7s
  GPU Memory: 0.22GB allocated, 1.93GB reserved
  ✓ New best validation loss: 1.8298
Epoch  22/30 | Train Loss: 1.4803 | Val Loss: 2.5296 | Val Gloss Acc: 0.000 | Val Cat Acc: 0.943 | Time: 61.4s
  GPU Memory: 0.22GB allocated, 1.93GB reserved
Epoch  23/30 | Train Loss: 1.4528 | Val Loss: 2.0967 | Val Gloss Acc: 0.000 | Val Cat Acc: 0.951 | Time: 60.7s
  GPU Memory: 0.22GB allocated, 1.93GB reserved
Epoch  24/30 | Train Loss: 1.4024 | Val Loss: 2.0316 | Val Gloss Acc: 0.000 | Val Cat Acc: 0.935 | Time: 60.3s
  GPU Memory: 0.22GB allocated, 1.93GB reserved
Epoch  25/30 | Train Loss: 1.3628 | Val Loss: 1.8175 | Val Gloss Acc: 0.003 | Val Cat Acc: 0.956 | Time: 61.9s
  GPU Memory: 0.22GB allocated, 1.93GB reserved
  ✓ New best validation loss: 1.8175
Epoch  26/30 | Train Loss: 1.3388 | Val Loss: 1.5251 | Val Gloss Acc: 0.006 | Val Cat Acc: 0.950 | Time: 63.1s
  GPU Memory: 0.23GB allocated, 1.93GB reserved
  ✓ New best validation loss: 1.5251
Epoch  27/30 | Train Loss: 1.3050 | Val Loss: 1.3823 | Val Gloss Acc: 0.053 | Val Cat Acc: 0.934 | Time: 61.3s
  GPU Memory: 0.24GB allocated, 1.93GB reserved
  ✓ New best validation loss: 1.3823
Epoch  28/30 | Train Loss: 1.2516 | Val Loss: 1.1721 | Val Gloss Acc: 0.277 | Val Cat Acc: 0.941 | Time: 60.9s
  GPU Memory: 0.22GB allocated, 1.93GB reserved
  ✓ New best validation loss: 1.1721
Epoch  29/30 | Train Loss: 1.1502 | Val Loss: 0.9983 | Val Gloss Acc: 0.506 | Val Cat Acc: 0.954 | Time: 61.4s
  GPU Memory: 0.22GB allocated, 1.93GB reserved
  ✓ New best validation loss: 0.9983
Epoch  30/30 | Train Loss: 1.0424 | Val Loss: 0.6498 | Val Gloss Acc: 0.769 | Val Cat Acc: 0.954 | Time: 61.1s
  GPU Memory: 0.22GB allocated, 1.93GB reserved
  ✓ New best validation loss: 0.6498

================================================================================
CTC TRAINING COMPLETED!
Best validation loss: 0.6498
Checkpoints saved to: trained_models/iv3_gru/FSL105_ctc_v6
================================================================================


============================================================
Training completed - 2025-11-10 11:00:05
Log saved to: trained_models/iv3_gru/FSL105_ctc_v6/training_20251110_102917.log
============================================================
