============================================================
TRAINING LOG - 2025-10-29 04:10:00
============================================================
Console output will be saved to: trained_models/mediapipe_gru/greetings_ctc_mobile/training_20251029_041000.log
Metrics CSV will be saved to: trained_models/mediapipe_gru/greetings_ctc_mobile/training_20251029_041000_metrics.csv

Using device: cuda
CUDA device: NVIDIA GeForce RTX 4060 Ti
CUDA memory: 16.7 GB
CUDA compute capability: 8.9
CUDA multiprocessors: 34
CUDA memory allocated: 0.00 GB
CUDA memory cached: 0.00 GB

============================================================
DATA LOADING
============================================================
✓ Loaded data successfully
  - Dataset type: MEDIAPIPE-GRU-CTC Keypoints
  - Training folder: data/processed/greetings_train
  - Validation folder: data/processed/greetings_val
  - Keypoint key: X
  - Gloss classes: 10
  - Category classes: 1

============================================================
DATASET PREPARATION
============================================================
✓ CTC Mode: blank_id=10, num_ctc_classes=11
⚠️  Training on subset: 10/105 glosses (subset training enabled)
✓ Created datasets and data loaders
  - Batch size: 16
  - Training batches: 61
  - Validation batches: 16
  - Data augmentation: Enabled (noise_std=0.001, mask_prob=0.02)
  - Training dataset size: 970 samples
  - Validation dataset size: 246 samples
  - Data format: [T, 178] keypoints

============================================================
MODEL SELECTION
============================================================
Available models:
Classification models (isolated signs):
  - transformer: Multi-head attention transformer (keypoints)
  - mediapipe_gru: Lightweight GRU (keypoints, mobile-friendly)
  - iv3_gru: InceptionV3 + GRU hybrid (features, offline baseline)
CTC models (continuous recognition):
  - transformer_ctc: Transformer with CTC (keypoints)
  - mediapipe_gru_ctc: Lightweight GRU with CTC (keypoints)
  - iv3_gru_ctc: InceptionV3 + GRU with CTC (features, offline baseline)
✓ Using MediaPipeGRUCtc model (input_dim=178, num_ctc_classes=11)

================================================================================
COMPREHENSIVE TRAINING CONFIGURATION
================================================================================
Session Information:
  - Start time: 2025-10-29 04:10:00
  - Working directory: /workspace/fslr-transformer-vs-iv3gru
  - Command: /workspace/fslr-transformer-vs-iv3gru/training/train.py --model mediapipe_gru_ctc --training-mode ctc --epochs 300 --batch-size 16 --lr 0.0001 --num-gloss 10 --num-cat 1 --alpha 0.7 --beta 0.3 --num-ctc-classes 11 --ctc-blank-id 10 --keypoints-train data/processed/greetings_train --keypoints-val data/processed/greetings_val --labels-train-csv data/processed/greetings_train.csv --labels-val-csv data/processed/greetings_val.csv --kp-key X --hidden1 512 --hidden2 512 --dropout 0.2 --amp --augment --augment-noise-std 0.001 --augment-mask-prob 0.02 --augment-mask-ratio 0.02 --scheduler warmup_cosine --warmup-epochs 30 --early-stop 50 --weight-decay 1e-4 --grad-clip 1.0 --output-dir trained_models/mediapipe_gru/greetings_ctc_mobile --export-mobile --export-output android_artifacts/mediapipe_greetings_ctc --window-hint 120 --stride-hint 40

System Information:
  - Platform: Linux-5.15.0-160-generic-x86_64-with-glibc2.39
  - Python version: 3.12.11 | packaged by conda-forge | (main, Jun  4 2025, 14:45:31) [GCC 13.3.0]
  - PyTorch version: 2.9.0+cu128
  - CUDA version: 12.8
  - cuDNN version: 91002
  - NumPy version: 2.2.6

Core Training Parameters:
  - Model: mediapipe_gru_ctc
  - Epochs: 300
  - Batch size: 16
  - Learning rate: 0.0001
  - Weight decay: 0.0001
  - Gradient clipping: 1.0
  - Loss weights - Alpha: 0.7, Beta: 0.3

Curriculum Training: Disabled

Loss Weighting Parameters:
  - Strategy: static
  - Alpha: 0.7
  - Beta: 0.3

Data Configuration:
  - Gloss classes: 10
  - Category classes: 1
  - Data source: Real data files
  - Training folder: data/processed/greetings_train
  - Validation folder: data/processed/greetings_val
  - Keypoint key: X

Training Control:
  - Scheduler: warmup_cosine
  - Scheduler patience: 5
  - Early stopping: 50
  - Resume from: None

Performance Settings:
  - AMP (Mixed Precision): True
  - Model compilation: False
  - Gradient accumulation steps: 1
  - DataLoader workers: 0
  - Auto workers: False
  - Pin memory: False
  - Prefetch factor: None

Reproducibility:
  - Random seed: 42
  - Deterministic mode: False

Output Configuration:
  - Checkpoint directory: trained_models/mediapipe_gru/greetings_ctc_mobile
  - CSV log file: trained_models/mediapipe_gru/greetings_ctc_mobile/training_20251029_041000_metrics.csv

Model Information:
  - Model type: MediaPipeGRUCtc
  - Total parameters: 2,647,052
  - Trainable parameters: 2,647,052
  - Model size: 10.1 MB
================================================================================

============================================================
TRAINING START
============================================================
Training mode: CTC (Continuous Sign Language Recognition)

================================================================================
CTC TRAINING CONFIGURATION
================================================================================
Training Mode: Continuous Sign Language Recognition (CTC)
Model: MediaPipeGRUCtc
Blank Token ID: 10
Epochs: 300
Learning Rate: 0.0001
Batch Size: 16
Gradient Accumulation: 1
AMP Enabled: True
================================================================================

✓ Using CTCLoss (blank=10, zero_infinity=True)
✓ Optimizer: Adam (lr=0.0001, weight_decay=0.0001)
✓ AMP enabled: True
✓ Scheduler: WarmupCosineScheduler (warmup=30)
✓ Logging metrics to: trained_models/mediapipe_gru/greetings_ctc_mobile/training_20251029_041000_metrics.csv

================================================================================
STARTING CTC TRAINING - 300 epochs
================================================================================

Epoch   1/300 | Train Loss: 47.6028 | Val Loss: 2.9770 | Val Cat Acc: 1.000 | Time: 3.7s
  GPU Memory: 0.05GB allocated, 0.16GB reserved
  ✓ New best validation loss: 2.9770
Epoch   2/300 | Train Loss: 2.2727 | Val Loss: 2.4433 | Val Cat Acc: 1.000 | Time: 2.9s
  GPU Memory: 0.05GB allocated, 0.16GB reserved
  ✓ New best validation loss: 2.4433
Epoch   3/300 | Train Loss: 2.0940 | Val Loss: 2.2717 | Val Cat Acc: 1.000 | Time: 2.9s
  GPU Memory: 0.05GB allocated, 0.16GB reserved
  ✓ New best validation loss: 2.2717
Epoch   4/300 | Train Loss: 1.9903 | Val Loss: 2.1093 | Val Cat Acc: 1.000 | Time: 2.9s
  GPU Memory: 0.05GB allocated, 0.16GB reserved
  ✓ New best validation loss: 2.1093
Epoch   5/300 | Train Loss: 1.9344 | Val Loss: 2.0654 | Val Cat Acc: 1.000 | Time: 2.9s
  GPU Memory: 0.05GB allocated, 0.16GB reserved
  ✓ New best validation loss: 2.0654
Epoch   6/300 | Train Loss: 1.8798 | Val Loss: 2.0227 | Val Cat Acc: 1.000 | Time: 2.9s
  GPU Memory: 0.05GB allocated, 0.16GB reserved
  ✓ New best validation loss: 2.0227
Epoch   7/300 | Train Loss: 1.8156 | Val Loss: 1.8864 | Val Cat Acc: 1.000 | Time: 2.9s
  GPU Memory: 0.05GB allocated, 0.16GB reserved
  ✓ New best validation loss: 1.8864
Epoch   8/300 | Train Loss: 1.7570 | Val Loss: 1.8527 | Val Cat Acc: 1.000 | Time: 2.9s
  GPU Memory: 0.05GB allocated, 0.16GB reserved
  ✓ New best validation loss: 1.8527
Epoch   9/300 | Train Loss: 1.6860 | Val Loss: 1.7717 | Val Cat Acc: 1.000 | Time: 2.9s
  GPU Memory: 0.05GB allocated, 0.16GB reserved
  ✓ New best validation loss: 1.7717
Epoch  10/300 | Train Loss: 1.6315 | Val Loss: 1.7058 | Val Cat Acc: 1.000 | Time: 2.9s
  GPU Memory: 0.05GB allocated, 0.16GB reserved
  ✓ New best validation loss: 1.7058
Epoch  11/300 | Train Loss: 1.5484 | Val Loss: 1.7443 | Val Cat Acc: 1.000 | Time: 2.9s
  GPU Memory: 0.05GB allocated, 0.16GB reserved
Epoch  12/300 | Train Loss: 1.4725 | Val Loss: 1.5855 | Val Cat Acc: 1.000 | Time: 2.9s
  GPU Memory: 0.05GB allocated, 0.16GB reserved
  ✓ New best validation loss: 1.5855
Epoch  13/300 | Train Loss: 1.3853 | Val Loss: 1.6254 | Val Cat Acc: 1.000 | Time: 2.9s
  GPU Memory: 0.05GB allocated, 0.16GB reserved
Epoch  14/300 | Train Loss: 1.3370 | Val Loss: 1.3309 | Val Cat Acc: 1.000 | Time: 2.9s
  GPU Memory: 0.05GB allocated, 0.16GB reserved
  ✓ New best validation loss: 1.3309
Epoch  15/300 | Train Loss: 1.2554 | Val Loss: 1.1975 | Val Cat Acc: 1.000 | Time: 2.9s
  GPU Memory: 0.05GB allocated, 0.16GB reserved
  ✓ New best validation loss: 1.1975
Epoch  16/300 | Train Loss: 1.2279 | Val Loss: 1.5737 | Val Cat Acc: 1.000 | Time: 3.0s
  GPU Memory: 0.05GB allocated, 0.16GB reserved
Epoch  17/300 | Train Loss: 1.1921 | Val Loss: 1.2754 | Val Cat Acc: 1.000 | Time: 2.8s
  GPU Memory: 0.05GB allocated, 0.16GB reserved
Epoch  18/300 | Train Loss: 1.1304 | Val Loss: 1.5948 | Val Cat Acc: 1.000 | Time: 2.9s
  GPU Memory: 0.05GB allocated, 0.16GB reserved
Epoch  19/300 | Train Loss: 1.0872 | Val Loss: 1.1269 | Val Cat Acc: 1.000 | Time: 2.9s
  GPU Memory: 0.05GB allocated, 0.16GB reserved
  ✓ New best validation loss: 1.1269
Epoch  20/300 | Train Loss: 1.0592 | Val Loss: 1.0284 | Val Cat Acc: 1.000 | Time: 2.9s
  GPU Memory: 0.05GB allocated, 0.16GB reserved
  ✓ New best validation loss: 1.0284
Epoch  21/300 | Train Loss: 1.0330 | Val Loss: 1.0667 | Val Cat Acc: 1.000 | Time: 2.9s
  GPU Memory: 0.05GB allocated, 0.16GB reserved
Epoch  22/300 | Train Loss: 0.9924 | Val Loss: 1.2308 | Val Cat Acc: 1.000 | Time: 2.8s
  GPU Memory: 0.05GB allocated, 0.16GB reserved
Epoch  23/300 | Train Loss: 0.9697 | Val Loss: 1.0428 | Val Cat Acc: 1.000 | Time: 2.9s
  GPU Memory: 0.05GB allocated, 0.16GB reserved
Epoch  24/300 | Train Loss: 0.9368 | Val Loss: 1.1861 | Val Cat Acc: 1.000 | Time: 2.8s
  GPU Memory: 0.05GB allocated, 0.16GB reserved
Epoch  25/300 | Train Loss: 0.9333 | Val Loss: 0.8989 | Val Cat Acc: 1.000 | Time: 2.8s
  GPU Memory: 0.05GB allocated, 0.16GB reserved
  ✓ New best validation loss: 0.8989
Epoch  26/300 | Train Loss: 0.9188 | Val Loss: 0.8706 | Val Cat Acc: 1.000 | Time: 2.8s
  GPU Memory: 0.05GB allocated, 0.16GB reserved
  ✓ New best validation loss: 0.8706
Epoch  27/300 | Train Loss: 0.8766 | Val Loss: 0.9166 | Val Cat Acc: 1.000 | Time: 2.8s
  GPU Memory: 0.05GB allocated, 0.16GB reserved
Epoch  28/300 | Train Loss: 0.8579 | Val Loss: 0.9517 | Val Cat Acc: 1.000 | Time: 2.8s
  GPU Memory: 0.05GB allocated, 0.16GB reserved
Epoch  29/300 | Train Loss: 0.8429 | Val Loss: 0.8047 | Val Cat Acc: 1.000 | Time: 2.8s
  GPU Memory: 0.05GB allocated, 0.16GB reserved
  ✓ New best validation loss: 0.8047
Epoch  30/300 | Train Loss: 0.8305 | Val Loss: 0.9866 | Val Cat Acc: 1.000 | Time: 2.9s
  GPU Memory: 0.05GB allocated, 0.16GB reserved
Epoch  31/300 | Train Loss: 0.8013 | Val Loss: 1.0038 | Val Cat Acc: 1.000 | Time: 2.9s
  GPU Memory: 0.05GB allocated, 0.16GB reserved
Epoch  32/300 | Train Loss: 0.7800 | Val Loss: 0.8600 | Val Cat Acc: 1.000 | Time: 2.9s
  GPU Memory: 0.05GB allocated, 0.16GB reserved
Epoch  33/300 | Train Loss: 0.7483 | Val Loss: 0.7023 | Val Cat Acc: 1.000 | Time: 2.9s
  GPU Memory: 0.05GB allocated, 0.16GB reserved
  ✓ New best validation loss: 0.7023
Epoch  34/300 | Train Loss: 0.6946 | Val Loss: 0.8032 | Val Cat Acc: 1.000 | Time: 2.9s
  GPU Memory: 0.05GB allocated, 0.16GB reserved
Epoch  35/300 | Train Loss: 0.6748 | Val Loss: 0.6530 | Val Cat Acc: 1.000 | Time: 2.9s
  GPU Memory: 0.05GB allocated, 0.16GB reserved
  ✓ New best validation loss: 0.6530
Epoch  36/300 | Train Loss: 0.7085 | Val Loss: 0.7997 | Val Cat Acc: 1.000 | Time: 2.9s
  GPU Memory: 0.05GB allocated, 0.16GB reserved
Epoch  37/300 | Train Loss: 0.6242 | Val Loss: 0.6438 | Val Cat Acc: 1.000 | Time: 2.9s
  GPU Memory: 0.05GB allocated, 0.16GB reserved
  ✓ New best validation loss: 0.6438
Epoch  38/300 | Train Loss: 0.5947 | Val Loss: 0.6370 | Val Cat Acc: 1.000 | Time: 2.9s
  GPU Memory: 0.05GB allocated, 0.16GB reserved
  ✓ New best validation loss: 0.6370
Epoch  39/300 | Train Loss: 0.5587 | Val Loss: 0.6227 | Val Cat Acc: 1.000 | Time: 2.9s
  GPU Memory: 0.05GB allocated, 0.16GB reserved
  ✓ New best validation loss: 0.6227
Epoch  40/300 | Train Loss: 0.5154 | Val Loss: 0.5581 | Val Cat Acc: 1.000 | Time: 2.9s
  GPU Memory: 0.05GB allocated, 0.16GB reserved
  ✓ New best validation loss: 0.5581
Epoch  41/300 | Train Loss: 0.5203 | Val Loss: 0.5960 | Val Cat Acc: 1.000 | Time: 3.0s
  GPU Memory: 0.05GB allocated, 0.16GB reserved
Epoch  42/300 | Train Loss: 0.5122 | Val Loss: 0.6756 | Val Cat Acc: 1.000 | Time: 2.5s
  GPU Memory: 0.05GB allocated, 0.16GB reserved
Epoch  43/300 | Train Loss: 0.5014 | Val Loss: 0.5016 | Val Cat Acc: 1.000 | Time: 2.6s
  GPU Memory: 0.05GB allocated, 0.16GB reserved
  ✓ New best validation loss: 0.5016
Epoch  44/300 | Train Loss: 0.4369 | Val Loss: 0.5862 | Val Cat Acc: 1.000 | Time: 2.4s
  GPU Memory: 0.05GB allocated, 0.16GB reserved
Epoch  45/300 | Train Loss: 0.4150 | Val Loss: 0.3507 | Val Cat Acc: 1.000 | Time: 2.4s
  GPU Memory: 0.05GB allocated, 0.16GB reserved
  ✓ New best validation loss: 0.3507
Epoch  46/300 | Train Loss: 0.3729 | Val Loss: 0.3276 | Val Cat Acc: 1.000 | Time: 2.4s
  GPU Memory: 0.05GB allocated, 0.16GB reserved
  ✓ New best validation loss: 0.3276
Epoch  47/300 | Train Loss: 0.4196 | Val Loss: 0.4366 | Val Cat Acc: 1.000 | Time: 2.4s
  GPU Memory: 0.05GB allocated, 0.16GB reserved
Epoch  48/300 | Train Loss: 0.3292 | Val Loss: 0.2494 | Val Cat Acc: 1.000 | Time: 2.4s
  GPU Memory: 0.05GB allocated, 0.16GB reserved
  ✓ New best validation loss: 0.2494
Epoch  49/300 | Train Loss: 0.3187 | Val Loss: 0.2412 | Val Cat Acc: 1.000 | Time: 2.4s
  GPU Memory: 0.05GB allocated, 0.16GB reserved
  ✓ New best validation loss: 0.2412
Epoch  50/300 | Train Loss: 0.2922 | Val Loss: 0.3266 | Val Cat Acc: 1.000 | Time: 2.4s
  GPU Memory: 0.05GB allocated, 0.16GB reserved
Epoch  51/300 | Train Loss: 0.3267 | Val Loss: 0.2260 | Val Cat Acc: 1.000 | Time: 2.4s
  GPU Memory: 0.05GB allocated, 0.16GB reserved
  ✓ New best validation loss: 0.2260
Epoch  52/300 | Train Loss: 0.3157 | Val Loss: 0.2187 | Val Cat Acc: 1.000 | Time: 2.5s
  GPU Memory: 0.05GB allocated, 0.16GB reserved
  ✓ New best validation loss: 0.2187
Epoch  53/300 | Train Loss: 0.2738 | Val Loss: 0.3122 | Val Cat Acc: 1.000 | Time: 2.4s
  GPU Memory: 0.05GB allocated, 0.16GB reserved
Epoch  54/300 | Train Loss: 0.2902 | Val Loss: 0.3043 | Val Cat Acc: 1.000 | Time: 2.4s
  GPU Memory: 0.05GB allocated, 0.16GB reserved
Epoch  55/300 | Train Loss: 0.2868 | Val Loss: 0.2685 | Val Cat Acc: 1.000 | Time: 2.4s
  GPU Memory: 0.05GB allocated, 0.16GB reserved
Epoch  56/300 | Train Loss: 0.2606 | Val Loss: 0.3011 | Val Cat Acc: 1.000 | Time: 2.4s
  GPU Memory: 0.05GB allocated, 0.16GB reserved
Epoch  57/300 | Train Loss: 0.2212 | Val Loss: 0.1900 | Val Cat Acc: 1.000 | Time: 2.4s
  GPU Memory: 0.05GB allocated, 0.16GB reserved
  ✓ New best validation loss: 0.1900
Epoch  58/300 | Train Loss: 0.2353 | Val Loss: 0.1875 | Val Cat Acc: 1.000 | Time: 2.4s
  GPU Memory: 0.05GB allocated, 0.16GB reserved
  ✓ New best validation loss: 0.1875
Epoch  59/300 | Train Loss: 0.2632 | Val Loss: 0.1264 | Val Cat Acc: 1.000 | Time: 2.4s
  GPU Memory: 0.05GB allocated, 0.16GB reserved
  ✓ New best validation loss: 0.1264
Epoch  60/300 | Train Loss: 0.1923 | Val Loss: 0.4332 | Val Cat Acc: 1.000 | Time: 2.3s
  GPU Memory: 0.05GB allocated, 0.16GB reserved
Epoch  61/300 | Train Loss: 0.2795 | Val Loss: 0.3069 | Val Cat Acc: 1.000 | Time: 2.4s
  GPU Memory: 0.05GB allocated, 0.16GB reserved
Epoch  62/300 | Train Loss: 0.1742 | Val Loss: 0.2236 | Val Cat Acc: 1.000 | Time: 2.4s
  GPU Memory: 0.05GB allocated, 0.16GB reserved
Epoch  63/300 | Train Loss: 0.2434 | Val Loss: 0.8360 | Val Cat Acc: 1.000 | Time: 2.3s
  GPU Memory: 0.05GB allocated, 0.16GB reserved
Epoch  64/300 | Train Loss: 0.1754 | Val Loss: 0.1571 | Val Cat Acc: 1.000 | Time: 2.4s
  GPU Memory: 0.05GB allocated, 0.16GB reserved
Epoch  65/300 | Train Loss: 0.1662 | Val Loss: 0.0759 | Val Cat Acc: 1.000 | Time: 2.4s
  GPU Memory: 0.05GB allocated, 0.16GB reserved
  ✓ New best validation loss: 0.0759
Epoch  66/300 | Train Loss: 0.2176 | Val Loss: 0.2906 | Val Cat Acc: 1.000 | Time: 2.4s
  GPU Memory: 0.05GB allocated, 0.16GB reserved
Epoch  67/300 | Train Loss: 0.1865 | Val Loss: 0.2290 | Val Cat Acc: 1.000 | Time: 2.4s
  GPU Memory: 0.05GB allocated, 0.16GB reserved
Epoch  68/300 | Train Loss: 0.1699 | Val Loss: 1.0796 | Val Cat Acc: 1.000 | Time: 2.4s
  GPU Memory: 0.05GB allocated, 0.16GB reserved
Epoch  69/300 | Train Loss: 0.1950 | Val Loss: 0.2257 | Val Cat Acc: 1.000 | Time: 2.4s
  GPU Memory: 0.05GB allocated, 0.16GB reserved
Epoch  70/300 | Train Loss: 0.1170 | Val Loss: 0.2301 | Val Cat Acc: 1.000 | Time: 2.4s
  GPU Memory: 0.05GB allocated, 0.16GB reserved
Epoch  71/300 | Train Loss: 0.1191 | Val Loss: 0.0769 | Val Cat Acc: 1.000 | Time: 2.4s
  GPU Memory: 0.05GB allocated, 0.16GB reserved
Epoch  72/300 | Train Loss: 0.1049 | Val Loss: 0.4048 | Val Cat Acc: 1.000 | Time: 2.4s
  GPU Memory: 0.05GB allocated, 0.16GB reserved
Epoch  73/300 | Train Loss: 0.1224 | Val Loss: 0.0533 | Val Cat Acc: 1.000 | Time: 2.4s
  GPU Memory: 0.05GB allocated, 0.16GB reserved
  ✓ New best validation loss: 0.0533
Epoch  74/300 | Train Loss: 0.0928 | Val Loss: 0.1672 | Val Cat Acc: 1.000 | Time: 2.4s
  GPU Memory: 0.05GB allocated, 0.16GB reserved
Epoch  75/300 | Train Loss: 0.1488 | Val Loss: 0.1734 | Val Cat Acc: 1.000 | Time: 2.4s
  GPU Memory: 0.05GB allocated, 0.16GB reserved
Epoch  76/300 | Train Loss: 0.1175 | Val Loss: 0.1382 | Val Cat Acc: 1.000 | Time: 2.4s
  GPU Memory: 0.05GB allocated, 0.16GB reserved
Epoch  77/300 | Train Loss: 0.1812 | Val Loss: 0.1443 | Val Cat Acc: 1.000 | Time: 2.5s
  GPU Memory: 0.05GB allocated, 0.16GB reserved
Epoch  78/300 | Train Loss: 0.0873 | Val Loss: 0.1986 | Val Cat Acc: 1.000 | Time: 2.9s
  GPU Memory: 0.05GB allocated, 0.16GB reserved
Epoch  79/300 | Train Loss: 0.1492 | Val Loss: 0.2315 | Val Cat Acc: 1.000 | Time: 2.9s
  GPU Memory: 0.05GB allocated, 0.16GB reserved
Epoch  80/300 | Train Loss: 0.0972 | Val Loss: 0.1231 | Val Cat Acc: 1.000 | Time: 2.9s
  GPU Memory: 0.05GB allocated, 0.16GB reserved
Epoch  81/300 | Train Loss: 0.0942 | Val Loss: 0.5919 | Val Cat Acc: 1.000 | Time: 2.9s
  GPU Memory: 0.05GB allocated, 0.16GB reserved
Epoch  82/300 | Train Loss: 0.1425 | Val Loss: 0.3710 | Val Cat Acc: 1.000 | Time: 2.9s
  GPU Memory: 0.05GB allocated, 0.16GB reserved
Epoch  83/300 | Train Loss: 0.0958 | Val Loss: 0.1223 | Val Cat Acc: 1.000 | Time: 3.0s
  GPU Memory: 0.05GB allocated, 0.16GB reserved
Epoch  84/300 | Train Loss: 0.1871 | Val Loss: 0.1457 | Val Cat Acc: 1.000 | Time: 3.2s
  GPU Memory: 0.05GB allocated, 0.16GB reserved
Epoch  85/300 | Train Loss: 0.0960 | Val Loss: 0.1168 | Val Cat Acc: 1.000 | Time: 3.1s
  GPU Memory: 0.05GB allocated, 0.16GB reserved
Epoch  86/300 | Train Loss: 0.1552 | Val Loss: 0.1542 | Val Cat Acc: 1.000 | Time: 3.1s
  GPU Memory: 0.05GB allocated, 0.16GB reserved
Epoch  87/300 | Train Loss: 0.0851 | Val Loss: 0.1229 | Val Cat Acc: 1.000 | Time: 3.1s
  GPU Memory: 0.05GB allocated, 0.16GB reserved
Epoch  88/300 | Train Loss: 0.1141 | Val Loss: 0.1089 | Val Cat Acc: 1.000 | Time: 3.1s
  GPU Memory: 0.05GB allocated, 0.16GB reserved
Epoch  89/300 | Train Loss: 0.0657 | Val Loss: 0.1305 | Val Cat Acc: 1.000 | Time: 3.1s
  GPU Memory: 0.05GB allocated, 0.16GB reserved
Epoch  90/300 | Train Loss: 0.0815 | Val Loss: 0.0734 | Val Cat Acc: 1.000 | Time: 3.1s
  GPU Memory: 0.05GB allocated, 0.16GB reserved
Epoch  91/300 | Train Loss: 0.0406 | Val Loss: 0.1010 | Val Cat Acc: 1.000 | Time: 3.1s
  GPU Memory: 0.05GB allocated, 0.16GB reserved
Epoch  92/300 | Train Loss: 0.0562 | Val Loss: 0.1781 | Val Cat Acc: 1.000 | Time: 3.1s
  GPU Memory: 0.05GB allocated, 0.16GB reserved
Epoch  93/300 | Train Loss: 0.0643 | Val Loss: 0.1558 | Val Cat Acc: 1.000 | Time: 3.1s
  GPU Memory: 0.05GB allocated, 0.16GB reserved
Epoch  94/300 | Train Loss: 0.0375 | Val Loss: 0.1634 | Val Cat Acc: 1.000 | Time: 3.1s
  GPU Memory: 0.05GB allocated, 0.16GB reserved
Epoch  95/300 | Train Loss: 0.0709 | Val Loss: 0.1115 | Val Cat Acc: 1.000 | Time: 3.1s
  GPU Memory: 0.05GB allocated, 0.16GB reserved
Epoch  96/300 | Train Loss: 0.0602 | Val Loss: 0.5336 | Val Cat Acc: 1.000 | Time: 3.1s
  GPU Memory: 0.05GB allocated, 0.16GB reserved
Epoch  97/300 | Train Loss: 0.0576 | Val Loss: 0.0897 | Val Cat Acc: 1.000 | Time: 3.1s
  GPU Memory: 0.05GB allocated, 0.16GB reserved
Epoch  98/300 | Train Loss: 0.0817 | Val Loss: 0.1724 | Val Cat Acc: 1.000 | Time: 3.1s
  GPU Memory: 0.05GB allocated, 0.16GB reserved
Epoch  99/300 | Train Loss: 0.0785 | Val Loss: 0.0944 | Val Cat Acc: 1.000 | Time: 3.0s
  GPU Memory: 0.05GB allocated, 0.16GB reserved
Epoch 100/300 | Train Loss: 0.0620 | Val Loss: 0.1127 | Val Cat Acc: 1.000 | Time: 3.1s
  GPU Memory: 0.05GB allocated, 0.16GB reserved
Epoch 101/300 | Train Loss: 0.0508 | Val Loss: 0.0706 | Val Cat Acc: 1.000 | Time: 3.1s
  GPU Memory: 0.05GB allocated, 0.16GB reserved
Epoch 102/300 | Train Loss: 0.0189 | Val Loss: 0.0545 | Val Cat Acc: 1.000 | Time: 3.1s
  GPU Memory: 0.05GB allocated, 0.16GB reserved
Epoch 103/300 | Train Loss: 0.0533 | Val Loss: 0.0606 | Val Cat Acc: 1.000 | Time: 3.1s
  GPU Memory: 0.05GB allocated, 0.16GB reserved
Epoch 104/300 | Train Loss: 0.0329 | Val Loss: 0.5387 | Val Cat Acc: 1.000 | Time: 3.1s
  GPU Memory: 0.05GB allocated, 0.16GB reserved
Epoch 105/300 | Train Loss: 0.1044 | Val Loss: 0.1286 | Val Cat Acc: 1.000 | Time: 3.1s
  GPU Memory: 0.05GB allocated, 0.16GB reserved
Epoch 106/300 | Train Loss: 0.0520 | Val Loss: 0.1808 | Val Cat Acc: 1.000 | Time: 3.1s
  GPU Memory: 0.05GB allocated, 0.16GB reserved
Epoch 107/300 | Train Loss: 0.0809 | Val Loss: 0.0562 | Val Cat Acc: 1.000 | Time: 3.1s
  GPU Memory: 0.05GB allocated, 0.16GB reserved
Epoch 108/300 | Train Loss: 0.0629 | Val Loss: 0.0672 | Val Cat Acc: 1.000 | Time: 3.1s
  GPU Memory: 0.05GB allocated, 0.16GB reserved
Epoch 109/300 | Train Loss: 0.1093 | Val Loss: 0.0952 | Val Cat Acc: 1.000 | Time: 3.0s
  GPU Memory: 0.05GB allocated, 0.16GB reserved
Epoch 110/300 | Train Loss: 0.0272 | Val Loss: 0.4320 | Val Cat Acc: 1.000 | Time: 2.4s
  GPU Memory: 0.05GB allocated, 0.16GB reserved
Epoch 111/300 | Train Loss: 0.0570 | Val Loss: 0.0861 | Val Cat Acc: 1.000 | Time: 2.4s
  GPU Memory: 0.05GB allocated, 0.16GB reserved
Epoch 112/300 | Train Loss: 0.1170 | Val Loss: 0.0937 | Val Cat Acc: 1.000 | Time: 2.4s
  GPU Memory: 0.05GB allocated, 0.16GB reserved
Epoch 113/300 | Train Loss: 0.0406 | Val Loss: 0.2682 | Val Cat Acc: 1.000 | Time: 2.4s
  GPU Memory: 0.05GB allocated, 0.16GB reserved
Epoch 114/300 | Train Loss: 0.0388 | Val Loss: 0.0944 | Val Cat Acc: 1.000 | Time: 2.3s
  GPU Memory: 0.05GB allocated, 0.16GB reserved
Epoch 115/300 | Train Loss: 0.0537 | Val Loss: 0.0604 | Val Cat Acc: 1.000 | Time: 2.4s
  GPU Memory: 0.05GB allocated, 0.16GB reserved
Epoch 116/300 | Train Loss: 0.0465 | Val Loss: 0.2036 | Val Cat Acc: 1.000 | Time: 2.3s
  GPU Memory: 0.05GB allocated, 0.16GB reserved
Epoch 117/300 | Train Loss: 0.0573 | Val Loss: 0.1962 | Val Cat Acc: 1.000 | Time: 2.3s
  GPU Memory: 0.05GB allocated, 0.16GB reserved
Epoch 118/300 | Train Loss: 0.1297 | Val Loss: 0.1404 | Val Cat Acc: 1.000 | Time: 2.3s
  GPU Memory: 0.05GB allocated, 0.16GB reserved
Epoch 119/300 | Train Loss: 0.0245 | Val Loss: 0.2445 | Val Cat Acc: 1.000 | Time: 2.4s
  GPU Memory: 0.05GB allocated, 0.16GB reserved
Epoch 120/300 | Train Loss: 0.0558 | Val Loss: 0.1356 | Val Cat Acc: 1.000 | Time: 2.3s
  GPU Memory: 0.05GB allocated, 0.16GB reserved
Epoch 121/300 | Train Loss: 0.0346 | Val Loss: 0.1234 | Val Cat Acc: 1.000 | Time: 2.4s
  GPU Memory: 0.05GB allocated, 0.16GB reserved
Epoch 122/300 | Train Loss: 0.3522 | Val Loss: 0.1144 | Val Cat Acc: 1.000 | Time: 2.4s
  GPU Memory: 0.05GB allocated, 0.16GB reserved
Epoch 123/300 | Train Loss: 0.0266 | Val Loss: 0.1978 | Val Cat Acc: 1.000 | Time: 2.4s
  GPU Memory: 0.05GB allocated, 0.16GB reserved

Early stopping triggered after 123 epochs.
Best validation loss: 0.0533

================================================================================
CTC TRAINING COMPLETED!
Best validation loss: 0.0533
Checkpoints saved to: trained_models/mediapipe_gru/greetings_ctc_mobile
================================================================================

ctc_log_probs shape: (1, 120, 11)  category_logits shape: (1, 120, 1)
Saved TorchScript model: android_artifacts/mediapipe_greetings_ctc/MediaPipeGRUCtc_best.pt
Wrote metadata: android_artifacts/mediapipe_greetings_ctc/MediaPipeGRUCtc_best.model.json
Wrote labels:   android_artifacts/mediapipe_greetings_ctc/label_mapping.json
Wrote report: docs/export/pytorch_mobile_export_report.md

============================================================
Training completed - 2025-10-29 04:15:47
Log saved to: trained_models/mediapipe_gru/greetings_ctc_mobile/training_20251029_041000.log
============================================================
